佐藤
鈴木
高橋
田中
伊藤
渡辺
山本
中村
小林
加藤
吉田
山田
佐々木
山口
松本
井上
木村
林
斎藤
清水
山崎
森
池田
橋本
阿部
石川
山下
中島
石井
小川
前田
岡田
長谷川
藤田
後藤
近藤
村上
遠藤
青木
坂本
斉藤
福田
太田
西村
藤井
岡本
金子
藤原
三浦
中野
中川
原田
松田
竹内
小野
田村
中山
和田
石田
森田
上田
原
内田
柴田
酒井
宮崎
横山
高木
安藤
宮本
大野
小島
谷口
工藤
今井
高田
増田
丸山
杉山
村田
大塚
新井
小山
平野
藤本
河野
上野
武田
野口
松井
千葉
菅原
岩崎
木下
久保
佐野
野村
松尾
菊地
市川
杉本
古川
大西
島田
水野
桜井
高野
渡部
吉川
山内
西田
飯田
菊池
西川
小松
北村
安田
五十嵐
川口
平田
関
中田
久保田
服部
東
岩田
川崎
土屋
福島
本田
辻
樋口
秋山
田口
永井
山中
中西
吉村
川上
石原
大橋
松岡
浜田
馬場
森本
矢野
浅野
星野
松下
大久保
吉岡
小池
野田
荒木
大谷
松浦
熊谷
内藤
黒田
尾崎
川村
永田
望月
松村
田辺
堀
荒井
大島
菅野
平井
早川
西山
栗原
広瀬
横田
石橋
岩本
萩原
片山
関口
宮田
大石
本間
高山
須藤
吉野
岡崎
小田
伊東
鎌田
篠原
上原
小西
松原
福井
古賀
成田
大森
小泉
南
奥村
内山
沢田
桑原
三宅
片岡
川島
富田
杉浦
岡
奥田
八木
小沢
松永
北川
河合
平山
関根
牧野
白石
今村
寺田
青山
中尾
小倉
渋谷
上村
小野寺
大山
岡村
足立
坂口
天野
多田
佐久間
根本
豊田
田島
飯塚
村山
角田
西
武藤
白井
竹田
宮下
塚本
榎本
坂田
児玉
神谷
水谷
坂井
齋藤
小原
浅井
小笠原
岡部
森下
神田
中井
植田
河村
宮川
稲垣
前川
大川
松崎
長田
若林
飯島
谷
大沢
石塚
安部
堀内
及川
田代
中嶋
江口
山根
中谷
岸本
荒川
本多
西尾
森山
細川
岡野
今野
金井
戸田
稲葉
安達
津田
森川
土井
落合
村松
星
畠山
町田
三上
岩井
長尾
中原
堤
野崎
中沢
金田
米田
松山
堀田
杉田
三好
西野
山岸
佐伯
西岡
黒川
泉
大竹
甲斐
笠原
大木
堀江
徳永
黒木
川田
岸
須田
山川
古田
梅田
新田
榊原
三木
野中
村井
奥山
土田
大城
金城
滝沢
大村
川端
井口
梶原
大場
宮城
吉原
長島
金沢
宮内
比嘉
安井
庄司
大内
茂木
日高
向井
荻野
松島
下田
西本
塚田
石黒
奥野
竹中
広田
嶋田
藤川
栗田
福本
北野
川原
宇野
藤野
谷川
小谷
丹羽
吉本
藤岡
竹本
竹下
青柳
緒方
古谷
藤村
平川
亀井
高島
三輪
藤沢
篠崎
窪田
宮原
高井
下村
根岸
高瀬
山村
川本
柳沢
横井
出口
小澤
吉沢
小森
武井
竹村
長野
宮沢
平松
志村
福岡
黒沢
臼井
溝口
田原
稲田
浅田
筒井
柳田
大原
奧村
永野
林田
大平
冨田
瀬戸
手塚
入江
福永
篠田
北原
富永
湯浅
鶴田
小出
矢島
沼田
長岡
高松
堀口
山岡
岩瀬
大田
石崎
大槻
澤田
石山
池上
堀川
相馬
二宮
園田
平岡
柏木
奧田
島崎
花田
杉原
加納
川野
村瀬
片桐
長沢
内海
倉田
野沢
越智
河原
福原
西原
松野
秋元
笠井
小坂
田畑
谷本
日野
千田
渡邊
北島
吉井
深沢
西沢
相沢
徳田
原口
小柳
新谷
田上
米山
細谷
菅
今泉
浜野
森岡
畑中
小嶋
芳賀
大井
秋田
磯部
浅見
大崎
坪井
白川
植木
相原
細田
荻原
中本
皆川
三谷
岸田
福山
浜口
辻本
川瀬
平林
木原
畑
大友
島村
塩田
河内
遠山
古屋
神山
三井
中里
大坪
植村
齊藤
難波
三橋
大澤
三村
岩下
栗山
渡邉
井手
松川
吉永
早坂
長井
川畑
佐竹
井出
亀山
河田
朝倉
川合
柳
浜崎
橘
草野
堀井
保坂
小宮
志賀
尾形
村岡
半田
狩野
高村
水上
中根
若松
大津
高柳
高岡
亀田
立石
柴崎
市村
新垣
寺島
三島
瀬川
奈良
内野
武内
清野
平
真鍋
玉井
玉城
木内
藤崎
水口
植松
久野
江藤
大沼
深谷
進藤
橋口
高見
寺本
守屋
宮地
織田
菅谷
並木
藤森
河本
毛利
宮島
大江
有馬
有田
下山
那須
市原
高原
矢部
石渡
鳥居
飯野
関谷
北山
松沢
坂下
板垣
野上
前原
牧
三原
坂上
川井
立花
田崎
平尾
外山
岩佐
松木
染谷
葛西
成瀬
高尾
小室
三田
長谷
阪本
滝本
宇佐美
長瀬
野本
山城
板倉
秋葉
小寺
塚原
高崎
山﨑
滝口
石垣
山野
門脇
井田
長谷部
秦
海野
大倉
仲村
高梨
江崎
土居
和泉
正木
椎名
今田
中澤
相川
平塚
都築
小関
奥
島
藤木
宍戸
細井
岩永
堀越
西谷
江川
木田
小杉
金谷
金山
諏訪
乾
石丸
永山
田川
森谷
金森
下川
黒岩
細野
小畑
富樫
大貫
大熊
布施
野原
杉村
梅原
北田
小野田
山上
上山
豊島
石本
米沢
宮脇
赤松
大矢
阿久津
末永
島袋
宮野
古沢
奧野
倉持
本橋
塩谷
今西
水田
風間
麻生
仲田
菅沼
香川
生田
小幡
坂元
門田
喜多
大庭
井川
西口
平良
小久保
大和田
須賀
中林
梅本
富岡
浦田
奧山
佐川
岩渕
海老原
岩間
矢口
浜本
杉野
永島
川辺
土橋
大滝
日下
木本
木戸
波多野
砂川
長崎
金丸
羽田
立川
雨宮
小沼
平沢
小椋
目黒
白鳥
浅川
依田
真田
森脇
板橋
石坂
神崎
山形
深田
影山
濱田
大畑
寺尾
曽根
矢田
松元
宇田川
三枝
山元
北沢
高倉
勝又
橋爪
清田
赤木
梅津
柳川
丹野
宇都宮
芦田
瀬尾
尾上
櫻井
岩城
鶴岡
神野
江原
横尾
柳原
池内
吉澤
坂野
桑田
西脇
栗林
久米
日比野
角
結城
梅村
川西
西島
森口
小堀
大嶋
手島
浦野
飛田
小菅
上杉
井原
首藤
赤坂
田端
玉置
青野
柏原
北
横川
小高
大林
浅沼
小玉
梅沢
水島
合田
角谷
竹原
宮坂
有賀
脇田
柴山
志田
三沢
池本
本村
島津
明石
宮里
池谷
妹尾
春日
勝田
加瀬
滝川
大和
大下
富山
楠
前島
中塚
会田
柿沼
阪口
恩田
戸塚
曽我
前野
石野
益田
笹川
小栗
谷村
磯野
夏目
川越
古山
白木
吉崎
国分
楠本
菅井
野島
坂東
日下部
岡山
井本
内村
花岡
高畑
熊田
石倉
中
沖
持田
田渕
玉木
神戸
金澤
福地
城戸
末吉
滝
浜
鬼頭
東海林
倉本
田所
若山
塩見
沖田
児島
寺沢
黒崎
森井
八田
沢井
重松
高嶋
寺西
森永
粕谷
廣瀬
本山
村木
大浦
高谷
長坂
大高
重田
井村
田尻
深井
今
南部
鵜飼
平賀
玉田
菊田
川嶋
米倉
磯崎
秋本
岡島
寺岡
知念
猪股
熊倉
岩谷
笹原
畠中
増井
桜田
冨永
氏家
野呂
古橋
小俣
富沢
小口
五味
長浜
小平
大関
小暮
紺野
川添
下地
土谷
梶田
西井
牧田
新村
西浦
安永
平本
花井
柳瀬
岩村
畑中
小嶋
芳賀
大井
秋田
磯部
浅見
大崎
坪井
白川
植木
相原
細田
荻原
中本
皆川
三谷
岸田
福山
浜口
辻本
川瀬
平林
木原
畑
大友
島村
塩田
河内
遠山
古屋
神山
三井
中里
大坪
植村
齊藤
難波
三橋
大澤
三村
岩下
栗山
渡邉
井手
松川
吉永
早坂
長井
川畑
佐竹
井出
亀山
河田
朝倉
川合
柳
浜崎
橘
草野
堀井
保坂
小宮
志賀
尾形
村岡
半田
狩野
高村
水上
中根
若松
大津
高柳
高岡
亀田
立石
柴崎
市村
新垣
寺島
三島
瀬川
奈良
内野
武内
清野
平
真鍋
玉井
玉城
木内
藤崎
水口
植松
久野
江藤
大沼
深谷
進藤
橋口
高見
寺本
守屋
宮地
織田
菅谷
並木
藤森
河本
毛利
宮島
大江
有馬
有田
下山
那須
市原
高原
矢部
石渡
鳥居
飯野
関谷
北山
松沢
坂下
板垣
野上
前原
牧
三原
坂上
川井
立花
田崎
平尾
外山
岩佐
松木
染谷
葛西
成瀬
高尾
小室
三田
長谷
阪本
滝本
宇佐美
長瀬
野本
山城
板倉
秋葉
小寺
塚原
高崎
山﨑
滝口
石垣
山野
門脇
井田
長谷部
秦
海野
大倉
仲村
高梨
江崎
土居
和泉
正木
椎名
今田
中澤
相川
平塚
都築
小関
奥
島
藤木
宍戸
細井
岩永
堀越
西谷
江川
木田
小杉
金谷
金山
諏訪
乾
石丸
永山
田川
森谷
金森
下川
黒岩
細野
小畑
富樫
大貫
大熊
布施
野原
杉村
梅原
北田
小野田
山上
上山
豊島
石本
米沢
宮脇
赤松
大矢
阿久津
末永
島袋
宮野
古沢
奧野
倉持
本橋
塩谷
今西
水田
風間
麻生
仲田
菅沼
香川
生田
小幡
坂元
門田
喜多
大庭
井川
西口
平良
小久保
大和田
須賀
中林
梅本
富岡
浦田
奧山
佐川
岩渕
海老原
岩間
矢口
浜本
杉野
永島
川辺
土橋
大滝
日下
木本
木戸
波多野
砂川
長崎
金丸
羽田
立川
雨宮
小沼
平沢
小椋
目黒
白鳥
浅川
依田
真田
森脇
板橋
石坂
神崎
山形
深田
影山
濱田
大畑
寺尾
曽根
矢田
松元
宇田川
三枝
山元
北沢
高倉
勝又
橋爪
清田
赤木
梅津
柳川
丹野
宇都宮
芦田
瀬尾
尾上
櫻井
岩城
鶴岡
神野
江原
横尾
柳原
池内
吉澤
坂野
桑田
西脇
栗林
久米
日比野
角
結城
梅村
川西
西島
森口
小堀
大嶋
手島
浦野
飛田
小菅
上杉
井原
首藤
赤坂
田端
玉置
青野
柏原
北
横川
小高
大林
浅沼
小玉
梅沢
水島
合田
角谷
竹原
宮坂
有賀
脇田
柴山
志田
三沢
池本
本村
島津
明石
宮里
池谷
妹尾
春日
勝田
加瀬
滝川
大和
大下
富山
楠
前島
中塚
会田
柿沼
阪口
恩田
戸塚
曽我
前野
石野
益田
笹川
小栗
谷村
磯野
夏目
川越
古山
白木
吉崎
国分
楠本
菅井
野島
坂東
日下部
岡山
井本
内村
花岡
高畑
熊田
石倉
中
沖
持田
田渕
玉木
神戸
金澤
福地
城戸
末吉
滝
浜
鬼頭
東海林
倉本
田所
若山
塩見
沖田
児島
寺沢
黒崎
森井
八田
沢井
重松
高嶋
寺西
森永
粕谷
廣瀬
本山
村木
大浦
高谷
長坂
大高
重田
井村
田尻
深井
今
南部
鵜飼
平賀
玉田
菊田
川嶋
米倉
磯崎
秋本
岡島
寺岡
知念
猪股
熊倉
岩谷
笹原
畠中
増井
桜田
冨永
氏家
野呂
古橋
小俣
富沢
小口
五味
長浜
小平
大関
小暮
紺野
川添
下地
土谷
梶田
西井
牧田
新村
西浦
安永
平本
花井
柳瀬
岩村
倉橋
河西
境
鹿野
鹿島
相田
丸田
杉崎
辻村
大越
今川
長沼
小峰
宮澤
塚越
藤島
松谷
伴
百瀬
寺崎
寺内
神原
安川
黒澤
寺井
川名
二瓶
我妻
赤羽
新保
湊
古市
伊達
益子
本郷
篠塚
東野
品川
滝田
浦
仲野
真野
熊沢
室井
大前
野間
土肥
郡司
的場
須永
石沢
金
片野
平原
村越
江田
中岡
新川
神保
江頭
河上
大宮
村中
安西
南雲
渥美
藤山
照井
金原
大岩
坂
保田
野尻
長友
久田
長澤
湯川
住田
高須
森島
安原
栗本
赤井
広川
河口
大河原
梶
増山
河崎
津村
矢吹
伏見
塩崎
北岡
小山田
船越
松橋
長嶋
高津
吉見
石岡
坪田
相良
有村
薄井
上岡
増子
矢崎
石村
金野
磯貝
関本
藤谷
中森
谷田
桑野
藤巻
河井
緑川
西森
八巻
安東
仲宗根
高坂
関野
高沢
梶山
稲村
垣内
山脇
浜中
尾関
福士
森崎
長山
棚橋
水本
中道
堺
湯本
小村
二村
牛島
照屋
谷内
松林
住吉
迫田
小宮山
榊
小竹
人見
相澤
玉川
田嶋
加賀
船木
塩野
新美
飯村
椿
東山
柿崎
鶴見
柿本
塩沢
芝田
赤塚
越川
大坂
丸岡
梅木
永瀬
深澤
吉武
矢沢
田沢
仲
高森
下野
清原
唐沢
向山
駒井
小橋
井沢
沢
西澤
原島
高杉
宇田
辻井
木島
鮫島
名倉
平間
藤澤
三瓶
高林
竹林
川内
疋田
畑山
塙
植野
西崎
犬飼
笹本
磯田
岩沢
福元
八幡
福沢
平石
袴田
羽鳥
加茂
勝山
西垣
米谷
金本
上地
森野
長屋
鳴海
島本
船橋
志水
村尾
廣田
柳澤
対馬
安斎
沢村
城
大屋
山浦
浦川
新里
木谷
伊沢
村本
岩橋
長
小崎
石毛
横溝
大杉
小熊
赤堀
城間
桂
若杉
早瀬
衛藤
時田
川又
庄子
芝
小田島
添田
神
伊勢
長嶺
高久
板谷
高塚
芹沢
小山内
宮村
高本
深川
保科
竹山
柴
鳥海
柳井
新藤
飯沼
松葉
直井
平岩
丸尾
大迫
徳山
永松
谷山
米村
塩川
桐山
井戸
猪俣
竹島
水越
国井
新城
安岡
大須賀
大上
山谷
柘植
佃
山路
上林
別府
小浜
黒瀬
赤間
日向
野澤
安江
幸田
岩野
竹之内
生駒
猪狩
大河内
熊野
福嶋
柳沼
須崎
大泉
福留
岩見
橋詰
脇
平島
竹井
青島
藤江
須貝
藤
村川
岩元
深見
新山
早田
赤嶺
鳥越
名取
猿渡
神尾
石上
上西
熊本
中平
山西
五島
小塚
崎山
上島
矢作
鎌倉
綿貫
小松崎
兵頭
春田
松澤
宗像
長江
砂田
新倉
鷲見
秋吉
岩切
塩原
松坂
竹谷
古澤
萩野
石津
安本
市橋
園部
舟橋
鬼塚
梶谷
真下
平木
関川
間瀬
荒谷
蛭田
桜庭
竹川
藤枝
広岡
池野
大岡
二階堂
土岐
岡林
佐原
磯
竹沢
磯村
黒須
安倍
加賀谷
岸野
辰巳
村野
東田
鳥羽
川尻
友田
一ノ瀬
犬塚
高石
清家
副島
馬渕
脇坂
守田
大堀
大賀
武山
近江
元木
堀尾
戸村
船津
井坂
嶋崎
菊川
米川
中園
佐山
星川
奥谷
須山
宮嶋
吉松
田丸
土方
大里
片倉
若月
高城
北条
日置
多賀
有吉
吉成
北口
谷岡
坪内
辻野
亀谷
梶川
小田切
海老沢
伊波
杉谷
山地
江本
新
川北
宮武
大本
広沢
赤沢
兼子
大門
春山
長内
大脇
堀部
巽
柴原
箕輪
岡安
河辺
安里
藤倉
戸谷
有本
武石
佐田
設楽
小木曽
細見
田山
宮尾
田坂
八島
姫野
片平
深津
赤尾
末広
間宮
伊原
寺山
中込
曽我部
辻田
赤石
北浦
糸井
杉江
中江
宮﨑
田淵
井関
露木
江上
瀬戸口
真壁
鳥山
牟田
若井
小松原
作田
横内
国吉
高宮
高垣
藤間
半沢
末松
金川
古野
末次
河津
吉良
草間
日比
新居
永尾
高良
二見
角野
奥原
上条
峯
深山
朝日
梅野
藤平
岩上
白田
橋田
有川
石神
高畠
下平
江尻
早野
鷲尾
香取
山室
速水
坂根
野坂
稲川
永吉
折原
久松
田井
古家
佐瀬
里見
西出
白土
前山
沖野
上坂
小田原
池永
桐生
錦織
品田
正田
石森
永岡
池原
中崎
鍋島
菱沼
井野
猪野
岩倉
沢口
八重樫
香月
宮部
熊崎
坂巻
宮前
笹田
今岡
逸見
嶋
湯田
藤代
矢内
小柴
泉谷
湯沢
君島
島野
江島
白岩
渕上
仁科
立野
宮永
大道
小野塚
本庄
飯尾
中瀬
木崎
山際
高桑
笹岡
寺嶋
田野
木山
門馬
成沢
川久保
宮岡
野瀬
尾田
岩﨑
野々村
松藤
石島
三角
中垣
浅岡
又吉
小黒
柳本
景山
梅崎
隅田
嶋村
大月
木暮
北林
手嶋
菅田
赤池
福村
関戸
羽生
青田
一瀬
羽賀
松丸
木元
諸岡
伊佐
碓井
米澤
兵藤
柏崎
浅利
仙波
津久井
船山
笹井
北尾
古瀬
伊丹
四方
河島
具志堅
八代
梅澤
浦上
広野
浜島
小河
鳥井
阪田
猪瀬
永谷
桝田
遊佐
一戸
楠田
溝上
山木
大浜
桑山
丹治
若狭
中橋
中元
戸川
所
松倉
大垣
山添
新妻
水戸
深瀬
常盤
勝野
綾部
別所
杉岡
一色
檜山
春名
彦坂
大串
伊賀
内川
曾根
根津
久我
岩淵
奥井
能勢
立山
能登
向後
竹野
岸川
穂積
阿南
笹木
奥平
峯岸
笠松
田沼
引地
室田
小牧
北條
北本
平澤
上川
田仲
田部
西嶋
朝比奈
神林
押田
小早川
杉森
柚木
荒巻
榎
赤川
瓜生
津島
川﨑
芦沢
山名
牛田
椎葉
諸橋
宇井
迫
石谷
岩尾
吉住
浦山
飯山
駒田
金光
安保
国本
三澤
信田
李
栗栖
桜木
谷中
守谷
櫛田
日吉
中条
前沢
宮井
北井
寺門
柏
漆原
新野
助川
田部井
新海
菱田
原野
仲川
桑名
木場
真島
柳谷
城田
梶本
津川
仲本
内堀
杉
向
仲間
宇津木
樋渡
門間
陶山
谷崎
熊木
宇佐見
中辻
清川
谷野
阪上
田宮
今津
木野
冨岡
米本
青井
安野
中上
堀之内
坂内
今枝
勝俣
綿引
峰
亀岡
高安
横沢
二木
植竹
平出
蓮見
橋場
権田
白浜
小谷野
布川
澤
山之内
深野
大町
荒田
大隅
山辺
藤永
沢野
川俣
中居
粟野
勝部
仁平
堀本
山越
中津
涌井
船田
泉田
北澤
広井
森内
中畑
東谷
比留間
喜田
東条
市野
木幡
東郷
松平
柳下
大出
水村
鈴村
宮口
千原
田頭
奥本
中條
水落
津野
高浜
坂部
武本
牛山
千野
加地
向田
真木
川岸
小貫
宮
澤井
茅野
肥田
羽田野
稲見
斎木
竹森
魚住
大東
仁木
肥後
松宮
市田
新堀
兼田
古木
古本
佐々
三田村
舘
増本
蜂谷
峰岸
井内
大藤
臼田
大窪
藤城
岡元
道下
南野
笹山
白水
柿原
折田
柳生
仲谷
谷沢
前
本木
甲田
赤星
鵜沢
丸谷
仲井
荒
牛尾
大畠
諸星
平沼
森元
倉島
永原
三野
野地
寺村
桐原
加来
浜村
深町
坂倉
花房
中屋
豊岡
今関
木口
山森
高
金崎
岩川
丹下
荒牧
武村
井藤
大黒
大池
藤尾
和気
沖本
権藤
小野沢
与那嶺
白崎
新家
小滝
三森
清宮
板東
仲里
武市
吉富
寺川
冨山
水沢
宮木
河端
新開
徳丸
吉山
安武
吉元
大家
福崎
茨木
椎野
