ハルヒ
スーモ
ゲゲゲ
ハヤテ
クーポ
ビカム
マリア
ミーテ
ダライ
カール
ルパン
ハウル
ジョン
ナクシ
ハヤク
スカッ
ポルノ
ログピ
ニヤリ
ロミオ
エンタ
ロフト
ソニー
アキバ
ソウル
ヒック
ギュッ
コブス
リコー
パブリ
ヤマハ
カエセ
ボーッ
ハイッ
ヤマト
ヨハネ
ニコッ
キョン
サクッ
コナン
コジマ
ムック
チヨダ
パリッ
ピリッ
メッセ
ルイズ
ジャス
サラッ
カリッ
アリス
キュン
ウルル
ガラリ
プラダ
カワイ
ヤマダ
オアフ
マタイ
ジネコ
ガズー
セコム
ヴォケ
チラッ
アドビ
マツダ
ニシパ
エルム
アデル
イエイ
ヒカル
アハト
トラバ
ジュン
ビシッ
タニタ
エチカ
キリッ
マルコ
スート
アンナ
エホバ
アッコ
ウェル
ガスト
ポチッ
ヤフー
ケイコ
トヨタ
ゴメス
リンパ
ヂカラ
ゼルダ
トトロ
アライク
アメブロ
マチコム
ジュンク
マピオン
ホームズ
ムラウチ
ヤフオク
ピアプロ
ココメモ
エキテン
ホッシー
ジョジョ
ヨシケイ
レポログ
マイミク
ココログ
アトポス
キチガイ
ベネッセ
アスクル
ポケモン
ヤマレコ
ベルリン
ドコイク
ポチオク
タイタン
キタムラ
ホスピタ
イプロス
ノブナガ
アラジン
パピレス
フィガロ
ネタフル
ママヂエ
ブンナビ
モバオク
アリババ
ソフィア
ツーサム
エクステ
ユネスコ
クロネコ
イベスタ
ディノス
タグタグ
ケンコミ
プリウス
スマッチ
インプレ
バチスタ
エイブル
リクナビ
ヌレヌレ
ヘルニア
カナロコ
サーチナ
ーーーー
ジモット
インテル
サラツヤ
リースル
リハウス
トリンプ
プルモア
リンクス
プレママ
ピンスポ
モンハン
ラクーン
ルテイン
リフォム
タイムス
サブカテ
クルーク
ショパン
ブクログ
シボレス
ストーマ
スリング
エーツー
マクロビ
ファラオ
ティース
ジョージ
ハピテラ
ノーバス
ブリリア
ヘタリア
ニワンゴ
ジャック
ガリレオ
ヘンゼル
アニコム
ピーエス
ジョブズ
エムエル
バカボン
ブログリ
ソラニン
サイゾー
プチグリ
アエリア
ハットリ
グーグル
ペイオン
ナタリー
バイトル
アマゾン
フレッツ
ビタミン
ホルモン
ネッシー
インフォ
ブッシュ
クラシス
ゼクシィ
シトリン
ジョニー
ウェルネス
ホームプロ
マイエリア
ツイッター
バスターズ
パソエコン
トラベルコ
ベリサイン
グッピーズ
ユーレット
アドパーク
ハンゲーム
ジェイコム
ビッダーズ
アットエス
ナビタイム
ルートラボ
ペタマップ
ウェバーズ
レオパレス
マイブログ
クライゼル
ジャニーズ
ハウスコム
ライブドア
フジテレビ
マイライフ
チャングム
エイベック
タウンナビ
プロフィル
サントリー
ケノーベル
ドルアーガ
ドラッカー
ディズニー
ラブプラス
ヒアルロン
オリンポス
ミニデビル
ベルサイユ
ゼロックス
ワシントン
タウンピタ
ルートプロ
ボトックス
エキサイト
エコルート
ビズボード
チャーリー
リブセンス
セルライト
バッグカー
ピンナップ
コミブログ
サンパウロ
クェイサー
ガスタイル
コンシェル
パルナサス
ライブオン
インディゴ
ダーウィン
ギターソロ
スマイティ
スケルトン
コムトップ
ハーバード
マイプラン
フォレント
デイユース
ジョーカー
ミニメール
クリエイト
リラックマ
ジェイムズ
オウチーノ
ネゴトーク
セカイモン
コロムビア
クリステル
ピタカード
アイペット
ベルマーク
マイブーム
アリアンツ
アフラック
ボローニャ
メールテク
アメンバー
マイページ
マタニティ
カービュー
オリックス
アニメイト
ページトップ
スタークラブ
ブログパーツ
アニメグッズ
ジョブセンス
ハローワーク
ブログロール
ログユーザー
メインページ
マイニフティ
タウンページ
ワンクリック
ジャパネット
トントラック
クックパッド
グルメサイト
カーセンサー
カードローン
ブログブログ
ルートマップ
マイクリップ
カテゴリナビ
リストマニア
サイブリッジ
リンクサイト
サイトトップ
アリエッティ
ゲームホビー
ホームプラザ
マイクロアド
ヘルプページ
デザイナーズ
ジャスダック
トライコーン
ビーケーワン
コードギアス
ネットチラシ
カンタービレ
ブックリスト
ホットワード
エコポイント
ソフトバンク
グルメガイド
ダウンタウン
ニューヨーク
ガイドグルメ
マイペディア
ワークゲート
ブログサイト
ケンプラッツ
シネマカフェ
ホテルタイプ
コムショップ
エリアガイド
ガイドデータ
ジオトラスト
スポーツナビ
マップファン
テレビドラマ
ツインリンク
フリープラン
ポスユーザー
モニタアーム
ルートガイド
カラーコピー
オアシスナビ
リストリッチ
ゴールドマン
ホテルライフ
シティホテル
エクステリア
リンクバナー
ビッグサイト
プーペガール
マイスポット
ライフレシピ
オーベルジュ
ランチマップ
マクドナルド
インビクタス
アンパンマン
ケンコーコム
マイスタイル
シャーメゾン
バイクパーツ
キューライフ
サーマクール
グルメギフト
ブイキューブ
マイカラメル
ファンサイト
ブログトップ
ガイドトップ
クリアボタン
スカイツリー
ホームサイト
ブログマーク
フランダース
カシスエキス
キッズネット
コジマソフト
ピュアブログ
ビックカメラ
ルームプラザ
フリーメール
オープンエア
ユーチューブ
カラマーゾフ
グルメトップ
メインテーマ
パナソニック
ネットライフ
エリアページ
ハローキティ
ズーチューブ
コウケンテツ
オオサカジン
イベントナビ
ペットグッズ
スーツケース
アウトレイジ
ページビュー
アニメソング
ユナイテッド
スローネット
セックスレス
ダブルベッド
スティッカム
ニンテンドー
ファンタジア
バストアップ
グルメブログ
