最近見
楽対応
犬同伴
店紹介
得情報
大辞泉
今話題
一週間
街検索
石川遼
内検索
出前館
堂書店
龍馬伝
値以下
葬儀社
写真館
本求人
修復歴
店周辺
後投稿
小学館
要予約
前各号
一同心
創元社
国自慢
二次会
南道路
最近気
店検索
番地号
十分気
本方針
音楽本
全然気
交通付
社主催
本洋書
宿周辺
佐祐理
子要素
内共通
勝僖梅
勝喜梅
六本木
無料今
気持玉
時歴史
記事次
大辞林
文教堂
嫁長門
新百合
土日祝
愛車今
場予約
陸山会
病気猫
予約館
琴光喜
今検索
今国会
宿検索
最初見
順価格
沢山出
用独自
是非足
用画像
菅首相
方必見
堂店員
翠星石
滝百選
何十倍
以後気
一体誰
小太郎
図鑑犬
図鑑猫
方全員
前二項
江戸末
来店心
職種大
蒼井優
左写真
侍戦隊
沖縄美
毎日見
家断絶
集英社
兼六園
級戦犯
全面損
現在当
本情報
内表示
選択鍵
表示次
藤井組
上州屋
二前号
社発行
件登録
友募集
可物件
音楽物
小田実
後悔先
魔裟斗
札幌発
山手線
薄桜鬼
化物語
特優賃
一目見
瀧本弘
北野武
戦後間
日能研
内田樹
気功耳
光陰矢
子健保
後表示
本過去
旨主張
厨最萌
新日本
蒼星石
度推移
上送信
済写真
圏央道
函付函
下落合
今日見
耳鼻咽
赤西仁
黄水晶
方歓迎
突然目
二十代
性暴力
充分気
小十郎
任天堂
優遊悠
縁成仏
高機買
一本目
用視聴
株之助
二本目
同病院
親鸞会
美美美
吉野川
田中宇
件表示
春眠暁
一時間
虎鉄新
上北郡
美白力
生活館
型自分
当店迄
桜写真
森文庫
山田錦
今人気
安曇野
場一覧
富良野
香穂子
指定無
写真見
方募集
系販売
系営業
全一覧
劔岳点
今必要
毎週月
白黒赤
病気目
池上彰
住宅発
内写真
多少色
親発言
最初歩
伊東家
宮崎人
多数出
格好良
盧武鉉
増田足
不二子
小百合
円最狭
俺涙目
項参照
利用控
毎週火
近年稀
本田宏
引地悠
朝青龍
種類犬
最終大
睡眠障
東謙二
一晩寝
朝比奈
広辞苑
付外観
求人見
高島彩
字開脚
新感線
無法松
翌日休
塾検索
李明博
等多少
毎年夏
新都社
荻選手
辻希美
満塁男
低年式
昭文社
知的障
宿一覧
実際足
小説野
産創館
鬼太郎
毎瞬間
勝負強
左之助
全然出
知恩院
今問題
健美家
魚沼産
明石家
里親会
三美姫
本仮屋
光開通
資格王
全然似
二言目
二重術
新賃料
一晩水
立体顔
県産材
小京都
通文庫
東三河
美闘士
会場笑
日記鯖
諸状況
光人社
感慨深
屋五葉
一切出
肉便器
宮崎牛
天文館
渚百選
治療家
西田純
直木賞
三角点
恩田陸
駅百選
全美連
森過去
場周辺
無垢材
歴史篇
軽井沢
平凡社
激安訳
体脂肪
送迎有
二週間
命名札
日垣隆
経験有
騎乗位
二匹目
幸満載
男子台
天人気
北教組
初心忘
歳時記
歎異抄
具広場
心地良
当然出
富士宮
米国発
今確認
祇園京
花湯坊
場特集
病院坂
前田環
声一覧
林正儀
太田光
医中誌
松川死
谷亮子
色変更
静美洞
志筑香
友生活
千趣会
経年感
全国道
当地域
句季語
同人堂
症診療
宝島社
荒俣宏
大阪夏
当神社
角山智
道百選
写真城
白金台
一足先
当教室
翌日着
大戸屋
岸和田
国民新
大変身
結構出
拍手手
夏侯惇
同地点
毎日家
中販連
場徹底
集神社
一応念
山田優
水土里
普段見
人文庫
上決定
浜学園
平山順
一同笑
白百合
湖山亭
杜父魚
葉芦屋
銀英伝
鹿鳴館
今選択
相対式
当期間
何時見
物流話
綾小路
体大切
夢十夜
美界人
日敬老
徳懸賞
電気羊
東近江
駅下車
禁煙頭
外傷目
隅田川
林映寿
可賃貸
火霊力
早速見
僕個人
東学党
芥川賞
等持込
森絵都
下記宛
牧太郎
玄上師
東葛飾
西小倉
当法人
的韓国
動画見
是非来
今手元
逆売春
病気喉
黒執事
語辞典
鉄砲長
略奪愛
島耕作
三十代
動画次
節郭清
総株主
今後気
結果得
原由子
四不象
全日空
同調査
場隣接
奥三河
三種類
当会社
生後間
景品卸
同価格
賃貸版
橋本勝
桂由美
西三河
今度見
塾一覧
紅楼夢
湖鶴雅
明大生
来場心
常滑線
沈才彬
景勝地
宿花筏
通常今
旧号給
剤治療
駅写真
野獣死
日以上
乗車地
語注記
蛙大海
平成元
用物件
型検索
爽臭粒
無何有
雌火竜
本装置
賃管協
車購入
自演乙
池田悟
覆水盆
幻冬舎
重松清
上総介
日暮里
横浜赤
利用型
今回私
壱番屋
内藤忍
日記次
子診断
病気耳
白村江
全国会
内周面
大聖人
小栗旬
当該子
件了解
丹波人
若干目
前番組
本連載
東紀州
間寛平
伊藤忠
偶然手
農業屋
科学館
貴医院
彩流社
城田優
叶姉妹
仲町通
黒木瞳
南新宿
朝米軍
上戸彩
佐藤健
向井理
小守純
村田莉
南明奈
関根勤
版記事
屋店長
最近観
山行記
曹洞宗
菅直人
大坂冬
節用集
東横線
本選択
花写真
国公私
太宰治
朧龍殿
引越社
二以上
森田実
本物件
同商品
大通駅
年月分
当財団
不忍池
酒美容
姉妹誌
表参道
広瀬通
本画像
住宅型
必選択
湯布院
萬朝報
金剛閣
画面両
農業賞
希学園
今度来
日出処
老山龍
梶裕貴
齋藤孝
花火花
戸松遥
大地実
信販売
一文字
牛島組
三四郎
花音楽
旭化成
日以降
深月織
新都心
千代田
再生次
駅検索
現在私
一形態
天地人
南信州
奥入瀬
諸君私
同日付
形成協
検索歯
実力医
陶器皿
帰国生
当物件
出次第
日発表
神奈備
突然出
来春待
方限定
西武園
吉鷹弘
杯全般
同施設
有川浩
堂本剛
本判決
社民更
多数見
漫遊記
高橋敦
成田発
奥久慈
本計画
本書評
武富士
中西部
池袋院
侍悟郎
中野店
東医大
勧進帳
中四国
地図羅
竜之助
世界夢
同番組
川俣晶
老人憩
坂井恵
奥一穂
前坂徹
牧大輔
佐藤秀
親中国
遊中川
普段目
会員宛
現在見
三前号
勉強堂
姉妹版
三十分
映画祭
六厘舎
押尾学
新居浜
温泉華
同会議
村政治
全宿泊
岐阜駅
飲放付
寿限無
利用心
伊勢路
街大阪
性描写
購入派
性生活
佐藤守
不易塾
北総線
多摩初
注目宿
常磐線
米沢守
琉球畳
萬晩報
英辞郎
緑川光
場検索
吉四六
拡大版
孫悟空
筋斗雲
如意棒
西山孝
沖大幹
化現象
闘莉王
転球神
総厳罰
石川旅
千代菊
来館心
脇坂健
技回数
函館湯
土風炉
國村隼
知心剣
久留米
亀田家
脚矯正
雑貨卸
内一覧
馬鹿冨
人麻呂
成歩堂
小鳥遊
満洲屋
熨斗紙
化時代
女性人
旅百選
小倉店
蟻力神
牛若丸
胡錦濤
歌一首
髭男爵
品川祐
傘市場
沖縄青
加古川
官兵衛
馬車馬
生類憐
鳴尾浜
大牟田
安定所
全国旅
本商品
京都駅
港南台
活用面
駅指定
犬神家
北東部
本画面
男子部
意見番
写真下
親記事
当医院
大坂夏
南東部
当金庫
当商品
正倉院
富士丸
本支店
産総研
招待絵
夢小説
単位例
毎年春
今注目
長州力
杯決勝
為電話
