ブログ
サイト
リンク
トップ
エリア
ボタン
ホテル
リスト
ゲスト
グルメ
ヘルプ
ネット
プラン
テレビ
ペット
カメラ
ガイド
アップ
ウェブ
バイト
バイク
サイズ
セット
ファン
ランク
ソフト
ビデオ
ゴルフ
メイン
コラム
タウン
レシピ
アニメ
チラシ
レベル
コピペ
ドラマ
ヒット
フォト
マップ
タイプ
キレイ
クリア
ストア
トイレ
モデル
コチラ
ゲット
スキル
ギフト
ライブ
カット
プレイ
ピアノ
ハルヒ
ベスト
マンガ
ベッド
ウィキ
ランチ
プラス
アジア
コスメ
グッズ
サロン
エステ
マウス
スパム
ホント
ヘルス
キッズ
グラフ
テスト
キャラ
ヒント
ガラス
マッチ
カフェ
ポスト
セブン
ワイン
テニス
クラブ
ゲゲゲ
イエス
カッコ
レンジ
サイン
アレゲ
ラジオ
アプリ
カラダ
パック
シフト
クイズ
ハヤテ
リスク
ドイツ
スコア
コスト
タバコ
ススメ
ポチッ
カキコ
リアル
バック
テント
ライフ
クラス
バッグ
マイル
メトロ
アナタ
ソナタ
クルマ
ステキ
ビカム
バブル
ハワイ
ヘッダ
ドック
ロック
ピアス
ネゴト
バンク
トマト
マリア
ネスト
トライ
タイヤ
オトク
ピンク
オペラ
シゴト
ホット
リズム
インド
ブック
ラベル
マイク
イラク
ケイコ
プロフ
サクラ
トヨタ
ベンチ
コンビ
ホムペ
ダライ
エッチ
シルク
ヒミツ
ネック
タオル
バンド
メイク
センス
ココロ
メガネ
フェス
レイプ
ハウス
メンテ
スイス
ピンチ
シェア
パスタ
オバマ
フェア
ミセス
ルパン
ロシア
コラボ
ドレス
ゴメス
ハウル
ゴメン
ライン
ジョン
タッグ
ナクシ
ハヤク
カナダ
オトコ
キング
ポルノ
ログピ
カタチ
スカッ
ニヤリ
バトン
ハガキ
ロミオ
プラザ
マスク
アイヌ
シニア
パンツ
エンタ
マニア
タッチ
コダマ
コンペ
メイド
ワイド
ダウン
セレブ
コイン
グアム
シャレ
デスク
ウンチ
コトバ
ユダヤ
オトナ
オヤジ
コミュ
ロフト
セリフ
ネズミ
プレス
ダイヤ
セフレ
アキバ
ソウル
マット
ノック
アラブ
シティ
モンク
ヒック
シネマ
リンパ
ギュッ
ズボン
ジャズ
ホクロ
ドコモ
アロマ
ダンス
シェフ
トトロ
ゼルダ
ホタル
コブス
リング
イオン
ナイフ
チップ
パブリ
ヤマハ
アヒル
カエセ
ヘッジ
キムチ
モダン
ラップ
ハイッ
ヤマト
メタボ
ヨハネ
サラダ
ビット
リボン
ボット
シャツ
ニコッ
キョン
サクッ
コナン
コジマ
ムック
チヨダ
パリッ
ピリッ
メッセ
ロマン
コップ
ワキガ
ズラリ
ハンパ
ホスト
シンポ
ナイス
スタブ
サイド
ジャス
サラッ
ウエア
ボディ
カリッ
アリス
マグロ
ソファ
ミサキ
キュン
ウルル
サプリ
パネル
ナンパ
ピント
キッス
ガラリ
プラダ
カワイ
エホバ
ルイズ
アッコ
ウェル
セルフ
サウナ
センチ
ウロコ
ヤマダ
アドビ
マツダ
スゴイ
オアフ
カバン
キチン
コタツ
パンフ
マタイ
パウロ
イラン
アイス
ジネコ
リフト
ロング
ミナミ
ハッチ
ジャム
ニオイ
ピュア
ケンカ
セコム
ヴォケ
チラッ
ニャン
オタク
ガイア
オッズ
ニシパ
ライト
モニタ
ジャケ
パズル
フライ
タンゴ
タンス
グッド
カッパ
エルム
ベット
アデル
イエイ
バナナ
ヒカル
ピット
デッキ
アハト
トラバ
タイム
トルコ
クロス
コンロ
アタシ
ジュン
エデン
ビシッ
チョコ
ランド
ロット
レンズ
タニタ
ポット
グラス
ピック
エチカ
キリッ
ガスト
アンナ
モラル
マルコ
シグマ
ラスト
バレエ
パンク
チャリ
エキス
ヂカラ
テラス
リトル
メロン
オミセ
