マンション
ランキング
レストラン
アルバイト
コンテンツ
プレゼント
キャンセル
オンライン
ウォレット
ウィンドウ
アドバイス
ダイエット
ライセンス
クリニック
マイリスト
チャレンジ
インテリア
アウトドア
アカウント
プログラム
サムネイル
オプション
ヘルスケア
マタニティ
ログアウト
ヘアサロン
プレミアム
ウェルネス
サインイン
リクエスト
タイミング
エンジニア
オリジナル
コンテスト
リサイクル
クラシック
キャッシュ
ペンション
トピックス
ウインドウ
コンセプト
チャンネル
バラエティ
リラックス
ハイキング
パソエコン
パキスタン
バスケット
レイアウト
ベリサイン
ジャケット
マニュアル
クリスマス
フィギュア
アクセント
フライパン
スクリプト
クレジット
アットエス
ナビタイム
ブライダル
ペタマップ
ダイビング
リサイタル
イタリアン
サジェスト
マイブログ
プロバイダ
テクニック
テンション
クライゼル
コンパクト
フジテレビ
チャングム
エイベック
トライアル
スタジアム
タウンナビ
プロフィル
グランプリ
メディカル
レゾナント
インパクト
エスニック
キャンパス
スペシャル
セグメント
カルシウム
ボクシング
ギャンブル
コンタクト
ヒアルロン
アナリスト
タイムラグ
オリンポス
ランニング
ノルウェイ
ミニデビル
サイエンス
アナウンス
ベルサイユ
タイアップ
ゼロックス
フットケア
バイキング
ワシントン
ハプニング
タウンピタ
アイディア
コミブログ
サンパウロ
トッピング
ガスタンク
ダイレクト
ボトックス
エキサイト
プログラマ
コミックス
ノベルティ
セッション
スクウェア
ガスコンロ
メカニズム
リスペクト
リブセンス
パイオニア
サプライズ
デフォルト
ラッピング
ラブホテル
フラッシュ
パラダイム
マイリンク
プリペイド
コンシェル
ダイニング
パルナサス
インライン
ライブオン
ヘルメット
インディゴ
エンジョイ
クオリティ
スケルトン
ナチュラル
ビッグバン
キャロット
スマイティ
インプット
リポジトリ
フルボッコ
ファックス
テクニカル
プルダウン
フォレント
ポジション
レバレッジ
ビジュアル
エレガント
オムライス
スクラップ
リコメンド
リラックマ
ジェイムズ
オリックス
セカイモン
ダンジョン
コロムビア
クリステル
アニメイト
セクション
レコメンド
デメリット
レスポンス
アイペット
アリアンツ
アフラック
スティック
ファミレス
アクション
