ページ
ブログ
サイト
メール
リンク
トップ
エリア
ボタン
ホテル
データ
リスト
ゲスト
グルメ
カート
ヘルプ
コード
ネット
プラン
テレビ
テーマ
ホーム
ペット
カメラ
ガイド
アップ
ウェブ
ゲーム
バイト
バイク
カード
サイズ
コピー
セット
ツアー
ファン
ユーザ
ソフト
ランク
ビデオ
ホール
ゴルフ
ルート
メイン
コラム
タウン
レシピ
アニメ
チラシ
ニーズ
ワード
コピペ
ドラマ
マーク
コース
ベビー
ヒット
レベル
ケース
ルーム
フォト
マップ
タイプ
ベース
ツール
キレイ
クリア
バナー
トイレ
ストア
サーバ
モデル
コチラ
ゲット
カバー
ルール
スキル
ギフト
ライブ
ビール
ローン
シーン
カット
プレイ
ピアノ
リース
チーム
ホビー
マンガ
モード
ベッド
ウィキ
マネー
パート
ランチ
アジア
コスメ
グッズ
エラー
プラス
ベスト
サロン
エステ
マウス
スパム
ホント
ヘルス
キッズ
カレー
グラフ
テスト
キャラ
ソース
ヒント
カラー
ガラス
マッチ
オール
カフェ
ポスト
セブン
ワイン
テニス
デート
サーチ
クラブ
ケーキ
イエス
カッコ
レンジ
サイン
アレゲ
ラジオ
アプリ
カラダ
パック
シフト
クイズ
スルー
セール
リスク
パーツ
キープ
モール
ドイツ
スコア
ツリー
ナース
コスト
マナー
リード
スキー
タバコ
ススメ
プレー
カキコ
ベータ
リアル
ノート
ピーク
ペース
ハリー
フリー
バック
テント
ライフ
ブーム
フード
バッグ
メトロ
ソナタ
クルマ
アナタ
クラス
ボール
ステキ
バブル
ゴール
スープ
ハワイ
ターン
ローマ
ヘッダ
ドック
ロック
スーツ
スター
ピアス
ネゴト
トーク
バンク
アート
プール
ハート
トマト
エース
ネスト
レター
トライ
タイヤ
オトク
ピンク
ショー
オペラ
シゴト
ホット
リズム
レース
インド
ブック
ラベル
マイク
パワー
ワーク
イラク
ビーチ
プロフ
サクラ
ベンチ
コンビ
ホムペ
リーグ
ギター
シルク
ヒミツ
ネック
タオル
メイク
センス
ココロ
メガネ
フェス
ハウス
ドール
メンテ
バンド
スイス
ピンチ
シェア
パスタ
オバマ
エール
フェア
ミセス
ガール
ロシア
クール
ニュー
コラボ
ドレス
ゴメン
ライン
マイル
タッグ
カナダ
オトコ
キング
タブー
カタチ
バトン
ハガキ
プラザ
マスク
アイヌ
シニア
パンツ
シール
ハーブ
マニア
タッチ
ソート
ベール
コダマ
コンペ
メイド
ワイド
ダウン
ルーツ
セレブ
コイン
グアム
シャレ
ウンチ
コトバ
ユダヤ
オトナ
オヤジ
コミュ
セリフ
ネズミ
プレス
ダイヤ
デスク
タワー
マット
リーダ
ノック
アラブ
シティ
レート
モンク
ブース
ホラー
コープ
シネマ
ズボン
ポーズ
ジャズ
ホクロ
ドコモ
アロマ
ダンス
ゲート
シェフ
ダーツ
リング
ナイフ
チップ
アヒル
キムチ
モダン
シート
フロー
イオン
バター
ラップ
ブルー
パーク
ガード
メタボ
サラダ
ボット
シャツ
ロマン
パーマ
ワキガ
キュー
ズラリ
スロー
ハンパ
ホスト
コート
シンポ
ナイス
ホタル
オーラ
スタブ
サイド
リボン
ウエア
ボディ
マート
マグロ
ソファ
ミサキ
キラー
サプリ
パネル
ピント
キッス
セルフ
サウナ
ウロコ
スゴイ
カバン
キチン
コタツ
パンフ
ニート
イラン
アイス
チーズ
リフト
ロング
ミナミ
ハッチ
ジャム
ニオイ
ピュア
ケンカ
レール
コップ
ニャン
オタク
ガイア
オッズ
ライト
モニタ
ジャケ
パズル
フライ
グレー
ハード
タンゴ
ボート
タンス
グッド
コール
カッパ
カーブ
ベット
ボード
バナナ
ピット
ズーム
デッキ
タイム
トルコ
クロス
アタシ
ヘッジ
エデン
チョコ
ランド
ロット
レンズ
テープ
ポット
グラス
ピック
コーチ
モラル
シグマ
ラスト
バレエ
パンク
チャリ
エキス
テラス
リトル
ブーツ
メロン
オミセ
ロビー