ブログ
サイト
リンク
トップ
エリア
ボタン
ホテル
リスト
ゲスト
グルメ
ヘルプ
ネット
プラン
テレビ
ペット
カメラ
ガイド
アップ
ウェブ
バイト
バイク
サイズ
セット
ファン
ランク
ソフト
ビデオ
ゴルフ
メイン
コラム
タウン
レシピ
アニメ
チラシ
レベル
コピペ
ドラマ
ヒット
フォト
マップ
タイプ
キレイ
クリア
ストア
トイレ
モデル
コチラ
ゲット
スキル
ギフト
ライブ
カット
プレイ
ピアノ
ベスト
マンガ
ベッド
ウィキ
ランチ
プラス
アジア
コスメ
グッズ
サロン
エステ
マウス
スパム
ホント
ヘルス
キッズ
グラフ
テスト
キャラ
ヒント
ガラス
マッチ
カフェ
ポスト
セブン
ワイン
テニス
クラブ
イエス
カッコ
レンジ
サイン
アレゲ
ラジオ
アプリ
カラダ
パック
シフト
クイズ
ハヤテ
リスク
ドイツ
スコア
コスト
タバコ
ススメ
カキコ
リアル
バック
テント
ライフ
クラス
バッグ
マイル
メトロ
アナタ
ソナタ
クルマ
ステキ
バブル
ハワイ
ヘッダ
ドック
ロック
ピアス
ネゴト
バンク
トマト
ネスト
トライ
タイヤ
オトク
ピンク
オペラ
シゴト
ホット
リズム
インド
ブック
ラベル
マイク
イラク
プロフ
サクラ
ベンチ
コンビ
ホムペ
エッチ
シルク
ヒミツ
ネック
タオル
バンド
メイク
センス
ココロ
メガネ
フェス
ハウス
メンテ
スイス
ピンチ
シェア
パスタ
フェア
ミセス
ロシア
コラボ
ドレス
ゴメン
ライン
タッグ
カナダ
オトコ
キング
カタチ
ニヤリ
バトン
ハガキ
ロミオ
プラザ
マスク
アイヌ
シニア
パンツ
エンタ
マニア
タッチ
コダマ
コンペ
メイド
ワイド
ダウン
セレブ
コイン
グアム
シャレ
デスク
ウンチ
コトバ
ユダヤ
オトナ
オヤジ
コミュ
ロフト
セリフ
ネズミ
プレス
ダイヤ
セフレ
アキバ
ソウル
マット
ノック
アラブ
シティ
モンク
ヒック
シネマ
リンパ
ズボン
ジャズ
ホクロ
アロマ
ダンス
シェフ
ホタル
リング
ナイフ
チップ
アヒル
ヘッジ
キムチ
モダン
ラップ
ヤマト
メタボ
サラダ
ビット
リボン
ボット
シャツ
メッセ
ロマン
コップ
ワキガ
ズラリ
ハンパ
ホスト
シンポ
ナイス
サイド
ウエア
ボディ
マグロ
ソファ
ミサキ
サプリ
パネル
ピント
キッス
セルフ
サウナ
センチ
ウロコ
スゴイ
カバン
コタツ
パンフ
イラン
アイス
リフト
ロング
ミナミ
ハッチ
ジャム
ニオイ
ピュア
ケンカ
ニャン
オタク
ガイア
オッズ
ライト
モニタ
ジャケ
パズル
フライ
タンゴ
タンス
グッド
カッパ
ベット
バナナ
ピット
デッキ
トラバ
タイム
トルコ
クロス
コンロ
アタシ
エデン
チョコ
ランド
ロット
レンズ
ポット
グラス
ピック
モラル
シグマ
ラスト
バレエ
パンク
チャリ
エキス
テラス
リトル
メロン
オミセ
