コメント
クリック
ログイン
クチコミ
チェック
ポイント
カテゴリ
ブラウザ
アクセス
ジャンル
イベント
スレッド
スポット
タイトル
ビジネス
レンタル
ショップ
スタッフ
パソコン
システム
オススメ
メルマガ
アドレス
モバイル
スキップ
コンビニ
ファイル
デザイン
トピック
バランス
テキスト
オフィス
イラスト
トラブル
アイテム
アルバム
デジタル
ジャンプ
アメリカ
トラベル
スタイル
アマゾン
ビックリ
コミック
キッチン
メリット
カタログ
ピッタリ
メディア
ドライブ
クリップ
ツッコミ
トラック
アイコン
サンプル
フォルダ
チケット
キャリア
ショック
シンプル
フレッツ
ブランド
カタカナ
クイック
カンタン
ドラッグ
チョット
ドメイン
レッスン
チャンス
ノウハウ
ブックス
エンジン
イキイキ
ニコニコ
カラメル
ネクスト
カラオケ
イレブン
フランス
エントリ
ストレス
ボックス
エアコン
キャンプ
ビタミン
アパレル
ブロック
ドリンク
パノラマ
ホルモン
アイドル
ワクワク
オシゴト
プリント
スイッチ
オシャレ
スッキリ
アレンジ
コトノハ
イタリア
ポケット
マイナス
マガジン
マスコミ
シンボル
メッシュ
スカウト
ドキドキ
ブラジル
デジカメ
イマイチ
アイデア
タレント
ボロボロ
ウォッチ
ウィルス
プラチナ
ハッキリ
キリスト
カウント
カップル
ランダム
フラット
イライラ
ニッポン
スタジオ
フレンド
トンネル
バラバラ
ジャパン
ベトナム
シンクロ
キャディ
ヨロシク
アダルト
プリンタ
セレクト
ウロウロ
イギリス
シングル
ガソリン
トレンド
ブレンド
アンテナ
ボコボコ
キャスト
キラキラ
ペディア
スペイン
エッセイ
ストップ
テナント
ブラック
ライバル
バタバタ
アルプス
パチンコ
ダイヤル
ドロップ
ガッツリ
エディタ
イマドキ
モノクロ
チョイス
インフラ
プロセス
パチスロ
フロント
ゴロゴロ
ミックス
ミネラル
パニック
プライス
イケメン
スパイス
ウイルス
フレンチ
インフォ
レッテル
サンクス
リセット
ミサイル
スペック
キャッチ
ディップ
ドラゴン
プライド
ブランク
ストック
フォント
ソムリエ
メキシコ
リットル
リウマチ
フィット
シナリオ
コマンド
ファンド
アフリカ
ドシドシ
グラビア
フィルム
チャット
ハイフン
トラウマ
アニマル
カクテル
ハチミツ
ゴキブリ
リストラ
シグナル
シロアリ
ロボット
オオカミ
ポップス
オレンジ
スライド
オッサン
ポッコリ
ギリシャ
マラソン
エクステ
ソフィア
スタンプ
ステップ
オランダ
ケアマネ
ハイテク
フレンズ
ラクラク
サントラ
プリンス
サクサク
ワクチン
アトリエ
ハンドル
ベランダ
リビング
モノサシ
モヤモヤ
ホイホイ
ガッチリ
ヘルニア
コショウ
スリッパ
リバブル
キャップ
スイスイ
チャイム
カリスマ
キャベツ
オンエア
アラビア
ギリギリ
エジプト
カスタム
トリビア
サミット
ベタベタ
タレコミ
キョトン
ガッカリ
ファイト
ビビンバ
オムレツ
ネクタイ
ディスク
チベット
サウンド
バッチリ
グルグル
ニヤニヤ
ギャング
ジョブズ
ブラウズ
プリズム
エンピツ
プンプン
アジアン
パロディ
ピリオド
ロケット
リメイク
スライス
ダラダラ
ペルシャ
シリアル
