コメント
クリック
サービス
ログイン
クチコミ
ユーザー
ニュース
チェック
レビュー
カテゴリ
ポイント
メニュー
ブラウザ
アクセス
ケータイ
ジャンル
イベント
スレッド
スポット
アパート
フォーム
サポート
クーポン
タイトル
アイコン
イメージ
ビジネス
レンタル
ショップ
スタッフ
パソコン
システム
オススメ
スポーツ
スタート
アドレス
メルマガ
メーカー
レポート
オーナー
モバイル
グループ
スキップ
コンビニ
デザイン
ファイル
メンバー
オープン
センター
トピック
バランス
フィード
テキスト
オフィス
フレーム
イラスト
ラーメン
トラブル
アイテム
デジタル
ジャンプ
アルバム
アメリカ
サッカー
タクシー
セミナー
トラベル
スタイル
ビックリ
リリース
コミック
キッチン
レジャー
サークル
シリーズ
スペース
アメーバ
メリット
カタログ
ダメージ
ピッタリ
ドライブ
メディア
クリップ
ツッコミ
コーナー
クッキー
モチーフ
アピール
サンプル
フォルダ
トラック
チケット
ブロガー
ショック
キャリア
シンプル
ブランド
スムーズ
カタカナ
クイック
カンタン
スクール
ドラッグ
チョット
リーダー
テーブル
ドメイン
チャンス
ノウハウ
レッスン
アラート
ポリシー
ブックス
エンジン
シューズ
イキイキ
ニコニコ
スーパー
カラメル
エンタメ
アトピー
ネクスト
コーヒー
マイカー
カラオケ
イレブン
マジレス
フォロー
フランス
スピード
エントリ
ストレス
ボックス
キャンプ
エアコン
アパレル
パノラマ
ドリンク
デビュー
モットー
ポスター
ブロック
スイーツ
リリカル
アイドル
ポータル
ワクワク
ネタバレ
オシゴト
レコード
プリント
モニター
スイッチ
ドクター
オシャレ
スッキリ
アレンジ
コトノハ
イタリア
ポケット
マスコミ
ラッキー
シンボル
マスター
メッシュ
マガジン
スカウト
ドキドキ
シャワー
リゾート
マーカー
チャート
ブラジル
デジカメ
イチオシ
サーバー
イマイチ
アイデア
ピープル
タレント
ボロボロ
ウォッチ
ウィルス
バイヤー
プラチナ
フレーズ
オーダー
ハッキリ
コスプレ
キリスト
マイナビ
クラウド
ガンダム
マイナス
ノーベル
ランダム
シーズン
パーティ
イライラ
ニッポン
スタジオ
カップル
フレンド
トンネル
バラバラ
オーバー
ジャパン
トータル
フラット
ベトナム
シンクロ
キャディ
ヨロシク
アダルト
プリンタ
レーザー
セレクト
ポッター
ウロウロ
イギリス
カーソル
シングル
カウント
グッピー
ガソリン
ステージ
リロード
トレンド
ブレンド
チェーン
ボコボコ
デザート
パターン
キラキラ
ペディア
ライター
ヘルシー
エッセイ
ペースト
ストップ
マイケル
ソファー
テナント
スペイン
ブラック
ライバル
バタバタ
キャスト
アルプス
パチンコ
ダイヤル
アンテナ
ドロップ
ガッツリ
ブレード
ナンバー
エディタ
スケール
ディープ
スカート
イマドキ
モノクロ
グリーン
チョイス
インフラ
プロセス
ブレーキ
デパート
パチスロ
カーテン
ボーナス
フロント
データー
サイダー
インナー
ゴロゴロ
ビギナー
ミックス
ムービー
ミネラル
ファーム
パニック
プライス
イケメン
アバター
ステーキ
ウイルス
フレンチ
レッテル
サンクス
ゼンリン
スパイス
リセット
ミサイル
スペック
キャッチ
ディップ
ドラゴン
ヤンキー
ヘッダー
ミニミニ
プライド
ブランク
バザール
フォント
エコカー
ソムリエ
メキシコ
リウマチ
バルーン
シャープ
ハッピー
フィット
リサーチ
シナリオ
リスナー
バーゲン
ストック
コマンド
ファンド
アフリカ
ドシドシ
グラビア
フィルム
チャット
ハイフン
デイリー
ビニール
トラウマ
アニマル
カクテル
ハチミツ
ゴキブリ
リストラ
リーマン
シグナル
ツルツル
シロアリ
ユーモア
ロボット
オオカミ
アウター
ユニーク
ポップス
オレンジ
スライド
オッサン
カロリー
モチモチ
ポッコリ
スマート
ハイテク
ギリシャ
スタンプ
ガレージ
ローソン
オランダ
カンベン
ケアマネ
ワールド
フレンズ
ラッパー
ユニクロ
ラクラク
リメイク
サントラ
シールド
ヒーロー
プリンス
サクサク
スケート
ダーリン
スロープ
ワクチン
アトリエ
ワタクシ
リバブル
ハンドル
ピジョン
ベランダ
ベンダー
マラソン
ステップ
ホルダー
トレード
ホイール
リビング
モノサシ
モヤモヤ
シルバー
ホイホイ
ガッチリ
カーナビ
コショウ
スリッパ
ピカピカ
クレーム
ベルギー
テイスト
キャップ
ドアホン
スイスイ
タイガー
チャイム
フルーツ
カリスマ
キャベツ
ローカル
オンエア
バレバレ
テンプレ
オリコン
アラビア
ギリギリ
エジプト
カスタム
ビューア
トリビア
ベタベタ
ジョニー
ツヤツヤ
タレコミ
クリーン
スプーン
チヤホヤ
フラフラ
パンドラ
エリート
キョトン
レーベル
ガッカリ
ファイト
ジュース
ビビンバ
オムレツ
ネクタイ
ユーズド
サミット
ディスク
ツイート
グーグー
チベット
スペード
プロクシ
スピーチ
サウンド
バッチリ
グルグル
メートル
ニヤニヤ
ギャング
ブラウズ
プリズム
スクープ
フェリー
ビルダー
リコール
エンピツ
コテージ
プンプン
フェーズ
アジアン
パロディ
ピリオド
ロケット
スライス
ダラダラ
ペルシャ
シリアル
ドリーム
