マンション
キーワード
ランキング
パスワード
レストラン
アルバイト
メッセージ
コンテンツ
プレゼント
エントリー
リクルート
リフォーム
カテゴリー
アンケート
キャンセル
オンライン
ウォレット
ウィンドウ
アドバイス
ダイエット
バーコード
レビュアー
ライセンス
クリニック
マイリスト
チャレンジ
インテリア
カルチャー
アウトドア
アカウント
プログラム
サムネイル
オプション
デリバリー
カレンダー
プレイヤー
レンタカー
アーカイブ
ファミリー
ヘルスケア
ログアウト
ヘアサロン
プレミアム
サインイン
リクエスト
マッサージ
タイミング
エンジニア
スクロール
オリジナル
コンサート
ブラウザー
エネルギー
リサイクル
アレルギー
マイホーム
コンテスト
クラシック
パーティー
キャッシュ
ターゲット
ペンション
トピックス
ウインドウ
コンセプト
チャンネル
ストーリー
ベンチャー
バラエティ
リラックス
ハイキング
パッケージ
パキスタン
バスケット
ベーシック
レイアウト
フリーター
ジャケット
ツーリング
レーシック
マニュアル
カウンター
クリスマス
フィギュア
ヨーロッパ
アクセント
スパイシー
スポンサー
グローバル
バージョン
ジュエリー
プレビュー
フライパン
トラベラー
スクリプト
クレジット
サポーター
ノミネート
フィールド
パートナー
ステータス
フォーラム
ブライダル
マーケット
ダイビング
ビューティ
パトロール
リサイタル
イタリアン
エピソード
サジェスト
ハムスター
プロバイダ
バルコニー
ボリューム
サーフィン
ワンピース
テクニック
テンション
タイムリー
デザイナー
コンパクト
シャッター
ドライバー
スタジアム
フィルター
グランプリ
トライアル
カーペット
メディカル
レゾナント
インパクト
エスニック
セグメント
アプローチ
キャンパス
アルコール
カルシウム
シャンプー
スペシャル
ワンルーム
ジャーナル
ボクシング
ギャンブル
アナリスト
タイムラグ
ペンネーム
プレーヤー
コンタクト
ランニング
パスポート
ノルウェイ
サイエンス
ミステリー
アナウンス
ストレート
アカデミー
スローガン
バーチャル
タイアップ
モノレール
フットケア
バイキング
ギャラリー
ハプニング
デンマーク
アイディア
ベビーカー
トッピング
ガスタンク
コンクール
ダイレクト
ディーラー
ナレーター
プログラマ
オペレータ
コミックス
ノベルティ
セッション
スクウェア
メカニズム
カスタマー
ストーカー
レディース
モンスター
リスペクト
パイオニア
サプライズ
デフォルト
ラッピング
フラッシュ
パラダイム
ビリヤード
マイリンク
プリペイド
ダイニング
ガスコンロ
インライン
ヘルメット
トレーナー
インターン
エンジョイ
マーケター
クオリティ
チェッカー
ナチュラル
ビッグバン
キャロット
インプット
ラーニング
リポジトリ
フルボッコ
ファックス
テクニカル
ブリーダー
ダンボール
プルダウン
クローズド
ビューワー
ポジション
ビジュアル
エレガント
オムライス
スクラップ
リコメンド
スニーカー
レギュラー
ダンジョン
ステッカー
セクション
ワーキング
レコメンド
デメリット
セパレート
レスポンス
バッテリー
プロポーズ
スティック
ファミレス
スライダー
ナビゲータ
アクション