ホームページ
トップページ
ダウンロード
プロフィール
ショッピング
ウェブサイト
キャンペーン
ガイドライン
セキュリティ
オークション
プライバシー
コミュニティ
ファッション
コンピュータ
インストール
インタビュー
アーティスト
アットホーム
データベース
アンティーク
リニューアル
リアルタイム
ミュージック
ボランティア
ピックアップ
バックアップ
ネットワーク
ニックネーム
プレイリスト
テンプレート
ソフトウェア
クリーニング
リーズナブル
コントロール
スケジュール
メンテナンス
キャラクター
コレクション
サプリメント
サプライヤー
ビューティー
プロジェクト
ライトアップ
クリエイター
タグクラウド
プロデュース
ケータリング
テーマパーク
マネージャー
カスタマイズ
ワンポイント
ガーデニング
オンビジネス
チェックイン
インデックス
スタイリスト
サラリーマン
ラインナップ
トレーニング
ウエディング
シンポジウム
ウィークリー
バリアフリー
オリンピック
ホームメイト
パンフレット
フィッシング
オーガニック
ネットストア
チャリティー
コンクリート
アクセサリー
エレベーター
クリッピング
ベストセラー
フレグランス
アシスタント
マニフェスト
ギャザリング
オンデマンド
ディレクトリ
ビジネスマン
プライベート
ガイドブック
ディスプレイ
ダイジェスト
セレクション
アーキテクト
ファイナンス
キャッシング
テイクアウト
ナビゲーター
エージェント
トーナメント
マネジメント
リフレッシュ
インスパイア
フィクション
リストアップ
バラエティー
エキスパート
アップデート
ウェディング
ステーション
ウォーキング
ハンドブック
ヴァイオリン
アルゴリズム
ヘアスタイル
モデルルーム
レーティング
エクスプレス
ウェブページ
ヒートマップ
テクノロジー
ユニバーサル
ダイヤモンド
チャンピオン
コーティング
チャーシュー
シャーロック
クローゼット
フローリング
ショールーム
エクササイズ
ハイブリッド
バーベキュー
トップクラス
プラスチック
ユニフォーム
アナウンサー
カートリッジ
スタンダード
ヘリコプター
サンドイッチ
アドバイザー
インディーズ
リーザナブル
セッティング
インドネシア
アーカイブス
ワインセラー
マンツーマン
ブルーベリー
レファレンス
アライアンス
ライブラリー
インスパイヤ
ミーティング
カリキュラム
オーケストラ
ドッグワイン
クライアント
ロケーション
クルージング
ボーカロイド
チョコレート
ベースボール
プロバイダー
コントラスト
ファンクラブ
トレッキング
オフィシャル
デイサービス
エスカレート
ハードウェア
ローディング
アウトレット
プレッシャー
オンパレード
カウンセラー
パワーアップ
ハンバーガー
