場合
自分
今日
出来
日本
地図
時間
入力
中心
大切
人気
名前
今回
電話
先頭
今年
生活
回答
下記
当社
本文
東京
文字
会社
今後
中古
上記
土地
元気
日記
学校
活用
明日
天気
大人
記入
楽天
人間
本当
気分
音楽
本日
通知
当店
毎日
店名
社会
時計
計画
地元
本人
家電
引用
中国
番組
先生
人生
大学
計算
立場
何人
当時
海外
会場
電車
時点
今週
中止
入手
空気
同一
明記
点数
来店
何年
見方
学生
見学
新聞
国内
友人
今月
高校
数字
左右
正直
出前
休日
多数
当日
地名
先週
出場
会話
来年
前日
本社
上手
来場
書店
売買
半角
空間
電子
用語
本気
何回
交通
先日
絵本
地点
入会
前回
町名
手元
手紙
本書
分野
算出
本来
計上
科学
教室
日中
社長
出店
本作
通用
毎年
入学
細心
午後
王国
市長
親切
夕方
音声
店内
新年
大会
公園
東海
入金
市場
電気
手間
半分
中学
多大
花見
数年
当地
店頭
何時
原作
下手
気合
台風
東北
帰国
間近
本年
広場
女子
大手
日曜
工場
昼食
朝食
円高
前後
花火
同社
作用
少年
店長
今朝
目前
土曜
大半
時空
正当
夕食
自社
同行
青空
合間
会長
地方
内科
原点
曜日
人数
文書
後半
米国
出土
夜中
入社
教会
地上
本音
先行
出力
多少
近年
多用
自立
科目
日当
少女
明言
親子
来週
行方
右上
岩手
直前
合計
青春
読書
正体
本名
多分
入場
古書
毎週
外科
足元
直近
切手
自生
言語
半年
新車
町長
月日
大地
今夜
名言
明白
広大
大分
体力
当分
中間
社寺
通学
生計
回数
天国
日数
強力
休止
右記
人目
文中
何日
天才
天空
赤毛
下車
人形
同店
星空
出番
国家
絵画
走行
空室
大目
赤字
新作
売地
大正
姉妹
作家
来日
空白
国語
原文
小麦
立地
遠方
会計
体内
今作
数日
社名
公言
心理
国会
羽目
男女
公立
水曜
弟子
生地
当方
週間
早目
長年
父親
週休
高台
文学
自体
小雨
金色
左記
気長
目線
上下
本市
見当
強行
会見
上場
門地
午前
大雨
同時
東西
人文
水気
名店
入口
土台
国立
水分
社外
入店
人口
会合
声明
新書
大声
図書
本家
算入
高知
小売
何本
青森
合体
番地
右下
数人
親交
入室
角地
本校
学会
同点
母親
右手
日時
年月
外交
家中
学科
活気
自作
長文
後日
毎月
前記
数回
人体
思考
男子
手前
北東
来月
売上
原理
月曜
作文
林道
社内
本場
手足
本体
黄色
土日
金曜
晴天
外国
地理
上京
書名
顔色
何分
手話
台頭
本紙
道場
土用
台場
知人
長男
左手
気楽
校正
合算
土木
外見
出先
用紙
雨天
直後
公明
子犬
歌声
白黒
前半
番目
下見
見本
母体
夕日
白羽
早朝
小社
本番
活力
同名
家計
本店
通園
市内
母校
弱火
前年
昼夜
中立
名作
北上
夜空
算数
学力
点心
下図
室内
矢先
近場
兄弟
日光
毎回
数分
先手
青年
数学
女王
人出
寺社
音読
小顔
黒人
理科
何気
園内
大小
回線
自明
親友
近道
地形
風水
毎朝
手当
目玉
白日
直行
公正
地下
食後
中年
食店
外出
同人
中秋
先見
人名
力点
火山
海上
手先
耳元
小鳥
北国
手中
電力
足音
水中
地道
北米
行内
大字
水木
方言
数名
入用
木立
用心
内見
電池
天下
月間
東日
風土
心地
同紙
毛頭
入門
年金
水道
女心
南東
南下
先月
正午
原本
何色
同会
地番
風来
本学
出船
語学
元本
通話
通行
目頭
組立
半生
太古
当科
空色
王子
中火
南西
白馬
赤色
下水
足手
人前
本会
元来
小耳
手本
組合
口元
言明
前作
合図
行頭
大体
線引
里山
正気
新子
線上
新米
売店
中日
同日
歌手
小人
林立
後場
出走
後手
強風
外食
話数
外来
音色
声高
白紙
大方
下線
黄金
内外
空手
音頭
北西