場合
自分
記事
商品
使用
今日
写真
出来
問題
日本
地図
時間
入力
意見
意味
期待
仕事
中心
注文
指定
言葉
住所
大切
用意
人気
発表
気軽
名前
今回
電話
発生
先頭
注目
今年
世界
全国
生活
安心
病院
相談
公開
話題
会員
注意
部屋
回答
予定
下記
当社
発見
本文
仕方
心配
東京
作品
勉強
何度
開発
動画
大事
感想
開始
文字
場所
活動
会社
決定
登場
旅行
今後
中古
様子
上記
理由
発売
発送
土地
予想
元気
返品
日記
学校
新着
活用
時代
明日
天気
同意
部分
相手
大人
自由
向上
読者
事前
放送
記入
楽天
人間
家族
感動
本当
食事
安全
気分
文章
研究
発行
有名
音楽
時期
本日
事実
通知
自身
練習
当店
用品
毎日
店名
旅館
社会
実感
時計
全部
京都
計画
地元
本人
家電
引用
近所
都合
中国
番組
路線
画面
先生
集中
返事
実行
人生
次回
大学
計算
行動
立場
発言
何人
教育
勝手
全体
食品
苦手
調子
病気
当時
海外
医院
強調
地球
強化
会場
安定
電車
時点
想定
今週
中止
礼金
入手
調整
空気
同一
学問
明記
出荷
点数
整理
公表
来店
何年
代表
見方
学生
表明
見学
同様
新聞
国内
相当
駅名
反対
人物
家庭
他人
学習
歯科
医者
友人
感心
今月
第一
配送
出品
作業
高校
公式
出発
数字
上部
運転
事業
図表
左右
取引
理想
正直
表記
目安
身体
出前
去年
意外
休日
今度
多数
当日
地名
太陽
休業
先週
外部
入荷
出場
文化
会話
来年
交流
前日
本社
自動
発明
上手
由来
所有
来場
悪化
書店
売買
半角
全文
空間
電子
用語
期間
身近
面白
本気
予感
当院
何回
体調
入院
銀行
運用
目次
予算
定着
交通
追記
先日
進行
絵本
中身
地点
相場
平和
決意
入会
動作
美人
業界
進化
次第
前回
短期
見事
町名
手元
神社
手紙
手帳
本書
物語
分野
算出
方向
形式
小物
本来
世話
計上
実家
科学
運行
直面
投入
重点
教室
日中
社長
活発
出店
主体
本作
文具
通用
作者
起算
配合
毎年
和食
主流
空港
開放
意向
入学
進学
転用
全力
発足
何事
買取
合意
進出
細心
午後
王国
定番
着物
生息
動物
市長
第二
荷物
親切
工具
夕方
音声
漢字
店内
新年
高速
薬局
生命
集計
大会
手配
起動
工事
文庫
公園
家具
開業
東海
入金
定員
飲食
市場
平日
電気
手間
半分
気配
回転
仕様
体感
運命
中学
屋根
区分
多大
真実
意図
花見
番号
数年
医学
命名
当地
息子
店頭
何時
転送
行使
意思
原作
場面
何者
所持
服用
正式
下手
悲鳴
気合
台風
東北
買物
着用
合流
着手
本屋
流行
帰国
商談
昭和
実物
実力
間近
本年
広場
動向
館内
代金
女子
大手
手軽
名所
日曜
早速
気温
工場
昼食
朝食
勝負
円高
前面
前後
部員
花火
同社
食感
作用
全角
客室
少年
自負
業者
店長
和書
運動
返金
平気
天使
今朝
目前
土曜
電化
大半
時空
多発
正当
夕食
急速
用事
調和
事由
自社
流通
同行
指名
新品
重大
中央
表紙
青空
広島
味方
親身
具合
合間
会長
起用
都内
地方
道路
世代
内科
原点
野球
毎度
曜日
第三
県内
人数
文書
返答
後半
短大
米国
多様
出土
問屋
夜中
入社
何物
教会
内定
両立
地上
行列
本音
列車
記号
放出
先行
出力
役目
多少
近年
悪口
多用
都市
自立
算定
科目
日当
少女
明言
親子
世間
米屋
間取
全員
来週
物流
発想
行方
右上
代行
開花
岩手
発動
直前
書式
着目
合計
青春
植物
読書
年配
楽曲
両手
行事
鉄道
思想
正体
頭皮
決勝
登山
神様
本名
風味
多分
心身
発注
幸福
所定
開通
真夏
入場
古書
直送
道具
出題
様相
毎週
外科
下落
整体
追放
終始
流出
分身
高度
足元
本物
対立
直近
切手
自生
言語
半年
新車
王様
町長
役員
定食
作曲
月日
大地
今夜
名言
明白
広大
大分
体力
集合
当分
中間
図面
社寺
主役
委員
部落
通学
死去
生計
正面
回数
天国
食育
日数
近代
強力
帰路
横目
進歩
都会
県外
休止
調理
身長
整形
右記
進路
人目
学者
受理
高級
文中
決心
死者
乗車
首相
何日
天才
同等
天空
申出
起点
両方
赤毛
下車
投下
人形
深夜
同店
星空
社員
反発
主人
出番
駅近
題名
使命
長期
後者
店員
国家
絵画
走行
表面
角度
空室
大目
農業
作動
寺院
赤字
何倍
新作
売地
農家
着実
大正
記者
姉妹
和風
作家
横行
紙面
陽気
来日
空白
国語
来院
毛皮
暑中
来館
原文
小麦
立地
洋食
遠方
飲酒
商売
会計
人事
体内
今作
数日
全身
社名
会談
真相
公言
負荷
心理
国会
古代
白銀
羽目
方式
男女
公立
時事
水曜
弟子
生地
書面
主題
当方
週間
両親
血行
早目
洋服
虫歯
助長
長年
仕業
旅先
運送
父親
院内
女神
週休
高台
皮肉
体重
文学
幸運
自体
小雨
金色
左記
電波
気長
後世
目線
流用
出身
上下
本市
見当
強行
会見
上場
定年
集客
門地
地面
決着
午前
大雨
大豆
同時
和洋
美白
東西
人文
水気
他店
物事
名店
新緑
入口
切開
身軽
有用
神話
決算
土台
生業
国立
水分
花屋
家主
社外
入店
人口
他社
注力
美味
会合
声明
新書
大声
本品
図書
悪用
夏旅
本家
起業
全集
転落
流石
前号
算入
高知
洋画
学区
他者
全室
小売
口調
何本
青森
合体
注入
物心
死体
当館
番地
同表
地酒
水着
足湯
神道
女医
生育
右下
転校
数人
親交
入室
本業
角地
本校
動員
農薬
学会
名物
全面
同点
店主
都心
登記
母親
直感
意地
右手
日時
年月
住人
外交
家中
学科
活気
自作
長文
後日
出庫
毎月
前記
数回
人体
物色
思考
取消
洋楽
島根
放流
男子
入所
通院
部活
手前
北東
来月
発音
曲名
早急
助言
開店
感化
売上
原理
丁目
月曜
作文
部門
林道
知事
温度
生物
本題
有力
社内
本場
全開
車両
天神
手足
地区
本体
坂道
黄色
土日
金曜
年表
消化
晴天
外国
病名
地理
上京
書名
顔色
何分
打開
手話
台頭
受取
北部
平行
本紙
道場
土用
前進
台場
下着
放題
知人
長男
左手
港区
気楽
学部
子宮
都度
筆者
校正
真心
合算
物理
長所
土木
前者
想起
魚屋
外見
出先
用紙
代用
雨天
上品
直後
代引
対決
駅前
公明
落下
子犬
部品
歌声
開運
同号
洋書
通路
白黒
前半
番目
家事
両者
下見
見本
母体
速読
消去
夕日
白羽
早朝
小社
本番
教員
何重
等級
活力
会館
同名
家計
式場
火事
開局
本店
通園
市内
反転
母校
旅宿
出動
弱火
台所
流入
前年
北区
本館
酒屋
転売
昼夜
下部
悪意
前身
対話
中立
字路
住戸
全品
同期
名作
北上
夜空
対談
開館
算数
学力
部下
商業
宿場
点心
下図
体育
室内
同乗
矢先
近場
兄弟
実用
起立
名曲
化学
受注
本州
日光
内部
毎回
数分
見物
前世
予期
先手
空想
中部
予言
青年
数学
対面
女王
人出
寺社
取組
音読
細部
様式
小顔
黒人
理科
何気
集会
園内
命中
開会
発育
大小
年代
回線
院長
自明
親友
近道
決行
地形
風水
感服
毎朝
手当
上表
有事
当面
美女
意表
目玉
白日
直行
公正
地下
食後
他界
親指
漢方
中年
数倍
新調
食店
身分
外出
大根
家屋
年号
商用
同人
合宿
何様
中秋
先見
人名
力点
血流
名医
列島
火山
海上
交代
手先
耳元
風化
小鳥
宿題
商社
転向
北国
手中
電力
足音
水中
地道
宿命
北米
全米
祭事
行内
事後
軽食
大字
返送
対等
主食
配当
感知
早期
水木
方言
数名
後味
入用
東部
重箱
木立
用心
内見
電池
赤鼻
年度
天下
詩人
月間
東日
筆頭
今号
風土
心地
次号
主力
同紙
後進
高配
実話
毛頭
入門
年金
第四
入歯
多幸
水道
女心
速度
転入
小屋
南東
南下
先月
正午
消息
反日
集落
原本
面談
開校
何色
市区
同会
地番
悪者
風来
始発
和室
気持
交配
本学
区間
直進
出船
氷山
新橋
語学
言動
薬事
売主
元本
通話
通行
目頭
本意
組立
西区
口実
半生
他県
学院
和式
石油
太古
当科
空色
王子
先決
炭火
中火
南西
白馬
同調
赤色
代物
反感
下水
本部
下表
所見
足手
人前
本会
元来
苦言
開場
小耳
進入
手本
組合
下味
近世
前期
口元
言明
市部
前作
合図
命運
行頭
指数
南区
路上
大体
線引
高温
配列
里山
正気
新子
線上
待受
乗船
流星
直筆
登校
新米
売店
中日
同日
心血
歌手
小人
上流
林立
後場
鉄板
出走
地味
童話
後手
風習
強風
答申
読物
着服
方面
外食
発電
話数
悪寒
外来
上着
音色
声高
白紙
大方
鳥取
下線
湯水
死後
悪気
黄金
理事
始動
次男
行者
内外
化石
空手
表内
酒場
屋号
音頭
北西
全戸
公平
屋外
