思う
言う
行く
思い
書く
入る
使う
見る
感じ
知る
持つ
考え
読む
下さる
聞く
食べる
問い合わせ
同じ
買う
多い
作る
その他
入れる
受ける
行う
高い
多く
少し
出す
分かる
大きい
悪い
楽しい
帰る
取る
終わる
本当に
強い
お客様
新しい
向け
教え
飲む
早い
大きな
一つ
見え
通り
言える
始め
全て
楽しみ
近く
少ない
気持ち
その後
送る
子ども
生きる
考える
話す
お知らせ
長い
面白い
出来る
来る
流れ
出る
使い
待つ
向かう
乗る
進む
語る
お気に入り
お前
売る
美しい
死ぬ
歩く
合わせる
美味しい
全く
目指す
走る
作り
実は
開く
会う
生まれ
見せる
見える
小さい
始まる
近い
行い
安い
出会い
住む
合う
小さな
上げ
見つける
起きる
立つ
有る
打つ
上がる
答え
決め
決まる
用いる
新た
守る
深い
動き
落ち
お金
幸せ
調べ
負け
進める
明らか
遊び
広い
楽しめる
祭り
思い出す
動く
切る
お話
感じる
同時に
歌う
休み
学ぶ
問合せ
勝つ
見つかる
起こる
食う
買い物
立て
消える
知れる
軽い
止め
通る
遊ぶ
役立つ
自ら
見れる
白い
流す
住まい
気づく
女の子
集め
明るい
落とす
お待ち
申し上げる
寒い
古い
開ける
集まる
起こす
聞こえる
お客
次に
当たる
正しい
歩き
使える
始まり
切れ
育てる
止まる
後ろ
楽しむ
図る
暑い
赤い
引く
使い方
生じる
引き
もう少し
弱い
子育て
短い
考え方
広がる
返す
立ち
回る
分ける
始める
決して
何とか
重い
お茶
勝ち
定める
当たり
係る
二つ
出会う
登る
取り組み
足る
問う
取り組む
思い出
分の
行なう
落ち着く
投げる
終える
上手い
代わり
お世話
追う
気に入る
乗り
手作り
当たり前
切り
助け
遠く
出かける
待ち
売れ
目立つ
一気に
悲しい
走り
世の中
近づく
死ねる
細かい
夏休み
動かす
運ぶ
お母さん
黒い
赤ちゃん
思わず
幸い
役に立つ
もう一度
負う
美味い
組み合わせ
生かす
調べる
定め
少なくとも
表す
下り
開き
早め
下がる
向こう
何で
見直し
上げる
暗い
晴れ
仕上げ
お送り
育つ
教える
重ね
外す
去る
想い
出せる
上がり
同じく
青い
向き
放つ
見つめる
受け取る
学び
味わう
食べ物
遠い
書ける
実に
明け
受け入れ
乗せる
有する
広げる
下げ
本当は
植える
取り上げ
回り
仕組み
向い
組む
見かけ
味わい
流れる
入り口
見た目
着い
速い
細い
拾う
当て
着く
お出かけ
直し
整う
決める
お父さん
申す
高め
意外と
登り
日帰り
休む
活かす
知り合い
正しく
思える
お昼
予め
急ぐ
下る
空く
落ちる
守り
消し
やる気
回し
お答え
間に合う
やり方
温かい
記す
真ん中
聞ける
上る
男の子
お子様
通し
通じ
助かる
生き物
苦しい
お礼
光る
集まり
行ける
生き方
生み出す
古く
問い合せる
引き出す
見守る
色んな
お湯
外れ
生える
出来上がる
分かれ
間取り
上り
生まれる
広がり
姉さん
っ子
作り方
この間
見通し
後で
取り入れ
持てる
手入れ
高める
何より
答える
何だか
重なる
深める
この世
その間
高まる
仕入れ
大いに
数える
曲がる
読み取る
三つ
あり方
立てる
返る
上回る
数多い
心から
止める
配る
書き方
見上げる
通う
お寺
立ち上がる
下ろす
反する
何らかの
太る
言い方
思いつく
か月
注ぐ
取れる
兄ちゃん
半ば
買える
兄さん
消す
流行る
あっという間に
いつの間にか
問い
取り出し
習う
見出し
追いかける
丸い
写る
育ち
苦しむ
負ける
泳ぐ
心がけ
次第に
太い
思いっきり
何となく
打ち合わせ
有す
何とも
組み
受け止める
空き
心地よい
仕立て
今や
気持ちよい
直す
読める
前向き
黄色い
鳴る
真っ赤
仕上がり
代わる
飲み物
何と
名乗る
金持ち
相次ぐ
悲しみ
見よい
二度と
買い上げ
遊べる
苦しみ
話しかける
お話し
打ち上げる
売れる
運び
お子さん
お正月
作れる
田んぼ
直ぐ
話し合い
売り上げ
受け取り
友だち
指し
お手数
やって来る
勝てる
天ぷら
時に
大した
わが国
引き上げ
気持ちいい
指す
鳴らす
学べる
通す
売り切れ
回す
引き起こす
集める
切ない
動ける
打てる
力強い
作り出す
着る
写し
通い
姉ちゃん
命じる
思ふ
お家
交わす
目当て
歩ける
手がける
歩む
面す
お気
持ち主
下がり
交える
下げる
着ける
曲げる
発す
足す
直ちに
持ち帰り
万が一
話し合う
見かける
追いつく
歩み
転がる
作り上げる
下す
申し出
切れる
来れる
先ず
会える
真っ白
組み立て
温める
たどり着く
鳴く
知らせ
向き合う
色合い
通じる
等しい
明かす
育む
葉っぱ
何かと
生る
うつ病
苦い
落ち着き
気まま
見直す
急ぎ
読み方
持ち上げる
やり取り
問い合わせる
立ち読み
出入り
親しい
役立てる
間もなく
速やか
強める
時には
習い事
分る
助ける
引っかかる
化す
売り場
中でも
受かる
向ける
発する
思い切る
受け入れる
取り消し
味わえる
見送る
引き取る
ため息
題す
待ち合わせ
向う
想う
集い
一人ひとり
気まぐれ
大きめ
言い出す
早起き
教わる
取組む
物足りない
昔ながら
食らう
知り合う
終る
引け
乗り物
区切る
仕上がる
近づける
立ち上がり
見下ろす
手持ち
直る
何やら
夜明け
四つ
何気ない
何ら
着せる
お守り
高まり
動き出す
手のひら
帰り道
追って
重ねる
引きずる
花びら
多め
化け
日の出
当てはまる
仕分け
数少ない
入れ歯
使い勝手
先ほど
転ぶ
いち早い
和む
手書き
飲める
見送り
当てる
品切れ
気合い
仕える
思いやり
お返し
手打ち
追い出す
休める
真に
大人しい
見合い
強まる
広まる
期す
細か
真っ直ぐ
当り
母さん
深まる
練り
引き受け
落書き
何だ
聞き取る
見受ける
乗り切る
広め
消せる
転じる
次ぐ
文字通り
空ける
出会える
問いかける
道のり
親しみ
明かり
生む
読み返す
石けん
計る
向く
持ち帰る
整える
行える
強み
表れ
昼休み
見当たる
知らせる
言うまでもない
重み
物語る
持ち出し
手づくり
次いで
乗り出す
下し
持ち歩く
走り回る
手当て
友の会
真っ暗
田植え
立ち止まる
下回る
練る
玉ねぎ
読み取り
出回る
何もかも
返せる
今さら
語り合う
立ち向かう
見どころ
聞かす
取り出す
父さん
合える
正に
弱る
鳴き声
出向く
送り出す
車いす
食する
大さじ
生き生き
いた事
深み
主として
真っ
真っ黒
泳ぎ
取り外し
名づける
使い分け
大して
見分け
想い出
思い切り
生ずる
思いつき
鳴り
先立つ
集う
長生き
真っ先
やり直し
天下り
話せる
お方
丸ごと
意味合い
日の丸
待ち時間
大通り
太もも
分かれる
区切り
丸出し
取り消す
重たい
夕べ
まとめ買い
絵かき
引き下げ
一向に
待ち受ける
思い入れ
品書き
乗り場
身の回り
帰す
見合う
通れる
見習う
打ち出し
早くから
人びと
ほうれん草
代え
安らぎ
感じ取る
投じる
買い取り
度合い
お母様
旅立つ
日ごろ
引き分け
何しろ
当る
大げさ
主たる
走り出す
少なめ
病む
止む
終り
読み上げる
放す
宿る
助け合う
乗れる
何時も
買取る
君たち
取り合う
山歩き
和える
行き先
生み
苦しめる
乗じる
わが家
切り取る
鳴き
活きる
見習い
手助け
日当たり
組合せ
使いこなす
持ち物
手すり
あっという間
落ち着ける
通行止め
起き上がる
手引き
対す
心強い
思い立つ
取り上げる
待ち遠しい
乗っ取る
温まる
旅立ち
小さめ
定か
色づく
乗り入れ
打合せ
切り口
知らす
飲み屋
見やすい
ただ今
日にち
言い聞かせる
読み物
細長い
見落とす
進め方
話し方
長持ち
打ち切り
決め手
仕切り
申し入れ
仕出し
仕切る
開き直る
きめ細かい
横たわる
見回す
見知らぬ
委ねる
ひっくり返す
見出す
大いなる
年明け
合せ
見なす
受取る
止る
落ち葉
五つ
言い分
分かつ
持ち合わせ
長引く
横切る
平ら
細やか
遠ざかる
立ち去る
名乗り
温もり
風合い
使い道
語りかける
計り
細め
行き来
気さく
今にも
立ち入り
丸める
落とせる
見下す
長め
山登り
申し立て
仕上げる
外せる
外れる
組み合わせる
係わる
神さま
春休み
通りすがり
書き下ろす
根強い
勝る
当の
生きがい
転がす
走れる
目の当たり
世に
手がかり
軽やか
歩き回る
取り入れる
実る
追っかけ
取り直す
生かせる
切り開く
実り
親しむ
あだ名
見立て
投げ出す
後ほど
着こなし
取消し
取りあえず
何れ
歯ごたえ
引き上げる
色とりどり
八つ
お化け
入ろう
直に
待たす
生れ
母ちゃん
切り上げ
売り出し
勝ち取る
見せつける
万引き
大当たり
祭る
手ごろ
冬休み
見苦しい
見合わせ
大まか
買い取る
持ち運び
定まる
引き返し
見入る
いつの間に
名高い
男らしい
投げかける
住める
手放し
上乗せ
晴れる
取りまとめ
今ひとつ
明け方
表わす
お年
お子さま
命ずる
色っぽい
立ち直る
切れ味
化け物
書き出し
手ぬぐい
持ち出す
お決まり
点く
足取り
先行き
持ち味
何せ
顔立ち
先取り
下りる
落し
先送り
みじん切り
晴らす
四角い
あの世
根っこ
配し
七つ
何一つ
一休み
動き回る
使い切る
長らく
思いこむ
空き地
晴れ間
投げつける
前もって
切り出し
かき氷
言い回し
研ぐ
写り
口当たり
負け犬
聞き入る
木の実
遊び心
分り
遊び場
同い年
取り返し
和やか
お手本
交じる
出だし
気配り
見返し
売上げ
絵の具
出くわす
茶色い
親知らず
思い起こす
身動き
起る
作り直す
写す
生き返る
根ざす
お花畑
対する
合わす
気取る
帰れる
聞き流す
和らげる
見切り
見返り
お年玉
直せる
まつ毛
里帰り
追いやる
気まずい
食い物
重んじる
ぶら下がる
言い放つ
指さす
思い通り
切り落とす
見晴らし
顔つき
見せかけ
生ける
安っぽい
はみ出す
教え子
味わい深い
手放す
交わる
死す
後回し
向かい合う
泳げる
真っ青
係り
見開く
思い当たる
食える
小さじ
見いだす
生い立ち
風通し
間合い
心当たり
引き金
乗っかる
遠回り
助っ人
木の葉
ひと言
お気づき
放る
考え直す
使いこなせる
箱入り
組める
打ち明ける
決めつける
思いやる
ごま油
見とれる
顔ぶれ
思い返す
打ち切る
生きもの
安らか
申し分
行きつけ
小ぶり
歯止め
前売り
小高い
空しい
つき合う
父ちゃん
雨上がり
雪だるま
受けとめる
食いつく
読み直す
人見知り
全う
口ずさむ
引き立て
売り物
当てはめる
線引き
行き着く
手っ取り早い
気取り
見せ場
放り出す
丸見え
たった今
天の川
売れ行き
語らう
安売り
白っぽい
千切り
思い知らす
つま先
わが子
申しあげる
お作り
切に
送れる
集る
消え去る
引き合い
お立ち
水遊び
見つけ出す
切らす
息苦しい
表向き
羽ばたく
見開き
引き返す
弱まる
立ち会う
上書き
ついて行く
読み書き
日に日に
打ち出す
立て直し
むき出し
子持ち
手取り
ひっくり返る
耳鳴り
書き上げる
心温まる
受け皿
ひな祭り
出し入れ
歌える
まな板
相まって
広める
ぶら下げる
秋祭り
皮切り
言い合う
追い風
お目にかかる
読み手
思いがけない
遠のく
引き受ける
取り調べる
空っぽ
肉まん
この上ない
正す
起し
足りる
注意深い
赤み
使い物
行き交う
長ける
短め
下らない
ぬるま湯
茶の間
上向き
命がけ
人間らしい
息づく
身代わり
下取り
買い方
買い手
出入り口
交ぜる
何だかんだ
切れ目
流れ星
思い思い
丸み
引き立つ
手早い
立たす
弱める
書き手
草の根
心待ち
後ろ向き
木の下
温かみ
出し合う
立会う
ご時世
持ちかける
書き直し
回せる
色あせる
決す
気にいる
お山
出直し
住まう
合わさる
見ごたえ
取り合い
早まる
昼下がり
和らぐ
気がかり
通ずる
真っ向
引き出物
聞える
手放せる
取っ手
手直し
悲しむ
人通り
見分ける
弱み
遊び方
受入れ
持ち上がる
買上げ
見計らう
息切れ
追いつめる
下り坂
取り引き
取り立て
見にくい
空売り
そよ風
食い止める
手の平
つかの間
物言い
感ずる
今どき
顔出し
聞き手
黒っぽい
立ちはだかる
立ち回り
思しい
悪しい
交わり
大根おろし
太め
目新しい
守れる
秋晴れ
組み立てる
言い返す
曲る
宿す
流れ出る
生まれつき
勝ち負け
肉じゃが
売り出す
発つ
画す
立ち入る
平たい
目の下
練り歩く
顔合わせ
時間切れ
か国
時として
会す
下書き
買出し
世にも
取り組める
語り口
と同時に
見づらい
手間取る
重ね合う
商い
古び
追いつける
度重なる
心がける
見出せる
たどり着ける
数え切れる
ひと味
思い知る
竹の子
買いもの
ひき肉
買い出し
強がる
来す
こぼれ話
乗り切れる
青白い
お次
こみ上げる
草むら
見あたる
走り去る
聞き返す
やり直す
持ち直す
遠ざける
語れる
見やる
引ける
聞き出す
お力
見放す
地すべり
日当り
引き落とし
お目見え
黄ばむ
言い切る
空回り
お開き
顔見知り
反り
波乗り
使い手
高らか
お日様
使い分ける
仕打ち
六つ
住み着く
打ち消す
動じる
見向く
空き家
心ゆく
切り返し
安上がり
かみ合う
考え出す
酒飲み
取り決め
出合う
足止め
組立て
横ばい
ひと月
あっと言う間に
水切り
ほど遠い
運べる
生やす
元通り
人ごみ
形作る
お茶屋
草取り
起こせる
黒ずみ
打ち合う
山の幸
出し切る
かみ合わせ
面白み
思いがける
真っ当
通り道
代り
すき間
茶の湯
言わす
お受け取り
切り分け
ため池
道しるべ
流れ出す
手ぶら
仕返し
仕組む
面持ち
女らしい
人だかり
むし歯
落ちつく
受け持つ
湯たんぽ
仕入れる
自ずと
明ける
取り返す
力む
落す
言わば
くり返し
科す
川遊び
言いなり
高み
生す
月明かり
中る
安らぐ
追い上げ
食べもの
登れる
雪かき
小分け
真新しい
暑苦しい
向き直る
小回り
今一つ
一番乗り
持ち前
っ放し
乗っける
申し受ける
横向き
切り取り
名指し
売り手
取調べ
取りかかる
取り下げ
にじみ出る
決する
飲ます
口出し
落ちこぼれ
切り身
聞き分け
何でもかんでも
打ち勝つ
引っ
組み入れる
風向き
思いきり
はみ出る
売り子
何もの
でっち上げ
後ろめたい
心細い
さらけ出す
急きょ
面する
間仕切り
受け取れる
外回り
通せる
顔負け
多少なりとも
題する
見切る
行き止まり
起す
送り火
平らげる
下調べ
泳がせる
下向き
売切れる
手つき
皮ふ
出し物
活ける
生まれながら
手ごたえ
大急ぎ
お早う
取りやめ
何ぞ
聞きつける
引き戸
重苦しい
生け花
通える
申しわけ
拾い上げる
大き目
わが身
出合い
小売り
重なり合う
名ばかり
朝っぱら
山の神
二の丸
見聞き
転び
思わす
お上
まかり通る
入れ物
引っぱる
火入れ
立て直す
来たす
けが人
見回り
指せる
先走る
横取り
ほうじ茶
語り手
絵はがき
行き場
ほろ苦い
受け身
引出し
かき集める
入り組む
色分け
牛耳る
下手くそ
野放し
見もの
数の子
取り去る
お手上げ
根こそぎ
出歩く
見かねる
よもやま話
本立て
少い
人となり
休まる
待ちかねる
身の上
表れる
切り出す
夜な夜な
身だしなみ
日持ち
心苦しい
さり気
年取る
売り買い
ふき取る
歯切れ
表せる
うま味
花き
死にかける
受け手
取り出せる
受け流す
湯けむり
見て取る
根っから
暗に
口走る
反る
歌い手
夜遊び
細切り
立ち会い
青ざめる
三つ葉
向かい風
お幸せ
一人っ子
受け売り
歯ぐき
かけ声
大金持ち
負かす
ひな人形
待ちわびる
間引き
お祭
手始め
波打つ
米ぬか
組み立る
知ったかぶり
かもし出す
石ころ
取り外す
見ず知らず
活き活き
立ち見
大引け
水たまり
苦み
強いる
しょう油
曲がり角
下ごしらえ
売れっ子
二の次
立ち返る
よじ登る
引き止める
読み取れる
手強い
紙おむつ
心持ち
思い出深い
出ろ
引っかける
行く手
水はけ
落つ
配す
くじ引き
道行く
売りつける
もも肉
血まみれ
発がん
手立て
取り急ぎ
お先に
受け答え
船乗り
育て上げる
太刀打ち
明るみ
紙切れ
問いただす
一回り
生みだす
乗り気
耳かき
ごった返す
立ち上る
歌い上げる
化ける
湯の花
飲み食い
感じとる
雨宿り
送り先
考え事
赤とんぼ
食わす
かき消す
お宮
ふる里
ごみ箱
読み出し
和気あいあい
心配り
足もと
上がれる
落ちぶれる
天引き
赤らめる
力持ち
引き立てる
小走り
明い
気高い
温い
運び出す
歯みがき
落ち度
取り合わせ
申し出る
引き下げる
買わす
身なり
引き下がる
持ちこたえる
足し算
かき回す
悪しからず
雲行き
作り話
ほど近い
思いきる
下回り
人知れず
引上げ
当り前
気休め
当て字
駅前通り
ちゃぶ台
もぎ取る
おとぎ話
一人ぼっち
食いしばる
言いがかり
けん引
ご用
取り次ぎ
思い直す
丸まる
高ぶる
手出し
言わずもがな
練り上げる
送り返す
血の気
晴れやか
気晴らし
湯のみ
安め
後ろ足
分け合う
そびえ立つ
三の丸
お出で
道すがら
山開き
持たす
立ち話
目まぐるしい
水しぶき
追い返す
おすそ分け
行く先
話し相手
ほ場
い草
先回り
すり身
暗がり
守り神
昔ばなし
読み切り
打ち立てる
行き帰り
高鳴る
新入り
火消し
書き記す
図れる
早わかり
だまし取る
真っ白い
打ちのめす
行き方
役どころ
力いっぱい
立ち直り
和え物
物入れ
思へる
お玉
山あい
草分け
大人びる
勝ち進む
とり方
流れ落ちる
組み上げる
落っこちる
日めくり
調う
取りつける
代える
楽ちん
引受け
お通し
後ずさる
大はしゃぎ
北の方
今に
秒読み
目出度い
のし紙
先読み
投げやり
動きだす
持ち家
書き出す
下ろせる
心して
横書き
物書き
へき地
上向く
歯がゆい
流れ着く
考えつく
勝ち星
夏みかん
起つ
遊び人
使い古す
立ちあがる
打上げる
どんでん返し
打ち上げ花火
黒ずむ
か弱い
帰りがけ
言いよう
出っ歯
つまみ食い
回れる
ただ中
速める
代る
文字どおり
手ほどき
何時の間にか
打ち水
目と
見て取れる
仕送り
茶化す
有り様
ひと目
乗り上げる
日向ぼっこ
物申す
切り立つ
平が
もみ合う
取り分け
近しい
こき使う
手の内
火の玉
書き直す
知らん顔
平泳ぎ
ぶった切る
言いつける
打ち止め
体つき
根回し
麦わら
立てこもる
首切り
区分け
にごり酒
転げ落ちる
お母ちゃん
皮肉る
入れ直す
作りだす
小出し
口づけ
生ぬるい
水っぽい
足がかり
問える
命取り
引下げ
客引き
歯ぎしり
話し声
真っすぐ
急かす
早める
お母さま
売り切れる
引きずり出す
三つ子
研く
通りかかる
行かす
見せびらかす
まん丸
書き写す
起きあがる
日の目
何たる
大当り
持ち去る
虫食い
手ごわい
ならず者
あて先
人さま
作りあげる
ろう者
耳打ち
あの手この手
思い出せる
そら豆
鼻くそ
ふ頭
切り花
真後ろ
究める
投げ入れ
草むしり
道ばた
物知り
親ばか
時の間
取り仕切る
こじ開ける
地べた
表書き
家作り
お先
思い上がる
期する
よそ者
湯上り
すべり台
早送り
起き出す
耳たぶ
手だて
助け出す
受けとる
見いだせる
事なき
頭打ち
言い様
ふ化
夜通し
大回り
お立ち台
取りそろえる
引っかく
上げ下げ
名乗り出る
前のめり
王さま
持ち時間
取りあげる
取りこぼす
分かれ道
服す
重り
読みで
立ち合う
開け放つ
引き算
流し台
取立て
見てくれ
暗む
決め方
追い打ち
申し合わせ
くせ毛
かき分ける
落ち目
打ち取る
物悲しい
反らす
やり直せる
引き出せる
まん中
面食らう
つり橋
曲がりくねる
ひと休み
取り回す
言の葉
読みとる
面取り
取次ぐ
回り道
合い言葉
お父ちゃん
引きつけ
ひ弱
話し出す
少な目
表する
湯飲み
古めかしい
送り主
言い表せる
乗り回す
立てかける
お出まし
落ち合う
車止め
赤黒い
生きざま
切りつける
入れ子
青のり
地合い
時たま
高じる
お手玉
持ち運ぶ
赤ら顔
体たらく
細切れ
思いの外
役回り
食い入る
か細い
ご来光
名だたる
見せしめ
間にあう
引き合う
一区切り
大がかり
見知る
中休み
生まれたて
切り下げ
先ごろ
作り物
打ち合い
植わる
病みつき
住みつく
言い出せる
色直し
お引き受け
言い当てる
どす黒い
手こずる
ぶり返す
分かれ目
大の字
心もとない
物思い
耳鼻いんこう
気味が悪い
真直ぐ
通りがかり
原っぱ
帳消し
号する
元気づける
たまり場
見返す
乗り入れる
仕向け
言い表す
近ごろ
打ちつける
聞き耳
晴れ晴れ
負わす
転げる
起り
思いとどまる
お下がり
後書き
先だって
見い出す
物言う
見合わせる
見通す
宿り
話し言葉
花開く
大人げ
打つ手
流せる
打ち返す
乗り合わせる
食べごろ
表立つ
出そろう
横たえる
食い下がる
本通り
病み上がり
直ぐに
反り返る
一心に
思わせぶり
手つかず
後の祭り
感じ取れる
食む
九つ
明り
半そで
思い起こせる
後ろ手
お歌
相乗り
着こなす
目くじら
写せる
入りこむ
口直し
追っ手
白ける
切り売り
追い回す
三が日
止す
世直し
取上げる
風当たり
引きつける
物まね
生み出せる
ねじ曲げる
気味悪い
打って出る
相手取る
つや消し
手遊び
悪あがき
口止め
身売り
ひと安心
野ばら
話合い
切っ先
引き入れる
根深い
がま口
回りくどい
気負う
受け持ち
入り交じる
表通り
乗り合い
何ごと
切り上げる
立ち回る
売りさばく
やり場
毛深い
取外し
深入り
せき止める
味つけ
やり手
ひと息
本読み
見定め
事細か
取りだす
持ち回り
気だるい
春めく
二の足
雪の下
半開き
組み合わす
平に
小太り
立ちふさがる
大ぶり
家の子
口うるさい
花しょうぶ
通り名
分ち
細る
さざ波
日取り
馬乗り
打ち直す
気負い
引きちぎる
図太い
見通せる
足かせ
拾える
明るむ
組み方
形づくる
取りざた
見取り図
か年
深追い
言いふらす
あぜ道
両さん
ぶつ切り
悪ふざけ
決定づける
晴れ着
画く
用心深い
思わしくない
つくり出す
真ん前
毛頭ない
気安い
仕立てる
急ぎ足
打ちっぱなし
青み
感じ入る
水飲み
品ぞろえ
川流れ
ぶどう酒
うな重
かき立てる
手分け
青じそ
古くさい
音読み
うめき声
品定め
横流し
重ね重ね
先んじる
息づかい
負い目
またの名
たき火
みやげ物
力ずく
遠まわし
気づかう
きき酒
言い返せる
そそり立つ
落し物
かがり火
追い立てる
立ちすくむ
着こなせる
根づく
紙くず
話し手
取り止める
受け口
頭でっかち
早とちり
円い
のし上がる
聞き書き
開けっ放し
たたき台
黒光り
木の間
下せる
活気づく
決る
五月晴れ
遠回し
役だつ
受けつける
書き取る
つり具
食らいつく
いで湯
交す
上と下
事足りる
仕上り
思いだす
悪びれる
向こう岸
持ちこむ
聞き取れる
花祭り
集り
合し
やり口
けん玉
つかみ取り
丸っこい
申し子
日の入り
拾い読み
終わらす
読みきり
立ちこめる
真っ黒い
小口切り
口ぶり
目ざす
持ち歩ける
取り分
後れ
かけ算
だだっ広い
取り持つ
回し者
前書き
走らす
手回し
中通り
しゃしゃり出る
持ち運べる
出で立ち
でき上がる
買い入れ
作りたて
細める
作り出せる
手間ひま
取り入る
朝帰り
人助け
登りつめる
茶わん
切り返す
やり返す
麦打ち
たたき出す
上の空
習わし
白む
言い草
買いあさる
持ち場
買いだめ
申し立てる
目やに
思いつめる
つくり上げる
物売り
顔なじみ
魚の目
売出し
鳴り出す
定まり
と金
読みふける
場当たり
語りあう
相打ち
人当たり
花だより
美しくも
よそ見
引き当て
お天道様
書きとめる
計らう
にわか雨
受け方
感づく
福の神
弱き
落とし物
くみ上げる
小気味よい
死する
祭り上げる
乗りこむ
湯通し
地上げ
行きつく
言葉づかい
足せる
休み休み
秋まつり
進み出る
生れる
竹とんぼ
取り交わす
当たり年
遊ばす
じゃじゃ馬
夏ばて
待ちかまえる
店じまい
鳥かご
書き物
何とぞ
仕切り直し
服する
つり上げ
湯上がり
前かがみ
古ぼける
住みかえる
待てる
息の根
手合わせ
こき下ろす
打ちまくる
手広い
竹やぶ
切れ間
見回る
板の間
食いつぶす
当せん
平手打ち
うるち米
血みどろ
がぶ飲み
気後れ
木こり
手合い
はじき出す
合いの手
手習い
打ち身
お神酒
言いだす
放れる
大みそか
取り外せる
分つ
野太い
しっぺ返し
小じわ
点る
点てる
立ちつくす
見直せる
子守り
引き回し
せん切り
手まり
待ちくたびれる
目配り
いがみ合う
自ずから
有終の美
むち打つ
身じろぐ
今しがた
書きなぐる
かいま見る
練り直す
問い返す
虫けら
言い終わる
切れ長
とり入れる
口ごもる
取り返せる
もみ消し
お里
見知り
身の毛
見まね
乗りこなす
内回り
つなぎ目
夕やけ
お引き立て
西向き
水あめ
まくし立てる
古る
大入り
波立つ
間引く
時おり
お古
出直す
ご多分
米どころ
いぶし銀
楽に
上し
知らんぷり
頭ごなし
問いつめる
血走る
上っ面
仕立て屋
おろし金
油っこい
はけ口
消え入る
見つけだす
暑がり
見せかける
待ちぼうけ
かん水
病める
ふんぞり返る
弱弱しい
曲がりなりにも
出しゃばる
化けの皮
にらみ合う
目配せ
うっ血
立ち行く
読み切る
中ごろ
くじ運
立ち消え
練り物
川べり
船着き場
立ち木
鳴り物
人受け
数え年
白和え
石組み
花やしき
風の子
流し入れる
お住い
木くず
調える
申しつける
立入る
食い意地
青っぽい
考えもの
一先ず
切りかえる
二つ返事
気落ち
目ざとい
申入れ
食らわす
書き入れ
終に
火の車
生温い
大ざっぱ
交う
思わしい
乗り手
夜回り
ねばり強い
写し出す
流る
注げる
聞きかじる
やり合う
持ち合い
組み直す
事始め
もの悲しい
言い直す
山分け
火遊び
出来合い
食い気
化かす
由る
列する
取出し
向かえる
書下ろし
持ちきる
転ずる
思いっ切り
血祭り
野ざらし
真向かい
せり出し
水入らず
雪下ろし
強か
土のう
待受ける
引き落とす
気乗り
いきり立つ
追っかける
放せる
目通り
投げ売り
切通し
島流し
切り通し
身ごもる
男勝り
流し目
光らせる
見せ物
見きわめる
乗りきる
落ちこむ
見おろす
手植え
白あん
ひと足早い
負けん気
考へる
相づち
仕る
心行く
神がかり
分け前
親しめる
食あたり
命からがら
お上手
お多福
書き言葉
両開き
晴れ上がる
切り分ける
拾い物
やっつけ仕事
火まつり
手向け
乗り組む
点す
読みかける
中だるみ
聞き上手
長らえる
年がら年中
鳴り物入り
気もち
上がったり
次の間
くつ下
色あい
すそ野
わきの下
集まれる
命拾い
お点前
目がける
写し取る
首根っこ
ひしめき合う
地鳴り
引っさげる
買入れる
着流し
放ったらかし
言いくるめる
かち合う
すり合わせ
四つんばい
申し入れる
先細り
走り書き
生きのびる
血なまぐさい
言い出しっぺ
取りまとめる
引き返せる
むかし話
住い
言いまくる
毛羽立つ
木組み
筆まめ
真白い
消えうせる
手もと
日だまり
真っ昼間
打ちこむ
水切れ
茶目っ気
合す
谷あい
旅だつ
名前負け
手づかみ
打ち合せる
すくい上げる
取り次ぐ
雨よけ
組み合う
首つり
物すごい
生みの親
追い落とす
通り雨
そぞろ歩き
聞きだす
真打ち
歌いまくる
玉こんにゃく
読取り
根負け
思す
日なた
開け放す
飲み代
お手の物
そば湯
くす玉
ひと回り
書き分ける
通し番号
大もうけ
待ち人
風しん
もの申す
人でなし
むしり取る
見くびる
つむじ風
命知らず
ひねり出す
考え物
通いつめる
取り下げる
ひし形
米びつ
手みやげ
はね返す
取下げる
配する
早生まれ
生める
読み出す
手すき
言いきる
生きぬく
人づて
てこ入れ
画する
取りやめる
目じり
組み合せる
空き室
やせ細る
根から
引け目
何時の間に
ほの暗い
取っ組み合い
がら空き
落ちつき
売り切り
打ち落とす
口もと
町外れ
お代
一こま
色めく
へそ曲がり
火の手
目明し
少しく
事足る
はまり役
語り合える
帰せる
青みがかる
口ぐせ
科する
つけ根
朝もや
売りまくる
追いこむ
持ち出せる
向き合える
立ちのぼる
知らぬ顔
わき道
生まれつく
力負け
転ける
代かき
目立て
心づかい
打ち出せる
話し合える
軽はずみ
秋めく
夜なべ
七転び八起き
申し送る
大安売り
読みあさる
紙すき
正せる
絵入り
人なつこい
山ろく
交わせる
出会い頭
追い出せる
身投げ
ひとり歩き
兄たち
しかめっ面
死に体
勝れる
仕向ける
赤茶ける
注す
目くそ
手返し
商う
出ずっぱり
受けいれる
万事休す
口答え
したり顔
生き血
理る
売り主
気ぜわしい
知合い
こぎ着ける
ひと足
ひと通り
持ちかえる
よつ葉
天下る
知りあい
行き着ける
むき身
たたき起こす
手いっぱい
聞き役
花ごよみ
実入り
小見出し
使いもの
い服
ふれ合い
天下分け目
思いたつ
早分かり
具える
まゆ毛
見定める
重んずる
わり算
立ちあがり
夜鳴き
注し
死なす
手はず
橋りょう
はぎ取る
投げ入れる
飲みもの
都落ち
取りつかれる
読み下す
島しょ
すきま風
切れ者
まっ白
助く
足どり
走り出る
首ったけ
送りだす
白みそ
切りそろえる
打ちっ放し
数え上げる
取消す
食いつなぐ
お高く
取りこむ
夏向き
茶こし
ぶん投げる
うちの人
金もうけ
なり手
先がける
ただ者
さし絵
和める
取りつく
羽ばたける
入れかえる
青黒い
聞き苦しい
送りこむ
語りつぐ
野遊び
上ずる
くの一
方向づけ
水がめ
分け目
かけ橋
七光り
力づける
人さし指
板ばさみ
わき起こる
まき絵
見なれる
ぜい肉
聞き分ける
学び取る
わき水
言いだしっぺ
合せる
うるう年
道行き
弱っちい
目のあたり
追いすがる
引き取り手
毛むくじゃら
水け
赤みがかる
ぜん息
手負い
なで下ろす
まい進
一皮むける
真ん丸
和する
組入れる
雪どけ
虫の息
入れ代わる
引きだす
火あぶり
出あう
お流れ
はしご車
花かご
切りかかる
かき出す
大っぴら
かき鳴らす
大売出し
かぶと虫
点取り
死に場所
手さばき
弓なり
おびき出す
岩のり
右向き
こぼれ落ちる
記せる
もみ消す
来し方
またたく間
読み流す
当て馬
でき上がり
鳴ける
なき声
いんげん豆
氷る
悪乗り
計れる
切れ切れ
のたうち回る
売りつくす
風切り
湯引く
立ち上り
読みとり
足つき
進ちょく
乗入れる
読みこなす
海鳴り
ろ紙
くみ取り
取りかえる
取り落とす
水かさ
追い上げる
育てあげる
目鼻立ち
間近い
面食い
福引き
風待ち
山かけ
具に
練り合わせる
がた落ち
天つゆ
書き表す
何のその
うすら寒い
前立て
買い受ける
泳ぎ方
日の本
こけら落とし
読み通す
雪あかり
四つ角
湯せん
ひた走り
思うつぼ
犬ぞり
切り目
中落ち
飲み明かす
とり上げる
ばら肉
見立てる
止めど
親せき
病が
後ろ指
元売り
かけ合う
受けとり
足かけ
花ことば
きれい事
早打ち
切りとる
売り言葉
日本晴れ
顔向け
気立て
使いみち
書きつける
心する
研さん
お歯黒
ちり紙
金切り声
学びや
心ならずも
なたね油
安らう
他山の石
ささ身
花いちもんめ
水ぼうそう
大写し
ばら色
いま一つ
持ち分
ただし書き
行きずり
口開け
身ぶり
開き戸
七つの海
気むずかしい
口ひげ
陽ざし
指し手
立て直せる
具合い
雨あられ
当たりまえ
はじき返す
一ぱい
朝立ち
花入れ
やり切れない
姉たち
雨だれ
急がす
夕ごはん
つるし上げ
落とし前
追える
七つ道具
もらい物
勝ち気
山の手線
地ならし
人聞き
左向き
歯向かう
血の池
食い合う
上目使い
問いあわせる
月あかり
見当る
土いじり
耳より
もめ事
たわ言
飲み下す
つり合う
集える
見下げる
山びこ
ひいき目
いろは歌
冬ごもり
向かいあう
書き立てる
投ずる
上れる
見せどころ
小ぢんまり
意味あい
雪うさぎ
小さ目
引きずり回す
天びん
買いこむ
書き送る
まっ黒
言い立てる
遊び回る
立上り
せん定
見すえる
太っちょ
小うるさい
見つけ出せる
取入れ
歌わす
くみ取る
はき出す
かかわり合い
むせ返る
庭作り
一時しのぎ
山すそ
返す返す
読みもの
手ざわり
目まい
ひん曲がる
出切る
昔語り
金づる
何時しか
手ひどい
列ぶ
強ばる
起が
雨ざらし
空かす
あいさつ回り
つまみ出す
ただ事
石こう
取りはずす
雨ふり
上げ下ろし
取り立てる
さくら草
買い言葉
言葉少な
引きあげる
まがい物
有り金
落ちつける
羊かん
首すじ
お仕着せ
左きき
取決める
そば切り
橋げた
石づき
使いで
死に神
乗りつける
金ぴか
見合せる
読み返せる
いの一番
人少な
朝起き
持出す
乗りこなせる
語り明かす
用足し
女たらし
取りまく
書きためる
とろ火
少なくも
野次る
七草がゆ
打合わせ
赤らむ
気どる
そぎ切り
ひっくり返せる
見のがす
色いろ
はち切れる
聞き入れる
ほう助
遊び歩く
打ち放す
手ぬるい
川開き
売り上げる
行ずる
組みなおす
血合い
山出し
止り
読み合わせる
書する
晴らせる
取りとめる
取り消せる
鼻持ち
おぼろ月夜
買受ける
よそ行き
中入り
高みの見物
売りきれる
くせ者
とび出る
思いあたる
出直せる
横やり
花かんざし
温む
見取り
行く年
中の間
子だくさん
書きあげる
ご両人
読みかえる
むし暑い
立ちどまる
名のり
身一つ
貝がら
口やかましい
色つや
親代わり
かん高い
話しぶり
がん具
身ぐるみ
めぐり合わせ
さいの目
見なせる
ゆずり葉
速まる
本に
黒こげ
書き下す
言い聞かす
たたき上げる
仕上る
上げ相場
待ち合わせる
前ぶれ
出たとこ勝負
目の子
あて名
かじ取り
やり玉
切下げ
落着き
研げる
取っつき
引き回す
買いかぶる
宮仕え
急く
指切り
死に目
すり足
目ざめ
引っくり返す
丸だし
消し止める
世界じゅう
くい止める
立ち代る
ぐい飲み
取り計らい
引きずりこむ
食べかす
持ち帰れる
起てる
手さげ
くり出す
聞きづらい
行く行く
さらし者
水かき
荷さばき
火の元
立ち聞き
かな漢字
仕事がら
通わす
立ち直れる
こむら返り
田作り
から口
うわの空
切り出せる
つり上がる
手落ち
思いのたけ
草もち
乗りだす
くり広げる
助け船
心もち
対がん
真っ平
読上げる
あめ色
物の数
習える
物入り
青田買い
物分り
おつかれ様
回らん
星くず
大立ち回り
後かたづけ
大わらわ
打切り
出来ばえ
取りたて
通せんぼ
心づく
入り用
相まつ
目通し
気くばり
空っ風
力つきる
死に顔
思いなおす
こう着
金づち
数え歌
乗りかえ
丸つぶれ
口げんか
はした金
内また
葉たばこ
もちの木
角い
仕合せ
べに花
行きがけ
い死
聞き出せる
道具立て
生き字引
つま先立つ
あぶり出し
遠乗り
切りつめる
なまけ者
書き下し文
心安い
持ち合わせる
身代り
荷動き
決り
草深い
うわ言
立ち向かえる
うじ虫
決め球
書出し
こう配
晴れわたる
鳴かせる
当て身
人指し指
負える
話しことば
何やかや
今わ
ひまし油
口取り
乗りこえる
人使い
内の人
ひこうき雲
ひとりっ子
感じとれる
出がらし
でっち上げる
やけ酒
引き下ろす
本決まり
調子づく
木いちご
交ざる
里いも
気がね
問い直し
消し炭
考えごと
暗やみ
待合せ
名うて
目ざましい
つや出し
年度始め
食いもの
鼻つまみ
思う様
火の気
飲みほす
お手つき
魚つり
血の道
送り出せる
打ちきる
通ぶる
男っぷり
夕ぐれ
あきれ返る
ふり向く
引く手あまた
思いおこす
円やか
飲みで
月のもの
おみ足
七曲り
つなぎ止める
会わす
立合い
道づれ
買い主
ひと声
申し入れ書
重る
ほうき星
目打ち
火ぶた
手っとり早い
わき目
目だつ
かり出す
取り分ける
通りゃんせ
つなぎ服
急ごしらえ
心がまえ
食わせる
事切れる
当てずっぽう
打放す
取りあう
打ち勝てる
用立てる
ねずみ色
言いよどむ
転がせる
いたずら書き
はしご酒
売り出せる
追いまわす
使いこむ
ひょろ長い
円すい
話しこむ
お下げ
力こぶ
委しい
引き分ける
さらし首
なれ合い
だみ声
飲みこむ
ちんどん屋
安が
たたき売り
玉子とじ
らい病
走り出せる
でんでん虫
書きかた
食いっぱぐれ
心づもり
ねじ切り
相いれる
切り開ける
大人ぶる
ぺんぺん草
はね返る
も本
波うつ
出歩ける
夜ふかし
見まがう
人まかせ
学びとる
うの花
当てつける
黄み
まっ先に
乗ずる
茶飲み
木取り
引出す
ごちそう様
風の神
落とし主
鳥の子
目の玉
先だつ
歯ならび
仕出かす
色どり
立上がる
光り物
水あか
分かち書き
着の身着のまま
やり投げ
出し手
書き出せる
形見分け
虫送り
切上げ
待ち合い
町はずれ
はやし立てる
明くる日
転ばす
投てき
口さがない
旅立てる
ひと山
時どき
長そで
力まかせ
打ちどころ
軽軽しい
お気にいり
とまり木
使い走り
引返し
配れる