思う
言う
行く
思い
良い
書く
入る
使う
見る
感じ
知る
持つ
考え
読む
下さる
聞く
無い
食べる
問い合わせ
同じ
買う
好き
多い
作る
その他
入れる
受ける
行う
高い
お願い
多く
少し
続く
出す
分かる
大きい
悪い
楽しい
帰る
取る
終わる
変わる
本当に
強い
お客様
新しい
向け
教え
初めて
飲む
早い
特に
大きな
一つ
続ける
見え
通り
言える
始め
全て
楽しみ
近く
少ない
気持ち
求める
その後
送る
子ども
生きる
過ぎる
考える
話す
確か
お知らせ
長い
面白い
出来る
来る
流れ
出る
使い
選ぶ
置く
待つ
向かう
乗る
進む
語る
お気に入り
お前
付け
売る
残る
付き
美しい
死ぬ
歩く
合わせる
美味しい
全く
目指す
走る
作り
実は
開く
会う
基づく
必ず
変える
限り
示す
生まれ
見せる
見える
大好き
小さい
始まる
近い
行い
安い
名無し
出会い
覚える
住む
合う
小さな
上げ
見つける
起きる
立つ
有る
打つ
加える
上がる
答え
決め
増え
決まる
用いる
付く
残す
新た
守る
深い
動き
落ち
お金
幸せ
調べ
負け
比べる
進める
明らか
遊び
可愛い
広い
最も
楽しめる
祭り
思い出す
動く
願う
久しぶり
切る
お話
感じる
信じる
低い
働く
同時に
笑う
素晴らしい
歌う
殺す
休み
周り
学ぶ
問合せ
勝つ
見つかる
起こる
食う
買い物
立て
例えば
消える
香り
知れる
軽い
伝え
止め
通る
遊ぶ
飛ぶ
役立つ
自ら
見れる
白い
流す
一戸建て
住まい
連れ
過ごす
焼き
気づく
女の子
限る
集め
試し
明るい
落とす
お待ち
申し上げる
寒い
古い
開ける
集まる
起こす
豊か
選び
常に
借りる
聞こえる
お客
再び
次に
応じる
当たる
正しい
歩き
述べる
使える
始まり
切れ
育てる
止まる
別に
失う
残り
後ろ
ご飯
喜ぶ
楽しむ
図る
戦い
減る
暑い
赤い
引く
使い方
熱い
生じる
任せる
建てる
引き
もう少し
弱い
関わる
子育て
短い
静か
考え方
好み
広がる
返す
立ち
回る
分ける
始める
決して
何とか
居る
重い
伝わる
お茶
勝ち
得る
定める
当たり
係る
二つ
出会う
登る
手続き
取り組み
足る
問う
取り組む
思い出
分の
泣く
行なう
落ち着く
禁じる
投げる
終える
辺り
上手い
寄せ
寄る
代わり
笑い
お世話
追う
喜び
気に入る
乗り
現れ
慣れる
働き
手作り
挙げる
当たり前
切り
助け
初め
遠く
出かける
待ち
戦う
望む
売れ
目立つ
許す
一気に
悲しい
走り
世の中
近づく
死ねる
細かい
改めて
夏休み
動かす
運ぶ
お母さん
勢い
黒い
気付く
赤ちゃん
思わず
貸し
迷う
幸い
役に立つ
もう一度
負う
別れ
経つ
美味い
愛しい
組み合わせ
生かす
調べる
定め
相変わらず
少なくとも
判る
表す
下り
開き
早め
下がる
囲む
向こう
増やす
何で
結ぶ
解る
見直し
上げる
暗い
晴れ
仕上げ
お送り
ある程度
育つ
冷たい
教える
重ね
果たす
外す
去る
想い
支え
出せる
上がり
防ぐ
同じく
張る
青い
向き
放つ
お伝え
見つめる
受け取る
設け
備え
学び
味わう
食べ物
遠い
書ける
実に
単に
明け
受け入れ
乗せる
努める
有する
広げる
無くなる
下げ
辞める
演じる
本当は
取り寄せる
植える
取り上げ
回り
仕組み
効く
向い
伝える
焼く
組む
見かけ
折る
味わい
流れる
飛ばす
保つ
包む
救う
入り口
泣き
増える
受け付け
引き続き
付ける
見た目
着い
速い
細い
拾う
当て
飼う
着く
お出かけ
直し
整う
決める
お父さん
申す
参る
造り
高め
意外と
登り
日帰り
休む
活かす
選べる
知り合い
正しく
思える
お昼
予め
積む
急ぐ
下る
極めて
満たす
引っ張る
空く
落ちる
守り
消し
共に
やる気
回し
混ぜる
取り付け
お答え
間に合う
付き合い
減らす
治る
やり方
温かい
記す
単なる
真ん中
聞ける
上る
男の子
付き合う
お子様
成る
通し
構う
通じ
何故か
助かる
生き物
苦しい
余り
お礼
光る
仲良く
見積もり
集まり
行ける
生き方
愛する
生み出す
応え
古く
問い合せる
似合う
引き出す
造る
見守る
色んな
加わる
お湯
燃える
外れ
試み
生える
愛す
お笑い
出来上がる
分かれ
達す
間取り
浴びる
許し
上り
お祝い
増し
生まれる
広がり
解く
姉さん
っ子
作り方
招く
この間
見通し
移す
張り
後で
取り入れ
笑える
築く
持てる
立ち寄る
手入れ
満ちる
高める
何より
見積り
答える
何だか
重なる
深める
断る
この世
易い
固い
その間
高まる
導く
仕入れ
大いに
混む
お手伝い
数える
曲がる
読み取る
務め
三つ
あり方
興味深い
立てる
現れる
祝い
返る
支える
仮に
破る
上回る
最寄り駅
数多い
心から
採る
止める
配る
争い
書き方
見上げる
果たして
要る
確かめる
飛び出す
通う
お寺
立ち上がる
下ろす
反する
何らかの
太る
手伝い
言い方
思いつく
混じる
適す
か月
注ぐ
構え
取れる
兄ちゃん
半ば
買える
観る
兄さん
笑み
消す
流行る
あっという間に
移る
例える
要するに
いつの間にか
問い
謝る
固め
取り出し
習う
見出し
必ずしも
未だに
追いかける
丸い
散る
お断り
写る
未だ
育ち
苦しむ
負ける
泳ぐ
犯す
建つ
心がけ
次第に
太い
思いっきり
厚い
何となく
打ち合わせ
有す
照らす
治す
何とも
組み
受け止める
空き
心地よい
浅い
仕立て
利く
要する
独り言
固まる
今や
気持ちよい
いい加減
直す
読める
果て
好む
前向き
黄色い
見比べる
鳴る
お好み焼き
真っ赤
年寄り
仕上がり
目覚め
在る
覚める
代わる
飲み物
成り立つ
冷え
手伝う
属する
何と
名乗る
金持ち
相次ぐ
悲しみ
迷い
見よい
二度と
買い上げ
遊べる
苦しみ
話しかける
お話し
打ち上げる
唱える
売れる
運び
お子さん
関わり
お正月
お買い得
作れる
接す
差し
冷やす
田んぼ
直ぐ
話し合い
売り上げ
受け取り
友だち
指し
お手数
やって来る
救い
勝てる
飼い主
天ぷら
時に
説く
大した
告げ
許せる
わが国
引き上げ
気持ちいい
指す
鳴らす
学べる
通す
売り切れ
回す
結び
引き起こす
集める
切ない
動ける
情けない
群れ
打てる
過ごせる
望み
力強い
作り出す
着る
暴れ
写し
通い
姉ちゃん
余る
命じる
思ふ
選び方
率いる
お家
交わす
故に
欠け
目当て
歩ける
手がける
歩む
面す
お気
味付け
泣ける
持ち主
営む
下がり
交える
下げる
着ける
曲げる
発す
足す
直ちに
持ち帰り
万が一
話し合う
見かける
追いつく
産む
務める
歩み
素早い
焼け
日焼け
転がる
作り上げる
お過ごし
下す
貯める
申し出
切れる
報じる
来れる
測る
先ず
会える
真っ白
改め
組み立て
温める
たどり着く
鳴く
知らせ
敗れる
向き合う
色合い
解ける
通じる
望ましい
便り
等しい
可愛らしい
属す
明かす
招き
育む
葉っぱ
何かと
生る
うつ病
苦い
落ち着き
気まま
見直す
急ぎ
接する
読み方
持ち上げる
やり取り
問い合わせる
立ち読み
出入り
要は
親しい
位置づけ
役立てる
間もなく
生き残る
速やか
強める
時には
争う
習い事
分る
助ける
引っかかる
化す
積もる
売り場
貧しい
中でも
受かる
向ける
好ましい
責め
発する
富む
思い切る
冷める
受け入れる
日差し
取り消し
焼き鳥
講じる
味わえる
見送る
引き取る
ため息
題す
待ち合わせ
向う
仲良し
帯びる
織る
想う
差し上げる
養う
包み
集い
ご苦労
無理やり
一人ひとり
気持ち良い
気まぐれ
大きめ
留まる
言い出す
早起き
教わる
取組む
置き場
留め
物足りない
昔ながら
因みに
食らう
結びつく
祝う
知り合う
終る
引け
乗り物
区切る
試す
増す
仕上がる
現に
折り返し
近づける
お参り
立ち上がり
積み重ね
見下ろす
手持ち
直る
何やら
通り過ぎる
競う
夜明け
貯まる
四つ
何気ない
何ら
着せる
お守り
高まり
動き出す
名付け
手のひら
働ける
設ける
燃やす
帰り道
追って
重ねる
現す
達する
たこ焼き
引きずる
花びら
多め
化け
日の出
当てはまる
仕分け
厚み
告げる
破れ
欠く
数少ない
入れ歯
使い勝手
先ほど
転ぶ
混ざる
貸し出し
応える
いち早い
和む
手書き
編み
飲める
見送り
当てる
品切れ
要す
気合い
焼きそば
絶える
仕える
思いやり
お返し
手打ち
菜の花
追い出す
休める
変る
真に
大人しい
見合い
強まる
広まる
期す
細か
真っ直ぐ
当り
母さん
移り
深まる
差し出す
気の毒
損なう
成す
練り
独り
引き受け
落書き
無くす
何だ
聞き取る
見受ける
近寄る
乗り切る
広め
消せる
転じる
次ぐ
文字通り
案の定
制す
空ける
出会える
問いかける
道のり
親しみ
明かり
生む
買い求める
読み返す
石けん
費やす
計る
向く
栄え
覚ます
持ち帰る
整える
行える
強み
表れ
昼休み
見当たる
知らせる
言うまでもない
相応しい
重み
物語る
持ち出し
手づくり
次いで
乗り出す
下し
持ち歩く
走り回る
手当て
友の会
生まれ変わる
望める
真っ暗
田植え
立ち止まる
察し
下回る
備える
練る
玉ねぎ
現われる
欠ける
読み取り
出回る
何もかも
返せる
今さら
語り合う
在り方
立ち向かう
見どころ
着付け
聞かす
取り出す
父さん
合える
極め
停める
満つ
正に
弱る
鳴き声
引き寄せる
付す
出向く
送り出す
車いす
食する
大さじ
生き生き
いた事
逆らう
深み
主として
真っ
真っ黒
泳ぎ
取り外し
名づける
使い分け
大して
夕焼け
見分け
想い出
思い切り
生ずる
思いつき
鳴り
先立つ
集う
付け加える
産まれる
戦える
長生き
絶つ
真っ先
余りに
やり直し
働きかけ
折りたたみ
昼過ぎ
天下り
香ばしい
話せる
お方
丸ごと
意味合い
日の丸
待ち時間
老い
大通り
太もも
分かれる
区切り
見極め
丸出し
取り消す
飛べる
灯り
重たい
夕べ
際立つ
結びつける
まとめ買い
絵かき
引き下げ
一向に
待ち受ける
省く
思い入れ
品書き
見慣れる
最寄り
乗り場
身の回り
帰す
見合う
通れる
見習う
打ち出し
早くから
お便り
見失う
人びと
則る
ほうれん草
代え
やむを得ない
安らぎ
感じ取る
投じる
買い取り
度合い
略す
準じる
課す
お母様
旅立つ
置ける
日ごろ
引き分け
何しろ
当る
焼き肉
大げさ
主たる
走り出す
少なめ
利回り
病む
散らし
止む
飛び交う
格付け
終り
照れ
読み上げる
放す
宿る
助け合う
愛らしい
積み上げ
順に
乗れる
何時も
買取る
君たち
取り合う
山歩き
和える
有り得る
行き先
生み
快い
苦しめる
乗じる
位置付け
寄り道
わが家
切り取る
近付く
鳴き
活きる
見習い
久しい
子連れ
手助け
好い
日当たり
組合せ
使いこなす
持ち物
手すり
差し入れ
冷え性
墓参り
あっという間
落ち着ける
通行止め
お許し
欠かす
起き上がる
手引き
対す
心強い
思い立つ
取り上げる
待ち遠しい
乗っ取る
残せる
温まる
旅立ち
別れる
小さめ
定か
眼差し
色づく
絶えず
乗り入れ
読み解く
打合せ
切り口
知らす
飲み屋
見やすい
ただ今
日にち
言い聞かせる
読み物
取り付ける
細長い
貸す
見落とす
進め方
話し方
長持ち
打ち切り
決め手
編む
仕切り
寄せる
目覚まし
申し入れ
仕出し
仕切る
開き直る
きめ細かい
可笑しい
産み
横たわる
損ねる
すき焼き
見回す
見知らぬ
改める
委ねる
好く
ひっくり返す
生き残り
見出す
大いなる
連なる
年明け
合せ
見なす
受取る
護る
止る
大笑い
分厚い
落ち葉
程よい
気が付く
張り付く
五つ
たんぱく質
言い分
健やか
分かつ
持ち合わせ
不味い
長引く
横切る
平ら
防げる
細やか
構える
遠ざかる
過ち
立ち去る
名乗り
温もり
風合い
使い道
断り
語りかける
戸建て
得する
内祝い
計り
資する
似合い
細め
険しい
低め
任す
行き来
気さく
今にも
兆し
立ち入り
丸める
落とせる
見下す
長め
山登り
笑い声
申し立て
仕上げる
治まる
外せる
心構え
張り切る
外れる
組み合わせる
係わる
神さま
春休み
通りすがり
営み
書き下ろす
根強い
勝る
当の
折り紙
準ずる
取付け
許可ない
報う
取り囲む
生きがい
願い事
転がす
走れる
目の当たり
世に
手がかり
軽やか
歩き回る
取り入れる
実る
追っかけ
取り直す
生かせる
課する
取寄せる
差す
切り開く
実り
親しむ
差し引く
永い
仲間入り
付け根
あだ名
伝う
見立て
試みる
投げ出す
後ほど
着こなし
取消し
極める
塩焼き
志す
取りあえず
何れ
歯ごたえ
連ね
引き上げる
人差し指
色とりどり
焼き上げる
八つ
授かる
義務付け
お化け
入ろう
博す
直に
待たす
香る
生れ
取り残す
母ちゃん
目覚める
切り上げ
売り出し
勝ち取る
見せつける
万引き
覚せい
飛び立つ
大当たり
祭る
手ごろ
冬休み
見苦しい
見合わせ
大まか
買い取る
持ち運び
定まる
混ぜ合う
引き返し
見入る
いつの間に
泣かせる
申し付ける
見張る
名高い
台無し
男らしい
投げかける
住める
暴く
手放し
上乗せ
笑わせる
生まれ変わり
晴れる
取りまとめ
備わる
今ひとつ
授ける
明け方
表わす
お年
お子さま
清める
命ずる
講ずる
色っぽい
立ち直る
切れ味
治める
化け物
書き出し
手ぬぐい
夢見る
お札
持ち出す
お決まり
点く
足取り
先行き
持ち味
何せ
顔立ち
先取り
下りる
落し
ろ過
先送り
果てしない
みじん切り
晴らす
散らす
四角い
責める
あの世
根っこ
解す
気付け
評す
配し
七つ
末永い
何一つ
一休み
植え付け
動き回る
果たせる
挙がる
使い切る
苦笑い
長らく
思いこむ
空き地
晴れ間
投げつける
前もって
成り立ち
切り出し
かき氷
言い回し
研ぐ
写り
浴びせる
口当たり
災い
負け犬
焼き物
求む
聞き入る
木の実
遊び心
分り
遊び場
お似合い
極まりない
同い年
取り返し
和やか
お手本
飛びつく
交じる
出だし
気配り
義務づける
選りすぐる
保てる
見返し
売上げ
梅雨入り
絵の具
出くわす
茶色い
親知らず
思い起こす
清い
飛び回る
芽生え
格好いい
真っ最中
受付ける
固める
失せる
言い張る
身動き
総じて
起る
作り直す
写す
生き返る
根ざす
お花畑
対する
合わす
断つ
過ぎ去る
気取る
帰れる
聞き流す
和らげる
断ち切る
見切り
見返り
群がる
お年玉
直せる
まつ毛
里帰り
囲い
追いやる
気まずい
食い物
重んじる
ぶら下がる
言い放つ
指さす
思い通り
うろ覚え
切り落とす
見晴らし
見栄え
言い伝え
働かせる
顔つき
改ざん
見せかけ
生ける
安っぽい
見覚え
はみ出す
教え子
見張り
味わい深い
手放す
散らばる
交わる
飛び散る
差し支える
死す
後回し
向かい合う
潔い
泳げる
真っ青
係り
老ける
見開く
思い当たる
食える
小さじ
見いだす
生い立ち
風通し
間合い
心当たり
引き金
冷える
乗っかる
それ程
遠回り
助っ人
手応え
類する
木の葉
ひと言
平然と
お気づき
放る
暴れる
見極める
考え直す
使いこなせる
箱入り
組める
情け
打ち明ける
決めつける
行き過ぎ
折れる
手造り
思いやる
根付く
ごま油
見とれる
顔ぶれ
思い返す
極み
静けさ
打ち切る
生きもの
慣らす
安らか
総て
申し分
程遠い
損する
司る
行きつけ
清らか
小ぶり
歯止め
前売り
小高い
空しい
つき合う
祝い金
父ちゃん
雨上がり
雪だるま
受けとめる
食いつく
読み直す
立て続け
お産
前置き
人見知り
折りたたむ
全う
口ずさむ
酸っぱい
喜ばしい
引き立て
売り物
当てはめる
置き去り
線引き
長続き
行き着く
張り紙
手っ取り早い
耕す
気取り
貸し切り
見せ場
導き出す
不向き
増やせる
放り出す
照り
丸見え
たった今
天の川
逆さ
売れ行き
語らう
安売り
白っぽい
千切り
移り変わり
思い知らす
囲う
つま先
わが子
無性に
申しあげる
お作り
切に
送れる
集る
切り札
成り行き
消え去る
引き合い
種まき
言い過ぎ
お立ち
水遊び
見つけ出す
切らす
息苦しい
ご利益
かき混ぜる
表向き
害する
羽ばたく
見開き
引き返す
泣かす
弱まる
人殺し
立ち会う
追い求める
上書き
ついて行く
買い付け
読み書き
山積み
基く
日に日に
打ち出す
立て直し
むき出し
子持ち
勢ぞろい
借り入れ
手取り
ひっくり返る
因る
耳鳴り
書き上げる
飛び出る
印象深い
心温まる
受け皿
ひな祭り
出し入れ
冷ます
歌える
まな板
相まって
広める
ぶら下げる
秋祭り
皮切り
言い合う
追い風
引き続く
お目にかかる
夢みる
読み手
思いがけない
遠のく
見付け
報い
引き受ける
取り調べる
空っぽ
肉まん
この上ない
解き放つ
効き目
正す
起し
足りる
注意深い
刷り
赤み
囲み
給う
使い物
行き交う
長ける
期限切れ
見積もる
短め
下らない
ぬるま湯
茶の間
上向き
命がけ
解き明かす
人間らしい
どん底
息づく
身代わり
下取り
見過ごす
買い方
買い手
出入り口
築き上げる
交ぜる
何だかんだ
左利き
連れ出す
切れ目
流れ星
お初
思い思い
丸み
引き立つ
手早い
移り住む
立たす
弱める
書き手
害す
草の根
心待ち
後ろ向き
木の下
見応え
温かみ
出し合う
打ち破る
立会う
ご時世
持ちかける
備え付け
生き残れる
書き直し
回せる
色あせる
決す
断じて
気にいる
競い合う
規則正しい
焼ける
お山
出直し
住まう
合わさる
見ごたえ
取り合い
早まる
昼下がり
束ね
和らぐ
気がかり
変わり目
酒造り
通ずる
真っ向
引き出物
漁る
聞える
手放せる
取っ手
手直し
悲しむ
つ折り
人通り
見分ける
帰り際
弱み
行く末
遊び方
受入れ
持ち上がる
買上げ
見計らう
信ずる
息切れ
手厚い
待ち構える
追いつめる
下り坂
取り引き
取り立て
待ち望む
羽織る
見にくい
空売り
そよ風
雪解け
宮参り
食い止める
手の平
つかの間
物言い
感ずる
今どき
顔出し
聞き手
黒っぽい
立ちはだかる
立ち回り
末っ子
思しい
悪しい
縄張り
交わり
大根おろし
太め
目新しい
守れる
秋晴れ
殺る
組み立てる
言い返す
束の間
曲る
初日の出
宿す
流れ出る
生まれつき
勝ち負け
肉じゃが
売り出す
発つ
画す
立ち入る
平たい
目の下
練り歩く
顔合わせ
変り
興す
時間切れ
比す
か国
時として
会す
下書き
織りなす
買出し
然し
燃え上がる
世にも
取り組める
語り口
取り付く
と同時に
見づらい
証す
肥える
素通り
手間取る
確固たる
重ね合う
商い
古び
仲直り
連れ去る
追いつける
見せ付ける
度重なる
心がける
見出せる
たどり着ける
数え切れる
ひと味
辞す
思い知る
竹の子
買いもの
ひき肉
余す
買い出し
強がる
見破る
泣く泣く
来す
こぼれ話
働きかける
乗り切れる
居合わせる
青白い
関す
お次
泣き声
こみ上げる
適う
草むら
やむを得ず
馬鹿馬鹿しい
見あたる
走り去る
聞き返す
やり直す
持ち直す
念入り
差し歯
折り合い
愛せる
遠ざける
語れる
挙げ句
別売り
取り置く
見やる
引ける
荷造り
歩み寄る
聞き出す
過す
お力
飛び乗る
見放す
地すべり
日当り
引き落とし
仕留める
お目見え
黄ばむ
言い切る
空回り
採れる
信ぴょう
炭焼き
お開き
制する
不慣れ
顔見知り
持て余す
留める
反り
波乗り
使い手
朝焼け
高らか
飛び入り
お日様
使い分ける
仕打ち
目玉焼き
六つ
愛し合う
住み着く
打ち消す
動じる
散りばめる
見向く
空き家
心ゆく
お構い
切り返し
安上がり
かみ合う
考え出す
酒飲み
取り決め
出合う
足止め
組立て
横ばい
ひと月
あっと言う間に
喜べる
輪切り
残り少ない
水切り
ほど遠い
運べる
生やす
お仕置き
元通り
人ごみ
形作る
お茶屋
草取り
起こせる
破たん
結び付ける
黒ずみ
打ち合う
山の幸
出し切る
易しい
的外れ
かみ合わせ
面白み
思いがける
真っ当
張り出し
通り道
代り
言い残す
灯す
すき間
茶の湯
言わす
散らかす
省ける
年老いる
お受け取り
切り分け
愛でる
治せる
比べ物
ため池
競り
道しるべ
流れ出す
手ぶら
仕返し
仕組む
面持ち
女らしい
人だかり
むし歯
落ちつく
受け持つ
湯たんぽ
仕入れる
積み立て
張り合う
絶する
指し示す
自ずと
明ける
寄り付き
利上げ
取り返す
力む
落す
共働き
念じる
言わば
くり返し
香ばい
積める
心残り
思い付く
科す
川遊び
勇ましい
言いなり
高み
生す
月明かり
中る
張れる
安らぐ
追い上げ
向かい側
食べもの
容れる
登れる
雪かき
小分け
付け足す
底上げ
真新しい
暑苦しい
向き直る
飼い犬
小回り
笑い話
今一つ
絶え間
焼き魚
一番乗り
持ち前
っ放し
乗っける
案じ
付け方
申し受ける
受け付ける
横向き
証する
切り取り
名指し
売り手
取調べ
不意打ち
読み応え
取りかかる
取り下げ
にじみ出る
決する
編み物
買い得
飲ます
口出し
落ちこぼれ
馬鹿げる
散らかる
切り身
聞き分け
織り成す
きな粉
何でもかんでも
打ち勝つ
引っ
組み入れる
風向き
思いきり
興じる
厚め
はみ出る
売り子
程なく
何もの
救える
省みる
口説く
でっち上げ
後ろめたい
心細い
さらけ出す
急きょ
面する
結う
間仕切り
受け取れる
外回り
通せる
顔負け
多少なりとも
題する
見切る
空き巣
出来栄え
行き止まり
お孫さん
照れくさい
極まる
起す
送り火
追い付く
使い果たす
平らげる
ぶっ飛ばす
下調べ
泳がせる
張り上げる
下向き
売切れる
手つき
皮ふ
出し物
必ずや
折り曲げる
活ける
生まれながら
相成る
冷す
手ごたえ
刷る
大急ぎ
お早う
取りやめ
何ぞ
聞きつける
引き戸
建て直す
重苦しい
生け花
通える
申しわけ
拾い上げる
大き目
わが身
出合い
小売り
重なり合う
名ばかり
不確か
朝っぱら
往く
貸出す
山の神
二の丸
見聞き
もんじゃ焼き
転び
経る
思わす
利食い
お上
まかり通る
冷やかす
入れ物
引っぱる
夢にも
火入れ
引き付ける
立て直す
差し止め
来たす
けが人
得意げ
様変わり
飛び上がる
見回り
せん断
指せる
先走る
横取り
冷ややか
ほうじ茶
語り手
絵はがき
行き場
絶やす
ほろ苦い
受け身
やり過ごす
引出し
かき集める
入り組む
建ぺい率
色分け
牛耳る
慣れ親しむ
下手くそ
野放し
見もの
仲良い
数の子
かわら版
取り去る
お手上げ
すっ飛ぶ
根こそぎ
出歩く
見かねる
解する
よもやま話
本立て
水増し
少い
人となり
休まる
待ちかねる
勇気づける
身の上
表れる
切り出す
打ち解ける
夜な夜な
身だしなみ
日持ち
心苦しい
さり気
年取る
移ろい
残れる
巣立つ
売り買い
ふき取る
かつお節
歯切れ
表せる
うま味
結び方
容易い
花き
死にかける
似せる
受け手
出っ張る
目利き
取り出せる
買付け
受け流す
湯けむり
口付け
編み出す
持ち寄る
付きまとう
格上げ
解らん
見て取る
根っから
お告げ
量る
暗に
口走る
反る
歌い手
夜遊び
静まり返る
細切り
立ち会い
青ざめる
三つ葉
向かい風
連ねる
お幸せ
一人っ子
最たる
受け売り
歯ぐき
かけ声
大金持ち
負かす
ひな人形
人混み
積み木
逆立ち
放し飼い
待ちわびる
間引き
お祭
手始め
波打つ
米ぬか
組み立る
知ったかぶり
かもし出す
事欠く
石ころ
格下げ
取り外す
見ず知らず
焼き付け
活き活き
立ち見
大引け
水たまり
苦み
強いる
しょう油
曲がり角
下ごしらえ
試せる
売れっ子
二の次
書き残す
立ち返る
よじ登る
引き止める
読み取れる
手強い
似る
紙おむつ
心持ち
思い出深い
道連れ
関する
出ろ
引っかける
行く手
水はけ
落つ
配す
くじ引き
積み重なる
利下げ
成り下がる
道行く
整然と
わかり易い
貸し付け
売りつける
もも肉
殺し合い
血まみれ
発がん
覚え書き
手立て
取り急ぎ
浅はか
お先に
受け答え
船乗り
育て上げる
太刀打ち
灯る
売れ残る
明るみ
紙切れ
泣き虫
問いただす
一回り
立寄る
生みだす
乗り気
耳かき
居残る
打ち付ける
ごった返す
立ち上る
歌い上げる
化ける
売れ残り
勝ち残る
果す
馬鹿らしい
湯の花
飲み食い
感じとる
雨宿り
送り先
勇む
考え事
赤とんぼ
夜泣き
似通う
食わす
祝い事
かき消す
お宮
ふる里
ごみ箱
読み出し
和気あいあい
移り変わる
産める
心配り
足もと
上がれる
位置決め
落ちぶれる
天引き
然るべき
築ける
赤らめる
聞き覚え
力持ち
借入れ
引き立てる
小走り
明い
気高い
温い
運び出す
逆さま
歯みがき
落ち度
取り合わせ
申し出る
引き下げる
素焼き
満たせる
水浴び
買わす
身なり
引き下がる
書き留め
香典返し
は種
持ちこたえる
足し算
かき回す
悪しからず
愛くるしい
寄せ付ける
雲行き
照る
火照る
作り話
人付き合い
ほど近い
任じる
思いきる
下回り
折り返す
照れる
残り物
石造り
人知れず
引上げ
当り前
気休め
冷や
当て字
駅前通り
店構え
ちゃぶ台
もぎ取る
おとぎ話
色付く
木の芽
一人ぼっち
食いしばる
波打ち際
言いがかり
けん引
ご用
取り次ぎ
思い直す
丸まる
極めつけ
高ぶる
手出し
言わずもがな
練り上げる
送り返す
血の気
晴れやか
気晴らし
湯のみ
安め
後ろ足
分け合う
名残り
そびえ立つ
三の丸
お出で
道すがら
山開き
結び目
持たす
立ち話
目まぐるしい
水しぶき
追い返す
おすそ分け
酒好き
行く先
巣立ち
飛び道具
話し相手
断わる
ほ場
適する
い草
静まる
先回り
すり身
暗がり
守り神
昔ばなし
読み切り
打ち立てる
行き帰り
高鳴る
石積み
新入り
火消し
書き記す
作付け
焼き付く
位置づける
図れる
早わかり
だまし取る
真っ白い
打ちのめす
変わり者
手織り
行き方
肥やし
役どころ
力いっぱい
修め
立ち直り
救い出す
熱っぽい
和え物
物入れ
思へる
お玉
山あい
草分け
大人びる
連なり
勝ち進む
とり方
焼きうどん
流れ落ちる
組み上げる
手編み
落っこちる
日めくり
調う
殺せる
取りつける
見限る
代える
楽ちん
圧し
間借り
引受け
張り付け
果ては
お通し
後ずさる
言い争う
ご都合主義
大はしゃぎ
北の方
今に
禁ずる
秒読み
目出度い
のし紙
手招き
先読み
投げやり
動きだす
笑いかける
持ち家
立ち往生
書き出す
下ろせる
告ぐ
心して
横書き
物書き
へき地
上向く
歯がゆい
流れ着く
改まる
旧い
減じる
手提げ
考えつく
読み比べる
察する
素っ気
粉じん
沖合い
勝ち星
夏みかん
起つ
遊び人
使い古す
立ちあがる
打上げる
どんでん返し
物差し
打ち上げ花火
黒ずむ
か弱い
帰りがけ
言いよう
身構え
出っ歯
つまみ食い
回れる
泣きつく
ただ中
速める
代る
文字どおり
照りつける
手ほどき
何時の間にか
気付かす
打ち水
目と
見て取れる
仕送り
茶化す
働き者
口説き
相容れない
有り様
ひと目
乗り移る
乗り上げる
日向ぼっこ
物好き
持ち寄り
物申す
切り立つ
平が
もみ合う
取り分け
近しい
こき使う
手の内
火の玉
書き直す
労う
知らん顔
飛び起きる
平泳ぎ
ぶった切る
お人好し
言いつける
打ち止め
罪深い
体つき
厚かましい
関連づける
根回し
麦わら
立てこもる
首切り
区分け
にごり酒
見殺し
転げ落ちる
お母ちゃん
ねつ造
結べる
皮肉る
折り目
入れ直す
作りだす
小出し
口づけ
燃やせる
香の物
生ぬるい
手付かず
水っぽい
飛び火
火の粉
足がかり
使い慣れる
編さん
しわ寄せ
問える
借り物
命取り
引下げ
客引き
しめ縄
歯ぎしり
演ずる
話し声
真っすぐ
急かす
早める
果てる
お母さま
売り切れる
引きずり出す
差し置く
付する
移せる
三つ子
研く
貸し出す
通りかかる
行かす
見せびらかす
まん丸
書き写す
起きあがる
風変わり
日の目
破れる
何たる
大当り
持ち去る
虫食い
手ごわい
ならず者
成りすます
これ程
あて先
人さま
作りあげる
ろう者
耳打ち
ぶっ殺す
あの手この手
思い出せる
そら豆
質す
鼻くそ
生え際
有り余る
提げる
格好よい
ふ頭
解せる
願い出る
切り花
近付ける
真後ろ
物静か
究める
投げ入れ
草むしり
道ばた
物知り
親ばか
時の間
人任せ
取り仕切る
際どい
こじ開ける
地べた
表書き
漁り
家作り
お先
指折り
思い上がる
泣きじゃくる
期する
よそ者
湯上り
すべり台
早送り
起き出す
耳たぶ
一点張り
手だて
助け出す
受けとる
差し引き
見いだせる
解き方
能書き
事なき
女好き
桜えび
頭打ち
言い様
ふ化
季節外れ
取り付き
丸焼き
印象づける
夜通し
大回り
お立ち台
取りそろえる
消え失せる
引っかく
上げ下げ
名乗り出る
成り上がる
報いる
泣き顔
見付かる
前のめり
王さま
持ち時間
日増しに
取りあげる
取りこぼす
分かれ道
働かす
服す
重り
読みで
心無い
立ち合う
開け放つ
引き算
流し台
取立て
見てくれ
暗む
決め方
追い打ち
借り手
精いっぱい
申し合わせ
くせ毛
独りよがり
救い主
金貸し
かき分ける
落ち目
打ち取る
物悲しい
耳寄り
枝分かれ
野焼き
反らす
やり直せる
引き出せる
まん中
面食らう
つり橋
祝す
曲がりくねる
ひと休み
取り回す
言の葉
読みとる
面取り
取次ぐ
選び出す
回り道
連れ帰る
思い付き
合い言葉
お父ちゃん
引きつけ
ひ弱
話し出す
少な目
表する
湯飲み
栄える
似つかわしい
送り状
ご苦労さん
古めかしい
送り主
言い表せる
乗り回す
立てかける
お出まし
落ち合う
上積み
底なし
引続き
車止め
赤黒い
積み重ねる
生きざま
果して
切りつける
入れ子
青のり
地合い
時たま
高じる
泣き言
ご苦労さま
お手玉
持ち運ぶ
けん制
笑い飛ばす
赤ら顔
体たらく
早変わり
火付け
細切れ
応ずる
思いの外
役回り
最果て
食い入る
破く
か細い
ご来光
ほくそ笑む
務まる
名だたる
見せしめ
住み慣れる
満ち足りる
間にあう
焼き立て
引き合う
感極まる
一区切り
比べもの
大がかり
見知る
中休み
生まれたて
切り下げ
先ごろ
作り物
打ち合い
植わる
病みつき
季節はずれ
住みつく
言い出せる
色直し
結び付く
まき散らす
お引き受け
言い当てる
採り入れる
どす黒い
手こずる
ぶり返す
分かれ目
大の字
心もとない
物思い
然るに
耳鼻いんこう
気味が悪い
真直ぐ
下支え
通りがかり
原っぱ
帳消し
号する
元気づける
たまり場
見返す
乗り入れる
仕向け
高笑い
言い表す
近ごろ
打ちつける
聞き耳
招き入れる
晴れ晴れ
造り上げる
売り飛ばす
破ける
負わす
転げる
起り
思いとどまる
お下がり
後書き
歯応え
先だって
久方ぶり
見い出す
物言う
見合わせる
笑む
見通す
宿り
話し言葉
花開く
大人げ
打つ手
寄り付く
流せる
名付け親
目覚しい
打ち返す
乗り合わせる
食べごろ
貸せる
表立つ
地の利
出そろう
横たえる
歩み寄り
食い下がる
本通り
病み上がり
直ぐに
反り返る
一心に
往き
思わせぶり
手つかず
後の祭り
感じ取れる
食む
九つ
明り
束ねる
連れ合い
半そで
近付き
思い起こせる
後ろ手
お歌
相乗り
借り上げ
量り売り
着こなす
目くじら
写せる
興ざめる
入りこむ
目移り
関が原
出過ぎる
口直し
飛び石
気張る
追っ手
白ける
切り売り
でん粉
借り受ける
法る
不治の病
追い回す
三が日
静める
止す
世直し
取上げる
風当たり
引きつける
物まね
生み出せる
ねじ曲げる
取り留める
立ち居
関の山
気味悪い
打って出る
相手取る
つや消し
手遊び
悪あがき
口止め
身売り
義務付ける
確たる
ひと安心
野ばら
立て札
話合い
切っ先
貸し借り
引き入れる
根深い
がま口
回りくどい
気負う
受け持ち
入り交じる
は虫類
力任せ
表通り
乗り合い
何ごと
投げ飛ばす
言い寄る
採り上げる
付き合える
際だつ
切り上げる
立ち回る
折れ曲がる
飛びかかる
板張り
売りさばく
やり場
毛深い
芽生える
取外し
別れ際
深入り
せき止める
付け合せ
味つけ
やり手
ひと息
本読み
見定め
事細か
寄せ書き
取りだす
持ち回り
気だるい
引張る
春めく
二の足
鏡開き
利き手
雪の下
半開き
組み合わす
平に
小太り
立ちふさがる
大ぶり
打ち寄せる
家の子
色付け
積り
居直る
口うるさい
花しょうぶ
通り名
分ち
細る
さざ波
心置き
日取り
馬乗り
打ち直す
気負い
引きちぎる
図太い
見通せる
足かせ
拾える
明るむ
買い置き
組み方
か条
形づくる
取りざた
見取り図
か年
深追い
競り合い
言いふらす
あぜ道
両さん
ぶつ切り
悪ふざけ
織り上げる
決定づける
晴れ着
画く
笑わす
用心深い
連れ立つ
思わしくない
つくり出す
真ん前
毛頭ない
気安い
仕立てる
能無し
目減り
手伝える
失す
急ぎ足
打ちっぱなし
青み
あざ笑う
感じ入る
水飲み
積み上げる
品ぞろえ
川流れ
ぶどう酒
うな重
団らん
折しも
かき立てる
手分け
青じそ
古くさい
則す
初乗り
音読み
うめき声
品定め
真似る
小競り合い
造り酒屋
完ぺき
横流し
笑い転げる
重ね重ね
先んじる
息づかい
負い目
またの名
たき火
みやげ物
夢の島
力ずく
飛び地
遠まわし
気づかう
目覚ましい
きき酒
言い返せる
そそり立つ
落し物
かがり火
追い立てる
立ちすくむ
着こなせる
根づく
因む
紙くず
仲間はずれ
話し手
貸切り
付き物
取り止める
つけ加える
受け口
無理強い
頭でっかち
口利き
早とちり
引き際
円い
確り
のし上がる
聞き書き
開けっ放し
張り出す
たたき台
黒光り
出張る
木の間
下せる
活気づく
決る
五月晴れ
遠回し
役だつ
統べる
受けつける
書き取る
つり具
食らいつく
脈打つ
いで湯
交す
上と下
事足りる
仲よく
仕上り
思いだす
悪びれる
向こう岸
持ちこむ
別れ話
聞き取れる
花祭り
集り
折れ線
合し
やり口
けん玉
つかみ取り
丸っこい
申し子
日の入り
拾い読み
弁える
終わらす
読みきり
街なか
病み付き
立ちこめる
真っ黒い
張り切り
造り出す
小口切り
口ぶり
巣食う
目ざす
清清しい
持ち歩ける
選る
戦ふ
考え付く
取り分
後れ
案ずる
かけ算
だだっ広い
つ折
取り持つ
回し者
似つく
前書き
走らす
日照り
手回し
中通り
ど根性
しゃしゃり出る
持ち運べる
出で立ち
寄りかかる
でき上がる
買い入れ
食い初め
作りたて
細める
作り出せる
焼け野原
手間ひま
取り入る
庭付き
朝帰り
人助け
登りつめる
茶わん
切り返す
やり返す
泣き笑い
組み付ける
在りし
麦打ち
たたき出す
ご法度
お節
上の空
血迷う
静まりかえる
習わし
客寄せ
白む
報せ
言い草
買いあさる
浅ましい
立ち寄れる
持ち場
願いごと
植え付ける
買いだめ
申し立てる
引き留める
目やに
思いつめる
つくり上げる
物売り
顔なじみ
羽織り
魚の目
能う
売出し
鳴り出す
編み上げる
参じる
張りつめる
定まり
と金
笑いもの
読みふける
場当たり
語りあう
付き人
相打ち
人当たり
絶え絶え
共食い
花だより
お新香
焼入れ
飼える
美しくも
よそ見
引き当て
型破り
老いる
解きほぐす
お天道様
書きとめる
計らう
にわか雨
き損
受け方
感づく
象る
暴れまくる
殺める
福の神
弱き
落とし物
くみ上げる
接ぎ木
小気味よい
申し述べる
身寄り
死する
祭り上げる
乗りこむ
湯通し
地上げ
行きつく
言葉づかい
足せる
休み休み
秋まつり
もらい泣き
設える
群れる
取付ける
進み出る
寄り合い
変わり果てる
見易い
お家芸
生れる
出来損ない
竹とんぼ
毒づく
取り交わす
当たり年
遊ばす
輪っか
約す
一つ覚え
じゃじゃ馬
夏ばて
待ちかまえる
店じまい
鳥かご
書き物
何とぞ
意地っ張り
勢いづく
下積み
仕切り直し
世の常
服する
つり上げ
湯上がり
前かがみ
古ぼける
住みかえる
差し向ける
待てる
学び舎
息の根
へし折る
興る
種明かし
手合わせ
こき下ろす
買い漁る
打ちまくる
手広い
竹やぶ
切れ間
見回る
板の間
復す
食いつぶす
当せん
書き初め
平手打ち
うるち米
血みどろ
寄り切る
がぶ飲み
気後れ
木こり
見栄っ張り
手合い
仮住まい
帯留め
さ迷う
はじき出す
合いの手
手習い
打ち身
お神酒
言いだす
放れる
大みそか
取り外せる
分つ
変じる
野太い
しっぺ返し
小じわ
点る
点てる
均しい
立ちつくす
見直せる
折り重なる
子守り
引き回し
せん切り
手まり
笑い事
訓読み
お達し
焼け石
待ちくたびれる
横付け
機織り
目配り
歩留まり
いがみ合う
自ずから
心許ない
有終の美
むち打つ
身じろぐ
今しがた
灯ろう
ひ孫
書きなぐる
かいま見る
練り直す
冷え冷え
過る
伝え聞く
問い返す
虫けら
言い終わる
切れ長
とり入れる
位置付ける
口ごもる
取り返せる
もみ消し
お里
見知り
身の程
身の毛
量り
内張り
見まね
乗りこなす
内回り
うたい文句
序の口
つなぎ目
夕やけ
輪投げ
お引き立て
西向き
水あめ
不幸せ
慣れっこ
まくし立てる
古る
大入り
波立つ
間引く
植付け
時おり
心変わり
例へば
修する
お古
出直す
落ち武者
引っ張りだこ
ご多分
米どころ
いぶし銀
楽に
上し
知らんぷり
頭ごなし
問いつめる
血走る
上っ面
得てして
仕立て屋
おろし金
油っこい
はけ口
消え入る
乗り過ごす
見つけだす
暑がり
見せかける
かっ飛ばす
帰り支度
折り合う
手慣れる
待ちぼうけ
かん水
病める
ぶ厚い
ふんぞり返る
弱弱しい
曲がりなりにも
出しゃばる
飛びこむ
陸続き
化けの皮
にらみ合う
目配せ
うっ血
競り勝つ
立ち行く
読み切る
中ごろ
水差し
くじ運
肉付き
折返し
照れ笑い
満ち欠け
立ち消え
練り物
付け合わせる
川べり
船着き場
思い残す
立ち木
鳴り物
人受け
たい肥
好き好む
独り身
続けざま
松ぼっくり
浅黒い
残り香
書き散らす
数え年
白和え
石組み
手付き
花やしき
耳慣れる
連れ子
風の子
根差す
流し入れる
お住い
木くず
調える
申しつける
示せる
立入る
差止め
食い意地
青っぽい
考えもの
一先ず
切りかえる
勝ち得る
二つ返事
半殺し
居合い
気落ち
貯え
目ざとい
申入れ
食らわす
書き入れ
終に
火の車
生温い
大ざっぱ
巣くう
交う
別ける
思わしい
目付き
すり減る
乗り手
生易しい
花便り
夜回り
ねばり強い
写し出す
競り合う
然しながら
流る
注げる
聞きかじる
やり合う
持ち合い
組み直す
身構える
事始め
もの悲しい
言い直す
街かど
測れる
高利回り
責め立てる
山分け
火遊び
断固たる
平謝り
出来合い
食い気
張り手
消し飛ぶ
高望み
居着く
化かす
負け戦
由る
花冷え
お礼参り
列する
取出し
向かえる
書下ろし
持ちきる
転ずる
思いっ切り
血祭り
独り立ち
野ざらし
真向かい
せり出し
水入らず
案じる
評する
雪下ろし
強か
土のう
待受ける
引き落とす
気乗り
いきり立つ
枝打ち
追っかける
暴れだす
湯浴み
独りぼっち
放せる
目通り
覚ませる
投げ売り
張りつく
地続き
切通し
島流し
切り通し
数寄屋造り
導ける
身ごもる
男勝り
流し目
札入れ
招へい
永らく
光らせる
焼き飯
引っ付く
見せ物
見きわめる
損じる
乗りきる
落ちこむ
見おろす
おびき寄せる
手植え
変わり種
肥やす
底入れ
取り続ける
白あん
ひと足早い
負けん気
考へる
相づち
すり寄る
利かす
仕る
心行く
産す
神がかり
慣わし
分け前
右寄り
死に際
心地好い
親しめる
食あたり
命からがら
お上手
救ける
お多福
付合い
書き言葉
両開き
晴れ上がる
切り分ける
拾い物
未練がましい
やっつけ仕事
火まつり
名付ける
産み落とす
手向け
変り種
乗り組む
点す
読みかける
中だるみ
聞き上手
長らえる
置いてきぼり
年がら年中
鳴り物入り
気もち
上がったり
次の間
身の程知らず
貸し付ける
底冷え
根付け
くつ下
色あい
酸い
すそ野
わきの下
利する
見過ごせる
冷や冷や
積み残す
集まれる
死に絶える
結び付き
命拾い
過ぎ行く
お点前
目がける
得がたい
写し取る
首根っこ
置き時計
湯冷め
ひしめき合う
地鳴り
引っさげる
買入れる
飛び上がり
着流し
放ったらかし
言いくるめる
かち合う
塩もみ
すり合わせ
四つんばい
申し入れる
先細り
見初める
走り書き
生きのびる
血なまぐさい
言い出しっぺ
寄れる
飛び出せる
取りまとめる
候う
引き返せる
むかし話
成さん
寄りつく
住い
言いまくる
お松
かくし芸
毛羽立つ
願わくは
木組み
筆まめ
真白い
消えうせる
手もと
日だまり
乗り付ける
真っ昼間
打ちこむ
水切れ
唱う
茶目っ気
さん付け
すり減らす
借金取り
合す
谷あい
念ずる
旅だつ
接ぎ
名前負け
手づかみ
打ち合せる
末広がり
すくい上げる
焼き付ける
取り次ぐ
顔付き
雨よけ
見付ける
組み合う
首つり
圧す
富める
肉付け
物すごい
口移し
生みの親
追い落とす
通り雨
そぞろ歩き
総立ち
聞きだす
真打ち
歌いまくる
玉こんにゃく
読取り
根負け
思す
備に
日なた
開け放す
飲み代
お手の物
そば湯
くす玉
ひと回り
書き分ける
通し番号
働き手
勇み足
大もうけ
書初め
待ち人
風しん
もの申す
人でなし
失ふ
むしり取る
見くびる
殺ぐ
つむじ風
命知らず
ひねり出す
働きがい
考え物
通いつめる
取り下げる
生き別れ
ひし形
米びつ
敗ける
手みやげ
はね返す
取下げる
長年の夢
配する
早生まれ
生める
読み出す
ほほ笑む
焼付け
手すき
老いぼれる
言いきる
争える
生きぬく
重み付け
人づて
てこ入れ
画する
取りやめる
こびり付く
目じり
肥る
見損なう
逆なで
組み合せる
空き室
借り切る
やせ細る
面構え
根から
引け目
取り混ぜる
連れ回す
何時の間に
ほの暗い
気構え
取っ組み合い
がら空き
利す
冷やせる
やむを得る
生殺し
落ちつき
売り切り
打ち落とす
口もと
町外れ
在す
編める
お代
一こま
色めく
へそ曲がり
火の手
目明し
少しく
告げ口
貸し手
事足る
はまり役
語り合える
際す
熱す
手折る
帰せる
暴れ出す
青みがかる
口ぐせ
燃え移る
産み付ける
科する
つけ根
朝もや
売りまくる
追いこむ
持ち出せる
燃えさかる
円建て
向き合える
松の内
立ちのぼる
知らぬ顔
付け所
塩ゆで
わき道
生まれつく
力負け
覚る
位する
根絶やし
転ける
代かき
目立て
高利貸し
心づかい
打ち出せる
話し合える
ふっ飛ぶ
軽はずみ
秋めく
夜なべ
七転び八起き
下働き
付け入る
ぶっ続け
申し送る
大安売り
読みあさる
留め置く
紙すき
現代っ子
正せる
絵入り
人なつこい
山ろく
交わせる
目覚し
寄付き
出会い頭
追い出せる
身投げ
ひとり歩き
兄たち
しかめっ面
死に体
勝れる
気圧される
仕向ける
赤茶ける
注す
思い過ごす
目くそ
手返し
商う
殺気立つ
すすり泣く
えん罪
移り気
角張る
出ずっぱり
受けいれる
万事休す
口答え
したり顔
生き血
理る
照り返す
売り主
投げ付ける
気ぜわしい
知合い
こぎ着ける
ひと足
ひと通り
山焼き
持ちかえる
よつ葉
菜っ葉
飛びだす
布く
喜ばす
問い質す
天下る
知りあい
行き着ける
むき身
たたき起こす
手いっぱい
聞き役
花ごよみ
飛びまわる
実入り
飛び飛び
小見出し
使いもの
い服
成れる
男泣き
ふれ合い
張り子
冷や水
天下分け目
思いたつ
早分かり
下の句
声変わり
具える
左寄り
まゆ毛
見定める
重んずる
土寄せ
わり算
立ちあがり
夜鳴き
極楽とんぼ
注し
お祖父さん
死なす
手はず
字余り
橋りょう
はぎ取る
目付け
差しかかる
投げ入れる
税引き
逆立つ
飲みもの
飛び付く
条は
非の打ち所
都落ち
取りつかれる
仲間外れ
読み下す
料る
動機付ける
島しょ
すきま風
人好き
切れ者
まっ白
門構え
別もの
総なめ
助く
修める
足どり
走り出る
選り好み
首ったけ
仕置き
送りだす
白みそ
造れる
切りそろえる
先付け
送り付ける
打ちっ放し
数え上げる
取消す
食いつなぐ
お高く
取りこむ
相変わる
夏向き
せせら笑う
積み荷
茶こし
ぶん投げる
うちの人
金もうけ
なり手
先がける
ただ者
さし絵
和める
浴びせかける
書き損じ
取りつく
羽ばたける
局留め
入れかえる
青黒い
聞き苦しい
送りこむ
語りつぐ
野遊び
夢うつつ
上ずる
くの一
方向づけ
水がめ
分け目
かけ橋
七光り
理解し合う
圧する
力づける
人さし指
板ばさみ
世話焼き
わき起こる
仲よし
まき絵
見なれる
ぜい肉
飼い殺し
聞き分ける
耕うん
泣きわめく
香しい
学び取る
わき水
言いだしっぺ
合せる
うるう年
包める
道行き
弱っちい
にじり寄る
目のあたり
追いすがる
引き取り手
散り散り
毛むくじゃら
水け
赤みがかる
めん類
寄せつける
ぜん息
焼きつける
手負い
なで下ろす
まい進
編み目
一皮むける
真ん丸
和する
便せん
組入れる
観音開き
雪どけ
虫の息
入れ代わる
引きだす
火あぶり
出あう
成り代わる
お流れ
はしご車
花かご
切りかかる
作り笑い
かき出す
大っぴら
積み立てる
絵解き
かき鳴らす
大売出し
かぶと虫
点取り
道場破り
死に場所
手さばき
弓なり
おびき出す
岩のり
右向き
積み増し
求まる
こぼれ落ちる
記せる
もみ消す
極まり
価する
来し方
またたく間
読み流す
借上げ
当て馬
張り付ける
書き付ける
でき上がり
平織り
鳴ける
焼きいも
色刷り
結わえる
なき声
いんげん豆
ひな型
氷る
物覚え
横好き
悪乗り
計れる
切れ切れ
書き留める
のたうち回る
燃え広がる
売りつくす
風切り
成れの果て
湯引く
立ち上り
仲立ち
読みとり
足つき
進ちょく
乗入れる
口寄せ
節回し
読みこなす
海鳴り
ろ紙
養える
素知らぬ
くみ取り
取りかえる
取り落とす
うどん粉
貸し切る
導き出せる
水かさ
追い上げる
印す
育てあげる
目鼻立ち
借る
とび職
間近い
面食い
積立て
置きかえる
福引き
的はずれ
寺参り
風待ち
報ずる
毒消し
建て前
山かけ
見果てぬ夢
具に
練り合わせる
がた落ち
天つゆ
書き表す
何のその
うすら寒い
世話好き
前立て
買い受ける
泳ぎ方
日の本
こけら落とし
読み通す
減ずる
雪あかり
断ずる
月の輪
四つ角
湯せん
ひた走り
思うつぼ
犬ぞり
犯せる
切り目
中落ち
序で
飲み明かす
続き物
張りつける
とり上げる
ばら肉
見立てる
差し出せる
止めど
親せき
病が
後ろ指
元売り
かけ合う
情ない
独り歩き
重量挙げ
受けとり
足かけ
花ことば
風前の灯
差し出がましい
置き引き
きれい事
早打ち
つぼ焼き
切りとる
売り言葉
置き物
日本晴れ
顔向け
練り製品
示し合わせる
気立て
使いみち
書きつける
心する
研さん
行き過ぎる
お歯黒
ちり紙
金切り声
孫の手
学びや
心ならずも
なたね油
安らう
燃す
他山の石
ささ身
ごま塩
花いちもんめ
水ぼうそう
大写し
ばら色
領する
いま一つ
熱る
こぼれ種
持ち分
願い下げ
ただし書き
備付ける
関連付ける
一足飛び
行きずり
差引く
競る
口開け
身ぶり
開き戸
七つの海
気むずかしい
組み付く
心得る
口ひげ
高飛び
失する
陽ざし
綿入れ
子飼い
指し手
防じん
立て直せる
具合い
焼き増し
雨あられ
当たりまえ
すし飯
はじき返す
一ぱい
朝立ち
焼きもの
花入れ
やり切れない
永らえる
差し金
姉たち
雨だれ
積み出す
借り出す
急がす
夕ごはん
断れる
つるし上げ
落とし前
かば焼き
追える
七つ道具
もらい物
出初め
勝ち気
山の手線
地ならし
人聞き
左向き
歯向かう
血の池
食い合う
上目使い
冷やか
問いあわせる
月あかり
見当る
寄こす
お祖母さん
制は
土いじり
希う
お得意さん
耳より
かみ殺す
年の功
もめ事
たわ言
移り香
飲み下す
つり合う
集える
祝える
見下げる
山びこ
ひいき目
いろは歌
燃え立つ
飯ごう
冬ごもり
向かいあう
書き立てる
投ずる
すすり泣き
上れる
独り者
見せどころ
小ぢんまり
意味あい
結い上げる
雪うさぎ
小さ目
引きずり回す
天びん
買いこむ
書き送る
まっ黒
言い立てる
ひき殺す
遊び回る
上の句
立上り
せん定
男好き
見すえる
太っちょ
小うるさい
見つけ出せる
取入れ
歌わす
ふっ素
さく井
くみ取る
はき出す
かかわり合い
むせ返る
庭作り
じん帯
一時しのぎ
どら焼
産みつける
山すそ
返す返す
読みもの
くぎ付け
手ざわり
目まい
ひん曲がる
出切る
昔語り
金づる
初っぱな
船積み
何時しか
手ひどい
列ぶ
強ばる
泣き所
塩っぱい
底無し
厚ぼったい
起が
雨ざらし
空かす
巣ごもる
あいさつ回り
つまみ出す
殺し文句
ただ事
石こう
取りはずす
雨ふり
焼け死ぬ
上げ下ろし
取り立てる
差せる
費す
お側
建て売り
さくら草
型くずれ
買い言葉
言葉少な
差支え
仮り
積み下ろし
引きあげる
まがい物
有り金
落ちつける
羊かん
首すじ
お仕着せ
左きき
給する
取決める
徒に
そば切り
橋げた
石づき
使いで
死に神
乗りつける
冷や飯
金ぴか
見合せる
借り方
読み返せる
いの一番
人少な
置き手紙
朝起き
歴然と
持出す
あきれ果てる
乗りこなせる
語り明かす
用足し
女たらし
切り付ける
取りまく
ご破算
書きためる
興味しんしん
取り得
とろ火
口説き落とす
少なくも
いけ好かない
ほほ笑み
野次る
七草がゆ
浅まい
差し入れる
打合わせ
飼い慣らす
赤らむ
気どる
そぎ切り
ひっくり返せる
見のがす
色いろ
取っ付き
行き付け
はち切れる
挙る
聞き入れる
ほう助
折り紙付き
遊び歩く
打ち放す
手ぬるい
川開き
かん養
売り上げる
行ずる
組みなおす
罪作り
血合い
山出し
止り
読み合わせる
書する
晴らせる
根無し草
型付け
富くじ
取りとめる
取り消せる
鼻持ち
おぼろ月夜
買受ける
よそ行き
中入り
高みの見物
さい帯
売りきれる
くせ者
とび出る
思いあたる
出直せる
力試し
かんきつ類
横やり
花かんざし
温む
見取り
余り物
行く年
生まれ変われる
中の間
子だくさん
書きあげる
造りあげる
飛び切り
ご両人
読みかえる
焼き場
むし暑い
立ちどまる
名のり
内輪もめ
身一つ
貝がら
口やかましい
色つや
親代わり
かん高い
覚す
話しぶり
がん具
身ぐるみ
めぐり合わせ
さいの目
見なせる
ゆずり葉
張りきる
速まる
本に
何気無い
製する
黒こげ
書き下す
言い聞かす
差入れ
たたき上げる
車寄せ
仕上る
上げ相場
待ち合わせる
焼きもち
前ぶれ
出たとこ勝負
目の子
あて名
加さん
かじ取り
やり玉
右寄せ
切下げ
落着き
研げる
取っつき
引き回す
買いかぶる
造りだす
宮仕え
急く
差出す
指切り
岡っ引き
死に目
すり足
目ざめ
引っくり返す
付きっきり
丸だし
ひとっ飛び
消し止める
世界じゅう
くい止める
立ち代る
ぐい飲み
上げ底
桜もち
取り計らい
引きずりこむ
食べかす
ぼう然
持ち帰れる
し笑
起てる
手さげ
心付け
くり出す
目張り
聞きづらい
残りもの
行く行く
さらし者
水かき
荷さばき
辞する
火の元
説き明かす
買い付ける
立ち聞き
かな漢字
移れる
覚り
労しい
仕事がら
通わす
立ち直れる
情け深い
こむら返り
田作り
浴する
から口
うわの空
むせび泣く
残り火
生焼け
切り出せる
つり上がる
接ぐ
手落ち
迷わす
思いのたけ
草もち
選り分ける
乗りだす
くり広げる
助け船
雑然と
心もち
対がん
真っ平
名寄せ
読上げる
あめ色
物の数
習える
左寄せ
焼き印
物入り
張りぼて
青田買い
物分り
おつかれ様
暴き出す
回らん
星くず
大立ち回り
後かたづけ
大わらわ
打切り
出来ばえ
取りたて
通せんぼ
心づく
入り用
相まつ
目通し
気くばり
空っ風
力つきる
雪囲い
死に顔
思いなおす
こう着
金づち
数え歌
乗りかえ
丸つぶれ
口げんか
湯冷まし
はした金
内また
前借り
葉たばこ
向う側
飛び下りる
田舎っぺ
組付ける
売り付ける
もちの木
角い
仕合せ
たい積
燃えつく
おしどり夫婦
べに花
行きがけ
い死
果てし
聞き出せる
だ液
道具立て
生き字引
型どる
つま先立つ
あぶり出し
焼け付く
遠乗り
切りつめる
なまけ者
目差す
書き下し文
心安い
持ち合わせる
身代り
荷動き
観ずる
決り
草深い
うわ言
立ち向かえる
うじ虫
過つ
決め球
書出し
祝い酒
こう配
復する
賞する
晴れわたる
鳴かせる
栃の木
引っ張れる
種もみ
当て身
笑い返す
人指し指
位取り
負える
書き置き
話しことば
何やかや
孫引き
今わ
付合う
囲める
ひまし油
口取り
乗りこえる
産みの親
借り主
差しのべる
はじき飛ばす
人使い
横っ飛び
内の人
ひこうき雲
ひとりっ子
願える
はえ縄
精しい
感じとれる
出がらし
でっち上げる
やけ酒
引き下ろす
本決まり
付きもの
調子づく
木いちご
引っ提げる
交ざる
色変わり
里いも
景気づけ
気がね
お付
問い直し
死に別れる
消し炭
好もしい
考えごと
暗やみ
待合せ
名うて
目ざましい
つや出し
見積る
比する
借り出し
年度始め
不ぞろい
食いもの
鼻つまみ
思う様
火の気
飲みほす
お手つき
魚つり
血の道
送り出せる
打ちきる
通ぶる
男っぷり
夕ぐれ
差し止める
逆さまつげ
月極め
なぶり殺し
あきれ返る
真っ逆さま
ふり向く
引く手あまた
思いおこす
円やか
飲みで
焼きとり
月のもの
おみ足
七曲り
断てる
つなぎ止める
利ざや
会わす
立合い
道づれ
買い主
ひと声
申し入れ書
重る
ほうき星
目打ち
火ぶた
費やせる
手っとり早い
往ける
わき目
目だつ
かり出す
取り分ける
通りゃんせ
つなぎ服
急ごしらえ
議す
心がまえ
未必の故意
減す
食わせる
お構いなく
事切れる
当てずっぽう
打放す
取りあう
打ち勝てる
お冷
用立てる
ねずみ色
言いよどむ
転がせる
似たりよったり
説ける
いたずら書き
はしご酒
売り出せる
二の句
口説ける
借り入れる
追いまわす
使いこむ
ひょろ長い
円すい
話しこむ
取って置き
寄り目
お下げ
力こぶ
黒焼き
委しい
引き分ける
益する
さらし首
なれ合い
増せる
だみ声
質流れ
飲みこむ
ちんどん屋
安が
手付け
たたき売り
備えつける
玉子とじ
らい病
約する
対応付ける
走り出せる
かたくり粉
でんでん虫
書きかた
食いっぱぐれ
精出す
心づもり
ねじ切り
相いれる
切り開ける
大人ぶる
ぺんぺん草
はね返る
も本
波うつ
出歩ける
夜ふかし
別れ道
やり過ごせる
見まがう
人まかせ
学びとる
うの花
差上げる
飛び立てる
当てつける
たて続け
黄み
照り付ける
まっ先に
乗ずる
仲たがい
茶飲み
宿無し
木取り
引出す
ごちそう様
改む
買い支え
暴ける
留る
風の神
面差し
減らず口
落とし主
持て成す
現せる
鳥の子
思い余る
目の玉
先だつ
歯ならび
仕出かす
黄な粉
色どり
り災
立上がる
光り物
水あか
分かち書き
と殺
側が
総ざらい
貝焼き
労り
漁り火
着の身着のまま
やり投げ
備え付ける
出し手
書き出せる
形見分け
虫送り
切上げ
積上げる
待ち合い
町はずれ
はやし立てる
えびす講
明くる日
笑い飛ばせる
転ばす
投てき
口さがない
旅立てる
ひと山
編み機
時どき
売付ける
長そで
力まかせ
打ちどころ
産気づく
軽軽しい
塩引き
飛び魚
切り結ぶ
お気にいり
とまり木
使い走り
事も無げ
芽出し
言い付ける
引返し
配れる