思う
言う
行く
思い
良い
書く
入る
使う
見る
感じ
知る
持つ
考え
読む
下さる
探す
聞く
無い
食べる
問い合わせ
同じ
買う
好き
多い
作る
その他
入れる
受ける
行う
戻る
高い
お願い
多く
少し
続く
出す
及び
分かる
大きい
悪い
楽しい
帰る
取る
終わる
違う
変わる
本当に
強い
お客様
新しい
向け
教え
初めて
頂く
含む
飲む
早い
特に
大きな
一つ
続ける
見え
通り
言える
始め
呼ぶ
全て
楽しみ
詳しい
近く
欲しい
少ない
気持ち
頑張る
忘れる
求める
その後
送る
子ども
生きる
過ぎる
皆さん
考える
話す
確か
お知らせ
長い
違い
面白い
出来る
描く
来る
流れ
出る
使い
選ぶ
置く
待つ
ご覧
向かう
又は
乗る
進む
語る
お気に入り
お前
付け
売る
届け
残る
付き
美しい
死ぬ
歩く
致す
合わせる
美味しい
全く
目指す
走る
作り
実は
与える
開く
会う
基づく
必ず
変える
限り
示す
認める
難しい
生まれ
見せる
見える
大好き
小さい
始まる
近い
異なる
行い
安い
撮る
名無し
出会い
覚える
住む
押す
合う
小さな
釣り
上げ
見つける
降る
起きる
立つ
有る
打つ
加える
上がる
答え
決め
増え
決まる
用いる
付く
残す
新た
若い
困る
守る
深い
動き
落ち
暮らし
お金
幸せ
調べ
負け
比べる
間違い
進める
明らか
遊び
可愛い
広い
最も
聴く
迎える
楽しめる
祭り
思い出す
動く
願う
優しい
久しぶり
切る
お話
疲れ
彼ら
感じる
含める
信じる
低い
働く
同時に
笑う
素晴らしい
歌う
厳しい
届く
殺す
貼る
休み
離れる
周り
学ぶ
問合せ
勝つ
見つかる
起こる
食う
書き込み
買い物
立て
勧める
支払い
嫌う
遅い
例えば
消える
怖い
香り
知れる
軽い
伝え
止め
通る
除く
遊ぶ
飛ぶ
役立つ
自ら
凄い
済む
見れる
白い
払う
痛い
流す
一戸建て
住まい
連れ
繰り返す
既に
過ごす
焼き
申し込み
気づく
女の子
伴う
限る
集め
試し
明るい
更に
落とす
お待ち
申し上げる
訪れる
寒い
古い
開ける
悩み
集まる
起こす
豊か
選び
常に
借りる
聞こえる
沿う
取り扱い
お客
再び
次に
応じる
当たる
正しい
お腹
驚く
歩き
述べる
使える
始まり
捨てる
切れ
育てる
止まる
別に
失う
並ぶ
残り
後ろ
ご飯
喜ぶ
抜ける
激しい
楽しむ
図る
戦い
癒す
忙しい
減る
引越し
暑い
赤い
引く
使い方
熱い
生じる
任せる
建てる
引き
渡る
もう少し
弱い
関わる
子育て
痛み
至る
頂ける
隠す
短い
申し訳
静か
考え方
好み
広がる
返す
立ち
甘い
回る
分ける
掛け
咲く
越える
始める
珍しい
扱い
悩む
決して
何とか
避ける
居る
重い
伝わる
狙う
お茶
勝ち
得る
間違う
定める
当たり
係る
二つ
出会う
登る
手続き
遅れ
取り組み
足る
辛い
問う
取り組む
思い出
分の
座る
眺め
泣く
行なう
落ち着く
掲げる
禁じる
投げる
終える
辺り
上手い
寄せ
巻く
寄る
代わり
抱く
優れる
懐かしい
笑い
お世話
追う
お互い
喜び
気に入る
乗り
現れ
漏れ
慣れる
働き
手作り
挙げる
扱う
当たり前
載る
怒る
切り
助け
初め
遠く
書き込む
薄い
出かける
待ち
戦う
望む
恥ずかしい
我が家
逃げ
売れ
目立つ
触れ
許す
一気に
悲しい
走り
世の中
近づく
抜く
死ねる
細かい
釣る
狭い
改めて
夏休み
動かす
替える
吹く
込み
戻す
運ぶ
お母さん
伸び
勢い
黒い
気付く
眠る
赤ちゃん
汚れ
思わず
貸し
迷う
幸い
驚き
役に立つ
もう一度
負う
別れ
経つ
閉じる
美味い
愛しい
寂しい
組み合わせ
生かす
調べる
定め
頼る
相変わらず
巡る
少なくとも
判る
表す
下り
振る
開き
早め
下がる
奪う
囲む
お菓子
超える
向こう
増やす
何で
結ぶ
解る
見直し
迫る
載せる
上げる
暗い
晴れ
仕上げ
お送り
ある程度
育つ
幅広い
冷たい
教える
贈る
倒す
宜しく
重ね
果たす
外す
臭い
去る
想い
間違える
支え
出せる
振り
上がり
占い
取扱い
伸ばす
防ぐ
込める
振り返る
我が
同じく
お疲れ様
張る
青い
向き
放つ
暖かい
お伝え
見つめる
受け取る
設け
備え
学び
味わう
食べ物
遠い
揚げる
書ける
実に
単に
明け
受け入れ
亡くなる
怒り
乗せる
努める
有する
広げる
寝る
無くなる
下げ
倒れる
掛かる
壊れる
越す
辞める
演じる
本当は
訴え
取り寄せる
植える
並べる
誘う
取り上げ
回り
仕組み
効く
向い
伝える
輝く
込む
諦める
焼く
組む
濃い
見かけ
折る
味わい
踊り
絞る
飾る
流れる
飛ばす
保つ
踊る
踏む
逝く
狙い
抱え
包む
救う
入り口
襲う
泣き
増える
恐れ
吸う
荒らす
受け付け
引き続き
抜き
弾く
渡し
頼む
付ける
見た目
勘違い
着い
速い
細い
拾う
当て
飼う
盛り上がる
ご存知
着く
抑え
お出かけ
直し
整う
決める
お父さん
申す
参る
造り
高め
意外と
叫ぶ
登り
有難う
日帰り
絡む
難い
休む
活かす
並び
選べる
知り合い
正しく
思える
お昼
匂い
予め
積む
急ぐ
承る
下る
恐ろしい
極めて
満たす
引っ張る
疑い
空く
隠れ
埋める
及ぶ
落ちる
伺い
守り
消し
洗う
占める
共に
攻め
削る
酷い
憧れる
やる気
回し
混ぜる
取り付け
お答え
間に合う
付き合い
飽き
減らす
並びに
治る
やり方
温かい
記す
単なる
真ん中
聞ける
上る
男の子
控え
柔らかい
付き合う
お子様
耐え
誇る
仕掛け
成る
通し
構う
通じ
恵まれる
探せる
吐く
何故か
申込む
助かる
盛る
生き物
苦しい
余り
お礼
黙る
光る
仲良く
見積もり
添える
集まり
担う
行ける
浮かぶ
訪ねる
狩り
生き方
飾り
稼ぐ
愛する
生み出す
支払う
殴る
応え
塗る
従う
古く
問い合せる
捉える
握る
奥さん
割れる
似合う
引き出す
触る
造る
見守る
色んな
加わる
尽くす
漂う
掘る
お湯
涼しい
燃える
外れ
試み
塗り
生える
愛す
若しくは
お笑い
履く
慌てる
出来上がる
分かれ
施す
達す
壊す
祈る
悔しい
間取り
お越し
誤り
浴びる
取り扱う
許し
咲き
上り
但し
突っ込む
お祝い
増し
生まれる
広がり
解く
祈り
姉さん
っ子
作り方
蹴る
詰め
漬け
危ない
招く
この間
映る
見通し
移す
挟む
尋ねる
張り
御座い
創る
後で
取り入れ
荒れる
笑える
築く
持てる
立ち寄る
手入れ
満ちる
踏まえる
高める
何より
穏やか
見積り
響く
痩せる
疑う
答える
何だか
陥る
重なる
及ぼす
深める
断る
暮らす
怪しい
この世
響き
易い
固い
その間
高まる
導く
仕入れ
乗り換え
巻き込む
大いに
誠に
混む
泊まる
取り戻す
お手伝い
数える
汚い
曲がる
渡す
読み取る
務め
崩れ
三つ
あり方
興味深い
絞り込む
立てる
被る
現れる
並み
祝い
切り替え
返る
支える
仮に
割り
破る
覆う
上回る
最寄り駅
数多い
鮮やか
心から
撃つ
酔う
誇り
採る
止める
配る
争い
書き方
見上げる
斬る
果たして
要る
詰まる
確かめる
崩す
飛び出す
通う
皆さま
お寺
立ち上がる
下ろす
騒ぐ
反する
何らかの
お盆
太る
済ませる
引っ越し
手伝い
呼びかける
干す
言い方
思いつく
混じる
適す
旨い
爽やか
促す
か月
注ぐ
眠い
湧く
構え
取れる
兄ちゃん
半ば
買える
探る
揺れ
観る
兄さん
笑み
預かる
消す
幼い
触れる
褒める
流行る
あっという間に
贈り物
移る
例える
舞う
召し上がる
要するに
いつの間にか
挑む
染め
逃げる
問い
脱ぐ
謝る
言い訳
固め
浮かべる
取り出し
習う
見出し
硬い
頼り
必ずしも
伺う
輝き
背負う
未だに
曇る
追いかける
称す
丸い
勤め
散る
お断り
著しい
写る
未だ
育ち
苦しむ
鍛える
負ける
泳ぐ
携わる
犯す
収める
建つ
心がけ
腐る
次第に
太い
思いっきり
厚い
何となく
沈む
盛り上がり
打ち合わせ
有す
照らす
押さえ
誓う
治す
僅か
何とも
組み
割る
受け止める
空き
心地よい
我が国
浅い
仕立て
励ます
乗り越える
利く
眠り
要する
兼ねる
独り言
刻む
固まる
今や
気持ちよい
いい加減
直す
鋭い
締め
如く
盛ん
恐らく
離す
滑る
読める
果て
好む
前向き
黄色い
見比べる
鳴る
お好み焼き
真っ赤
年寄り
仕上がり
目覚め
僕ら
在る
有り難い
覚める
奴ら
代わる
浮く
飲み物
成り立つ
羨ましい
微笑む
冷え
手伝う
属する
何と
膨らむ
名乗る
金持ち
相次ぐ
蒸す
譲る
悲しみ
片付け
迷い
繰り広げる
含み
叫び
斜め
見よい
二度と
敷く
買い上げ
磨く
遊べる
苦しみ
一人暮らし
話しかける
お話し
打ち上げる
唱える
売れる
運び
お子さん
炊く
関わり
お正月
お買い得
作れる
接す
盛り上げる
差し
冷やす
田んぼ
直ぐ
話し合い
焦る
売り上げ
稼ぎ
傷つける
受け取り
友だち
指し
併せる
お手数
やって来る
救い
勝てる
縛る
持ち込む
遭う
乗り込む
飼い主
天ぷら
臨む
受け継ぐ
柔らか
収まる
時に
賢い
説く
大した
告げ
許せる
裏切る
わが国
引き上げ
気持ちいい
指す
華やか
鳴らす
着替え
見込み
誤る
学べる
通す
取り除く
売り切れ
回す
結び
引き起こす
薦める
狂う
集める
互いに
切ない
逃す
駆ける
髪の毛
動ける
情けない
騒ぎ
納める
洗い
群れ
飛び込む
打てる
過ごせる
望み
力強い
滑り
磨き
お祈り
潰れる
暫く
作り出す
着る
溶け
抑える
見逃し
暴れ
捕まる
お薦め
写し
刺す
見舞い
伸びる
通い
闘い
従って
姉ちゃん
幾つ
お陰
眺める
枯れる
余る
命じる
震え
思ふ
選び方
率いる
お家
交わす
故に
座り
出掛ける
欠け
目当て
歩ける
手がける
遂に
偉い
歩む
面す
お気
潰し
落ち込む
劣る
味付け
泣ける
閉める
染まる
持ち主
営む
下がり
交える
下げる
着ける
曲げる
発す
足す
直ちに
持ち帰り
万が一
入れ替え
話し合う
見かける
訴える
頼み
恵み
追いつく
産む
務める
歩み
素早い
絞り込み
焼け
刺し
日焼け
転がる
作り上げる
潜る
お過ごし
降りる
下す
乱れ
貯める
申し出
切れる
報じる
来れる
測る
先ず
会える
真っ白
改め
組み立て
乾く
雇う
温める
捕まえる
締め切り
たどり着く
鳴く
叱る
知らせ
敗れる
向き合う
色合い
お迎え
埋まる
解ける
通じる
望ましい
便り
等しい
可愛らしい
存じ
属す
明かす
招き
育む
葉っぱ
傷つく
何かと
生る
うつ病
苦い
落ち着き
貫く
傾ける
気まま
甘え
潰す
見直す
闘う
急ぎ
接する
彩る
読み方
預け
持ち上げる
やり取り
申し込む
問い合わせる
立ち読み
出入り
稼げる
要は
親しい
取り込む
位置づけ
役立てる
継ぐ
ご無沙汰
ご存じ
振込む
突き
間もなく
抱きしめる
生き残る
速やか
強める
時には
握り
装う
争う
引き継ぐ
入り込む
習い事
盛りだくさん
分る
追い込む
助ける
打ち込む
引っかかる
就く
誘い
化す
積もる
売り場
売れ筋
お疲れさま
駆けつける
押し付ける
粘る
泊まり
貧しい
秘める
中でも
受かる
向ける
好ましい
責め
発する
富む
思い切る
小遣い
お尋ね
冷める
甘み
振り回す
盗る
仕込み
受け入れる
日差し
取り消し
焼き鳥
講じる
味わえる
突っ込み
見送る
引き取る
ため息
題す
肩こり
待ち合わせ
向う
仲良し
戴く
帯びる
織る
想う
差し上げる
養う
包み
遅れる
集い
ご苦労
無理やり
盗む
一人ひとり
突く
見込む
気持ち良い
描ける
惜しい
気まぐれ
大きめ
留まる
沸く
擦る
替わる
暮れ
言い出す
早起き
教わる
取組む
抱える
置き場
値上げ
留め
換え
物足りない
昔ながら
脅す
持ち込み
因みに
値下げ
淡い
食らう
賭け
咲かせる
聴ける
結びつく
祝う
拭う
知り合う
終る
物凄い
引け
乗り物
振り向く
区切る
試す
増す
恐い
仕上がる
現に
折り返し
介す
恋しい
近づける
お参り
立ち上がり
積み重ね
催し
見下ろす
魅せる
手持ち
直る
何やら
遂げる
励み
嫌がる
通り過ぎる
競う
即ち
夜明け
貯まる
凍る
呪い
四つ
何気ない
何ら
着せる
お守り
暖か
論じる
思い込む
揺れる
我ら
高まり
動き出す
町並み
名付け
手のひら
働ける
賜る
設ける
燃やす
出迎え
帰り道
追って
置き換える
重ねる
現す
組み込む
達する
たこ焼き
引きずる
密か
花びら
多め
呼び出し
疲れる
化け
且つ
操る
日の出
浸る
当てはまる
仕分け
厚み
逃れ
告げる
破れ
お誘い
欠く
数少ない
入れ歯
使い勝手
先ほど
転ぶ
励む
垂れ
隠れ家
嫁さん
控えめ
混ざる
貸し出し
税込み
荒い
討つ
応える
漏らす
いち早い
和む
手書き
溶かす
編み
澄む
飲める
見送り
尽き
当てる
乏しい
品切れ
堅い
要す
気合い
見渡す
吸い込む
宝くじ
大騒ぎ
焼きそば
絶える
培う
刈る
仕える
仰る
募る
逃げ出す
思いやり
危うい
釣れる
お返し
久し振り
手打ち
呼べる
菜の花
追い出す
愉しい
痛む
休める
恨み
変る
拭く
真に
大人しい
見合い
強まる
広まる
期す
細か
真っ直ぐ
引き込む
当り
腫れ
母さん
補う
嫌がらせ
移り
深まる
差し出す
掛ける
抱っこ
気の毒
損なう
摂る
成す
練り
独り
引き受け
落書き
お嬢様
無くす
拘る
何だ
旨み
聞き取る
見受ける
近寄る
詠む
敢えて
煮込み
乗り切る
広め
凝る
消せる
転じる
捜す
次ぐ
託す
文字通り
案の定
愚か
制す
空ける
出会える
問いかける
枠組み
道のり
親しみ
明かり
緩やか
生む
哀れ
取り巻く
捕らえる
浸かる
買い求める
読み返す
石けん
倒せる
費やす
お宝
計る
向く
盛り込む
栄え
互い
覚ます
仰ぐ
持ち帰る
乳がん
魔法使い
整える
行える
強み
表れ
お隣
昼休み
降ろす
怒鳴る
見当たる
概ね
抜け出す
知らせる
手掛ける
伏せ
唄う
彩り
昇る
埋め込む
言うまでもない
値する
相応しい
夕暮れ
至り
奏でる
訳す
大嫌い
重み
物語る
持ち出し
凄まじい
振るう
手づくり
映す
次いで
巧み
乗り出す
下し
傍ら
渋い
閉まる
吐き出す
持ち歩く
走り回る
悟る
手当て
友の会
生まれ変わる
望める
暮らせる
真っ暗
田植え
立ち止まる
察し
日替わり
凹む
下回る
備える
練る
玉ねぎ
途切れる
見据える
現われる
過払い
酔っ払う
悩ます
覆い
欠ける
読み取り
出回る
何もかも
返せる
仕込む
今さら
痛める
衰え
語り合う
在り方
立ち向かう
見どころ
絡める
着付け
聞かす
取り出す
父さん
傾く
合える
極め
停める
戸惑う
満つ
浮かび上がる
手抜き
正に
弱る
鳴き声
偏る
引き寄せる
付す
出向く
振り込み
送り出す
車いす
届け出
除ける
踏み込む
嘆く
思い込み
差し込む
食する
大さじ
生き生き
いた事
誉める
思い浮かべる
逆らう
深み
主として
堪える
踏み出す
鈍い
真っ
埋もれる
真っ黒
泳ぎ
滅ぼす
取り外し
名づける
追い詰める
幾ら
使い分け
大して
萎える
夕焼け
妨げ
釣り場
見分け
滑らか
想い出
お忙しい
見抜く
思い切り
生ずる
思いつき
値引き
延ばす
書込み
鳴り
遠慮ない
包み込む
先立つ
集う
付け加える
産まれる
紡ぐ
戦える
長生き
捕る
絶つ
真っ先
醜い
薄れる
すれ違う
余りに
拒む
隣る
読み込み
やり直し
奨め
働きかけ
折りたたみ
昼過ぎ
天下り
香ばしい
怠る
話せる
潤い
お方
哀しい
丸ごと
意味合い
日の丸
赴く
映し出す
閉じ込める
遣い
待ち時間
老い
大通り
太もも
傷み
悟り
据える
縫う
分かれる
免れる
区切り
遣る
見極め
丸出し
裏切り
延べ
取り消す
飛べる
蒸し暑い
灯り
重たい
夕べ
際立つ
結びつける
吹っ飛ぶ
遡る
まとめ買い
吐き気
絵かき
引き下げ
一向に
浮き
召す
滅びる
待ち受ける
省く
思い入れ
品書き
驚かす
為す
薄暗い
剥く
見慣れる
最寄り
懲りる
面倒くさい
煮込む
宜しい
慰め
乗り場
身の回り
帰す
見合う
通れる
見習う
打ち出し
早くから
逃がす
引き締め
お便り
見失う
人びと
彫り
則る
透ける
ほうれん草
代え
一段と
やむを得ない
安らぎ
焦り
感じ取る
投じる
買い取り
度合い
耐える
奥深い
略す
準じる
課す
跳ぶ
お母様
恋する
旅立つ
置ける
日ごろ
引き分け
手洗い
怖がる
見舞う
何しろ
当る
焼き肉
吹き飛ばす
大げさ
泊り
主たる
走り出す
使い捨て
若返る
攻める
割り切る
少なめ
お嬢さん
利回り
譲り
病む
散らし
余儀ない
詰め込む
止む
飛び交う
刺さる
格付け
終り
照れ
読み上げる
占い師
見逃す
放す
宿る
割り当て
助け合う
愛らしい
積み上げ
順に
見捨てる
刻み
染み
乗れる
何時も
買取る
君たち
押し寄せる
憶える
如き
依然として
取り合う
剥がす
前払い
山歩き
憩い
跳ね
和える
有り得る
行き先
担ぐ
引渡し
生み
快い
苦しめる
乗じる
書き換え
位置付け
脅かす
寄り道
わが家
切り取る
慕う
近付く
拝む
偽り
鳴き
活きる
見習い
久しい
遮る
済ます
子連れ
手助け
震える
片づける
誤魔化す
好い
日当たり
組合せ
使いこなす
持ち物
充てる
手すり
差し入れ
恐る
値上がり
呼び出す
紛れ
冷え性
墓参り
あっという間
落ち着ける
通行止め
お許し
聖なる
亡き
欠かす
起き上がる
手引き
亡くす
暇つぶし
退く
呈す
対す
心強い
行き届く
思い立つ
振る舞い
取り上げる
心掛け
待ち遠しい
閉ざす
乗っ取る
残せる
搾る
坊さん
薄める
温まる
旅立ち
別れる
小さめ
定か
眼差し
色づく
泊まれる
寝かせる
戸惑い
絶えず
乗り入れ
読み解く
打合せ
切り口
知らす
飲み屋
見やすい
ただ今
日にち
言い聞かせる
手渡し
読み物
取り付ける
細長い
貸す
取り替える
崩れる
見落とす
進め方
成し遂げる
話し方
呪う
意気込み
長持ち
打ち切り
寄り添う
沈める
決め手
編む
憎む
仕切り
漠然と
狩る
見渡せる
寄せる
醸し出す
目覚まし
申し入れ
縫い
仕出し
仕切る
開き直る
微か
砕く
きめ細かい
可笑しい
産み
横たわる
取り込み
損ねる
すき焼き
切り捨て
絵描き
見回す
見知らぬ
改める
委ねる
好く
ひっくり返す
否める
催す
沈み
生き残り
見出す
大いなる
有難い
連なる
年明け
合せ
読み込む
見なす
推す
溺れる
受取る
宛て
離せる
兼ね備える
後払い
駆け抜ける
挿す
護る
弄る
赤ん坊
すれ違い
止る
大笑い
恐れ入る
分厚い
買い換える
落ち葉
程よい
気が付く
張り付く
五つ
お供
たんぱく質
言い分
健やか
分かつ
浸す
持ち合わせ
不味い
長引く
凝らす
尽きる
横切る
平ら
防げる
好き嫌い
細やか
洗い流す
構える
遠ざかる
切り替える
抱きつく
摘み
書き込める
過ち
立ち去る
取り敢えず
名乗り
大盛り
温もり
塞ぐ
滞る
風合い
嗅ぐ
使い道
詰まり
断り
後押し
語りかける
戸建て
先駆け
流れ込む
得する
内祝い
計り
資する
似合い
細め
歯磨き
険しい
低め
占う
彫る
覆す
任す
行き来
飛び降りる
頼もしい
暮し
買い替え
湿る
呼び名
気さく
葬る
供する
今にも
兆し
立ち入り
詰め合わせ
封じ
延び
丸める
値打ち
狂い
落とせる
見下す
長め
押し込む
奥行き
山登り
溶け込む
緩い
笑い声
申し立て
盆踊り
抜け毛
飢え
違える
生き抜く
仕上げる
盛り合わせ
治まる
引き換え
紅い
外せる
心構え
張り切る
落ち込み
外れる
気遣い
傾げる
組み合わせる
係わる
届ける
飛び込み
神さま
春休み
通りすがり
営み
悔い
もの凄い
担い手
書き下ろす
根強い
切り替わる
堕ちる
勝る
恨む
揺らす
吹き出す
呼び掛ける
寛ぐ
当の
折り紙
準ずる
取付け
許可ない
微笑ましい
洗える
報う
憎い
取り囲む
戯れる
生き延びる
水揚げ
称する
生きがい
吹き込む
嘆き
願い事
飲み込む
転がす
走れる
目の当たり
尊い
世に
聴こえる
手がかり
憎しみ
二日酔い
軽やか
歩き回る
取り入れる
飽きる
実る
追っかけ
通り抜ける
取り直す
肌寒い
勤める
放り込む
生かせる
お披露目
課する
段取り
取寄せる
肩書き
呼ばわり
縮む
差す
埋め立て
阻む
切り開く
実り
親しむ
差し引く
永い
年越し
仲間入り
緩む
付け根
あだ名
駆る
裏付け
伝う
涼しげ
見立て
試みる
触り
投げ出す
後ほど
着こなし
取消し
極める
お姫様
塩焼き
探り
志す
取りあえず
何れ
暖める
歯ごたえ
連ね
引き上げる
見逃せる
虚しい
寿し
人差し指
脳みそ
入れ替わる
色とりどり
絞める
焼き上げる
摘む
突きつける
引き締まる
八つ
授かる
義務付け
お化け
入ろう
博す
直に
待たす
香る
落とし穴
生れ
乾かす
取り残す
母ちゃん
控える
目覚める
切り上げ
売り出し
勝ち取る
依る
見せつける
振り込む
裁く
万引き
梅干し
覚せい
吹き抜け
飛び立つ
掛け軸
踏み切る
大当たり
無駄遣い
祭る
手ごろ
冬休み
見苦しい
見合わせ
大まか
嫁ぐ
企む
砕ける
買い取る
憂い
押しつけ
持ち運び
定まる
混ぜ合う
建て替え
引き返し
見入る
下請け
いつの間に
泣かせる
申し付ける
見張る
名高い
台無し
男らしい
投げかける
浮き彫り
住める
暴く
手放し
押さえる
上乗せ
傾き
笑わせる
潜り
悔やむ
生まれ変わり
濁り
晴れる
弾む
立ち並ぶ
映り
取りまとめ
憤る
備わる
今ひとつ
授ける
明け方
表わす
潜む
駆け寄る
お年
乗り継ぎ
抜かす
お子さま
映え
串焼き
清める
命ずる
講ずる
色っぽい
即す
立ち直る
割り込む
乱す
切れ味
拓く
恥じる
治める
蓄え
隠せる
化け物
煮る
隔て
書き出し
手ぬぐい
夢見る
お札
垂らす
持ち出す
お決まり
取り締まり
点く
徹す
足取り
曇り空
踏ん張る
善い
先行き
通り越す
持ち味
何せ
かけ離れる
縮める
惜しむ
届け先
顔立ち
罵る
肌触り
先取り
締まる
下りる
落し
締め付ける
ろ過
先送り
揚げ物
果てしない
みじん切り
苛立つ
晴らす
呼び込む
引き渡し
散らす
括る
四角い
責める
あの世
根っこ
鉢植え
解す
気付け
評す
配し
七つ
騒がしい
掘り下げる
腰掛け
末永い
何一つ
奉る
一休み
透き通る
映える
恐れる
思う存分
間抜け
撮れる
植え付け
動き回る
惑わす
果たせる
挙がる
眠れる
使い切る
苦笑い
長らく
降り注ぐ
思いこむ
掛け声
空き地
晴れ間
剥がれる
沸かす
投げつける
前もって
逃れる
濁る
成り立ち
湧き出る
切り出し
偏り
切り裂く
かき氷
怪しげ
言い回し
惜しみ
息抜き
還る
研ぐ
写り
浴びせる
焦げ
弾ける
口当たり
探し出す
災い
負け犬
焼き物
求む
聞き入る
膨れる
木の実
遊び心
緩め
分り
水洗い
突き進む
踊り子
途絶える
居眠り
遊び場
お似合い
咲き誇る
極まりない
同い年
取り返し
和やか
お手本
飛びつく
揺る
見込める
架かる
交じる
諭す
躍る
出だし
気配り
義務づける
選りすぐる
保てる
見返し
売上げ
梅雨入り
住み替える
絵の具
囚われ
出くわす
茂る
茶色い
親知らず
患う
思い起こす
清い
飛び回る
幼なじみ
裂ける
芽生え
肺がん
格好いい
真っ最中
受付ける
居座る
固める
失せる
言い張る
身動き
突っ走る
熟す
総じて
起る
隠れる
作り直す
写す
恩返し
手渡す
生き返る
切り抜き
根ざす
お花畑
対する
合わす
断つ
過ぎ去る
繰り出す
騒がせる
鳴り響く
気取る
済まない
揺さぶる
帰れる
聞き流す
和らげる
逸らす
断ち切る
見切り
見返り
群がる
突き出し
お年玉
瞬く
直せる
舞い上がる
盗み
割く
まつ毛
里帰り
組み込み
囲い
追いやる
気まずい
差し替え
傷む
忍び
食い物
突き刺さる
出遅れ
重んじる
浮かれる
忘れ物
ぶら下がる
言い放つ
指さす
思い通り
侵す
うろ覚え
切り落とす
見晴らし
見栄え
堪る
言い伝え
降り出す
お鍋
握り締める
裂く
働かせる
顔つき
吹き替え
被せる
退ける
改ざん
見せかけ
生ける
白髪染め
安っぽい
入れ替わり
塗り替える
引き抜く
見覚え
はみ出す
侮る
教え子
見張り
裏返し
素泊まり
弾き語り
味わい深い
架ける
如し
手放す
散らばる
仰向け
乾き
交わる
飛び散る
差し支える
死す
後回し
向かい合う
描き出す
潔い
取扱う
泳げる
愚痴る
押し出し
噴く
醸す
真っ青
係り
老ける
見開く
思い当たる
惨め
食える
漬け込む
小さじ
見いだす
生い立ち
踏み入る
風通し
釣り上げる
仕掛ける
間合い
心当たり
引き金
冷える
乗っかる
遅ればせながら
それ程
遠回り
お済み
助っ人
恐る恐る
手応え
類する
吹き飛ぶ
投げ込む
木の葉
ひと言
平然と
お気づき
放る
暴れる
稲刈り
赦す
見極める
遅らせる
詰める
考え直す
繰り出し
資金繰り
後ろ姿
使いこなせる
箱入り
組める
情け
襲いかかる
巻き上げる
打ち明ける
切り込む
決めつける
行き過ぎ
お座敷
折れる
手造り
引き継ぎ
思いやる
根付く
駆け引き
追い越し
ごま油
見とれる
語り継ぐ
溶ける
手遅れ
顔ぶれ
漸く
締め切る
思い返す
遺す
極み
静けさ
繰る
打ち切る
生きもの
大忙し
気遣う
慣らす
安らか
ひび割れ
振舞う
総て
申し分
程遠い
損する
司る
行きつけ
話し掛ける
清らか
甘酸っぱい
冷え込む
色濃い
小ぶり
追い込み
引っ掛ける
歯止め
前売り
汗だく
軒並み
射す
小高い
妖しい
読み替える
冷え込み
空しい
つき合う
考え込む
祝い金
父ちゃん
雨上がり
預ける
空振り
雪だるま
受けとめる
食いつく
読み直す
立て続け
お産
執り行う
前置き
触れ合う
人見知り
疑わしい
折りたたむ
着払い
海沿い
巻き起こす
腐れ
全う
口ずさむ
酸っぱい
喜ばしい
引き立て
切り離し
納まる
振り切る
売り物
縁結び
鬱陶しい
染める
当てはめる
置き去り
勝ち越し
線引き
お供え
片思い
創り出す
長続き
頼める
寧ろ
行き着く
歯並び
張り紙
手っ取り早い
耕す
気取り
組み換え
貸し切り
見せ場
導き出す
不向き
詰合せ
増やせる
絡み合う
放り出す
陽射し
照り
償う
丸見え
素振り
たった今
処す
惜しくも
漏れる
天の川
飲み干す
逆さ
売れ行き
語らう
頼れる
執る
見届ける
安売り
白っぽい
肌荒れ
千切り
移り変わり
端っこ
思い知らす
囲う
つま先
わが子
無性に
申しあげる
お作り
切に
下敷き
送れる
集る
振り込める
切り札
成り行き
坊ちゃん
消え去る
引き合い
種まき
炊き込む
携える
言い過ぎ
お立ち
水遊び
甘やかす
見つけ出す
懸ける
切らす
息苦しい
ご利益
逃げ切る
粘り強い
かき混ぜる
表向き
お呼び
害する
羽ばたく
継ぎ
見開き
寝起き
盛り付ける
引き返す
泣かす
揺らぐ
弱まる
思い描く
輝かしい
人殺し
妬む
立ち会う
漏えい
追い求める
目隠し
上書き
引き裂く
乞う
ついて行く
買い付け
読み書き
山積み
基く
引き離す
日に日に
打ち出す
立て直し
震わせる
むき出し
子持ち
勢ぞろい
裁き
引っ越す
疎い
借り入れ
手取り
意気込む
寝込む
超す
ひっくり返る
因る
耳鳴り
書き上げる
取替える
拭き取る
手触り
飛び出る
突き抜ける
印象深い
吸い取る
目白押し
心温まる
受け皿
敷き詰める
ひな祭り
出し入れ
冷ます
草刈り
我が身
片付く
振る舞う
幕開け
歌える
まな板
相まって
広める
ぶら下げる
垂れ流し
秋祭り
叫び声
皮切り
麗しい
取り締まる
言い合う
称え
問い詰める
追い風
引き続く
お目にかかる
狙える
虐める
剥ぐ
夢みる
片付ける
読み手
思いがけない
煮付け
腹立つ
寝返り
弾み
妨げる
専ら
遠のく
追い払う
見付け
昇り
報い
引き受ける
引っ掛かる
取り調べる
空っぽ
肉まん
この上ない
解き放つ
醒める
効き目
正す
起し
戒め
足りる
注意深い
刷り
振り付け
撃てる
赤み
偽る
囲み
給う
溶く
更かす
駆け込み
渦巻く
使い物
押入る
紛らわしい
行き交う
長ける
渇く
婆さん
期限切れ
見積もる
油揚げ
短め
値動き
下らない
涙す
ぬるま湯
茶の間
雨漏り
彼女ら
上向き
坊や
命がけ
戻せる
解き明かす
人間らしい
どん底
振り分け
息づく
染み込む
忍ぶ
身代わり
下取り
逃げ込む
取り掛かる
見え隠れ
見過ごす
買い方
折り畳む
食いしん坊
買い手
出入り口
手描き
催し物
送り込む
乗り継ぐ
請け負う
薄切り
築き上げる
粗い
咲き乱れる
交ぜる
何だかんだ
左利き
連れ出す
掛け合い
滅ぶ
締めくくる
浮き上がる
切れ目
譲り受ける
流れ星
威張る
お初
思い思い
心遣い
突き放す
駆け込む
丸み
引き立つ
冷や汗
伸ばせる
燃え尽きる
悩ましい
割り込み
手早い
凝り
移り住む
銘打つ
眠たい
喚く
立たす
弱める
鈍る
すり抜ける
書き手
害す
片っ端
草の根
呼び捨て
心待ち
後ろ向き
値下がり
突き刺す
時代遅れ
拙い
木の下
見応え
温かみ
顧みる
出し合う
入れ替える
締める
恥ずかしながら
打ち破る
欲張り
到る
立会う
追い抜く
盛り沢山
ご時世
押し切る
仰せ
脱がす
空き缶
取締り
持ちかける
駆け出し
備え付け
生き残れる
抱き合う
鑑みる
伸び悩む
潤う
哀しみ
乗り換える
前倒し
卸す
書き直し
寝ぼけ
回せる
色あせる
零れる
操り
真っ盛り
決す
断じて
如何なる
塩漬け
焦がす
締めくくり
気にいる
払い戻し
競い合う
規則正しい
忘れ去る
焼ける
お山
出直し
切り離す
住まう
招き猫
合わさる
見ごたえ
取り合い
早まる
昼下がり
人並み
束ね
和らぐ
二の腕
気がかり
背伸び
勝ち抜く
変わり目
注ぎ込む
酒造り
抱え込む
通ずる
真っ向
一概に
引き出物
漁る
聞える
手放せる
引継ぎ
取っ手
拡がる
手直し
賭ける
悲しむ
誇れる
崇める
つ折り
拠る
煮詰める
力尽きる
攻め込む
人通り
見分ける
帰り際
滴る
弱み
行く末
遊び方
受入れ
山並み
渋る
添う
降り続く
持ち上がる
買上げ
芽吹く
絡まる
見計らう
泡立てる
出稼ぎ
信ずる
胃がん
息切れ
手厚い
未払い
待ち構える
賄う
追いつめる
下り坂
取り引き
取り立て
押し上げ
待ち望む
羽織る
抜け出せる
腹立たしい
見にくい
受け渡し
抱き締める
潤す
恐く
呼び寄せる
空売り
延びる
そよ風
雪解け
宮参り
据え置き
婆ちゃん
臭み
食い止める
手の平
つかの間
吹ける
物言い
お茶漬け
感ずる
模様替え
今どき
踏み切り
中継ぎ
顔出し
ひき逃げ
聞き手
買い戻す
黒っぽい
捻る
張り替える
気兼ね
感慨深い
存する
立ちはだかる
推し進める
暖まる
立ち回り
末っ子
押し倒す
甚だしい
思しい
悪しい
縄張り
交わり
大根おろし
敬う
太め
目新しい
守れる
至って
流し込む
秋晴れ
お陰様
辛うじて
持ち越し
殺る
奏す
組み立てる
濁す
押しかける
言い返す
束の間
生い茂る
割り箸
曲る
付き添い
初日の出
宿す
流れ出る
響かせる
卵焼き
握りしめる
掘り出し物
生まれつき
供え
慌ただしい
勝ち負け
肉じゃが
売り出す
発つ
突き上げる
お辞儀
潮干狩り
張替え
画す
分割払い
立ち入る
平たい
脱す
潜める
目の下
食い込む
食器洗い
触れ合い
練り歩く
顔合わせ
変り
興す
投げ捨てる
時間切れ
比す
吹き荒れる
か国
時として
苛める
会す
下書き
見越し
吹き付ける
先払い
織りなす
みそ汁
買出し
然し
替り
燃え上がる
乗り遅れ
乱れる
軟らかい
引き揚げる
振り上げる
世にも
取り組める
押さえつける
語り口
煎る
取り付く
と同時に
頑張れる
鎮める
見づらい
乗換える
つぎ込む
泊める
証す
山盛り
戻れる
肥える
華やかさ
欲する
独り占め
腹の中
素通り
緩み
手間取る
確固たる
重ね合う
商い
拡げる
古び
仲直り
連れ去る
引っ込む
控え室
貪る
追いつける
喫す
縮まる
透かし
差し伸べる
薄っぺら
廃る
見せ付ける
度重なる
心がける
目論む
突き止める
逆戻り
見出せる
削ぐ
たどり着ける
衣替え
ぶち壊す
芳しい
数え切れる
ひと味
辞す
思い知る
竹の子
買いもの
浮かせる
罰する
ひき肉
余す
背ける
買い出し
強がる
見破る
泣く泣く
傷める
来す
壁掛け
場違い
こぼれ話
湧き水
押し出す
働きかける
酢の物
振り払う
舌打ち
奮う
見詰める
難なく
乗り切れる
掘り出し
居合わせる
冠す
青白い
陣取る
関す
お次
雨降り
泣き声
暮れる
皆殺し
こみ上げる
適う
後片付け
草むら
却って
やむを得ず
馬鹿馬鹿しい
畳む
見あたる
汚す
棄てる
奪い取る
走り去る
翻す
詰め込み
光り輝く
聞き返す
やり直す
持ち直す
念入り
差し歯
折り合い
愛せる
遠ざける
語れる
挙げ句
渡り鳥
別売り
取り置く
見やる
吸い上げる
引ける
荷造り
歩み寄る
聞き出す
凍りつく
過す
朽ちる
拍子抜け
飛び越える
お力
飛び乗る
寝かす
見放す
地すべり
日当り
穴埋め
掘り起こし
引き落とし
仕留める
お目見え
黄ばむ
土砂降り
言い切る
空回り
採れる
信ぴょう
日雇い
炭焼き
焼き芋
甚だ
差し掛かる
お開き
制する
引き戻す
不慣れ
お預け
背もたれ
顔見知り
獲る
持て余す
留める
反り
波乗り
使い手
朝焼け
遣う
高らか
飛び入り
お日様
扱える
企て
折り込み
使い分ける
寂れる
仕打ち
目玉焼き
泡立つ
六つ
愛し合う
屈し
著い
足踏み
住み着く
打ち消す
閉じこもる
ぶち込む
付け替える
動じる
てんこ盛り
厄除け
架け橋
散りばめる
冒す
見向く
空き家
心ゆく
切り抜ける
詰め寄る
お構い
切り返し
安上がり
かみ合う
考え出す
慌しい
酒飲み
取り決め
汗ばむ
更ける
出合う
やり遂げる
突き当たる
異に
煩わしい
足止め
組立て
横ばい
ひと月
あっと言う間に
渡せる
喜べる
輪切り
残り少ない
水切り
繰り上げる
ほど遠い
運べる
生やす
お仕置き
元通り
人ごみ
持ち株
泣き叫ぶ
形作る
お茶屋
巻き返す
草取り
起こせる
倣う
破たん
滑り台
振りかぶる
結び付ける
崖っぷち
抜き出す
黒ずみ
行き渡る
押さえ込む
打ち合う
山の幸
出し切る
かき揚げ
跳ね上がる
易しい
逸る
踏み台
的外れ
かみ合わせ
踏みにじる
面白み
思いがける
潤む
致し方
真っ当
揺るがす
張り出し
割れ目
酔いしれる
小刻み
差し込み
売り込み
通り道
代り
言い残す
差し押さえ
春巻き
灯す
すき間
茶の湯
言わす
伺える
散らかす
欺く
省ける
傷付ける
見掛け
甘んじる
年老いる
裏打ち
お受け取り
釣り船
甘えん坊
切り分け
愛でる
治せる
堅苦しい
駆け足
比べ物
ため池
競り
揚げ足
道しるべ
流れ出す
手ぶら
仕返し
仕組む
面持ち
女らしい
人だかり
替え歌
駆け回る
手探り
追い越す
むし歯
落ちつく
受け持つ
座右の銘
封じ込め
湯たんぽ
突き落とす
仕入れる
積み立て
逃げ回る
張り合う
絶する
指し示す
自ずと
明ける
寄り付き
利上げ
取り返す
力む
落す
共働き
お袋
念じる
卑しい
言わば
振り絞る
くり返し
押し花
香ばい
言い換え
お召
積める
噴き出す
心残り
呼び止める
仕舞い
論ずる
思い付く
凍える
伏せる
科す
甘える
忍び込む
組込み
処する
川遊び
着替える
連れ込む
勇ましい
言いなり
立ち尽くす
吸い物
高み
生す
拝める
紛れ込む
言い渡す
月明かり
中る
剥き出し
呈する
張れる
安らぐ
追い上げ
向かい側
食べもの
澄ます
走り抜ける
容れる
登れる
洗い場
取り巻き
雪かき
突き出る
小分け
付け足す
底上げ
煎じる
逸す
真新しい
土砂崩れ
融ける
暑苦しい
向き直る
詰め替える
飼い犬
小回り
笑い話
今一つ
絶え間
焼き魚
酔っぱらう
茶漬け
付き添う
一番乗り
持ち前
っ放し
乗っける
裏付ける
案じ
較べる
穴あけ
付け方
申し受ける
受け付ける
横向き
証する
切り取り
踏みつける
名指し
床の間
危惧す
売り手
取調べ
不意打ち
読み応え
取りかかる
慈しむ
取り下げ
瞬き
諮る
にじみ出る
決する
取り込める
尽す
編み物
買い得
飲ます
口出し
落ちこぼれ
擁する
馬鹿げる
呼び起こす
一騎打ち
散らかる
抗う
切り身
聞き分け
臭う
織り成す
きな粉
何でもかんでも
振り子
打ち勝つ
引っ
組み入れる
建ち並ぶ
怠ける
風向き
思いきり
興じる
厚め
はみ出る
魚釣り
舞い降りる
行き詰まる
押しつぶす
馬刺し
売り子
添い寝
渇き
手の甲
程なく
裏切り者
何もの
霜降り
救える
腹ごしらえ
揚がる
省みる
突っ張る
物干し
口説く
挟まる
でっち上げ
煮える
決め込む
叔父さん
振りまく
振り替え
背く
後ろめたい
木漏れ日
心細い
さらけ出す
旗揚げ
急きょ
突き詰める
すり替え
駆け付ける
言い渡し
寝転がる
引き渡す
奥の院
掃く
面する
結う
家探し
間仕切り
受け取れる
外回り
汚れる
切り捨てる
通せる
詰る
顔負け
多少なりとも
面倒臭い
鬼ごっこ
題する
だし汁
揺れ動く
茂み
待ち伏せ
丸洗い
見切る
空き巣
出来栄え
行き止まり
飛び跳ねる
暫し
ほろ酔い
寝そべる
振りかざす
お孫さん
照れくさい
揺らぎ
極まる
起す
送り火
追い付く
使い果たす
脱げる
仕舞う
淫ら
狭める
平らげる
ぶっ飛ばす
隅っこ
浸ける
下調べ
生暖かい
泳がせる
張り上げる
下向き
売切れる
手つき
お悔やみ
皮ふ
出し物
運び込む
必ずや
お墨付き
折り曲げる
活ける
徹する
生まれながら
入り乱れる
慎む
取り壊す
相成る
預り
冷す
手ごたえ
刷る
塗りつぶす
不払い
大急ぎ
お早う
取りやめ
何ぞ
聞きつける
お布施
忘れかける
涙ぐむ
お婆さん
潰せる
引き戸
建て直す
危ぶむ
尊ぶ
華やぐ
回り込む
重苦しい
生け花
煩い
通える
申しわけ
拾い上げる
大き目
遣わす
匂う
わが身
出合い
小売り
重なり合う
冷やし中華
名ばかり
擁す
不確か
朝っぱら
往く
寝転ぶ
貸出す
山の神
二の丸
見聞き
取り壊し
趣き
水割り
もんじゃ焼き
請う
転び
経る
押し目
厳か
思わす
利食い
お上
刈り取る
まかり通る
秀でる
冷やかす
探し回る
没す
入れ物
引っぱる
挿し木
夢にも
乗り降り
橋渡し
木彫り
火入れ
怪い
着込む
引き付ける
明け暮れ
貢ぐ
立て直す
差し止め
座れる
来たす
けが人
尽く
得意げ
様変わり
飛び上がる
植え込み
見回り
せん断
指せる
先走る
為る
捻り
甲高い
侍る
横取り
神隠し
一般に
冷ややか
ほうじ茶
薫り
慰める
語り手
絵はがき
落とし込む
行き場
絶やす
ほろ苦い
引っ込める
日干し
呉れる
受け身
掛け持ち
やり過ごす
尽くせる
泊る
引出し
粗大ごみ
かき集める
掛け合う
垂れ下がる
手掛かり
入り組む
頬張る
建ぺい率
色分け
あん摩
牛耳る
憎める
引き抜き
慣れ親しむ
下手くそ
野放し
綱引き
見もの
垂れる
抱き上げる
奥さま
仲良い
数の子
かわら版
兼ね合い
取り去る
お手上げ
障る
愚か者
すっ飛ぶ
癒える
座り込み
捕える
根こそぎ
殊に
出歩く
見かねる
解する
よもやま話
弄ぶ
本立て
脱ぎ捨てる
水増し
大掛かり
一括払い
少い
人となり
休まる
突っ
待ちかねる
刺しゅう
勇気づける
恨めしい
身の上
呼び戻す
蔑む
誇らしい
表れる
切り出す
打ち解ける
夜な夜な
棒読み
垣間見る
値切る
身だしなみ
籠る
日持ち
心苦しい
さり気
手堅い
年取る
移ろい
下っ端
残れる
巣立つ
売り買い
ふき取る
打ち砕く
かつお節
歯切れ
表せる
うま味
誇らしげ
結び方
容易い
薫る
切替える
硬め
負けず嫌い
花き
研ぎ澄ます
死にかける
似せる
受け手
出っ張る
裏づけ
目利き
取り出せる
揚げたて
買付け
受け流す
湯けむり
跳ね返す
惜しげ
口付け
編み出す
ぎっくり腰
持ち寄る
お釣り
骨組み
割り振る
磨ける
付きまとう
格上げ
押え
解らん
痛ましい
見て取る
根っから
お告げ
量る
暗に
渡り歩く
勤しむ
通り魔
口走る
反る
古臭い
売り込む
歌い手
夜遊び
静まり返る
細切り
詣で
撮す
蒸れる
立ち会い
青ざめる
踏み入れる
三つ葉
向かい風
連ねる
見違える
お幸せ
一人っ子
最たる
受け売り
歯ぐき
名残惜しい
跳ねる
迎え入れ
かけ声
酔っぱらい
大金持ち
負かす
ひな人形
込み上げる
摘み取る
人混み
押しつける
積み木
滑り込む
逆立ち
放し飼い
待ちわびる
間引き
迎え撃つ
お祭
虫除け
手始め
逃げ場
怠け者
銘じる
波打つ
戴ける
抜け道
米ぬか
年の瀬
組み立る
知ったかぶり
かもし出す
事欠く
身振り
抜き取る
筋合い
拘わる
石ころ
格下げ
取り外す
巻き添え
見ず知らず
焼き付け
活き活き
立ち見
看取る
大引け
水たまり
苦み
知れ渡る
強いる
しょう油
返り討ち
取り押さえる
振り出し
大詰め
曲がり角
掛け布団
宝探し
下ごしらえ
歯磨き粉
前触れ
試せる
売れっ子
二の次
嫁入り
物忘れ
書き残す
立ち返る
よじ登る
引き止める
読み取れる
恐らくは
手強い
逆恨み
似る
歓び
紙おむつ
履ける
巡り会う
心持ち
思い出深い
はめ込む
道連れ
関する
出ろ
引っかける
恥づ
行く手
水はけ
追い掛ける
裏通り
落つ
配す
くじ引き
積み重なる
遅くとも
利下げ
成り下がる
道行く
怨み
立ち退く
整然と
わかり易い
貸し付け
雄叫び
踊れる
売りつける
金縛り
泣き寝入り
挟み込む
面倒い
踏み込み
もも肉
使い込む
抜け殻
殺し合い
問い掛ける
血まみれ
発がん
帯締め
覚え書き
手立て
後戻り
取り急ぎ
寝取る
刻み込む
浅はか
煮詰まる
積み込み
お先に
捕らわれる
切り刻む
受け答え
船乗り
揺する
虚ろ
育て上げる
太刀打ち
灯る
売れ残る
明るみ
紙切れ
夜逃げ
泣き虫
問いただす
持ち込める
さつま芋
し尿
閉じこめる
熟れる
一回り
後ろ髪
立寄る
生みだす
乗り気
耳かき
居残る
打ち付ける
蔵出し
ごった返す
突き飛ばす
手縫い
立ち上る
御存じ
歌い上げる
化ける
突き破る
売れ残り
慶び
勝ち残る
果す
馬鹿らしい
湯の花
飲み食い
枯らす
感じとる
雨宿り
送り先
忍び寄る
勇む
負け惜しみ
考え事
補い
控え目
赤とんぼ
見透かす
濃いめ
夜泣き
二の舞
荒ぶ
瓶詰め
似通う
踏みしめる
切り盛り
食わす
祝い事
かき消す
坊っちゃん
お宮
餌付け
ふる里
零す
身の丈
ごみ箱
読み出し
積み込む
和気あいあい
涼やか
縫い目
塞がる
思い悩む
移り変わる
産める
如何に
処方せん
張り巡らす
書き添える
心配り
食わず嫌い
足もと
卸売り
上がれる
位置決め
落ちぶれる
捻じる
天引き
割り出し
然るべき
築ける
織り込む
赤らめる
聞き覚え
力持ち
踏める
見劣り
借入れ
片想い
引き立てる
小走り
串かつ
明い
気高い
目盛り
欲張る
温い
運び出す
緩める
支払える
討ち取る
組み替え
逆さま
歯みがき
手振り
落ち度
請け合い
勤め先
取り合わせ
申し出る
引き下げる
素焼き
満たせる
剥ける
買い占め
水浴び
言い換える
買わす
身なり
呼び声
引き下がる
飲み込み
書き留め
煮立つ
浮き出る
香典返し
水炊き
塗り絵
称える
筋書き
渋み
は種
信じ込む
持ちこたえる
足し算
隔たり
かき回す
換える
悪しからず
愛くるしい
診る
寄せ付ける
雲行き
照る
火照る
作り話
人付き合い
ほど近い
任じる
苛む
思いきる
下回り
浮かす
折り返す
渦巻き
照れる
残り物
石造り
人知れず
悔い改める
引上げ
押し入れ
生臭い
逃げ道
立ち込める
当り前
気休め
潜り込む
首飾り
冷や
当て字
駅前通り
店構え
ちゃぶ台
もぎ取る
押し込み
伏す
おとぎ話
滅入る
吹っ切る
色付く
滅多に
木の芽
一人ぼっち
耳障り
人懐っこい
食いしばる
奇しくも
波打ち際
張り詰める
拠り所
言いがかり
上塗り
けん引
詠う
ご用
巻き付ける
話し込む
毛並み
取り次ぎ
思い直す
懐かしむ
喩え
繰返し
丸まる
倒れ込む
吹きかける
座す
懐く
縮れる
極めつけ
高ぶる
花盛り
抜け出る
手出し
言わずもがな
手違い
練り上げる
撃ち込む
送り返す
血の気
押し込める
排す
飾り付ける
晴れやか
串刺し
掛る
書き換える
絡みつく
気晴らし
湯のみ
安め
後ろ足
分け合う
厄払い
名残り
そびえ立つ
三の丸
寝付ける
お出で
借り換え
煙る
飽く
隣り合わせる
道すがら
すり鉢
置き忘れる
山開き
結び目
持たす
痛めつける
立ち話
被ばく
蜂の巣
踊り場
寝苦しい
目まぐるしい
水しぶき
怒れる
追い返す
おすそ分け
お節介
言い逃れる
切り傷
腹いっぱい
酒好き
行く先
着飾る
巣立ち
取り払う
飛び道具
話し相手
断わる
お粗末
ほ場
適する
い草
静まる
先回り
すり身
帯揚げ
暗がり
守り神
昔ばなし
読み切り
打ち立てる
取り乱す
気違い
行き帰り
持ち替える
手拭い
雲泥の差
冷え症
高鳴る
石積み
新入り
火消し
書き記す
作付け
刈り取り
継ぎ目
肩代わり
小振り
駆り立てる
焼き付く
位置づける
図れる
謹んで
引き締める
弔う
悼む
拡がり
幾重にも
早わかり
渡り廊下
だまし取る
真っ白い
打ちのめす
補てん
変わり者
手織り
行き方
肥やし
役どころ
力いっぱい
修め
立ち直り
概して
救い出す
太っ腹
熱っぽい
降り積もる
和え物
行き詰まり
探し求める
縄跳び
送り迎え
物入れ
虐げる
剥げる
送り届ける
酔いどれ
思へる
お玉
踏み出せる
締切り
踏み外す
山あい
草分け
大人びる
連なり
勝ち進む
とり方
焼きうどん
流れ落ちる
山越え
釣り堀
組み上げる
手編み
入り浸る
うたた寝
落っこちる
悦び
日めくり
目障り
賃上げ
調う
被さる
奥まる
殺せる
取り繕う
日暮れ
取りつける
捨て去る
横並び
見限る
代える
楽ちん
危なっかしい
圧し
間借り
しみ込む
引受け
張り付け
果ては
お通し
蚊取り線香
殴り合い
干し柿
後ずさる
言い争う
ご都合主義
大はしゃぎ
奮い立つ
北の方
今に
輝ける
勘ぐる
禁ずる
売り払う
秒読み
甘辛い
忌まわしい
目出度い
ぶん殴る
のし紙
手招き
先読み
投げやり
入り江
伸びやか
動きだす
奪い合い
蒸し返す
笑いかける
持ち家
立ち往生
書き出す
下ろせる
告ぐ
心して
横書き
抱ける
物書き
割り当てる
へき地
寝過ごす
上向く
胴上げ
歯がゆい
流れ着く
改まる
旧い
段違い
縛り付ける
減じる
手提げ
考えつく
荒っぽい
読み比べる
詣る
垂れ幕
押しのける
払える
察する
素っ気
粉じん
沖合い
狭まる
善し悪し
勝ち星
住み込み
舞い戻る
夏みかん
起つ
引きずり込む
結論づける
遊び人
使い古す
立ちあがる
打上げる
衰える
漬ける
どんでん返し
押し入る
寂しげ
物差し
打ち上げ花火
就ける
黒ずむ
か弱い
帰りがけ
言いよう
身構え
守り抜く
如何にも
除夜の鐘
出っ歯
割引き
つまみ食い
回れる
泣きつく
ただ中
恥じらう
桁違い
速める
怠り
代る
切り抜く
腹黒い
浮ぶ
篤い
文字どおり
存じ上げる
照りつける
手ほどき
舌触り
蹴飛ばす
何時の間にか
口惜しい
気付かす
打ち水
甘ったるい
目と
替え玉
くぐり抜ける
枝垂れ桜
見て取れる
仕送り
茶化す
働き者
口説き
振り向ける
干ばつ
連れ戻す
紅葉狩り
澄み切る
染め上げる
相容れない
有り様
洗い物
くも膜
涙する
取り柄
ひと目
寛げる
乗り移る
畏れる
炊き出し
乗り上げる
腹いせ
縁遠い
上目遣い
日向ぼっこ
物好き
持ち寄り
封じる
お巡りさん
含み損
凡そ
物申す
切り立つ
請け
平が
食い違い
もみ合う
釜めし
掘り返す
取り分け
忌む
近しい
こき使う
手の内
郵便受け
火の玉
恥知らず
書き直す
契り
労う
突き出す
懸かる
知らん顔
隠し持つ
塩辛い
射る
飛び起きる
平泳ぎ
ぶった切る
引っこ抜く
お人好し
言いつける
晴れ渡る
打ち止め
辛抱強い
罪深い
刈り込む
疎か
体つき
厚かましい
素泊り
探し当てる
関連づける
ずば抜ける
寝入る
根回し
麦わら
立てこもる
吹き出物
首切り
区分け
にごり酒
盛りあがる
見殺し
寝返る
転げ落ちる
お母ちゃん
ねつ造
結べる
皮肉る
折り目
入れ直す
作りだす
衝く
小出し
口づけ
伸び伸び
燃やせる
香の物
生ぬるい
手付かず
棚上げ
水っぽい
飛び火
火の粉
木枯らし
食い違う
凄み
払込む
足がかり
使い慣れる
思い違い
編さん
しわ寄せ
問える
供え物
借り物
命取り
引下げ
刷り込む
客引き
洗い出し
聞き込む
身震い
しめ縄
狙い撃ち
取り違え
削り取る
歯ぎしり
演ずる
滑り出し
貼り紙
込み合う
呼び覚ます
足並み
話し声
真っすぐ
掛り
突き立てる
急かす
脂っこい
早咲き
早める
語呂合わせ
果てる
お母さま
振舞い
夕涼み
お飾り
跳ね返る
繕う
染み付く
売り切れる
引きずり出す
差し置く
骨抜き
付する
移せる
三つ子
秘か
肉離れ
研く
揺らめく
貸し出す
通りかかる
行かす
見せびらかす
まん丸
塗り薬
書き写す
膨らます
起きあがる
風変わり
日の目
破れる
何たる
大当り
上履き
揺さぶり
持ち去る
虫食い
怒り狂う
生まれ故郷
吹き出る
忌み嫌う
手ごわい
立て替える
さつま揚げ
ならず者
成りすます
これ程
取り戻せる
伐る
筋違い
あて先
叔母さん
人さま
箸置き
突き付ける
鋭さ
揺るぎない
騒ぎ立てる
作りあげる
ろう者
蒸し器
耳打ち
ぶっ殺す
力添え
あの手この手
ねじ込む
思い出せる
そら豆
質す
朗らか
目掛ける
鼻くそ
辛み
差押え
誉れ
生え際
有り余る
巡らす
提げる
格好よい
ふ頭
解せる
願い出る
粗しょう
切り花
近付ける
真後ろ
物静か
究める
投げ入れ
草むしり
陣取り
道ばた
物知り
親ばか
時の間
押し通す
人任せ
お裾分け
取り仕切る
際どい
こじ開ける
地べた
表書き
蒸らす
漁り
家作り
雨乞い
お先
若い衆
惜しむらくは
指折り
思い上がる
泣きじゃくる
期する
臨める
よそ者
切れ端
湯上り
すべり台
早送り
差し控える
起き出す
耳たぶ
一点張り
箱詰め
織り込み
蒸し焼き
怒鳴りつける
切り株
手だて
助け出す
明け渡し
掛け金
受けとる
引き替える
差し引き
見いだせる
掘り起こす
切り換え
解き方
焦らす
能書き
虎の巻
筋金入り
惑う
事なき
女好き
桜えび
じゃが芋
仮名遣い
泥臭い
頭打ち
踏み倒す
月並み
言い様
ふ化
季節外れ
取り付き
送り込み
丸焼き
印象づける
夜通し
盛り返す
謀る
大回り
跡継ぎ
躍り出る
お立ち台
取りそろえる
消え失せる
引っかく
上げ下げ
仁王立ち
名乗り出る
成り上がる
報いる
泣き顔
辱める
行き詰る
押し売り
割り引き
見付かる
前のめり
王さま
持ち時間
日増しに
取りあげる
陥れる
取りこぼす
枯れ葉
毛嫌い
貴い
据わる
めり込む
分かれ道
掛け時計
働かす
お陰さま
服す
凍てつく
重り
読みで
心無い
立ち合う
開け放つ
引き算
流し台
貫き通す
綱渡り
取立て
見てくれ
暗む
決め方
追い打ち
借り手
精いっぱい
墜ちる
申し合わせ
くせ毛
独りよがり
救い主
金貸し
かき分ける
落ち目
打ち取る
切っ掛け
寄越す
物悲しい
魅入る
耳寄り
見納め
水浸し
枝分かれ
野焼き
陰ながら
反らす
やり直せる
耐え難い
引き出せる
まん中
面食らう
溶け合う
つり橋
祝す
曲がりくねる
ひと休み
疎む
取り回す
言の葉
取り崩す
読みとる
面取り
取次ぐ
沸き起こる
桃の節句
お祭り騒ぎ
選び出す
回り道
踏みとどまる
枯れ木
連れ帰る
勝ち誇る
腕組み
思い付き
押し上げる
合い言葉
擦り傷
ひれ伏す
お父ちゃん
引きつけ
息遣い
ひ弱
話し出す
少な目
表する
入れ墨
ごり押し
湯飲み
栄える
読み込める
似つかわしい
送り状
ご苦労さん
古めかしい
申し込める
佳い
送り主
降りしきる
言い表せる
乗り回す
暇潰し
夜更け
壊せる
立てかける
お出まし
隠ぺい
落ち合う
上積み
底なし
引続き
車止め
赤黒い
慎み
頼み込む
手押し
積み重ねる
生きざま
果して
吹き返す
切りつける
釣り糸
入れ子
入れ忘れる
青のり
地合い
払戻し
時たま
高じる
泣き言
届け出る
闘える
ご苦労さま
振りかけ
凍り付く
お手玉
持ち運ぶ
けん制
笑い飛ばす
赤ら顔
体たらく
早変わり
火付け
細切れ
応ずる
片や
思いの外
役回り
如何せん
鳥刺し
最果て
食い入る
視る
破く
嘲笑う
か細い
ご来光
ほくそ笑む
抜き取り
務まる
初っ端
物乞い
なぎ倒す
名だたる
見せしめ
泣き崩れる
羨む
住み慣れる
考え抜く
満ち足りる
のぞき込む
焼き払う
甘ったれる
間にあう
暖かみ
朽ち果てる
焼き立て
引き合う
奥ゆかしい
悠然と
感極まる
寝かしつける
一区切り
恥さらし
比べもの
大がかり
見知る
引き伸ばし
中休み
生まれたて
切り下げ
擦り寄る
困り果てる
先ごろ
青臭い
作り物
打ち合い
植わる
割り勘
病みつき
季節はずれ
住みつく
言い出せる
色直し
食い倒れ
結び付く
まき散らす
据え置く
鍛え上げる
持込む
お引き受け
言い当てる
採り入れる
どす黒い
吹き抜ける
手こずる
ぶり返す
射抜く
磨る
分かれ目
裂け目
大の字
引換える
遅咲き
切り詰める
心もとない
遠巻き
物思い
然るに
討ち入り
耳鼻いんこう
擦り付ける
気味が悪い
入り込める
なだれ込む
うつ伏せる
抜き差し
真直ぐ
逃げ帰る
下支え
通りがかり
原っぱ
憎たらしい
帳消し
号する
元気づける
たまり場
見返す
乗り入れる
仕向け
高笑い
片割れ
言い表す
近ごろ
打ちつける
聞き耳
招き入れる
晴れ晴れ
造り上げる
塞ぎ
売り飛ばす
破ける
負わす
転げる
家並み
端折る
起り
繁る
供える
思いとどまる
気難しい
お下がり
後書き
跡取り
歯応え
飾りつける
先だって
素っ裸
吹雪く
久方ぶり
荒れ果てる
見い出す
屈する
物言う
囲い込み
見合わせる
荒れ狂う
一本釣り
笑む
見通す
宿り
話し言葉
花開く
大人げ
打つ手
寄り付く
抑え込む
流せる
名付け親
目覚しい
打ち返す
割当て
乗り合わせる
食べごろ
出尽くす
貸せる
表立つ
突っ込める
床ずれ
暮す
地の利
酒盛り
門前払い
漬かる
出そろう
横たえる
歩み寄り
負け越す
勝ち抜き
焦げ目
食い下がる
本通り
幾らか
病み上がり
直ぐに
大振り
割ぽう
反り返る
屈む
盛合せ
のめり込む
上げ幅
一心に
往き
思わせぶり
突っ伏す
手つかず
薄まる
脱する
巡り合う
後の祭り
感じ取れる
吹かす
釣り合い
食む
お姫さま
ご免
間延び
九つ
明り
憂う
束ねる
連れ合い
半そで
遇う
切捨て
近付き
思い起こせる
後ろ手
お歌
生え抜き
相乗り
斑入り
借り上げ
お互い様
量り売り
着こなす
薄汚い
目くじら
滑れる
写せる
払い下げ
奪い合う
興ざめる
入りこむ
目移り
関が原
打ち込める
崩れ落ちる
命懸け
出過ぎる
嫌み
霧吹き
干せる
釣り針
口直し
飛び石
気張る
捨て身
追っ手
炊きたて
見飽き
賄い
押し返す
白ける
居抜き
切り売り
でん粉
借り受ける
手仕舞い
法る
不治の病
追い回す
前掛け
巻ける
憂き目
漫然と
切り離せる
狂おしい
三が日
静める
突っ切る
可哀そう
立ち姿
止す
換わる
世直し
離れ離れ
鉢合わせ
かぎ針
取上げる
風当たり
引きつける
物まね
生み出せる
ねじ曲げる
取り留める
嘆かわしい
割り引く
優る
立ち居
人違い
蓄える
神頼み
関の山
気味悪い
打って出る
相手取る
底抜け
駆け落ち
つや消し
手遊び
悪あがき
焼け跡
烈しい
口止め
身売り
染みる
義務付ける
分け与える
吐ける
持ち越す
確たる
ひと安心
野ばら
立て札
話合い
切っ先
吸い寄せる
懲らしめる
貸し借り
引き入れる
根深い
がま口
回りくどい
切り倒す
騒ぎ出す
哀れみ
気負う
受け持ち
切り干し
入り交じる
は虫類
力任せ
表通り
お呼ばれ
乗り合い
詰めかける
何ごと
切羽詰る
株分け
投げ飛ばす
言い寄る
採り上げる
翻る
二番煎じ
脇の下
豚まん
付き合える
際だつ
切れ込み
切り上げる
仰け反る
繰上げる
幕の内
立ち回る
折れ曲がる
飛びかかる
食べ頃
板張り
据え付け
殴りつける
売りさばく
世渡り
やり場
汚らしい
奉じる
毛深い
芽生える
取外し
手厳しい
別れ際
深入り
裏返る
せき止める
付け合せ
味つけ
やり手
ひと息
本読み
見定め
事細か
潮吹き
八重咲き
肩入れ
寄せ書き
挫ける
取りだす
呼びつける
持ち回り
気だるい
引張る
附ける
憎らしい
春めく
二の足
丸刈り
鏡開き
お忍び
苦肉の策
利き手
釣り合う
くり抜く
雪の下
嘲る
半開き
組み合わす
平に
物珍しい
小太り
水溶き
立ちふさがる
大ぶり
小汚い
割り振り
打ち寄せる
家の子
掛け算
色付け
積り
賭す
居直る
買戻す
口うるさい
危なげない
花しょうぶ
通り名
分ち
細る
さざ波
心置き
日取り
馬乗り
打ち直す
気負い
引きちぎる
図太い
見通せる
足かせ
腰抜け
拾える
明るむ
買い置き
組み方
満遍なく
か条
飲み込める
形づくる
譲り合う
取りざた
謹む
見取り図
か年
深追い
競り合い
涼む
言いふらす
あぜ道
両さん
ぶつ切り
悪ふざけ
織り上げる
決定づける
晴れ着
画く
笑わす
用心深い
連れ立つ
詰む
脅える
買い込み
焼き豚
思わしくない
苦し紛れ
つくり出す
引っ掛かり
出来映え
凝り固まる
真ん前
毛頭ない
干からびる
気安い
抜き打ち
刺し身
すい臓
仕立てる
能無し
目減り
手伝える
失す
急ぎ足
恵む
打ちっぱなし
青み
床や
あざ笑う
燃え盛る
振り落とす
腰かけ
恐がる
当て逃げ
感じ入る
共倒れ
水飲み
積み上げる
本降り
品ぞろえ
川流れ
ぶどう酒
うな重
団らん
折しも
愚かしい
かき立てる
小降り
滑り降りる
薄らぐ
手分け
駆り出す
青じそ
古くさい
荒削り
悦に入る
則す
締めつけ
理屈っぽい
初乗り
音読み
敷き布団
背中合わせ
腕立て伏せ
棚卸し
うめき声
隠し事
品定め
真似る
酌み交わす
小競り合い
造り酒屋
完ぺき
横流し
底堅い
笑い転げる
跳べる
響きわたる
座り込む
重ね重ね
飛び抜ける
繁い
先んじる
息づかい
振れる
負い目
掘り出す
煮立てる
またの名
滅する
叫べる
たき火
陰干し
みやげ物
ひな壇
編み込む
夢の島
力ずく
飛び地
浮き沈み
抱き合わせる
遠まわし
腫れる
気づかう
与する
押し流す
貼れる
射止める
目覚ましい
きき酒
言い返せる
奪い返す
差し迫る
そそり立つ
落し物
かがり火
追い立てる
撃ち殺す
立ちすくむ
着こなせる
塗りたくる
干上がる
根づく
因む
紙くず
仲間はずれ
話し手
盗み出す
なし崩し
貸切り
押し掛ける
付き物
陰り
取り止める
湿っぽい
咲かす
搾り取る
つけ加える
受け口
無理強い
頭でっかち
詰み
我慢強い
口利き
明け暮れる
早とちり
引き際
円い
縫い合わせる
確り
のし上がる
網焼き
聞き書き
開けっ放し
渡り合う
張り出す
哀れむ
匿う
たたき台
地域おこし
腰掛ける
黒光り
出張る
わき腹
木の間
下せる
買い越す
活気づく
迎え入れる
決る
五月晴れ
遠回し
染み抜き
役だつ
統べる
受けつける
崩せる
書き取る
置き換わる
つり具
肩透かし
出戻り
性懲り
戯れ言
降す
食らいつく
脈打つ
胸焼け
いで湯
交す
上と下
事足りる
仲よく
仕上り
思いだす
悪びれる
向こう岸
持ちこむ
別れ話
縮こまる
皿洗い
呼びかけ人
聞き取れる
花祭り
麦わら帽子
突っつく
充てん
集り
つけ込む
折れ線
合し
やり口
けん玉
尚も
つかみ取り
丸っこい
睦まじい
申し子
日の入り
拾い読み
弁える
弔い
終わらす
聴き入る
読みきり
当たり障り
街なか
下塗り
飾り物
病み付き
照れ隠し
立ちこめる
真っ黒い
伏せ字
手痛い
張り切り
造り出す
小口切り
湿り気
口ぶり
皆んな
巣食う
推し量る
目ざす
生き埋め
清清しい
持ち歩ける
世知辛い
選る
乾す
戦ふ
考え付く
ずれ込む
勤まる
取り分
操れる
誘い込む
憂さ晴らし
後れ
案ずる
かけ算
だだっ広い
小躍り
ばい菌
ねじ伏せる
妬く
つ折
取り持つ
回し者
誘い出す
似つく
前書き
走らす
日照り
横滑り
隠し子
手回し
中通り
ど根性
逃げ惑う
しゃしゃり出る
持ち運べる
左巻き
出で立ち
寄りかかる
見遣る
でき上がる
買い入れ
踏み込める
焼き討ち
食い初め
作りたて
引き延ばし
矢継ぎ早
入れ換える
張り込み
細める
作り出せる
焼け野原
日射し
現実離れ
手間ひま
取り入る
沸き立つ
割り増し
庭付き
朝帰り
人助け
登りつめる
三途の川
茶わん
切り返す
やり返す
泣き笑い
組み付ける
在りし
討ち死に
麦打ち
猛然と
過半数割れ
たたき出す
心掛ける
独り暮らし
ご法度
胸騒ぎ
物狂い
お節
寝静まる
貫ける
上の空
出し抜く
封切り
血迷う
押し戻す
静まりかえる
習わし
ぶどう糖
客寄せ
白む
報せ
言い草
買いあさる
冠する
浅ましい
立ち寄れる
麻しん
土踏まず
持ち場
願いごと
植え付ける
詰め掛ける
買いだめ
申し立てる
引き留める
返り咲き
折り鶴
目やに
突っかかる
思いつめる
染み渡る
与る
つくり上げる
物売り
糸巻き
互に
顔なじみ
小突く
羽織り
息継ぎ
黙り
焦げ付く
魚の目
盛りつけ
能う
売出し
元締め
鳴り出す
編み上げる
参じる
張りつめる
舞い込む
震え上がる
息巻く
出迎える
定まり
と金
笑いもの
沸き上がる
読みふける
場当たり
語りあう
付き人
相打ち
目の敵
切羽詰まる
人当たり
枝垂れる
預け入れ
絶え絶え
狂わす
共食い
遅まきながら
ひざ掛け
花だより
気紛れ
お新香
焼入れ
飼える
踏ん切り
狩り場
包み隠す
湿す
克つ
美しくも
よそ見
引き当て
型破り
老いる
友釣り
解きほぐす
付け込む
お天道様
射つ
書きとめる
恐れ多い
涼み
飾れる
しみ抜き
辛くも
一緒くた
吹替え
計らう
喪う
にわか雨
泥んこ
き損
降り立つ
横殴り
胆のう
受け方
耐え忍ぶ
押し下げる
慎ましい
削れる
片づく
感づく
象る
暴れまくる
化粧直し
お膳立て
酢漬け
顕れる
企てる
殺める
端くれ
福の神
弱き
落とし物
くみ上げる
接ぎ木
払い込み
小気味よい
御の字
申し述べる
身寄り
死する
祭り上げる
削り節
尻拭い
乗りこむ
湯通し
充ちる
地滑り
駆け出す
盗み見
丸め込む
附く
撃ちまくる
地上げ
行きつく
言葉づかい
訳せる
足せる
物の怪
疎ましい
休み休み
秋まつり
雄しべ
乗り遅れる
継ぎ足し
肝っ玉
ため込む
賜わる
もらい泣き
野暮ったい
腫れ上がる
売り渡し
設える
群れる
差し戻し
取付ける
進み出る
寄り合い
染み入る
持ち逃げ
変わり果てる
隔てる
打ち抜く
大盤振る舞い
見易い
かく乱
お家芸
生れる
取り沙汰
否や
出来損ない
一夜漬け
竹とんぼ
毒づく
取り交わす
当たり年
座が
遊ばす
輪っか
約す
悔やみ
一つ覚え
じゃじゃ馬
夏ばて
待ちかまえる
返り咲く
じん肺
紛らわす
店じまい
鳥かご
不届き
書き物
何とぞ
澄み渡る
お門違い
意地っ張り
勢いづく
抜かる
走り込み
吹き上げ
下積み
宙返り
片寄る
仕切り直し
はめ込み
世の常
割り算
連れ添う
夕映え
充たす
吸い殻
手繰り
日割り
服する
迷い込む
つり上げ
裏ごし
湯上がり
前かがみ
寝付く
古ぼける
入替え
住みかえる
差し向ける
待てる
学び舎
息の根
へし折る
興る
魔よけ
涙ぐましい
見掛ける
焦がれる
一人暮し
種明かし
殴り込み
飛び掛る
筒抜け
腐れ縁
撃ち抜く
障り
手合わせ
こき下ろす
取り除ける
買い漁る
買い替える
打ちまくる
手広い
なめし革
竹やぶ
人込み
切れ間
見回る
浮き立つ
板の間
含み益
復す
段飾り
食いつぶす
願掛け
当せん
お抱え
書き初め
中華まん
閉め切る
平手打ち
うるち米
吸い出し
血みどろ
寄り切る
鎮まる
免じる
捕われる
癒せる
締め出す
食い荒らす
がぶ飲み
軸受け
割り切れる
執念深い
摩る
怨む
宗と
還す
気後れ
蔑ろ
木こり
持ち腐れ
見栄っ張り
手合い
明け渡す
抜きん出る
日除け
吹抜け
寝ころぶ
仮住まい
帯留め
立ち戻る
玉突き
優に
さ迷う
はじき出す
合いの手
手習い
押し黙る
打ち身
お神酒
言いだす
薪割り
放れる
繰り越し
引っ込み
大みそか
凡て
ごった煮
取り外せる
肩越し
分つ
変じる
地響き
野太い
雇い主
縁切り
しっぺ返し
薄気味悪い
小じわ
悦ぶ
腕立て
悔し涙
点る
煮つける
点てる
均しい
立ちつくす
見直せる
荒稼ぎ
折り重なる
子守り
引き回し
一眠り
握りつぶす
せん切り
世継ぎ
手まり
抜け穴
跳び箱
笑い事
憎まれる
訓読み
寝違える
蒸し物
封じ込める
賭け事
抗する
お達し
撃ち合う
焼け石
待ちくたびれる
横付け
機織り
怪しむ
押し付けがましい
かみ締める
目配り
歩留まり
いがみ合う
自ずから
心許ない
有終の美
むち打つ
忘れっぽい
身じろぐ
今しがた
灯ろう
触れ込み
譲り渡す
履き違える
ひ孫
書きなぐる
かいま見る
練り直す
馬の骨
冷え冷え
過る
伝え聞く
捜し求める
戒める
問い返す
憩う
我が物顔
虫けら
言い終わる
切れ長
屈める
殉じる
とり入れる
吹きすさぶ
位置付ける
口ごもる
割り出す
取り返せる
もみ消し
屈す
お里
見知り
身の程
身の毛
量り
内張り
聞き及ぶ
うら若い
絡み付く
見まね
乗りこなす
浮べる
きな臭い
内回り
うたい文句
序の口
つなぎ目
挿し絵
触れあう
攻め立てる
夕やけ
輪投げ
お引き立て
謡う
覆る
西向き
水あめ
不幸せ
行き違い
慣れっこ
踏んづける
切り崩し
渡れる
まくし立てる
尻込み
埋め合わせ
古る
大入り
蒸し風呂
酔いつぶれる
鈴なり
払い込む
波立つ
呼出し
我と
飾り気
土俵入り
引っ込み思案
間引く
立て込む
植付け
背びれ
時おり
心変わり
例へば
修する
澄みきる
巻き付く
お古
背泳ぎ
飾り棚
出直す
落ち武者
引っ張りだこ
毛抜き
ご多分
米どころ
措く
いぶし銀
炊ける
刃渡り
押し進める
揺り動かす
黙す
拭ける
風邪ひき
楽に
召使い
枯れ草
上し
寝泊り
絹ごし
降らす
知らんぷり
頭ごなし
忙しない
問いつめる
立ち枯れ
仰せつかる
捗る
騒然と
呼び鈴
汚らわしい
畳み掛ける
並べ立てる
血走る
勤め人
存ずる
呼び出せる
上っ面
得てして
仕立て屋
突っぱねる
辛め
お座
おろし金
刺し子
悪酔い
油っこい
とけ込む
うな丼
はけ口
消え入る
捜し物
揚げ油
乗り過ごす
見つけだす
裁つ
暑がり
見せかける
かっ飛ばす
帰り支度
肯く
折り合う
手慣れる
どしゃ降り
待ちぼうけ
人恋しい
柔かい
切り貼り
かん水
病める
刺し殺す
ぶ厚い
ふんぞり返る
弱弱しい
曲がりなりにも
出しゃばる
飛びこむ
植え込む
陸続き
人懐こい
化けの皮
にらみ合う
取り換え
縛りつける
口汚い
目配せ
うっ血
競り勝つ
立ち行く
尾びれ
付き従う
読み切る
射し込む
中ごろ
幕切れ
水差し
くじ運
肉付き
折返し
吸える
込み入る
照れ笑い
満ち欠け
耐え抜く
御祝い
騒げる
立ち消え
練り物
付け合わせる
川べり
船着き場
思い残す
立ち木
鳴り物
ねじ込み
穫る
人受け
頑として
恐れながら
たい肥
好き好む
独り身
食い逃げ
待ち焦がれる
投げ銭
続けざま
松ぼっくり
浅黒い
残り香
書き散らす
数え年
白和え
抜け目
敵討ち
石組み
律する
打ち倒す
密やか
手付き
張り巡らせる
花やしき
耳慣れる
連れ子
水の泡
風の子
番狂わせ
根差す
流し入れる
耐えがたい
裏返す
売り渡す
手並み
お住い
律す
木くず
突き合わせる
洗い上げる
調える
申しつける
示せる
立入る
差止め
食い意地
青っぽい
締め出し
考えもの
堅め
一先ず
お転婆
切りかえる
勝ち得る
縛り上げる
載っける
泥まみれ
但し書き
へその緒
利き腕
二つ返事
粘り気
半殺し
居合い
気落ち
買い与える
貯え
軟らか
目ざとい
申入れ
食らわす
書き入れ
終に
火の車
弾き返す
繰り下げる
生温い
大ざっぱ
巣くう
交う
別ける
べっ甲
請け負い
思わしい
仰げる
払わす
目付き
すり減る
生け垣
乗り手
不渡り
生易しい
振り分ける
酌む
寝込み
花便り
押出し
夜回り
繰り入れ
ねばり強い
写し出す
競り合う
御座る
然しながら
流る
注げる
聞きかじる
逃げ足
やり合う
勘繰る
餓え
命乞い
振り袖
湯沸かし器
奥の手
持ち合い
組み直す
罪滅ぼし
身構える
浮腫む
拭き掃除
事始め
もの悲しい
言い直す
街かど
言い捨てる
測れる
薄曇り
高利回り
蛇の目
責め立てる
山分け
火遊び
断固たる
尽かす
平謝り
一輪挿し
出来合い
食い気
気掛かり
張り手
消し飛ぶ
値崩れ
滝つぼ
作り替える
高望み
居着く
化かす
負け戦
由る
騰がる
花冷え
お礼参り
列する
焦げる
擦り切る
取出し
向かえる
書下ろし
持ちきる
転ずる
思いっ切り
心憎い
綻ぶ
亡びる
血祭り
手提げ袋
並外れる
詰め所
枯れ枝
盛り土
恭しい
歩き疲れる
独り立ち
代わり映え
刺せる
野ざらし
けん銃
腫れ物
真向かい
せり出し
水入らず
補える
案じる
張り込む
評する
雪下ろし
代替え
思い詰める
強か
賃下げ
土のう
虎の子
引き伸ばす
払い出し
待受ける
引き落とす
気乗り
いきり立つ
召しあがる
押せる
冬枯れ
枝打ち
洗い落とす
追っかける
暴れだす
乏い
湯浴み
独りぼっち
放せる
目通り
覚ませる
投げ売り
取り逃がす
湿り
張りつく
肩掛け
漏る
捕れる
地続き
切通し
触れ合える
荒れ地
けんちん汁
手持ち無沙汰
持ち駒
上げ潮
島流し
切り通し
数寄屋造り
導ける
身ごもる
まん延
透きとおる
寝泊まり
男勝り
流し目
札入れ
招へい
永らく
光らせる
焼き飯
寄せ鍋
引っ付く
見せ物
見きわめる
張り裂ける
損じる
乗りきる
落ちこむ
隠れ里
骨折る
見おろす
おびき寄せる
手植え
妬ましい
変わり種
肥やす
底入れ
乗り捨てる
守り本尊
並び方
取り続ける
白あん
ひと足早い
負けん気
上澄み
塗りつける
挑める
綻びる
考へる
相づち
すり寄る
利かす
仕る
憂え
抱き込む
心行く
介する
紅しょうが
押し迫る
胸ぐら
差し障り
産す
神がかり
慣わし
分け前
右寄り
薄焼き
死に際
心地好い
項垂れる
親しめる
食あたり
乱切り
居並ぶ
命からがら
お上手
救ける
お多福
付合い
書き言葉
萎む
両開き
晴れ上がる
畏れ多い
切り分ける
敷きつめる
拾い物
未練がましい
総崩れ
やっつけ仕事
火まつり
巻きこむ
眠りこける
得難い
俗っぽい
擦れる
名付ける
産み落とす
手向け
逃げだす
寂びる
変り種
乗り組む
がけ崩れ
点す
読みかける
中だるみ
盛り場
立ち塞がる
聞き上手
長らえる
置いてきぼり
年がら年中
浮き足立つ
代替わり
鳴り物入り
彫り物
気もち
上がったり
猛る
厳に
木目込み
成り済ます
次の間
身の程知らず
貸し付ける
没する
後継ぎ
縫いつける
底冷え
堕す
根付け
くつ下
色あい
雌しべ
雲隠れ
萎れる
酸い
すそ野
わきの下
ふん尿
利する
見過ごせる
冷や冷や
染みつく
積み残す
集まれる
死に絶える
結び付き
顕す
舌足らず
命拾い
煙たがる
過ぎ行く
惨い
湯沸かし
罰す
てんてこ舞い
助け舟
遣り取り
小賢しい
お点前
目がける
紛らわせる
引き潮
得がたい
写し取る
首根っこ
置き時計
湯冷め
ひしめき合う
地鳴り
引っさげる
買入れる
飛び上がり
着流し
買い控え
手詰まり
放ったらかし
荷揚げ
言いくるめる
棒立ち
かち合う
強請る
塩もみ
すり合わせ
四つんばい
申し入れる
先細り
囚われる
見初める
走り書き
生きのびる
血なまぐさい
息詰まる
手控え
仲間割れ
潰える
言い出しっぺ
寄れる
飛び出せる
たたき込む
乞い
取りまとめる
雄たけび
候う
引き返せる
むかし話
成さん
寄りつく
住い
言いまくる
手繰る
お松
血塗る
かくし芸
毛羽立つ
ほ乳類
願わくは
木組み
湯沸し
逃げ腰
筆まめ
猫じゃらし
戸締り
憎まれ口
真白い
敢然と
飽き飽きする
消えうせる
振り乱す
並べ方
手もと
日だまり
殖やす
継ぎ手
踏み絵
乗り付ける
陸揚げ
真っ昼間
筋交い
打ちこむ
物怖じ
水切れ
火渡り
繰り越す
唱う
脅し取る
茶目っ気
さん付け
すり減らす
被り物
借金取り
合す
滑らす
谷あい
絞り出す
念ずる
お太鼓
寝付き
引き払う
旅だつ
知恵の輪
蹴っ飛ばす
腹巻き
働き掛け
押しやる
接ぎ
名前負け
手づかみ
打ち合せる
若作り
末広がり
懸る
すくい上げる
焼き付ける
吹っかける
取り次ぐ
腕利き
差し替える
蓋し
渡し船
顔付き
雨よけ
精霊流し
見付ける
組み合う
桁外れ
首つり
罰当たり
圧す
書換え
及び腰
富める
肉付け
荒城の月
手が込む
物すごい
足掛け
嫉む
缶詰め
口移し
生みの親
追い落とす
通り雨
そぞろ歩き
扇ぐ
総立ち
聞きだす
真打ち
歌いまくる
玉こんにゃく
縫い代
奏する
読取り
根負け
組み込める
振りまわす
思す
備に
日なた
ごろ寝
開け放す
飲み代
お手の物
はん濫
そば湯
くす玉
ひと回り
書き分ける
通し番号
働き手
勇み足
のみ込む
見抜ける
染る
醒ます
大もうけ
否応なしに
書初め
利払い
被う
待ち人
風しん
もの申す
ご愁傷さま
人でなし
黙り込む
失ふ
割ける
むしり取る
焦げ茶
見くびる
のし袋
踏み越える
殺ぐ
挟める
つむじ風
命知らず
ひねり出す
買占め
遷す
働きがい
拝する
飛び越す
考え物
通いつめる
受渡し
台詞回し
臆する
取り下げる
生き別れ
ひし形
米びつ
理詰め
飢え死に
横倒し
敗ける
手みやげ
はね返す
取下げる
長年の夢
配する
早生まれ
箸休め
生める
突き当り
照れ臭い
廃れる
降りそそぐ
読み出す
ほほ笑む
請い
飽くまで
背負い込む
焼付け
手すき
擦れ違う
子離れ
継げる
切れ込む
老いぼれる
元払い
拓ける
言いきる
争える
落ち延びる
生きぬく
重み付け
人づて
持ち掛ける
てこ入れ
画する
お茶請け
四季咲き
詠める
砂遊び
取りやめる
こびり付く
捜せる
目じり
中押し
悪巧み
肥る
かき乱す
買い込む
見損なう
切抜き
床しい
逆なで
握り飯
腕試し
組み合せる
殿さま
空き室
借り切る
邪魔くさい
やせ細る
思し召し
薄ら寒い
面構え
根から
含み笑い
推して知るべし
引け目
取り混ぜる
連れ回す
お鉢
殖える
風邪引き
離ればなれ
何時の間に
ほの暗い
気構え
空恐ろしい
取っ組み合い
慮る
探し出せる
焦げ臭い
がら空き
利す
飛び込める
冷やせる
下げ渋る
やむを得る
詰め将棋
担ぎ出す
生殺し
落ちつき
売り切り
打ち落とす
聞き捨てる
凝り性
口もと
町外れ
在す
編める
逃せる
区割り
腰砕け
投げ掛ける
元請け
お代
疑い深い
一こま
色めく
押し合い
へそ曲がり
火の手
仰が
目明し
少しく
告げ口
山崩れ
貸し手
事足る
はまり役
捨て子
語り合える
ばい煙
際す
振りほどく
熱す
攻め落とす
炊きあがる
手折る
帰せる
暴れ出す
立ち遅れる
塞翁が馬
青みがかる
口ぐせ
燃え移る
冠たる
疎ら
切換え
産み付ける
盗み聞き
木枯し
恋う
科する
つけ根
朝もや
売りまくる
追いこむ
持ち出せる
燃えさかる
釣り上がる
円建て
向き合える
松の内
粘っこい
立ちのぼる
宙ぶらりん
染め上がる
煮出し
知らぬ顔
賄える
お納め
呼び水
請負う
掛け替え
付け所
引き継げる
惑い
素っ頓狂
塩ゆで
わき道
売約済み
生まれつく
力負け
覚る
伸し
位する
根絶やし
転ける
年の暮れ
馬鹿騒ぎ
代かき
木っ端
目立て
高利貸し
心づかい
弾き出す
打ち出せる
震わす
話し合える
ふっ飛ぶ
軽はずみ
秋めく
夜なべ
七転び八起き
忘れもの
下働き
追っ払う
付け入る
ぶっ続け
申し送る
荒む
渡し舟
大安売り
行き倒れ
読みあさる
留め置く
紙すき
現代っ子
正せる
絵入り
人なつこい
山ろく
交わせる
塗れる
目覚し
寄付き
板挟み
出会い頭
追い出せる
逃げ延びる
泊りがけ
身投げ
割りばし
髪結い
ひとり歩き
登り詰める
憂さ
兄たち
裁ける
建て替える
しかめっ面
月払い
懐しい
突ける
死に体
跳ね返り
晴れ姿
吸いこむ
勝れる
乗り越す
腹持ち
気圧される
片手落ち
仕向ける
赤茶ける
人嫌い
寝っ転がる
注す
走り幅跳び
思い過ごす
煙たい
目くそ
芳ばしい
手返し
すり込む
商う
殺気立つ
血塗れ
前屈み
すすり泣く
えん罪
見せ掛け
延ばせる
移り気
入れ込み
煮炊き
義理堅い
角張る
出ずっぱり
芋づる
受けいれる
狭苦しい
万事休す
口答え
人形遣い
木遣り
叱りつける
かなぐり捨てる
したり顔
生き血
理る
照り返す
売り主
揺るぎ
投げ付ける
気ぜわしい
知合い
こぎ着ける
ひと足
ひと通り
御する
山焼き
持ちかえる
組替える
打込む
よつ葉
菜っ葉
引込み
飛びだす
布く
喜ばす
問い質す
天下る
知りあい
腹の虫
行き着ける
蒸かす
尻切れ
火垂る
むき身
折畳む
たたき起こす
手いっぱい
聞き役
花ごよみ
捻くれる
出し汁
嗣ぐ
飛びまわる
実入り
飛び飛び
担える
小見出し
使いもの
い服
手荒い
うま煮
飾り立てる
成れる
男泣き
ふれ合い
張り子
探り当てる
冷や水
天下分け目
思いたつ
踏みつぶす
早分かり
下の句
声変わり
取り払い
具える
左寄り
まゆ毛
突込み
肘掛け
見定める
重んずる
土寄せ
わり算
立ちあがり
夜鳴き
抱き起こす
末恐ろしい
極楽とんぼ
浮つく
撃ち落とす
注し
褒めちぎる
お祖父さん
死なす
手はず
箱入り娘
差込み
字余り
橋りょう
意地汚い
はぎ取る
目付け
差しかかる
煎じ薬
投げ入れる
税引き
逆立つ
爆ぜる
飲みもの
ぶった斬る
見繕う
見え透く
飛び付く
子供だまし
条は
知らん振り
非の打ち所
都落ち
取りつかれる
冷や奴
仲間外れ
読み下す
料る
動機付ける
抱きとめる
島しょ
腹違い
すきま風
人好き
切れ者
引き延ばす
まっ白
憂うつ
門構え
別もの
洗い張り
総なめ
助く
修める
足どり
走り出る
選り好み
首ったけ
仕置き
送りだす
白みそ
造れる
切りそろえる
先付け
送り付ける
打ちっ放し
献じる
吹き矢
腹ごなし
恋焦がれる
数え上げる
なぎ払う
取消す
奪える
耳飾り
食いつなぐ
お高く
吹きまくる
取りこむ
相変わる
足掛かり
夏向き
厳つい
繰り延べ
せせら笑う
積み荷
年忘れ
茶こし
ぶん投げる
うちの人
金もうけ
なり手
割り付け
入れ知恵
先がける
堪へる
追い込める
ただ者
ぼた餅
唆す
さし絵
挟み撃ち
和める
浴びせかける
書き損じ
息吹き
取りつく
目抜き通り
羽ばたける
局留め
彫り込む
入れかえる
青黒い
聞き苦しい
繰返す
押しまくる
送りこむ
絞め殺す
語りつぐ
野遊び
夢うつつ
上ずる
片腹痛い
くの一
興醒める
方向づけ
滑り落ちる
水がめ
幾ばく
見紛う
透す
寝つける
分け目
生け捕り
従える
迎え火
かけ橋
七光り
吸い出す
押し問答
尾根伝い
絞れる
理解し合う
紛れる
ひと煮立ち
入れ違う
圧する
駄目押し
力づける
人さし指
板ばさみ
草刈り機
厳然たる
駆けずり回る
押しつけがましい
握りこぶし
世話焼き
忘れな草
紛い
着込み
わき起こる
仲よし
わさび漬け
腫れぼったい
まき絵
すまし汁
引越す
見なれる
麻の葉
抽せん
ぜい肉
飼い殺し
聞き分ける
目論み
粒ぞろい
耕うん
黒焦げ
洗い出す
泣きわめく
香しい
看る
学び取る
転がり込む
わき水
気狂い
勝ち越す
言いだしっぺ
煮えたぎる
合せる
うるう年
包める
巻上げる
道行き
弱っちい
地割れ
にじり寄る
尾ひれ
捨て置く
謡い
目のあたり
追いすがる
引き取り手
附す
散り散り
鬱ぐ
刈り上げ
盗める
毛むくじゃら
狂い咲き
水け
赤みがかる
刻める
めん類
寄せつける
ぜん息
胸当て
逸れる
焼きつける
手負い
申し渡す
忌明け
なで下ろす
まい進
編み目
湯の華
取り扱える
気疲れ
窮する
羽振り
一皮むける
真ん丸
和する
占える
便せん
組入れる
観音開き
恩知らず
染め抜く
凍み
雪どけ
虫の息
入れ代わる
表替え
引きだす
火あぶり
汗取り
縫いぐるみ
出あう
成り代わる
お流れ
腕まくり
ひた隠し
引っ越せる
はしご車
花かご
切りかかる
水掛け論
山の端
塗り潰す
作り笑い
凄む
履き物
かき出す
大っぴら
探り出す
積み立てる
絵解き
薄笑い
かき鳴らす
植込み
大売出し
賜う
かぶと虫
飢える
収れん
点取り
折り込む
道場破り
死に場所
手さばき
弓なり
打ち捨てる
おびき出す
岩のり
著す
右向き
乳飲み子
積み増し
洞くつ
求まる
振替える
こぼれ落ちる
記せる
畑違い
もみ消す
寝覚め
極まり
亡き人
価する
来し方
またたく間
読み流す
締付ける
言い値
借上げ
出払う
当て馬
張り付ける
書き付ける
刈り入れる
悩みごと
でき上がり
平織り
鳴ける
焼きいも
封切る
色刷り
結わえる
なき声
つり銭
お触れ
いんげん豆
取り越し苦労
ひな型
越せる
氷る
物覚え
虫干し
煙い
縫い物
悼み
横好き
言い掛かり
隠し場所
説き伏せる
悪乗り
切込み
鉢巻き
角刈り
計れる
値踏み
切れ切れ
書き留める
洗たく
のたうち回る
燃え広がる
咲きそろう
並び立つ
共稼ぎ
引締める
吹流し
売りつくす
風切り
成れの果て
湯引く
立ち上り
引き菓子
聞き届ける
仲立ち
払い戻す
宝もの
読みとり
隔たる
ふて寝
足つき
荒くれ
辛気臭い
進ちょく
据え膳
乗入れる
口寄せ
節回し
降ろせる
読みこなす
海鳴り
ろ紙
養える
素知らぬ
秘す
くみ取り
剥す
閉め出す
取りかえる
喫する
幾たび
取り落とす
つくだ煮
うどん粉
貸し切る
導き出せる
水かさ
追い上げる
握り潰す
平伏す
印す
殴り飛ばす
へっぴり腰
育てあげる
目鼻立ち
端切れ
借る
とび職
詮無い
間近い
捜し出す
面食い
積立て
置きかえる
福引き
締り
的はずれ
特徴付ける
寺参り
風待ち
煩わす
報ずる
陰る
付け焼刃
扱き
毒消し
建て前
山かけ
見果てぬ夢
具に
掛け値
流れ弾
扱く
切り換える
練り合わせる
食い潰す
立て掛ける
がた落ち
天つゆ
身請け
組み敷く
書き表す
何のその
うすら寒い
世話好き
突き指
口溶け
前立て
仲違い
筋立て
買い受ける
泳ぎ方
埋る
日の本
こけら落とし
描きだす
靴べら
読み通す
減ずる
施せる
雪あかり
断ずる
水攻め
月の輪
四つ角
寄り掛かる
添え物
湯せん
押さえ付ける
偏に
ひた走り
割込み
思うつぼ
舌ざわり
犬ぞり
犯せる
延び延び
切り目
中落ち
序で
飲み明かす
続き物
張りつける
跳ね除ける
とり上げる
八つ裂き
ばら肉
傷あと
見立てる
差し出せる
読替える
止めど
揮う
吐き出せる
親せき
語り掛ける
病が
後ろ指
喚ぶ
元売り
かけ合う
座りこむ
情ない
割に
独り歩き
露払い
頬ずり
重量挙げ
受けとり
足かけ
握り拳
せん妄
花ことば
通り掛かる
風前の灯
差し出がましい
置き引き
きれい事
早打ち
嗅ぎつける
つぼ焼き
切りとる
借換える
売り言葉
置き物
色仕掛け
日本晴れ
疑る
顔向け
練り製品
貯め込む
示し合わせる
気立て
使いみち
起き抜け
書きつける
心する
積み替え
研さん
行き過ぎる
逃げ出せる
お歯黒
ちり紙
金切り声
孫の手
学びや
やり込める
吹き上げる
すり潰す
心ならずも
なたね油
お偉方
安らう
恥じ入る
燃す
握れる
吟じる
飛び退く
他山の石
掃き出す
ささ身
ごま塩
離れ業
花いちもんめ
お握り
水ぼうそう
大写し
ばら色
言い募る
領する
いま一つ
世捨て人
熱る
黙とう
こぼれ種
持ち分
武者震い
互い違い
誘ふ
怒らす
寿ぐ
願い下げ
お伴
はた迷惑
刻みつける
洗いざらい
徐に
はく離
ただし書き
備付ける
関連付ける
一足飛び
仮縫い
分捕る
行きずり
差引く
砲丸投げ
打ち抜き
競る
目潰し
恨み言
口開け
身ぶり
開き戸
七つの海
気むずかしい
討てる
辛みそ
組み付く
心得る
口ひげ
喩える
叙する
高飛び
失する
陽ざし
綿入れ
子飼い
指し手
擬す
胴回り
防じん
立て直せる
引き絞る
具合い
焼き増し
雨あられ
当たりまえ
呼び続ける
すし飯
はじき返す
幽か
煮浸し
逃げまどう
一ぱい
切り払う
老け込む
型染め
巡ら
畏まる
朝立ち
焼きもの
花入れ
やり切れない
永らえる
煮もの
積込む
差し金
姉たち
雨だれ
積み出す
住み込む
借り出す
そろい踏み
狙い打つ
急がす
夕ごはん
断れる
揚げ句
乱れ飛ぶ
つるし上げ
落とし前
天の邪鬼
かば焼き
裏返せる
伸び上がる
折り詰め
眠らす
雇える
追える
七つ道具
釣合う
鍵っ子
貧乏くじ
もらい物
出初め
封ずる
すし詰め
働き蜂
勝ち気
売り抜け
摩り替える
舌なめずり
映せる
山の手線
地引き網
血染め
地ならし
腹ばい
人聞き
左向き
歯向かう
血の池
食い合う
上目使い
冷やか
問いあわせる
靴擦れ
月あかり
見当る
独り善がり
押し開く
寄こす
敷ける
国替え
お祖母さん
煮えくり返る
制は
巻きずし
土いじり
希う
と畜場
お得意さん
耳より
かみ殺す
抜てき
秘けつ
年の功
もめ事
たわ言
移り香
飲み下す
かび臭い
揚げ玉
つり合う
集える
すり替える
切り餅
走り高跳び
祝える
お払い箱
釣り銭
見下げる
付添い
渡り合える
月遅れ
匂わす
山びこ
仕入れ値
ひいき目
排せつ
いろは歌
燃え立つ
飯ごう
冬ごもり
愁い
向かいあう
染め物
書き立てる
脂ぎる
寝つく
押し退ける
投ずる
尾てい骨
とんとん拍子
掘り進む
張り倒す
排せつ物
押える
草葉の陰
すすり泣き
宵越し
とん汁
のう胞
上れる
生き恥
独り者
虎の尾
見せどころ
小ぢんまり
意味あい
結い上げる
吹出す
雪うさぎ
小さ目
引きずり回す
憂える
洗い直す
天びん
畏い
買いこむ
ひと粒
柔ら
若だんな
書き送る
聴き込む
まっ黒
言い立てる
ひき殺す
遊び回る
上の句
立上り
せん定
添い遂げる
男好き
渡し場
見すえる
太っちょ
磨きあげる
踏み抜く
斜め切り
小うるさい
見つけ出せる
取入れ
お尋ね者
歌わす
ふっ素
さく井
組込む
くみ取る
はき出す
洗い流せる
かかわり合い
むせ返る
庭作り
じん帯
一時しのぎ
どら焼
産みつける
山すそ
返す返す
読みもの
振り替える
くぎ付け
いち押し
又聞き
手ざわり
刻み付ける
袖の下
亀の甲
覆せる
吹きだす
詣でる
目まい
ひん曲がる
出切る
昔語り
腹立てる
金づる
初っぱな
船積み
棒高跳び
何時しか
手ひどい
列ぶ
強ばる
泣き所
塩っぱい
底無し
厚ぼったい
五重の塔
起が
雨ざらし
空かす
補い合う
巣ごもる
あいさつ回り
つまみ出す
浮き出す
殺し文句
ただ事
石こう
当て込む
うしろ姿
私ゃ
焼き餅
巻き貝
取りはずす
雨ふり
踏み付ける
焼け死ぬ
棟上げ
上げ下ろし
取り立てる
差せる
突き進める
費す
置換え
お側
黙りこくる
すげ替える
振付け
建て売り
さくら草
抜き放つ
型くずれ
悔いる
買い言葉
羽交い締め
刃向かう
言葉少な
差支え
隠る
肝いり
仮り
積み下ろし
引きあげる
まがい物
棺おけ
有り金
縁る
落ちつける
蒸し鍋
羊かん
首すじ
お仕着せ
左きき
召し上げる
一肌脱ぐ
引継ぐ
給する
取決める
飽くまでも
一皮剥ける
徒に
そば切り
橋げた
石づき
使いで
一人占め
吸出し
替る
死に神
乗りつける
奴さん
冷や飯
戸締まり
お針子
枝振り
金ぴか
見合せる
借り方
読み返せる
いの一番
言い尽くす
人少な
置き手紙
抜け落ちる
風除け
朝起き
歴然と
持出す
あきれ果てる
忍び足
生乾き
埋め立てる
乗りこなせる
はく奪
語り明かす
煮つめる
下げ潮
懸け橋
用足し
女たらし
徴する
度し難い
猿回し
引抜き
切り付ける
取りまく
飯炊き
胸苦しい
凍てる
絞り染め
慎ましやか
ご破算
書きためる
興味しんしん
売払う
取り得
吹きこぼれる
とろ火
着崩れ
口説き落とす
紋付き
少なくも
いけ好かない
顔触れ
釣りあげる
頻りに
強含み
詰め込める
荒れ野
ほほ笑み
針刺し
野次る
酢みそ
七草がゆ
尻上がり
まねき猫
浅まい
差し入れる
鋳込む
打合わせ
飼い慣らす
締め括る
荒立てる
気忙しい
抱き着く
言渡す
赤らむ
気どる
そぎ切り
ひっくり返せる
乗り込める
咽ぶ
見のがす
色いろ
お手盛り
況や
取っ付き
掘れる
行き付け
はち切れる
お召し物
介添え
さんご礁
挙る
なで肩
聞き入れる
ほう助
折り紙付き
遊び歩く
差し挟む
打ち放す
手ぬるい
川開き
乾拭き
かん養
濃い口
売り上げる
行ずる
組みなおす
淑やか
罪作り
血合い
食い扶持
仕込める
山出し
止り
読み合わせる
山の芋
退る
書する
上り詰める
創れる
晴らせる
根無し草
型付け
富くじ
抱きすくめる
人騒がせ
取りとめる
取り消せる
御参り
鼻持ち
ほれ込む
慰み
水臭い
物寂しい
おぼろ月夜
買受ける
よそ行き
抜きんでる
中入り
思いの丈
高みの見物
さい帯
売りきれる
くせ者
飛込み
とび出る
思いあたる
出直せる
お株
数珠つなぎ
盛りつける
力試し
しめ飾り
かんきつ類
横やり
花かんざし
併せ持つ
温む
見取り
薄商い
割振り
払出し
剣が峰
余り物
行く年
雄雄しい
踏みこむ
繰りかえし
生まれ変われる
中の間
底引き網
子だくさん
痴れる
取込み
書きあげる
雅やか
造りあげる
飛び切り
ご両人
恥しい
読みかえる
突き返す
焼き場
蹴破る
むし暑い
召上がる
立ちどまる
贈れる
名のり
折込み
内輪もめ
身一つ
ひっ迫
貝がら
土臭い
口やかましい
又もや
色つや
親代わり
かん高い
締め日
切り崩す
透き
覚す
沸きあがる
話しぶり
落ち着き払う
穀潰し
がん具
並み居る
身ぐるみ
めぐり合わせ
盛上げる
さいの目
見なせる
ゆずり葉
張りきる
速まる
本に
何気無い
製する
黒こげ
舟遊び
書き下す
書き捨てる
刺殺す
腫らす
言い聞かす
差入れ
たたき上げる
振り出す
車寄せ
承ける
輝かす
仕上る
絞まる
上げ相場
待ち合わせる
焼きもち
織り姫
前ぶれ
まき網
出たとこ勝負
目の子
あて名
通し狂言
腕っ節
剥き身
加さん
まかり間違う
染め直す
貸し倒れ
かじ取り
やり玉
右寄せ
切下げ
浮き草
落着き
曇らせる
研げる
取っつき
聞き漏らす
突っこむ
引き回す
買いかぶる
造りだす
噴き上げる
逃げ口上
宮仕え
急く
亡ぼす
差出す
順繰り
突きだす
指切り
岡っ引き
死に目
かき込む
割れ物
罪滅し
すり足
盆暮れ
目ざめ
振りかける
引っくり返す
付きっきり
むち打ち症
丸だし
若さま
はき違える
ほ乳
ひとっ飛び
消し止める
世界じゅう
くい止める
狂言回し
逸する
乱取り
立ち代る
警ら
ぐい飲み
上げ底
手詰め
桜もち
取り計らい
痛み分け
引きずりこむ
くず餅
食べかす
ぼう然
持ち帰れる
擦り込む
ごみ捨て
し笑
起てる
不貞腐る
遺る
拒める
据付ける
手さげ
心付け
くり出す
襟ぐり
目張り
聞きづらい
残りもの
行く行く
さらし者
畳替え
水かき
荷さばき
辞する
火の元
説き明かす
すっぱ抜く
買い付ける
立ち聞き
かな漢字
浮き世
咲きほこる
売り込める
背負い投げ
もの珍しい
刺し違える
移れる
覚り
立退く
労しい
後腐れ
蔽う
仕事がら
通わす
腹ぺこ
立ち直れる
情け深い
こむら返り
田作り
浴する
吐きだす
やり繰り
から口
繰り替える
うわの空
目敏い
むせび泣く
詳らか
真っ裸
残り火
生焼け
切り出せる
つり上がる
どんちゃん騒ぎ
接ぐ
攻め寄せる
手落ち
野垂れ死に
微睡む
迷わす
挿せる
思いのたけ
草もち
敏い
めん棒
選り分ける
乗りだす
辛らつ
締め括り
くり広げる
酔ひ
ひと頑張り
空揚げ
巡り合い
助け船
雑然と
思い煩う
漂わす
膝掛け
泊まり込む
振り掛け
缶切り
如何わしい
満ち潮
心もち
対がん
打ち払う
真っ平
名寄せ
読上げる
あめ色
物の数
習える
八方塞がり
厄落とし
左寄せ
焼き印
物入り
下押し
張りぼて
青田買い
物分り
尋ね人
泊り込む
人払い
汚れ役
値上り
あばら骨
おつかれ様
暴き出す
回らん
買い占める
繰越す
星くず
大立ち回り
騒がす
後かたづけ
大わらわ
忘れ形見
打切り
出来ばえ
取りたて
畳み込む
澄みわたる
通せんぼ
心づく
おう吐
入り用
ちり鍋
相まつ
目通し
泥除け
気くばり
骨っぽい
口振り
空っ風
力つきる
雪囲い
死に顔
思いなおす
酢和え
こう着
衣擦れ
金づち
勢い込む
数え歌
揺ぎ
乗りかえ
畳める
奨める
丸つぶれ
口げんか
預る
将棋倒し
湯冷まし
はした金
内また
小憎らしい
宙づり
読込み
ありがた迷惑
前借り
葉たばこ
向う側
目映い
透く
飛び下りる
棒引き
田舎っぺ
組付ける
売り付ける
もちの木
盗み食い
角い
取壊す
仕合せ
たい積
燃えつく
おしどり夫婦
繰り出せる
呼び込める
べに花
差し戻す
もち肌
宵祭り
行きがけ
摘める
い死
果てし
補する
聞き出せる
だ液
焼き豆腐
道具立て
男嫌い
生き字引
走り込む
型どる
金遣い
つま先立つ
あぶり出し
焼け付く
遠乗り
盛り込める
切りつめる
なまけ者
舞いあがる
骨休め
幅跳び
吹き流し
目差す
不行き届き
吹き鳴らす
取り逃す
漬けこむ
書き下し文
心安い
持ち合わせる
身代り
狂わしい
伏し目
付け焼き刃
荷動き
刈取る
言い含める
観ずる
決り
草深い
うわ言
立ち向かえる
うじ虫
出遅れる
胴突き
過つ
引き抜ける
決め球
書出し
惨たらしい
くい込む
祝い酒
こう配
どんぶり勘定
食い込める
恨みつらみ
酔える
復する
駆けだし
賞する
晴れわたる
蔵開き
積替え
手酷い
汁もの
せっぱ詰まる
鳴かせる
栃の木
もぬけの殻
遮へい
婿入り
引っ張れる
種もみ
当て身
笑い返す
飽き性
干し草
人指し指
落し蓋
位取り
召し出す
砂ぼこり
負える
書き置き
話しことば
何やかや
孫引き
片す
今わ
付合う
吸込む
骨折り損
囲める
ひまし油
廃する
口取り
乗りこえる
煮え湯
爪先立つ
産みの親
借り主
差しのべる
はじき飛ばす
荒らせる
詰めこむ
人使い
秘蔵っ子
横っ飛び
内の人
罷り通る
貸倒れ
購う
ひこうき雲
ひとりっ子
願える
はえ縄
打ち据える
精しい
感じとれる
出がらし
立替える
組み替える
葉隠れ
でっち上げる
遍く
やけ酒
相討ち
引き下ろす
本決まり
差し押さえる
付きもの
騒ぎだす
振出す
調子づく
溶けだす
巻き物
吹きさらし
木いちご
引っ提げる
持ち堪える
受継ぐ
交ざる
色変わり
取戻す
迫れる
里いも
売込む
末締め
景気づけ
忌わしい
気がね
お付
問い直し
死に別れる
消し炭
亡ぶ
好もしい
気遣わしい
考えごと
暗やみ
待合せ
貴ぶ
名うて
憂ふ
目ざましい
添え木
掛け橋
つや出し
見積る
あか抜ける
逆巻く
比する
借り出し
年度始め
訳する
不ぞろい
日暮し
食いもの
鼻つまみ
思う様
巡り会える
押し麦
靴ずれ
踏み止まる
嗅ぎ付ける
火の気
飲みほす
お手つき
魚つり
血の道
送り出せる
打ちきる
荒涼たる
抜けでる
通ぶる
男っぷり
夕ぐれ
差し止める
逆さまつげ
月極め
なぶり殺し
あきれ返る
十把一絡げ
哀しむ
真っ逆さま
ふり向く
紛らす
免ずる
踏み分ける
引く手あまた
思いおこす
とり除く
円やか
睦む
飲みで
どん欲
臨も
焼きとり
月のもの
おみ足
七曲り
征する
歓ぶ
断てる
遅らす
立つ瀬
糾す
空気抜き
浮き袋
つなぎ止める
利ざや
染付け
会わす
埋込み
豪い
立合い
道づれ
買い主
ひと声
申し入れ書
重る
ほうき星
目打ち
荒くれ者
火ぶた
費やせる
猫なで声
手っとり早い
往ける
怖じる
縁起もの
わき目
盛込む
突き通す
目だつ
上滑り
宣る
かり出す
取り分ける
通りゃんせ
つなぎ服
擦れ合う
急ごしらえ
議す
心がまえ
未必の故意
減す
食わせる
お構いなく
畳みかける
事切れる
当てずっぽう
打放す
取りあう
盗み見る
打ち勝てる
棚ぼた
痩せこける
お冷
用立てる
ねずみ色
言いよどむ
捨て石
漬け方
転がせる
朴の木
詠じる
似たりよったり
説ける
いたずら書き
はしご酒
振り回せる
売り出せる
二の句
口説ける
送り込める
透かす
借り入れる
踏み鳴らす
追いまわす
酔い潰れる
使いこむ
ひょろ長い
くいしん坊
円すい
縫い糸
話しこむ
取って置き
裏づける
横抱き
寄り目
お下げ
力こぶ
黒焼き
委しい
女嫌い
引き分ける
益する
と腹
掛け離れる
さらし首
なれ合い
切り忘れる
踏切る
客扱い
痛み入る
取巻く
増せる
召し上がれる
死の灰
だみ声
塗り付ける
縫い上げる
質流れ
飲みこむ
差替え
ずれ込み
ちんどん屋
軌を一に
振分け
安が
手付け
塾す
さい銭
紅いも
たたき売り
備えつける
玉子とじ
らい病
巻き込める
呼ばわる
縫える
露けい
殴れる
走り抜く
約する
透る
甘ずっぱい
対応付ける
悪賢い
酢のもの
尻もち
走り出せる
かたくり粉
掘っ立て
擦り切れる
でんでん虫
書きかた
食いっぱぐれ
折り畳める
早弾き
猫かぶり
すき鍋
精出す
心づもり
ねじ切り
うつぶせ寝
相いれる
切り開ける
腐す
もぐり込む
物憂い
大人ぶる
ぺんぺん草
思い遣り
はね返る
も本
波うつ
隠し芸
出歩ける
夜ふかし
盆おどり
認め印
別れ道
やり過ごせる
見まがう
人まかせ
煩う
学びとる
頬擦り
うの花
唄える
差上げる
飛び立てる
当てつける
たて続け
黄み
慕わしい
土盛り
奉ずる
担げる
滅ぼせる
照り付ける
まっ先に
繰入れる
がに股
度忘れ
乗ずる
仲たがい
茶飲み
彫り上げる
宿無し
口煩い
押し隠す
木取り
引出す
ごちそう様
腰つき
改む
買い支え
暴ける
留る
風の神
面差し
減らず口
横っ腹
落とし主
持て成す
現せる
鳥の子
羨い
思い余る
目の玉
先だつ
凹ます
歯ならび
寝冷え
奈良漬け
仕出かす
擦りむく
黄な粉
色どり
り災
立上がる
光り物
水あか
分かち書き
と殺
側が
総ざらい
貝焼き
くり貫く
うら寂しい
労り
漁り火
恥い
着の身着のまま
漬込む
やり投げ
備え付ける
出し手
書き出せる
形見分け
虫送り
紛う
落ち穂
宣う
切上げ
積上げる
待ち合い
町はずれ
被い
はやし立てる
こん棒
建て込む
閉す
えびす講
明くる日
笑い飛ばせる
伸びゆく
転ばす
投てき
着膨れ
払下げ
口さがない
旅立てる
ひと山
幕開き
編み機
打ち壊し
時どき
売付ける
長そで
力まかせ
打ちどころ
産気づく
軽軽しい
縦じま
盛上がる
塩引き
飛び魚
切り結ぶ
安請け合い
お気にいり
とまり木
使い走り
呼び物
事も無げ
千枚漬け
芽出し
言い付ける
引返し
抱えこむ
配れる
麻ひ