思う
言う
行く
思い
書く
入る
見る
知る
考え
読む
下さる
聞く
食べる
同じ
買う
多い
作る
入れる
行う
高い
多く
少し
出す
分かる
大きい
楽しい
帰る
本当に
強い
新しい
教え
早い
大きな
一つ
見え
通り
言える
楽しみ
近く
少ない
その後
子ども
生きる
考える
話す
お知らせ
長い
出来る
来る
出る
語る
お気に入り
お前
売る
歩く
合わせる
走る
作り
会う
生まれ
見せる
見える
小さい
近い
行い
出会い
合う
小さな
上げ
見つける
立つ
上がる
答え
用いる
新た
お金
明らか
広い
楽しめる
思い出す
切る
お話
同時に
歌う
休み
学ぶ
見つかる
食う
立て
知れる
止め
通る
自ら
見れる
白い
気づく
女の子
明るい
古い
聞こえる
当たる
正しい
歩き
切れ
止まる
後ろ
楽しむ
図る
赤い
引く
生じる
引き
もう少し
弱い
考え方
広がる
立ち
回る
分ける
何とか
お茶
当たり
二つ
出会う
足る
思い出
分の
行なう
上手い
気に入る
手作り
当たり前
切り
遠く
出かける
売れ
目立つ
一気に
走り
近づく
細かい
夏休み
お母さん
黒い
赤ちゃん
思わず
組み合わせ
生かす
少なくとも
下り
早め
下がる
何で
見直し
上げる
晴れ
教える
外す
出せる
上がり
同じく
青い
見つめる
学び
遠い
書ける
明け
広げる
下げ
本当は
回り
組む
見かけ
入り口
見た目
細い
当て
お出かけ
直し
お父さん
高め
日帰り
休む
活かす
知り合い
正しく
思える
お昼
下る
空く
やる気
回し
お答え
間に合う
やり方
記す
聞ける
上る
男の子
通し
通じ
光る
行ける
生き方
生み出す
古く
引き出す
色んな
外れ
生える
出来上がる
分かれ
上り
生まれる
広がり
姉さん
っ子
作り方
この間
見通し
後で
手入れ
高める
何より
答える
何だか
その間
高まる
大いに
数える
三つ
あり方
立てる
上回る
数多い
心から
止める
書き方
見上げる
通う
お寺
立ち上がる
下ろす
何らかの
太る
言い方
思いつく
か月
兄ちゃん
半ば
買える
兄さん
あっという間に
いつの間にか
見出し
丸い
心がけ
太い
思いっきり
何となく
何とも
組み
空き
心地よい
今や
直す
読める
黄色い
鳴る
何と
見よい
買い上げ
話しかける
お話し
売れる
お子さん
お正月
作れる
田んぼ
直ぐ
話し合い
売り上げ
友だち
お手数
やって来る
天ぷら
時に
大した
わが国
引き上げ
鳴らす
学べる
通す
売り切れ
回す
切ない
力強い
作り出す
通い
姉ちゃん
思ふ
お家
交わす
目当て
歩ける
手がける
歩む
お気
下がり
交える
下げる
足す
直ちに
万が一
話し合う
見かける
歩み
作り上げる
下す
切れる
来れる
先ず
会える
組み立て
鳴く
知らせ
色合い
通じる
明かす
何かと
生る
気まま
見直す
読み方
立ち読み
出入り
親しい
間もなく
強める
時には
分る
引っかかる
売り場
中でも
思い切る
一人ひとり
気まぐれ
大きめ
言い出す
教わる
食らう
知り合う
引け
近づける
立ち上がり
見下ろす
直る
何やら
夜明け
四つ
何気ない
何ら
高まり
手のひら
帰り道
引きずる
花びら
多め
日の出
当てはまる
数少ない
先ほど
いち早い
手書き
当てる
気合い
思いやり
休める
大人しい
見合い
強まる
広まる
細か
当り
母さん
何だ
広め
文字通り
空ける
出会える
道のり
親しみ
明かり
生む
石けん
計る
行える
強み
昼休み
見当たる
知らせる
言うまでもない
手づくり
下し
走り回る
手当て
友の会
立ち止まる
下回る
玉ねぎ
出回る
何もかも
今さら
語り合う
見どころ
聞かす
父さん
合える
正に
弱る
鳴き声
車いす
食する
大さじ
生き生き
名づける
大して
見分け
思い切り
生ずる
思いつき
鳴り
先立つ
長生き
やり直し
天下り
話せる
お方
丸ごと
日の丸
大通り
太もも
分かれる
丸出し
夕べ
まとめ買い
絵かき
引き下げ
思い入れ
帰す
見合う
通れる
早くから
人びと
ほうれん草
日ごろ
引き分け
何しろ
当る
大げさ
走り出す
少なめ
止む
読み上げる
何時も
山歩き
行き先
生み
わが家
鳴き
活きる
日当たり
組合せ
手すり
あっという間
通行止め
手引き
心強い
思い立つ
小さめ
色づく
切り口
知らす
見やすい
ただ今
日にち
言い聞かせる
細長い
話し方
きめ細かい
見回す
見知らぬ
見出す
大いなる
年明け
合せ
見なす
止る
五つ
言い分
分かつ
長引く
細やか
遠ざかる
風合い
語りかける
計り
細め
行き来
気さく
今にも
立ち入り
丸める
見下す
長め
外せる
外れる
組み合わせる
春休み
通りすがり
書き下ろす
当の
生きがい
走れる
目の当たり
手がかり
歩き回る
生かせる
親しむ
あだ名
見立て
後ほど
何れ
引き上げる
色とりどり
八つ
入ろう
直に
生れ
母ちゃん
切り上げ
売り出し
見せつける
万引き
大当たり
手ごろ
冬休み
見合わせ
大まか
見入る
いつの間に
名高い
男らしい
晴れる
今ひとつ
明け方
お年
お子さま
色っぽい
立ち直る
書き出し
手ぬぐい
点く
先行き
何せ
顔立ち
下りる
みじん切り
晴らす
四角い
七つ
何一つ
一休み
長らく
思いこむ
空き地
晴れ間
前もって
切り出し
言い回し
口当たり
聞き入る
分り
同い年
お手本
交じる
出だし
売上げ
出くわす
茶色い
親知らず
作り直す
合わす
帰れる
見切り
お年玉
直せる
まつ毛
里帰り
気まずい
ぶら下がる
思い通り
見晴らし
顔つき
見せかけ
生ける
はみ出す
教え子
交わる
後回し
思い当たる
食える
小さじ
見いだす
生い立ち
風通し
間合い
心当たり
引き金
遠回り
ひと言
お気づき
考え直す
組める
思いやる
見とれる
顔ぶれ
生きもの
行きつけ
小ぶり
前売り
小高い
空しい
つき合う
父ちゃん
雨上がり
雪だるま
食いつく
読み直す
人見知り
口ずさむ
引き立て
当てはめる
線引き
見せ場
丸見え
たった今
天の川
売れ行き
語らう
白っぽい
千切り
思い知らす
つま先
わが子
お作り
切に
引き合い
お立ち
見つけ出す
切らす
羽ばたく
弱まる
立ち会う
上書き
ついて行く
読み書き
日に日に
立て直し
むき出し
耳鳴り
書き上げる
出し入れ
歌える
広める
ぶら下げる
言い合う
お目にかかる
読み手
思いがけない
遠のく
空っぽ
肉まん
この上ない
正す
足りる
赤み
行き交う
長ける
下らない
茶の間
人間らしい
買い方
買い手
出入り口
交ぜる
何だかんだ
切れ目
思い思い
丸み
引き立つ
手早い
立たす
弱める
書き手
木の下
出し合う
立会う
書き直し
回せる
色あせる
気にいる
お山
出直し
合わさる
見ごたえ
早まる
昼下がり
気がかり
通ずる
聞える
手直し
人通り
見分ける
弱み
買上げ
見計らう
見にくい
空売り
そよ風
食い止める
つかの間
今どき
顔出し
聞き手
黒っぽい
立ちはだかる
立ち回り
思しい
交わり
太め
目新しい
秋晴れ
組み立てる
生まれつき
肉じゃが
売り出す
画す
立ち入る
目の下
顔合わせ
時間切れ
か国
時として
会す
下書き
買出し
語り口
と同時に
見づらい
古び
心がける
見出せる
数え切れる
思い知る
竹の子
買いもの
ひき肉
買い出し
強がる
来す
こぼれ話
青白い
こみ上げる
草むら
見あたる
やり直す
遠ざける
語れる
見やる
引ける
聞き出す
お力
地すべり
日当り
お目見え
黄ばむ
言い切る
空回り
顔見知り
高らか
六つ
空き家
心ゆく
かみ合う
考え出す
出合う
足止め
組立て
ひと月
あっと言う間に
水切り
ほど遠い
生やす
元通り
人ごみ
形作る
黒ずみ
出し切る
かみ合わせ
思いがける
通り道
すき間
言わす
切り分け
ため池
道しるべ
手ぶら
女らしい
人だかり
自ずと
明ける
力む
言わば
科す
言いなり
高み
生す
月明かり
中る
食べもの
雪かき
小分け
小回り
今一つ
売り手
にじみ出る
口出し
聞き分け
何でもかんでも
引っ
組み入れる
思いきり
はみ出る
売り子
何もの
でっち上げ
後ろめたい
心細い
さらけ出す
外回り
通せる
多少なりとも
見切る
行き止まり
売切れる
手つき
活ける
生まれながら
手ごたえ
お早う
何ぞ
聞きつける
引き戸
生け花
通える
大き目
出合い
小売り
名ばかり
朝っぱら
二の丸
見聞き
思わす
お上
まかり通る
引っぱる
火入れ
立て直す
来たす
けが人
見回り
先走る
ほうじ茶
語り手
絵はがき
行き場
引出し
入り組む
色分け
牛耳る
下手くそ
見もの
数の子
お手上げ
出歩く
見かねる
よもやま話
本立て
少い
人となり
休まる
切り出す
夜な夜な
さり気
売り買い
花き
口走る
歌い手
細切り
立ち会い
青ざめる
一人っ子
かけ声
ひな人形
間引き
米ぬか
組み立る
知ったかぶり
かもし出す
石ころ
見ず知らず
活き活き
立ち見
大引け
水たまり
強いる
下ごしらえ
売れっ子
引き止める
手強い
紙おむつ
出ろ
引っかける
行く手
水はけ
くじ引き
道行く
売りつける
もも肉
手立て
お先に
明るみ
紙切れ
一回り
生みだす
耳かき
立ち上る
歌い上げる
赤とんぼ
食わす
ふる里
読み出し
足もと
上がれる
天引き
赤らめる
引き立てる
小走り
明い
気高い
引き下げる
買わす
引き下がる
足し算
かき回す
雲行き
作り話
ほど近い
思いきる
下回り
人知れず
引上げ
当り前
気休め
当て字
ちゃぶ台
おとぎ話
一人ぼっち
食いしばる
言いがかり
けん引
ご用
思い直す
丸まる
高ぶる
手出し
言わずもがな
晴れやか
気晴らし
後ろ足
分け合う
そびえ立つ
三の丸
お出で
道すがら
立ち話
目まぐるしい
水しぶき
おすそ分け
行く先
ほ場
い草
先回り
読み切り
行き帰り
高鳴る
新入り
書き記す
図れる
早わかり
行き方
力いっぱい
立ち直り
思へる
お玉
山あい
草分け
大人びる
とり方
組み上げる
日めくり
楽ちん
お通し
後ずさる
大はしゃぎ
北の方
今に
のし紙
先読み
書き出す
下ろせる
心して
へき地
考えつく
夏みかん
立ちあがる
黒ずむ
か弱い
帰りがけ
言いよう
つまみ食い
回れる
ただ中
文字どおり
手ほどき
何時の間にか
目と
ひと目
切り立つ
もみ合う
近しい
手の内
火の玉
書き直す
知らん顔
ぶった切る
言いつける
体つき
麦わら
立てこもる
首切り
お母ちゃん
入れ直す
作りだす
小出し
口づけ
生ぬるい
水っぽい
足がかり
引下げ
話し声
早める
お母さま
売り切れる
引きずり出す
三つ子
通りかかる
行かす
見せびらかす
まん丸
日の目
何たる
大当り
虫食い
手ごわい
あて先
人さま
作りあげる
あの手この手
思い出せる
ふ頭
切り花
草むしり
道ばた
親ばか
時の間
地べた
家作り
お先
思い上がる
すべり台
耳たぶ
手だて
見いだせる
夜通し
大回り
お立ち台
引っかく
上げ下げ
前のめり
王さま
分かれ道
読みで
立ち合う
引き算
見てくれ
くせ毛
かき分ける
やり直せる
引き出せる
まん中
ひと休み
読みとる
回り道
お父ちゃん
引きつけ
ひ弱
話し出す
少な目
古めかしい
立てかける
お出まし
車止め
赤黒い
生きざま
切りつける
入れ子
青のり
地合い
時たま
高じる
お手玉
赤ら顔
体たらく
細切れ
思いの外
食い入る
か細い
ご来光
名だたる
見せしめ
間にあう
引き合う
大がかり
見知る
中休み
生まれたて
切り下げ
先ごろ
言い出せる
色直し
言い当てる
どす黒い
手こずる
分かれ目
大の字
心もとない
通りがかり
原っぱ
元気づける
たまり場
近ごろ
聞き耳
晴れ晴れ
思いとどまる
お下がり
後書き
先だって
見い出す
見合わせる
見通す
大人げ
食べごろ
出そろう
食い下がる
本通り
直ぐに
一心に
思わせぶり
手つかず
食む
九つ
明り
半そで
後ろ手
お歌
目くじら
入りこむ
口直し
白ける
切り売り
三が日
止す
風当たり
引きつける
生み出せる
口止め
野ばら
話合い
切っ先
引き入れる
がま口
回りくどい
入り交じる
何ごと
切り上げる
立ち回る
売りさばく
やり場
せき止める
やり手
本読み
気だるい
春めく
二の足
雪の下
組み合わす
小太り
立ちふさがる
大ぶり
家の子
口うるさい
花しょうぶ
通り名
分ち
細る
引きちぎる
図太い
見通せる
足かせ
明るむ
組み方
形づくる
か年
言いふらす
あぜ道
ぶつ切り
画く
思わしくない
つくり出す
毛頭ない
青み
かき立てる
手分け
青じそ
古くさい
音読み
うめき声
先んじる
またの名
たき火
力ずく
遠まわし
気づかう
そそり立つ
かがり火
立ちすくむ
紙くず
話し手
頭でっかち
早とちり
円い
のし上がる
聞き書き
たたき台
黒光り
木の間
下せる
活気づく
五月晴れ
遠回し
食らいつく
交す
上と下
思いだす
合し
やり口
けん玉
丸っこい
日の入り
読みきり
立ちこめる
小口切り
口ぶり
目ざす
後れ
かけ算
だだっ広い
前書き
走らす
手回し
中通り
しゃしゃり出る
出で立ち
でき上がる
買い入れ
作りたて
細める
作り出せる
手間ひま
朝帰り
茶わん
たたき出す
上の空
白む
言い草
買いあさる
買いだめ
目やに
思いつめる
つくり上げる
顔なじみ
魚の目
売出し
鳴り出す
と金
読みふける
場当たり
語りあう
人当たり
花だより
よそ見
引き当て
書きとめる
計らう
にわか雨
弱き
くみ上げる
地上げ
行きつく
足せる
休み休み
秋まつり
生れる
竹とんぼ
当たり年
じゃじゃ馬
夏ばて
店じまい
鳥かご
何とぞ
つり上げ
前かがみ
古ぼける
手合わせ
こき下ろす
手広い
竹やぶ
切れ間
見回る
食いつぶす
当せん
うるち米
気後れ
木こり
手合い
はじき出す
合いの手
言いだす
大みそか
分つ
野太い
小じわ
点る
点てる
立ちつくす
見直せる
引き回し
せん切り
手まり
いがみ合う
自ずから
今しがた
書きなぐる
かいま見る
虫けら
切れ長
とり入れる
口ごもる
お里
見知り
見まね
内回り
つなぎ目
夕やけ
お引き立て
水あめ
まくし立てる
古る
大入り
間引く
時おり
お古
出直す
ご多分
米どころ
楽に
上し
知らんぷり
頭ごなし
おろし金
はけ口
見つけだす
見せかける
かん水
弱弱しい
出しゃばる
にらみ合う
立ち行く
読み切る
中ごろ
川べり
立ち木
数え年
石組み
花やしき
風の子
木くず
立入る
青っぽい
考えもの
一先ず
切りかえる
目ざとい
食らわす
書き入れ
火の車
大ざっぱ
交う
思わしい
夜回り
ねばり強い
聞きかじる
やり合う
組み直す
言い直す
山分け
出来合い
食い気
書下ろし
思いっ切り
野ざらし
せり出し
水入らず
雪下ろし
強か
土のう
いきり立つ
目通り
切通し
切り通し
光らせる
見きわめる
見おろす
白あん
ひと足早い
考へる
心行く
分け前
親しめる
食あたり
お上手
晴れ上がる
切り分ける
火まつり
点す
読みかける
中だるみ
聞き上手
長らえる
年がら年中
気もち
上がったり
くつ下
色あい
すそ野
わきの下
お点前
目がける
ひしめき合う
地鳴り
引っさげる
買入れる
言いくるめる
かち合う
すり合わせ
四つんばい
先細り
走り書き
生きのびる
言い出しっぺ
むかし話
言いまくる
毛羽立つ
木組み
手もと
日だまり
水切れ
茶目っ気
合す
谷あい
手づかみ
すくい上げる
雨よけ
組み合う
首つり
生みの親
通り雨
そぞろ歩き
聞きだす
歌いまくる
玉こんにゃく
思す
日なた
くす玉
ひと回り
書き分ける
大もうけ
風しん
人でなし
見くびる
つむじ風
ひねり出す
通いつめる
ひし形
米びつ
手みやげ
早生まれ
生める
読み出す
手すき
言いきる
生きぬく
人づて
てこ入れ
画する
目じり
組み合せる
空き室
やせ細る
引け目
何時の間に
がら空き
売り切り
口もと
町外れ
一こま
色めく
火の手
目明し
少しく
語り合える
帰せる
青みがかる
口ぐせ
科する
朝もや
売りまくる
立ちのぼる
知らぬ顔
わき道
生まれつく
目立て
心づかい
話し合える
秋めく
夜なべ
読みあさる
紙すき
正せる
絵入り
人なつこい
山ろく
交わせる
出会い頭
ひとり歩き
兄たち
赤茶ける
目くそ
出ずっぱり
口答え
したり顔
理る
気ぜわしい
知合い
ひと足
ひと通り
天下る
知りあい
手いっぱい
花ごよみ
小見出し
ふれ合い
天下分け目
思いたつ
早分かり
まゆ毛
わり算
立ちあがり
夜鳴き
手はず
読み下す
すきま風
まっ白
足どり
走り出る
首ったけ
白みそ
切りそろえる
数え上げる
食いつなぐ
お高く
茶こし
うちの人
金もうけ
なり手
先がける
さし絵
羽ばたける
入れかえる
青黒い
語りつぐ
上ずる
くの一
水がめ
分け目
七光り
力づける
まき絵
見なれる
ぜい肉
聞き分ける
わき水
言いだしっぺ
合せる
うるう年
道行き
弱っちい
目のあたり
毛むくじゃら
水け
赤みがかる
なで下ろす
組入れる
雪どけ
引きだす
火あぶり
出あう
はしご車
花かご
切りかかる
かき出す
大っぴら
かき鳴らす
大売出し
かぶと虫
手さばき
弓なり
おびき出す
岩のり
記せる
来し方
またたく間
当て馬
でき上がり
鳴ける
なき声
計れる
切れ切れ
のたうち回る
売りつくす
風切り
立ち上り
読みとり
足つき
読みこなす
海鳴り
ろ紙
水かさ
間近い
山かけ
天つゆ
何のその
前立て
日の本
読み通す
雪あかり
四つ角
ひた走り
思うつぼ
犬ぞり
切り目
とり上げる
ばら肉
見立てる
止めど
親せき
元売り
かけ合う
足かけ
花ことば
切りとる
日本晴れ
気立て
書きつける
心する
ちり紙
金切り声
学びや
心ならずも
花いちもんめ
水ぼうそう
ばら色
いま一つ
ただし書き
行きずり
七つの海
気むずかしい
口ひげ
立て直せる
雨あられ
当たりまえ
一ぱい
朝立ち
花入れ
やり切れない
姉たち
雨だれ
夕ごはん
つるし上げ
山の手線
地ならし
人聞き
食い合う
月あかり
見当る
土いじり
耳より
たわ言
つり合う
見下げる
山びこ
ひいき目
いろは歌
冬ごもり
書き立てる
上れる
見せどころ
小ぢんまり
雪うさぎ
小さ目
引きずり回す
天びん
買いこむ
まっ黒
言い立てる
立上り
見すえる
太っちょ
小うるさい
見つけ出せる
歌わす
はき出す
かかわり合い
一時しのぎ
山すそ
読みもの
手ざわり
目まい
出切る
金づる
何時しか
手ひどい
強ばる
雨ざらし
空かす
あいさつ回り
つまみ出す
石こう
雨ふり
上げ下ろし
さくら草
引きあげる
首すじ
左きき
そば切り
石づき
金ぴか
見合せる
いの一番
人少な
語り明かす
用足し
女たらし
書きためる
とろ火
少なくも
七草がゆ
赤らむ
気どる
そぎ切り
見のがす
色いろ
はち切れる
聞き入れる
手ぬるい
売り上げる
行ずる
組みなおす
山出し
止り
読み合わせる
書する
晴らせる
おぼろ月夜
よそ行き
中入り
売りきれる
とび出る
思いあたる
出直せる
花かんざし
行く年
中の間
子だくさん
書きあげる
読みかえる
立ちどまる
名のり
貝がら
口やかましい
色つや
かん高い
話しぶり
めぐり合わせ
さいの目
見なせる
本に
黒こげ
書き下す
言い聞かす
たたき上げる
前ぶれ
目の子
あて名
やり玉
切下げ
引き回す
買いかぶる
すり足
目ざめ
丸だし
くい止める
引きずりこむ
食べかす
手さげ
くり出す
聞きづらい
行く行く
水かき
火の元
立ち聞き
通わす
立ち直れる
田作り
から口
うわの空
切り出せる
つり上がる
思いのたけ
草もち
くり広げる
心もち
読上げる
あめ色
青田買い
回らん
星くず
大立ち回り
後かたづけ
大わらわ
出来ばえ
通せんぼ
心づく
入り用
目通し
気くばり
空っ風
力つきる
思いなおす
金づち
数え歌
丸つぶれ
口げんか
はした金
内また
もちの木
角い
べに花
行きがけ
聞き出せる
生き字引
つま先立つ
あぶり出し
切りつめる
書き下し文
うわ言
うじ虫
書出し
晴れわたる
鳴かせる
話しことば
何やかや
今わ
内の人
ひこうき雲
ひとりっ子
出がらし
でっち上げる
引き下ろす
木いちご
交ざる
里いも
気がね
考えごと
名うて
目ざましい
つや出し
食いもの
火の気
お手つき
魚つり
通ぶる
男っぷり
夕ぐれ
引く手あまた
思いおこす
円やか
月のもの
おみ足
つなぎ止める
会わす
立合い
道づれ
ひと声
ほうき星
火ぶた
手っとり早い
わき目
目だつ
かり出す
通りゃんせ
心がまえ
食わせる
当てずっぽう
用立てる
ねずみ色
言いよどむ
いたずら書き
売り出せる
ひょろ長い
円すい
話しこむ
お下げ
力こぶ
引き分ける
さらし首
なれ合い
だみ声
たたき売り
玉子とじ
走り出せる
でんでん虫
書きかた
食いっぱぐれ
心づもり
ねじ切り
大人ぶる
ぺんぺん草
も本
出歩ける
夜ふかし
見まがう
人まかせ
学びとる
うの花
当てつける
黄み
まっ先に
引出す
鳥の子
目の玉
先だつ
色どり
立上がる
水あか
分かち書き
出し手
書き出せる
形見分け
切上げ
町はずれ
はやし立てる
明くる日
口さがない
ひと山
時どき
長そで
力まかせ
お気にいり
とまり木
生生しい
組みこむ
買い上げる
引きしめる
土ぼこり
紙ふぶき
か黒い
牛ふん
知り合える
どの方
早帰り
まわり道
言いぐさ
食いで
長たらしい
ひとり立ち
来なさる
弱り目
手のもの
出合える
言いあう
道すじ
人さらい
大売り出し
小ざかしい
長びく
語りべ
夕立ち
何はなくとも
出来す
のど元
からっ風
木かげ
見晴らす
手切れ金
木ねじ
ふれ合う
ひそひそ話
黒み
新しもの
入り切る
思い止まる
しこ名
もろ手
あばら家
ろくろ首
口当り
つまみ上げる
心弱い
手当たり
おちょぼ口
作りかえる
お茶の子
三つどもえ
走り回れる
歩みよる
今し方
空ろ
顔かたち
はげ山
生き馬
引き当てる
聞きにくい
鳴りだす
竹やり
手ずから
出来ごと
黄いろい
言いそびれる
金回り
見回せる
朝な夕な
出どころ
買いつける
聞きほれる
気強い
手ぐすね
ぜい弱
つばぜり合い
わき出る
内もも
手さぐり
いわし雲
たて糸
行きがかり
矢じり
水たき
つり上げる
組上げる
いら立ち
七さん
ふるい分ける
立ち上がれる
かん子
耳新しい
間の子
食い道楽
うす切り
すみれ色
立ち会える
生あたたかい
虫下し
子の日
買いたたく
立ち止る
下り立つ
わき見
耳ざとい
手だし
もみ上げ
書き入れる
生白い
あん分
人気もの
書きたてる
いたし方
茶入れ
お上りさん
足とり
より目
水きり
お七夜
書き直せる
分けつ
しゃくり上げる
だ円
組みかえる
手前みそ
夜ふけ
南回り
光らす
見切れる
わき毛
下っぱ
耳ざわり
引きおこす
買い切る
青じろい
生きいき
さし木
大きに
黒作り
人なれる
みかげ石
夜もすがら
もつれ合う
ひ弱い
はね上がる
絵合わせ
言いまくり
わが校
うす茶
朝ぼらけ
組みたてる
一本立ち
下読み
出合い頭
もり立てる
食い足りる
水びたし
長ずる
先出し
買い入れる
丸のみ
生きながらえる
引立て
茶せん
ささやき声
三すくみ
思いめぐらす
心づよい
馬の足
切り下げる
聞す
はだか麦
体する
ぴか一
切出し
ひな鳥
立ち後れる
水あげ
組立てる
上がり口
あん馬
用だつ
わら半紙
生きかえる
草いきれ
さくら貝
水もの
あみ出す
耳遠い
虫めがね
こま犬
赤める
木ぐらい
毛じらみ
図図しい
山ごもり
引っつかむ
がまん強い
切りぬく
とちの木
なまっ白い
る言
手ぶくろ
夜明かし
お足
はね上げる
よこ糸
花びん
生なましい
作り立て
生まれ月
小ぐらい
手あみ
せり出す
読みこなせる
もの言い
小ぎれい
名だかい
生っ白い
切れ上がる
北回り
女もの
手がたい
間遠い
山ふところ
書き入れ時
時めく
引つる
首っ引き
番える
弱よわしい
目ばやい
手間どる
口べた
売行き
口がたい
出し切れる
しみ入る
女女しい
耳どおい
細細しい
花やか
気はずかしい
おぼろ月
出来上り
外まわり
気近い
小ぜわしい
朝めし
かかあ天下
合い方
引きたてる
売りこむ
生っちろい
計り売り
小やかましい
聞ぐるしい
赤じそ
手あつい
手っとりばやい
かい人
百日ぜき
花はずかしい
女めしい
目の当り
ぽっと出
手ばしこい
見ぐるしい
しつけ糸
空空しい
人がましい
人なつかしい
火の番
手びろい
小書き
おんなの子
いけ図図しい
口ぎたない
のら犬
ひざ元
気づかわしい
引合い
つかみ合う
生れつき
まわり遠い
晴がましい
生じろい
毛ぶかい
茶がら
長もち
男男しい
生新しい
気色ばむ
草ぶかい
がん作
空ぞらしい
回り遠い
言い古す
ほろほろ鳥
点じる
細かしい
白白しい
小だかい
角角しい
花花しい
気がつく
小ぎたない
貝の口
手ばやい
気づよい
気だかい
日なたぼっこ
木ぶかい
組合せる
入れあげる
茶どころ
空はずかしい
回遠い
手がるい
時雨れる
だだっ子
画びょう
入り日
目ばゆい
角かどしい
ずり上がる
聞にくい
もっての外
聞づらい
はた目
上がり目
何のかんの
立直す
入りびたる
遠白い
上せる
うり二つ
つぎ足す
言いなす
目つぶし
小はずかしい
白め
くみ出す
やじ馬
花ふぶき
書入れ
売り声
読出し
通し矢
雪明り
玉ぐし
すい星
一人ぽっち
切り子
雪おろし
黒める
買い上がる
歩き回れる
買い気
昼めし
おしろい花
体当り
手あか
思うさま
手わざ
親思い
さい先
年回り
先んずる
地鳴き
紙入れ
びた一文
金つば
あだ花
うぐいす色
ぶち当てる
火の見やぐら
目する
作りもの
お絵書き
うす口
見合わす
はん用
女ごころ
すりこ木
すべり出し
後れ毛
雪ぐ
夏もの
鳥の子紙
二の矢
う回
思い当る
引っぱたく
ほうり出す
石うす
目ざまし
星回り
見下せる
思ほす
食い上げ
手回り
糸あやつり
小止み
花立て
青む
見晴らせる
はげ頭
もらい手
手あて
一本やり
村びと
ぼたん雪
語い
顔合せ
前後ろ
見とがめる
つゆ草
紙きれ
科の木
のぼせ上がる
切り回す
手ふき
草とり
京おんな
引き合わす
組み合い
人いきれ
草かんむり
きのこ雲
心当り
かかわり合う
水の手
つけ足す
組みつく
野ねずみ
出会す
夕なぎ
切り合う
ご用聞き
何くれ
手かせ
人まね
まごの手
後ろ前
弓引く
書下し
こう門
書出す
見ほれる
昼下り
食いしんぼう
ふり入れる
毛せん
見せ金
山ざくら
下がり目
分べん
立ちこむ
気だて
自じ
口入れ
出っぱる
竹ざお
目あて
しゅん工
当てこする
食休み
犬かき
当たれる
地回り
強かん
切れ字
あわ立つ
同ずる
つけ回す
空くじ
ろ水
長じゅばん
男やもめ
手切れ
黄いろ
親ゆずり
ちぎれ雲
ひり出す
にじり口
ねじ切る
目くるめく
よそ目
食いかけ
火の見
星明り
生いたち
間の手
言い分け
ばく大
引っ立てる
くず米
行きあたりばったり
花づくし
年かさ
高いびき
夏めく
せき立てる
来はじめる
雨ごい
茶の子
天どん
見交わす
えびす顔
おじぎ草
いん石
後まわし
心入れ
親ぼく
えん麦
人がら
明らめる
手後れ
なぐり書き
引く手数多
止め金
目ざわり
目ざめる
水まくら
見えかくれ
一走り
まっ青
冬ざれ
見上ぐ
青かび
ぶどう色
えび茶
夜歩き
切りこみ
聞きわける
書きことば
いら立つ
のし歩く
はい出す
行き合う
引止める
口こみ
聞分け
下生え
夏やせ
つけ入る
南ばん
のり出す
一すじ
ふっ切れる
三下り
はい出る
生らす
言いつのる
組みつける
思いあまる
うおの目
食中り
ごう音
思いわずらう
すね当て
聞きとがめる
見おろせる
年のうち
思いかえす
知るべ
足げ
花生け
入りまじる
夕まぐれ
音引き
知合う
おり紙
へし合い
山かげ
聞き合わせる
口きき
こと足りる
まくら木
赤さび
朝まだき
つづり方
のみの市
じり高
後れる
春もの
太れる
口ごたえ
気おされる
せん方
後入れ
かな書き
出立つ
目明かし
天が下
早引け
たたき出せる
ねん出
石だたみ
強じん
切れはし
そ上
やまと絵
わかれ道
あて字
雨がっぱ
生立ち
下じき
細み
たらの子
一番やり
そで口
たる木
お八つ
大づかみ
なで上げる
すすり上げる
金入れ
先細る
つけ上がる
なすり合い
糸入り
せり上げ
早立ち
ねずみ算
しり目
八つ手
上がりかまち
光りもの
六つ切り
語りぐさ
石ばし
うつし絵
立食い
男もの
はずみ車
米つき
西の内
もみ手
親子づれ
口切り
日もち
水すまし
売り口
小作り
たずね人
線切り
つき合える
手空き
引下げる
引きずり出せる
もたれ合い
野だて
くり上げる
考え出せる
やせ地
月足らず
麦めし
せん茶
小間切れ
ささみ肉
ば声
出えん
水さし
食いだめ
こと切れる
先の日
水あたり
古びる
口しょう
切りすて
草する
かきいれ時
口つき
竹べら
つっ走る
何時ぞや
読み分ける
花明り
雨上り
大つごもり
目見え
ゆう出
赤んぼう
引きかえす
言い交わす
左うちわ
引当て
鳴かす
小当り
生みつける
とば口
石づくり
引っこめる
たたり目
思い合わせる
お茶子
星あかり
すり切り
内のり
気っ風
年の内
ふろ場
春さき
ときの声
糸作り
切り石
さら地
立直る
草生す
見る見る間に
風び
小びん
まかり出る
見ばえ
どっち道
わた毛
手合せ
手がき
へらず口
お目玉
夏やすみ
合いびき
ねじ上げる
もらい火
立ち入れる
出げいこ
声つき
合の手
黒みがかる
組みあげる
聞きいれる
出つくす
ざら場
気っぷ
どか雪
いく分
やどり木
円か
明りょう
はち合わせ
手まね
一しきり
何びと
ます目
気がる
聞きただす
秋もの
一点ばり
売りさばける
口まね
もらい水
むくの木
たらの木
ぼた山
家鳴り
読切り
言いたてる
やっちゃ場
手ぎわ
さっ引く
いき方
切りあげる
なれ合う
うぶ声
木やり
親ごころ
ちぢれ毛
ひっ算
手おけ
三つ組
えり足
国なまり
午前さま
帰り車
貝合せ
引く手
切れ口
当り年
茶しぶ
こぬか雨
中おち
もえぎ色
丸めこむ
朝明け
数えあげ
お下
もの音
川止め
書きとる
虫くい
当てもの
茶めし
出で立つ
行きどまり
山鳴り
先入れ先出し
糸へん
中ぶた
まな弟子
みるみる間に
はざ間
ばん回
思いなし
肉ばなれ
先入れ
つるし上げる
もく星
せん光
夕げ
出ばる
わらい話
後がま
よろい戸
かんの虫
貝あわせ
やさ男
小ざっぱり
つまみ出せる
明かりとり
春がすみ
思いなす
花活け
玉つき
はやり歌
大なた
見えすく
二つながら
四切り
大切り
おくれ毛
引け時
さし当たる
点てん
切れこみ
食み出す
牛なべ
水ぎわ
そん色
かぎっ子
むき出す
顔つなぎ
山ぶき
おとこの子
二上り
山ひだ
夜どおし
おぜん立て
げん気
出語り
あて馬
すき間風
木の頭
午さん
かい出す
一つ話
半どん
年の市
足ぶみ
手ぬき
手なれる
黄だん
何とて
水こぼし
首くくり
組合う
手まめ
切り火
せん馬
うば車
からめ手
千切れ雲
当て外れ
かん木
朝げいこ
見そこなう
あいの手
むだ話
立回り
わたの原
食い下がれる
より糸
夕やみ
風ぼう
手ごめ
言いぶん
歩引き
当たりさわり
一ぷく
引きちぎれる
中ぶらりん
姉さんかぶり
番茶も出花
切立つ
円み
先立てる
かつぎ上げる
内ない
花がつお
かごの鳥
心ばえ
さぐり合う
下ろし金
知らず顔
三角きん
行き止り
早わざ
組合す
親もと
お玉じゃくし
鳥もち
外とう
切れめ
聞きかえす
虫ず
地しん
ばた足
紙ばさみ
花どき
通りがけ
作りごと
近回り
行止り
合の子
おや子
前かけ
切りかける
足ならし
止り木
はじき出せる
生つば
金ぱく
同せい
作り声
しり上がり
けた数
夜の目
切上げる
山びと
後引き
歩きづめ
人入れ
岩つつじ
首かせ
歌合わせ
聞きあきる
朝する
前く
たい色
ちゃめっ気
入り海
小また
知ろしめす
ぶら下がれる
一くさり
算する
思いすごし
のし上がれる
立ちならぶ
広びろ
分れ道
知りぬく
ぬれ手
後ろだて
雨止み
こう丸
小やみ
うりざね顔
小づち
ふり方
売れっこ
夜すがら
あいの子
雨あし
馬ふん
千三つ
寺入り
とき色
土地っ子
母もの
合い口
手まねき
うしろ足
引立てる
心ばせ
はり合う
生えぎわ
明けがた
どさ回り
にび色
すくみ上がる
小いき
力わざ
絵合せ
手つだう
中の口
小切れ
山ぎわ
天下とり
七分づき
夕さり
しば犬
何時のまにか
色めがね
そ生
手答え
日読み
えん下
売りとばす
よび名
鳴りわたる
きわ立つ
出来あい
入れこみ
わかち書き
生まれでる
広っぱ
目明き
ひとつ話
首っぴき
行きあたり
はなし家
見ごと
先ぽう
食入る
人あしらい
足どめ
かかぁ天下
明らむ
遠鳴り
まん月
肉はさみ
分れ目
火かげん
かね合い
あっ気
水っぱな
紙つぶて
空き店
広やか
水ごけ
行きあたる
空買い
後入れ先出し
数えうた
ざら紙
首引き
朝な朝な
出切れ
風当り
名ごり
立ちどころに
お茶ひき
行きあう
読みさす
元のもくあみ
さし水
風引き
ばか力
休する
形作れる
きめ手
けい古
何でもかでも
地つづき
矢がすり
はい用
あぶら虫
点ずる
入れ目
食い切る
当ぎり
しめ切る
夜さり
食止める
手ぬかり
花ぐもり
早手回し
かみきり虫
形がい
山へん
気ぶん
教べん
生り年
引っこみ
人間わざ
絵さがし
空き間
お国ぶり
なり形
一わたり
数えあげる
茶びん
合いかぎ
丸ぼうず
分合う
思いちがい
ほおの木
間がら
あがり目
心やり
肉しゅ
白茶ける
空きかん
引合せ
こと足る
まがり角
心組み
空せき
大見え
言い直せる
から元気
早生れ
お目もじ
小わき
小づくり
目のかたき
生けにえ
せん毛
おえら方
雨がさ
生い先
男だて
絵空ごと
七つ立ち
赤えい
こう頭
おぼれ谷
食いはぐれ
角ぐむ
せり上げる
七ふしぎ
雪けむり
くそ力
花合せ
聞きもらす
語り明かせる
下じ
見す見す
生かる
行交う
大つぶ
気組み
かま首
えり分ける
太刀さばき
しょく台
出はな
かずの子
自まん
ざん新
やの字
南ろく
たこの木
組み合す
夜っぴて
三りんぼう
茶しゃく
歌っこ
下たい
間に合せ
どら声
首っ玉
書きいれる
なき虫
組みあう
かっ歩
わかれ目
食わせもの
前下り
見回れる
切出す
じゃの目
千羽づる
すき通る
思い切れる
ぼ金
後回り
場当り
切下げる
読みあわせ
立ち合える
細作り
歌まくら
道教え
さがり目
数え日
上つ方
子うし
もの売り
そら耳
思いとどまれる
気のり
青立ち
赤むけ
当てはずれ
先ぶれ
はく色
学びとれる
人当り
茶だんす
ひとり合点
後じん
地ごく
口づて
食らえる
まじり気
左ぎっちょ
生い立つ
聞分ける
お父つぁん
うん気
読みつぐ
買いしめる
ぜい言
明け番
まくら元
小きざみ
引入れる
出ごと
言いつかる
回り気
間切る
切り羽
手ごま
立合う
分引き
行きかかる
三羽がらす
書き記せる
切り立てる
そう入
虫へん
晴やか
出食わす
切りくずす
花やぐ
黒ぐろ
出出し
買いためる
山止め
歩ます
角立つ
上っつら
そそり立てる
何時のまに
もらい子
土なべ
行きちがい
鳴きしきる
出外れる
間げき
当てなし
むら気
本直し
通りみち
場なれ
引当てる
上っぱり
ふた親
立聞き
そら言
切れぎれ
おびき出せる
高ずる
切りきず
やみ市
丸ぽちゃ
朝がけ
女出入り
引きさく
かっ切る
生れかわる
ふき上げ
玉のこし
生えぬき
書入れる
かこう岩
大ぶろしき
かくし子
食下がる
はやり立つ
米食い虫
聞出す
歩きつめる
二番せんじ
引っ下げる
売れのこり
角目立つ
回り番
書記す
言い回す
つけ目
手まくら
すずかけの木
切りとれる
ふるえ上がる
小切る
半ら
音さた
わけ目
間引ける
入組む
引下がる
早分り
言いのがれる
手づる
食いしろ
思い直せる
ご三家
りょう線
組み直せる
角書き
おどり上がる
だく足
ほこ先
足ついで
地ひびき
中売り
鳥かん
ぽん引き
入り船
走りでる
紙の木
はぎ合わす
上げ数
目切れ
行きだおれ
引ずる
切合う
引っこぬく
知ろし食す
歌い女
言いおく
川すじ
合かぎ
聞入れる
かつ目
まぐれ当り
口よせ
外らす
引回し
白むく
し細
点頭く
めっき線
書下す
行き当る
帰が
立てこもれる
行き当りばったり
聞き合わす
食わずぎらい
明けっぱなし
たけのこ生活
当りさわり
おとし入れる
書立てる
言いそこなう
空うそぶく
