北海道
小学校
日本人
日本語
小学生
一番上
社会人
地図上
外出先
高校生
小文字
大文字
日曜日
一体何
中学生
中古車
外国人
中学校
午前中
会社名
東日本
土曜日
市町村
西日本
先生方
中国語
顔文字
一週間
大人気
教科書
大学生
中心地
月曜日
日記内
国内外
新生活
一番気
売上高
食市場
大人用
大多数
一同心
日本一
一番下
金曜日
学校名
語学力
原作本
小売店
書店本
当日中
少人数
本文中
十分気
音楽本
通学先
絵文字
日本海
青少年
日本中
頭文字
外国語
新番組
六本木
五十音
見学会
公園内
一口大
計画中
光回線
入門書
今国会
人気店
入会金
水曜日
食生活
古書店
会場内
地形図
金正日
新聞社
今週中
日本国
今大会
今月中
中国人
大学名
空気中
来店心
姉妹店
七五三
引用元
毎日見
人間力
新会社
近日中
地図内
同日前
一人前
新年会
今年中
広東語
明細書
大人数
中高年
原生林
電車内
前回来
同友会
地図下
山手線
番組内
空間内
心理学
一目見
中心点
大草原
中古本
下車後
右半円
左半円
入社後
出店中
計算書
子会社
日本円
長電話
時間外
食肉店
公用語
二番目
計算上
新日本
生花店
水道水
東南海
母国語
電車男
通知書
半年後
番組名
分科会
今日見
今一番
外出時
今日中
思考力
黄金色
社会科
一時間
来店時
大分市
秋田市
出来高
今人気
大気中
回答数
一時金
東海道
日記数
赤文字
大百科
本大会
道今日
一番心
毎週月
白黒赤
多少色
多数出
多言語
休前日
当組合
人気作
火曜日
休止中
入学金
毎週火
中南米
里親犬
入金後
小休止
上下線
国会内
来週中
長野市
新工場
入校前
夏本番
毎年夏
年月日
多走行
文字色
一番前
新分野
日野市
生活上
一年生
明石家
里親会
二言目
二日間
金土日
地下室
立体顔
米国内
入学前
一切出
日本画
来店中
三角点
北東北
売出時
線元町
二週間
男子台
天人気
四天王
回数分
東海林
引当金
行楽地
校長室
毎年春
帰国後
入力後
毎日何
太田光
六番目
工場内
市長室
友生活
新聞紙
一足先
白金台
当教室
長時間
書道家
中高生
同地点
毎日家
一番楽
自分用
本生活
門前町
火星人
大手町
高知市
体大切
当番組
高校名
四日市
明後日
今手元
日本女
中目黒
新入生
上田市
今後気
当会社
生後間
土地上
昼食後
日本食
明大生
工場長
中間地
来場心
高学年
山野草
人数分
同大会
合計数
北見市
夕食後
日本名
会計後
考古学
前入金
外野手
前番組
青森市
元社長
黒曜石
親会社
山行記
本学科
歌手名
中国茶
人形町
小山市
国分町
花火花
一文字
花音楽
天地人
帰国生
朝夕食
多数見
本計画
中野店
中四国
同番組
同市内
親中国
山形市
四日間
三番目
夕食時
左半分
右半分
生理学
明日中
何時間
昼食時
人気校
早合点
山口市
学校長
朝日町
会話中
水戸市
見本紙
馬車馬
西東京
小石川
百名山
大東京
日立市
手入力
来店前
一分野
高原山
同組合
楽気分
川口市
小林光
学校内
羽田新
正体見
風土記
大長今
鳥山明
下野市
米国人
本文書
女子力
町田市
花市場
戸田市
数日間
五行図
一回分
田口元
多年草
一年間
毎年秋
小田原
店休日
人生山
走行中
多少気
野田市
下山後
時間数
八百万
今出川
五行歌
多分気
黄金刀
読書家
人生楽
休会中
新交通
前年中
生体内
家朝日
茶話会
入会時
七夕星
中国元
天気図
番地名
生数字
高円寺
内野手
十五夜
本日中
活用力
今入会
教室長
北白川
九花園
中元用
小海線
記入上
京王線
朝読書
地頭力
元店長
天王寺
人肉食
日時計
上場後
上場日
同社数
大言海
今日来
来店日
国語力
作家名
夜時間
会会長
新聞会
中年男
出場国
高遠町
毎年冬
足立花
京町家
本科目
新学長
明石玉
羽生市
女子会
二人組
出羽小
絵日記
毎週土
女子友
同工場
同大学
七草秋
今回出
月水金
家出中
金魚店
自立心
南海道
大字名
万一目
人文学
国文学
二上山
新市場
何週間
八戸市
小山町
一見何
売上金
丸文字
地理学
会東大
来年夏
鳥金魚
太田市
立川市
中国名
数年間
明太子
線東京
一心行
日本犬
一切口
毎月中
毎週見
読書中
紙魚子
山下町
多用中
当分先
女社長
本組合
小林市
八女市
山手町
休園日
小中高
八王子
外見力
通知先
音楽書
今日家
原作名
子犬出
新天地
生理中
七月夏
今日本
学園記
林直光
三文字
百合子
半夏生
南京玉
鳥人間
文字数
北高原
小川町
科学力
目黒川
人生何
三角形
計算外
原子力
合計点
出雲市
右数字
高人気
春秋社
教室名
作文力
大会新
交野市
知内町
一分科
園見学
木曜日
大手紙
来年春
春一番
三国人
星少年
中野人
一切気
中京大
北北西
毎週日
古書人
新店内
立教大
食日記
小教理
金田一
光明寺
川南町
高山市
十日町
天文台
地元紙
見本市
本番中
原高原
小野田
市朝市
三日月
生理前
西光寺
入力上
三原市
電話口
当日分
月夜野
人間学
今夜月
一切手
走行音
生活科
秋刀魚
今日気
小切手
大風歌
名作中
今後出
今夏大
来日中
北新地
大木本
家新月
入門絵
日本茶
地下水
入門用
古文書
天理教
白水社
手紙文
南森町
毎時間
地中海
通行中
森公園
元田中
道中気
今人道
新学年
大野家
入金分
今回気
朝食後
本文内
番組中
大会前
引用文
休日中
半年前
白夜行
中間点
八正道
出水時
中心線
門川町
地方紙
通学地
多人数
字前田
入金日
本学会
会学校
何曜日
三木市
中国文
室谷口
一番力
前年前
手公園
金正男
記入後
時間内
体今月
星雲社
馬日記
高知木
道中記
十二月
金山店
毎日朝
正方形
同計画
新社長
手羽先
新東京
左京山