可能性
不動産
個人的
基本的
具体的
管理者
不思議
管理人
利用者
積極的
北海道
関係者
自動的
最終的
第三者
飲食店
埼玉県
数年前
歯医者
正確性
活性化
旅行記
参加者
保護者
不適切
印象的
東京都
事務所
福島県
駅周辺
店情報
出版社
初心者
効果的
事務局
出品者
美容室
自動車
本規約
小学校
日本人
総合的
消費税
美容院
日本語
日用品
利用上
自転車
不可能
小学生
性質上
茨城県
一番上
質問者
社会人
芸能人
結果的
出来事
精神的
愛知県
必要性
時間帯
重要性
居酒屋
最近見
暗号化
兵庫県
定期的
地図上
有名人
京都府
本発明
不具合
編集部
対象外
外出先
世界的
非表示
落札者
定休日
電話帳
大阪府
主観的
楽対応
本格的
来店率
広告主
体験者
最大限
保育園
千葉県
商品名
文字列
高校生
小文字
数日前
安全性
発売日
事業者
一人様
注文後
大文字
日曜日
問題点
英会話
体験談
名古屋
全体的
一体何
消費者
個人差
全国的
未対応
未入力
図書館
一時的
未経験
経営者
代表的
単行本
最寄駅
手数料
大好評
目的地
税理士
技術的
使用上
政治家
歯周病
元記事
画像等
客観的
中学生
厚労省
中古車
神奈川
根本的
大満足
新宿駅
名以外
長野県
講演会
解説文
印刷用
用語集
静岡県
顔画像
数日後
大自然
観光客
不可欠
注文時
外国人
福岡県
中学校
仲間内
午前中
不利益
情報量
非公開
美術館
観光地
説得力
共益費
管理費
街情報
改正後
何十年
正社員
現実的
英数字
岐阜県
数年後
本研究
三重県
建築家
保証金
委員会
説明会
小児科
運転手
回答者
沖縄県
会社名
所在地
報告書
東日本
土曜日
発表会
正当化
第一条
主人公
新潟県
研究所
物件名
特産品
製造業
新着順
料金等
自動化
市町村
一人旅
事業所
西日本
青森県
卒業生
得情報
弁護士
群馬県
利便性
真面目
自分的
新商品
研究者
世界中
証明書
先生方
配送料
十二分
二日目
参加中
栃木県
複数人
中国語
対照的
全面的
送料別
写真集
全国版
最終回
全商品
路線名
運営局
内容的
日本酒
効率的
画像下
長期的
宮崎県
顔文字
今話題
一週間
投資家
実質的
一体化
方向性
自由度
間取図
完成度
作成者
大人気
最小限
移転等
出演者
運営者
石川県
写真等
二回目
教科書
価格帯
時間的
改正前
無意識
滋賀県
多様化
記念日
最適化
他人事
質問等
中心部
再利用
科学的
築年数
出前館
福井県
受験生
国際的
歴史的
堂書店
常識的
交通費
未登録
広島県
入札数
所有者
講談社
開発中
各商品
秋田県
富山県
利用可
利用前
事業用
関連性
血液型
最終日
大学生
本格化
労働者
満足度
中心地
代表者
不自由
奈良県
命中率
参院選
月曜日
社会的
宮城県
最新版
指導者
救急車
岡山県
精神科
大部分
工務店
特急便
日記内
低価格
何度見
代表作
中古品
不良品
効率化
支持率
実用化
写真館
再放送
今週末
不十分
本求人
国内外
一年前
共通点
修復歴
本質的
古本屋
香川県
合理的
居心地
予備校
定食屋
初回版
休業日
活発化
現時点
山口県
一回目
製品名
調味料
料金表
特商法
京都市
新生活
店周辺
七五三
新感覚
営業日
博物館
交差点
在学生
限定版
車以外
当選者
使用感
長崎県
山形県
熊本県
一番気
勉強会
建設業
受付中
複合機
朝一番
解決法
準備中
商店街
現在地
売上高
公開中
注文日
小学館
飛行機
伝統的
責任者
新幹線
歴史上
典型的
一本化
急成長
食市場
大阪市
有用性
以下略
安定所
人物名
要予約
新製品
岩手県
成果物
都合上
支配下
理事会
第一歩
高級感
客室等
清潔感
注意点
表示中
大成功
大人用
卒業式
出発日
出発点
肉体的
第二部
第一回
管理下
年月日
目的別
全国旅
精力的
数十人
商店主
大浴場
不安定
理事長
小説家
保険料
予想外
原材料
移動中
実在性
番組表
不用品
大多数
前各号
一番下
情報等
車買取
二人目
大分県
商品化
勉強法
小売業
山梨県
求職者
再構築
未使用
非会員
再起動
注目度
一同心
愛媛県
講習会
経験者
医薬品
新世紀
佐賀県
政治的
卒業後
第一線
長期間
鳥取県
番記者
宿予約
本記事
多目的
具体化
決定的
期間中
最上部
会員制
放送中
注文前
送信元
食料品
遊園地
不快感
部屋数
最上階
具現化
日本一
表面化
生産者
二年前
合計額
高知県
委員長
現行犯
英語版
発送日
高品質
無関係
研究室
反対側
関連職
電器屋
会社様
意図的
記者団
安心感
金曜日
家庭用
島根県
電器店
住所等
大集合
健全化
文例集
低身長
先進国
感情的
学校名
予約等
今一度
医院様
交通量
和食店
語学力
買取店
有効性
原動力
生産性
最新号
代理人
保育所
二次会
南道路
集客力
数分後
原作本
一日中
最近気
参加費
追加等
業種別
小売店
不幸中
開示等
開発者
計画的
祝祭日
建築物
不適当
文字化
登録等
一度見
生態画
登山口
市役所
理想的
病院名
市南区
適正化
放送局
法令等
書店本
車査定
出版物
店長様
出発駅
主原料
地球上
予約時
真実性
過半数
一日目
写真左
明示的
番地号
新発売
場合等
短期間
一戸建
徳島県
入居者
説明書
当日中
少人数
生活者
研修会
市北区
画面上
魚料理
旅日記
基本中
予約制
何種類
書評数
相関図
安定性
再生中
美容師
日本法
対象店
動物園
十分気
本文中
市緑区
先着順
日程表
第二条
神戸市
記述等
明確化
三年前
文章等
合法性
土産屋
出発地
音楽本
物理的
技術者
地球人
写真右
中央区
富士山
数百円
市西区
高血圧
高機能
来院前
電話等
総選挙
適切性
機能的
犯罪歴
細分化
重過失
下半身
戦争等
未設定
三日目
出身地
体力的
各物件
取材時
不都合
絶対的
鹿児島
大好物
再入荷
安定感
宿情報
完全性
開放感
取引先
登山道
住民票
市桜区
公務員
自衛隊
石材店
全然気
内定者
感動的
日本初
自然界
大容量
個性的
植民地
未回答
世間的
構成員
意見書
意見等
豆知識
希望者
永続的
練習板
自治体
会員様
風物詩
一年後
通学先
特典品
栄養価
発売中
差別化
民芸品
給湯器
利用時
民営化
総務省
絵文字
交流会
投資用
百万円
人気者
市区郡
表面的
非対応
理容室
進行中
本商品
標準的
医者様
再発見
日本海
関連語
条件等
上級者
案内板
注目作
集中力
有意義
交通付
高画質
本洋書
投票者
種類別
主成分
少種別
発売元
宿周辺
旅行先
数十年
営業所
青少年
世界観
所得税
研究会
文化的
物件数
食品費
全物件
申告書
公共的
発行者
標本画
奈良市
福岡市
都市部
道州制
医学的
整体院
日本中
頭文字
配送先
通話料
登録時
発注後
本能寺
印刷物
時期的
外国語
真夜中
中央部
子要素
開会式
弱体化
教職員
製品化
受講生
新番組
内共通
十数年
機械的
研究員
電子版
対象者
返信元
一口大
製造元
好印象
第一話
王子様
勝喜梅
人間的
在庫数
六本木
主題歌
本年度
無料今
家庭的
川崎市
気持玉
受講料
入湯税
本製品
主人様
教育費
副作用
決定版
一人目
本会議
大流行
時歴史
第一号
記事次
協力者
社労士
何十回
大辞林
文教堂
相続税
業界初
五十音
地下鉄
相対的
予約数
新百合
次回作
健康的
土日祝
買物前
弁当屋
事故車
手術数
好立地
年度分
市民税
短期的
感覚的
美術品
一方的
料理名
経産省
発送時
編集者
歯科医
便利屋
正当性
返送料
検察側
保育士
編集長
見学会
愛車今
場予約
配信元
自他共
助手席
公園内
初歩的
住所名
名産品
新機能
通気性
陸山会
神経質
雑貨屋
営業職
卒園式
何年前
第三条
英語力
自分達
母親似
父親似
一歩足
日常的
団体等
計画中
競争力
入学式
日本版
別料金
解像度
配送員
多方面
発言数
進化中
利用料
豊田市
新宿区
業者様
原則的
留学生
思春期
三丁目
仮想化
要望等
予約館
光回線
質問文
追加先
児童館
新条例
各記事
会社員
業務用
何百年
入門書
商品毎
一昔前
説明文
何度目
部屋食
大問題
投票順
逆効果
試合後
代表格
画像付
婦人科
低金利
初当選
義務化
今国会
小料理
生理的
三回目
災害時
料理等
新技術
関東版
練習場
決勝戦
生産量
文化祭
使用者
無農薬
読書量
芸能界
組織化
人気店
最初見
無関心
路線図
合格者
試写会
商品数
気分的
記念品
名駅名
別問題
配達員
直感的
中心的
評価点
美術書
順価格
主目的
十年前
当商品
新年度
通信社
電子化
今一番
現代人
料理店
電気屋
増改築
再構成
入会金
留意点
留守番
一発目
人事部
安定化
入場料
出張先
何回見
病医院
用独自
表示上
光熱費
使用後
算出等
利用中
組合員
登録後
生活費
温度差
変化等
各版元
各対応
協議会
集合体
本事業
全表示
現実味
美少女
広島市
勉強中
人気順
使用法
二種類
固定化
店写真
集大成
水曜日
仕入先
部分的
世界一
究極的
使用料
第一章
必然的
食生活
京都駅
古書店
別画面
本講義
半歩上
希望日
無効化
混血児
週一日
最大化
第九条
数千人
数百人
鉄道駅
運命的
画像内
複雑化
用画像
年会費
会場内
作成中
港南台
次世代
大統領
消極的
来場者
秋葉氏
遊歩道
重量物
受賞者
第四条
利根川
未分類
第二回
保険金
分岐点
登録料
代理店
産業上
地形図
洋食屋
自主的
宿場町
投票中
方必見
元画像
評価書
身体的
一歩前
合言葉
堂店員
総資産
注文数
金正日
二十四
活用面
投資法
新聞社
単位例
不景気
山間部
実効性
初体験
二人分
第五条
立命館
運動会
作品名
工事中
今週中
日本国
北九州
女性用
最新作
初期化
決算書
日本史
大正解
何十倍
運動場
住所地
駅情報
今大会
角主張
地理的
形式的
古事記
第一位
食堂編
駅指定
思案中
以後気
本人様
標準化
別商品
第六条
先週末
有効時
自主性
第三号
日記帳
実用品
会計士
先祖様
造園業
和歌山
本作品
写真上
右写真
今月中
第七条
開始日
各分野
酒類等
第四部
建物内
送信後
全世界
配送日
登録中
高評価
直接的
送受信
性病科
千葉市
技術上
中国人
原作者
安定的
配信中
会員版
不登校
絶望的
犬神家
休館日
一歩先
大学名
体験記
作務衣
登録駅
近代化
主体的
受講者
貸出中
日一日
男女比
人間性
使用前
住所順
八百万
方全員
具体例
健康上
調査隊
最前線
中野区
走馬灯
商品本
加害者
第八条
製品版
第二章
再配信
正義感
選手名
経営上
貸倉庫
不正確
所有物
作曲家
古民家
求人票
号給等
不信感
第十条
複数回
注意報
間接的
制度化
運輸業
再編集
送料等
相談者
町民税
防犯性
非通知
駅徒歩
刊行物
出席者
空気中
単身分
来店心
各写真
各求人
職種大
入賞者
旅情報
高度化
姉妹店
付属品
非営利
合理化
要望書
空室数
不明確
肥大化
在校生
開始前
構造的
建設中
仕様等
新世界
出典元
要出典
責任感
富山市
左写真
本講演
全体像
編集室
小馬鹿
乗用車
良心的
関西発
未成年
期間内
大都市
引用元
沖縄美
毎日見
実用的
人間力
同条中
今現在
本調子
十五日
法人様
大分類
使用量
発想力
要注意
声表示
生徒会
結局何
電気代
数十倍
新会社
家断絶
各書類
初対面
秋葉原
不必要
別清算
情報室
台東区
集英社
事業主
婦人服
何年後
前年度
育児期
家具屋
常識化
二十日
長期化
冬一番
昨年末
個体差
反省中
原理的
同級生
高気圧
配達日
級戦犯
見放題
園芸店
歩行者
久遠郡
仕事中
文化財
最新性
全面損
主業務
当協会
公民館
正倉院
科学者
現在当
野生化
平和賞
本情報
内表示
何十人
大注目
定番品
近日中
表示次
今月末
記事等
健康体
武士道
資本金
男女別
南西部
用品店
短時間
五年前
着色料
地図内
増減額
大絶賛
全採点
同日前
県教委
薬学生
目黒区
客室内
速報板
豊島区
定番中
松山市
日米間
居場所
冷暗所
価格的
一回見
不在時
勝負服
大賛成
対外的
軽量化
予約前
上州屋
半導体
使用時
二前号
二次的
第一級
一人前
新年会
予約上
必殺技
今年中
各画像
似顔絵
送付先
社発行
通常版
面接官
新潟市
全客室
整合性
焼肉屋
再評価
新学期
定額法
件登録
設定中
広東語
市教委
体験版
明細書
調理器
何回目
法令上
借入金
可物件
国交省
学習会
事業等
北西部
太平洋
三国志
消化器
多角的
別精算
男性用
神格化
一時金
大人数
熊本市
正常化
音楽物
横一列
中高年
角部屋
志望度
原生林
表示順
第四号
場所的
志望校
世界初
入札者
小田実
再交付
耳鼻科
評価時
初参加
電車内
境界線
品川区
取消料
参加村
取引所
感想等
保証人
文化人
四年前
感想文
建造物
初登場
正解者
不合格
前回来
給料表
漢方薬
同友会
地図下
音楽的
同時期
親近感
全機能
山手線
番組内
記事中
相談室
炭火焼
化物語
文京区
各業界
空間内
機能性
集会場
世間話
朝食付
登録制
十三日
戦略的
路線価
心理学
上京区
千円札
一六社
一目見
軽作業
二次元
小麦粉
今注目
中心点
三日前
不死鳥
共有化
予約宿
第一部
落語家
十六日
個数分
大草原
海岸線
一度足
大田区
前画面
何度観
助産師
最高級
第三章
中古本
個人間
北野武
分量外
転用元
旅行者
物質的
個人名
性格的
熱帯魚
衛生的
下車後
情報屋
生放送
高断熱
高時給
特集等
門司港
相談等
二年後
三度目
何万人
配当金
試合前
静止画
昨年度
性教育
右半円
左半円
戦後間
現代風
入社後
出店中
日能研
計算書
使用中
平均的
限定的
書店様
各配送
本特集
何千年
告別式
子会社
海水浴
支配的
博士号
公開後
日本側
何百人
指定用
会議室
単身者
小心者
非売品
適法性
取得等
本登録
気功耳
区役所
全画面
日本円
本報告
法人税
技術力
一九九
活動性
利根郡
金額的
東京駅
表示校
二面性
保健所
数秒後
運営元
会員用
再配布
便利帳
都市名
日本軍
二日前
心身共
十年後
省略可
多種別
議事録
期待大
最大級
子健保
長電話
北東部
法人等
修理屋
常態化
第二号
種類等
大学別
旧年中
雑記帳
本画面
首里城
富士見
後表示
入園式
広告費
産直品
予約日
基準日
発売前
教材費
持分法
三人目
各方面
開放的
支配者
本過去
岡山市
心情的
商品等
水族館
栄養素
配水管
登録者
技能工
世界史
現実化
日付順
成人式
前任者
部活動
当事者
自信作
時間外
食肉店
居住用
公用語
一年草
男子部
転職先
今年度
二番目
不自然
意見番
建設的
一過性
経由地
植物園
計算上
百貨店
児童書
四六判
墓地内
再発行
南高梅
福井市
内容等
今月号
正職員
経験談
理美容
新日本
進学先
名前順
副会長
設計者
京都郡
入店可
板橋区
生花店
産業界
人物伝
福島市
光接続
価格順
新書式
配布店
公開日
本支店
自走式
本発表
富士丸
土地等
体重計
上送信
配送中
数百年
家庭力
水道水
全件数
好感度
水面下
自治区
阪神間
移行後
想定外
二日後
欠品等
一時代
写真下
十数人
東南海
母国語
測定器
多様性
弁護側
不織布
二極化
三年後
中心街
指圧師
特別賞
本調査
出品中
十七日
記事数
最低限
親記事
構築物
単語帳
第五号
配布者
初任給
数日中
十八日
当医院
行動力
利用分
弁当箱
万葉集
電車男
通知書
生命線
半年後
下落合
十九日
資料集
番組名
日刊紙
第三部
主治医
洋品店
心理的
絶好調
限定数
無修正
分科会
改正案
今日見
成功者
送信先
評点別
助成金
十四日
路線別
富士通
有馬氏
石井氏
注文可
生情報
事業部
二十代
性暴力
正式名
名言集
練馬区
任天堂
総人口
伝統芸
同協会
取引額
人件費
高機買
特性上
大失敗
運転中
発行元
仕事術
大坂夏
生出演
日本橋
岐阜市
新時代
加入者
一本目
想像力
新選組
事務職
花言葉
夏野菜
移住者
外出時
位置的
新登場
二本目
記事内
同病院
一九八
定量的
入浴中
一九七
職種別
道案内
十二日
特別室
美美美
発言量
最下部
住民税
数千円
一年目
生息地
現金化
持続的
無意味
路線内
精神面
休館等
四日市
同意見
評価額
件表示
月一回
今日中
立体感
思考力
得意技
八重歯
週一回
無香料
黄金色
過去問
最終話
低料金
罪悪感
社会科
作成時
一時間
松本氏
来店時
日本製
表題作
北方史
十二人
足立区
一曲目
不本意
防衛省
上北郡
発売国
大分市
有楽町
出発前
美白力
女友達
文庫化
適用外
一安心
各年代
増加率
生活館
一九六
委任状
型自分
以前来
犯罪者
追求心
英単語
出題者
県内外
授業料
秋田市
本来的
招待状
高精度
安定型
不明点
桜写真
入居時
居住者
配信先
光情報
投票日
集計中
出来高
要注目
森文庫
説明板
大阪駅
保険証
情報化
家庭内
選挙区
高性能
指圧業
各大会
同業界
万歩計
別設定
今人気
南東部
管理職
全重量
通院前
開始時
大気中
有機的
回答数
身支度
一身上
富良野
記事前
西館内
悪天候
招待絵
全記事
高低差
感謝状
参議院
産総研
服用前
東海道
明文化
日記数
西遊記
書店員
家政婦
番外編
城下町
活動中
制作者
十一日
学術的
各学年
重厚感
最下位
第三回
一昨日
同製品
資産性
指定無
近代的
各銀行
回答順
芸術家
日一番
一歩外
製造日
一人分
赤文字
実力的
写真見
大百科
適時打
改正法
変動等
読解力
登山者
司会者
四万十
統計的
大学院
本大会
不合理
県大会
道今日
正会員
夏限定
低気圧
税目別
三連休
医学会
料理人
国内的
機関紙
定額制
日常化
工事業
関心事
重要度
節約術
保険屋
低学年
小型化
線引等
金利差
性能的
利用法
一番心
素材集
年一回
限度額
練習中
子宮内
一体感
十六夜
英語他
図案化
技術面
市議会
今必要
大型化
愛国心
毎週月
前受金
白黒赤
季節感
第四章
見積書
能力的
二十年
病気目
太平記
自分流
生意気
近親者
男二人
数万人
動画等
以上何
周波数
写真屋
内写真
法改正
質問箱
現行法
発生時
同居中
多少色
親発言
関西版
確定的
最初歩
宮崎人
多数出
人工的
学校区
出資金
本資料
多言語
三十日
会員数
運転席
水平線
職種中
職務上
格好良
休前日
資料館
増田足
当組合
算定上
不二子
各指標
三千院
同業種
会社法
法令名
引出物
小百合
商談中
何百回
団体名
破損等
連合隊
変動額
何千人
等身大
岡崎市
正規品
保養所
人気作
良回答
各老人
伝言板
十八番
火曜日
殺人罪
休止中
工芸茶
利用率
屋形船
重点的
歴史学
三日後
化合物
入学金
苦情等
森三中
毎週火
天然石
美人妻
航空機
中南米
区別性
大発生
何度来
参考書
病気犬
種類犬
里親犬
配達時
最終大
三省堂
発表中
体感的
未経過
未入居
各分館
各学校
日以後
入金後
親和性
小休止
国指定
朝比奈
改札口
型男性
買取額
大特価
記入例
上下線
約半数
他教室
国会内
第一期
仲間達
好意的
草野球
調整中
数千年
梅雨空
電話機
再登場
付外観
栄養士
入院中
予約後
来週中
事故等
集議院
保健室
常総市
文科省
入荷日
文学賞
営業中
重量感
求人見
消費財
食品等
戦時中
地球博
数万円
物件量
投資術
本人的
画題等
生命力
高速化
修正等
三部作
軍事的
長野市
新工場
自由化
無造作
地元産
高音質
相手方
当金庫
表形式
生産地
同期間
新感線
足温器
古美術
無法松
保健師
最高額
構造順
入校前
未公開
夏本番
等多少
毎年夏
新都社
高倍率
本部長
二年目
十三人
夢小説
応相談
長州力
製作者
外注先
類義語
事情等
質問集
魚貝類
初公開
中医学
配送便
関連度
低年式
多走行
昭文社
最新刊
非上場
文字色
後三年
相当性
講師名
一番前
原判決
実際足
食事時
無失点
一昨年
小説野
百万人
新分野
再照準
季節的
新入荷
勝負強
来年度
日野市
分野別
公共性
物香水
全然出
実験的
生活上
前九年
客室間
教育力
今問題
医院名
一年生
健美家
郡山市
明石家
里親会
数量等
同条件
本仮屋
業界内
食事中
光開通
資格王
機械化
作品群
不要物
全然似
木屋町
事実上
二言目
二日間
金土日
発起人
二重術
最小化
実験台
一人用
夕張市
給湯室
限定品
未解決
地下室
立体顔
化学賞
建物名
確率的
県産材
修理代
関連本
小京都
通文庫
日高郡
二人様
制作中
東三河
寒冷地
入力者
近未来
予算的
制作料
同地区
長崎市
会場笑
米国内
旧条例
複製等
放送等
現地発
入学前
絶対数
一面的
定員数
光人社
屋五葉
一切出
発送後
肉便器
同世代
宮崎牛
編集時
日本画
再質問
血液中
一次会
学資金
来店中
理解者
天文館
一九五
大飯郡
問題化
直木賞
反比例
投票数
設置者
三角点
有料化
駅百選
道具屋
非日常
全美連
北東北
博多駅
利用日
行政区
解答者
原発性
経験的
売出時
森過去
大感謝
場周辺
線元町
共有者
何百万
情報元
無生物
研究費
人一人
学園祭
別種別
未記入
不定期
女一人
他大学
合法化
特別職
経営学
配信後
全国区
高次元
完全版
再生産
工作員
総動員
予算別
美馬郡
当社比
夏一番
体育館
会員証
立役者
予定日
科目別
平日可
予約金
二週間
命名札
得点者
医院等
経験有
組織別
最重要
福山市
商品札
共用庭
沖縄人
名前等
相対化
副大臣
第七号
投資額
進学時
男子台
関係上
中立的
地方別
天人気
四天王
実写化
小型版
北教組
回数分
不整合
決算日
三年目
消費量
日産車
発生率
一度家
東海林
提出日
具広場
分以内
引当金
心地良
当然出
思想的
無限大
食事会
来週末
起業家
作成日
富士市
楽器可
中中中
富士宮
各教室
米国発
前橋市
新参者
流通量
高料率
行楽地
全神経
出願数
査定額
未完成
風雲急
九十九
解説書
原風景
一体的
行使時
順名前
外見的
公平性
場特集
病院坂
健全性
指導力
生徒達
許可等
初会合
短編集
各大学
低気温
計測器
相場観
見聞録
不足等
特典等
校長室
神無月
再表示
人流量
表現力
注文者
参照先
毎年春
製造所
酸化物
再指定
出身者
自家製
実体化
帰国後
入力後
受注後
相続人
毎日何
決断力
大紀元
同時代
太田光
登録日
六番目
係争中
松川死
原因別
地名等
素材屋
関連食
学習法
工場内
低学歴
前日比
各辞典
同等品
市長室
保安林
友生活
新規則
管理部
土曜可
複数名
規制法
経年感
全国道
一苦労
句季語
同人堂
世紀末
特別区
落札後
新聞紙
出身校
何百倍
商品右
大阪夏
当神社
第六号
再出発
美容液
道百選
写真城
志位氏
一足先
注文等
白金台
部屋着
登録順
機内食
当教室
大戸屋
京料理
岸和田
再開発
長時間
一万円
反省点
文以外
国民新
大変身
平均点
公式戦
美容業
書道家
二本足
京野菜
人数順
各病院
家主様
実用書
原価法
者以外
道路法
中高生
健康茶
結構出
同地点
毎日家
一番楽
産学官
例外的
二国間
特産物
同程度
植物名
調布市
時代的
各部屋
建築中
自分用
宮崎市
放送回
古代史
小工事
条例等
集神社
食教育
一応念
作品集
本園芸
本生活
中期的
素材等
経営的
未来人
水土里
駅名順
人文庫
上決定
門前町
火星人
平山順
立体的
適用後
金物屋
先進的
十二夜
一同笑
県機関
気温差
大手町
参戦中
省電力
交際費
入店時
飛空士
高松市
人民元
白百合
受賞歴
再編成
合理性
高知市
日番谷
二点目
家庭科
二度目
一度目
各予約
真似事
対象化
図表等
活用法
何十万
銀英伝
研修医
鹿鳴館
美顔法
立体化
服用後
相対式
当期間
何時見
物流話
希少性
体大切
夢十夜
調度品
美界人
当番組
放送時
送別会
高校名
電気羊
作動中
二人共
相談料
大合唱
駅下車
両生類
自衛官
病気性
内容量
一年分
理解力
無保証
製作中
別情報
実力者
原価率
未発表
集中的
貸切可
同意書
残業代
会議中
高得点
学問的
読者様
早速見
本人談
守護者
多民族
戦略性
未知数
楽器本
教育長
配当等
外務省
別言語
少子化
大前提
練習用
名産地
上半期
季節毎
西宮市
森絵都
資料等
青葉区
内部的
規格化
第一次
数学的
同一町
西小倉
当法人
実物大
価格等
財政的
直送品
交戦中
中国側
日程等
動画見
個別的
明後日
今手元
逆売春
内面的
雑木林
各建設
都合等
語辞典
車製品
各路線
高水準
運営人
主戦場
南陽市
自発的
案内所
古着屋
神保町
連休中
日本女
群生地
中目黒
島耕作
本技術
反対語
県民性
三十代
動画次
未適応
新入生
住所録
愛用者
横断的
複数可
上田市
何世紀
今後気
各都市
最上級
結果得
原由子
四不象
戦力的
全日空
返品時
一元的
数字的
建築士
情報力
実用性
表示色
同調査
外断熱
数百万
支店名
日曜可
三種類
当会社
生後間
小公女
食中酒
土地上
大公開
送信者
不備等
第二期
電気的
手付金
同価格
百万本
法人名
競走馬
自然学
天候等
栄養的
地上波
関係人
建築書
注文書
授賞式
一万三
定例会
人気度
入園料
他商品
内税額
参考額
橋本勝
区画図
西三河
酸味料
実体験
業務別
今度見
昼食後
複写等
主祭神
出産後
解約金
調教師
日本食
整備等
決勝点
過去形
新法則
利益率
記録的
入札書
明大生
工場長
情報局
対向車
鉄板焼
期限内
製造者
無期限
三味線
判断力
車検屋
機種変
条件別
鳥料理
冬景色
総合力
法務省
銀行等
参加型
通学路
取材者
橋下氏
事業化
中間地
品質上
来場心
混雑時
西表島
居食屋
期待感
調査中
統治下
表具屋
入門編
高学年
素人目
二二二
景勝地
松村氏
評議会
新馬戦
病院内
通常今
旧号給
山野草
増刊号
天然水
有識者
発言者
駅写真
産業用
百万石
絶版本
編集局
責任法
日以上
初出場
人数分
数十分
乗車地
各紙面
四日目
登録数
語注記
他国語
五十年
一億人
支配人
規格外
特典付
何日目
両声類
最終章
無着色
習慣化
業界話
守護神
貸工場
平成元
令制国
地区別
在学中
予防等
発信中
一日分
一万人
各情報
同大会
用物件
伝説時
薬事法
資産家
静岡市
関係性
評価順
借受人
法制化
太陽光
面接時
入荷後
受賞作
整体師
精白米
報告会
新能力
無何有
銀行名
人柱版
一九三
満足感
演技力
運営等
民事上
数字等
職種名
意味的
独立性
平行線
花見客
円相場
選挙後
大学等
救急時
自然林
別作品
松本市
重松清
写真部
取引術
合計数
竹富島
受付後
人数等
北見市
市場化
台数等
利用型
先入観
年度末
人種的
配信等
税制上
日記次
着信音
追体験
一年中
一回転
一万年
夕食後
病気耳
価格表
百年前
全国会
会員店
運転士
河原町
投開票
構内図
埼玉産
内周面
日本名
会計後
一場面
非常時
修理人
手作業
品使用
小説屋
出版別
信用度
構造化
原告側
明治期
男一人
主要紙
各部分
別次元
無人駅
損害等
約半分
地形的
荷物量
議会名
使命感
同号中
考古学
銀行印
人気編
高級編
要相談
無記名
現在庫
新情報
桜木町
前入金
戦死者
指定日
評価等
外野手
八日目
世田谷
非常用
主要駅
前番組
青森市
東紀州
第九号
元社長
農業屋
相場感
牧場長
夜行性
住居用
科学館
手術後
世間体
史上初
快適性
仲町通
南新宿
朝米軍
同事業
徳島市
三十年
向井理
何万円
南明奈
服用中
調理法
星言葉
版記事
千円分
設定後
画面左
丸一日
屋店長
最近観
雑貨本
登録票
黒曜石
大会編
愛読書
親会社
山行記
秋一番
最高位
各医院
本学科
大坂冬
様一回
六年前
深夜便
内定後
節用集
東横線
順位表
特別便
返品後
相談会
通院中
調査後
正常品
実生活
衛生士
畑仕事
無制限
食事量
同義語
歌手名
成長期
不規則
花写真
国際化
一対一
赤信号
作者名
保温性
給付金
情報内
再発送
他作品
大評判
連続的
参照元
乗車率
物語的
四半期
数十万
編集元
不比等
主役級
問題等
中国茶
茶道具
限定本
他団体
鉄道員
流山市
二以上
森田実
人形町
意外性
本物件
雑談板
商工会
再送信
同商品
大通駅
年月分
当財団
小山市
修士号
第二話
酒美容
千曲市
国分町
試作品
表参道
実務的
農水相
本画像
最新型
栃木市
人数的
財政上
発行後
移動前
各府省
借入先
自然法
全日程
混合物
病原体
公取委
卒業時
湯布院
回転灯
医院内
家族的
活用術
組織的
新開発
寄合所
文法的
画面両
計算式
肉料理
回復期
広報紙
発注時
農業賞
新形態
第五章
地上駅
希学園
転落死
今度来
送信前
日常語
桜川市
中央線
分社化
真岡市
花火花
七年前
北茨城
断面図
統計局
演出可
商品代
意見箱
血統的
衛生学
大地実
薬学部
五七五
一文字
星条旗
牛島組
花音楽
深月織
新都心
千代田
新制度
適用日
目的化
久米島
再生次
一形態
季節性
天地人
好成績
作業的
洋食店
南信州
何世代
国有化
居住地
心因性
半個室
分度器
点検前
面接地
同日付
学芸員
形成協
志望別
政務官
実力医
第八号
帰国生
当物件
出次第
日発表
複数店
神奈備
千年前
来春待
信用力
方限定
少年院
西武園
連動性
副代表
救世主
朝夕食
一発屋
作品的
自画像
本判決
十五夜
多数見
初級者
小説版
成田発
平和堂
製作所
本計画
文書等
再取得
本書評
武富士
化学的
週刊化
同業者
写真名
中西部
東京版
氏神様
会期中
返金額
見物客
例外中
再設定
下着類
米国製
返送先
食事等
相場表
地図等
教育者
四死球
管楽器
農作業
中野店
保管庫
成約時
何万年
東医大
中四国
鹿島市
見出語
世界夢
礼金等
構造物
同番組
返信等
本使用
草加市
日比谷
教育法
薬学者
長田区
同市内
墓石店
府中市
気象等
非公式
親中国
留守中
昨年中
快適度
山形市
大型本
遊中川
定期代
安心性
旧規則
職人技
未来像
空室率
条件内
土地代
興行的
人気駅
一歩中
現在見
村一番
弁護団
移転費
三前号
勉強堂
図版等
中程度
屋久島
内科医
受領印
民間人
不在票
姉妹版
特約等
業績等
試乗車
種子島
三十分
受験板
転職編
包容力
非現実
深海魚
業界別
心技体
同会議
四日間
得意中
初勝利
三社祭
内容物
空間的
二千年
医学生
転活前
第二次
村政治
基地外
岐阜駅
評議員
発表時
飲放付
波予測
利用心
街大阪
他都市
三番目
夕食時
性生活
天象表
北総線
増額後
放課後
左半分
右半分
調達元
運用先
消費先
注目宿
業界一
複数行
波情報
速報性
日本発
平和的
安定期
学部長
立場的
終演後
守備面
統一感
通信料
太陽熱
理容店
返品可
緑川光
公開時
規定数
生理学
明日中
通信員
佐野市
米高官
制度的
何時間
無人島
準決勝
年数回
複数社
発送料
指一本
一九二
助教授
沖大幹
第二版
化現象
口約束
昼食時
世代間
人気校
画面内
転球神
衣料品
標準語
受取人
個人戦
参加料
石川旅
来館心
県産品
野球場
早合点
漢数字
発明者
技回数
大原則
過負荷
山口市
茨木市
受話器
自信度
学校長
内陸風
朝日町
現代語
一度口
休業中
構造上
久留米
知名度
仕様書
会話中
長財布
問題外
予算化
移動後
新人賞
設置等
全県的
教習所
資産等
生物学
高級車
徒然草
水戸市
投資先
複数個
利活用
前二条
開発室
工法等
説明図
有機米
対応力
業界人
成歩堂
小鳥遊
多文化
流動性
見本紙
化時代
必要数
女性人
旅百選
間取順
小倉店
事件名
教育界
万年筆
登録店
前列左
来園者
歌一首
金属製
通知等
会社側
開設者
知識人
沖縄青
飲食物
開発元
加古川
官兵衛
馬車馬
商業的
明細票
第三話
自然人
百丁森
法師人
西東京
試合見
能力等
科研費
八千代
化学式
戦争時
国内法
大森均
返品等
運転者
用温湯
小石川
飯豊山
定足数
星以上
代引料
農産物
例規集
屋情報
競馬場
正直者
研修生
丸暗記
京都南
無料着
会社等
運用法
具内語
再統合
都心部
清田区
百名山
県民税
代弁者
料理編
各旅館
長崎駅
料総額
戦国期
大東京
調印式
安全上
取寄品
日立市
張本人
代表例
解消法
手入力
関西花
完結編
無料化
居食家
素材感
案内書
野球部
代官山
役員会
際必要
皮下注
夏小物
交付等
日清焼
予約先
直営店
選手達
相前後
出生率
旅関西
報告者
天然木
支給額
育毛業
当資料
一番良
来店前
試験的
黄金期
上編集
月額制
逆文字
管理性
当評価
平均数
四輪車
不公正
公文式
三百年
公開者
修道院
初公判
直接話
精神病
一分野
問題無
一丁前
学生街
料金的
伝説風
半農半
倉庫番
公布後
貸金業
仮登録
各会場
条件的
大画面
性格上
機能駅
確実性
五年後
旅行中
政治板
日本的
面接日
生半可
備長炭
急接近
月単位
工作物
物理学
効果音
良薬口
高原山
白石区
一日家
量産型
順不同
同組合
後円部
楽気分
三平方
五合目
写真何
大変化
犬用品
低水準
決定等
新機種
開国博
女性編
県議会
大阪校
大音量
文章化
総件数
川口市
設置先
健康面
十四代
後任者
決死隊
小池氏
黒大豆
記念館
運送業
会員次
喜多方
東温市
功労者
心不全
服用上
手芸部
地図側
設計図
小林光
配布中
武士語
心停止
味紀行
額以上
平河町
接種後
仕事上
小中大
適用上
厚木市
賞選手
要約内
学校内
空港名
一時雨
理解度
場情報
高島市
設備等
光石研
四前号
非合理
低反発
時間術
絵図等
市職員
入力例
顔全体
共同性
作業服
再現性
作成法
原動機
全日制
相談先
豊平区
羽田新
適合度
大辞典
世帯主
原作名
別所線
区分名
相鉄線
自然体
先頭部
年賀状
昨日見
学部生
護国寺
予約分
北極星
正体見
風土記
関西人
大変気
支持者
全府省
社案内
白身魚
下準備
黒結切
仏事用
逆説的
伝統校
都会度
大長今
田舎度
鳥山明
学生達
豊橋市
国内初
数分前
本研修
記録集
暴力的
豆大福
国際花
有名店
買受人
副校長
成長率
相談所
整備中
佐賀市
下野市
図参照
約半年
税金面
第十号
数千万
実際見
一度来
市区名
向上等
山崎元
完成品
米国人
本文書
船橋市
保証料
生活面
名文句
点数順
共生型
後列左
敗戦後
約一年
女子力
二十二
産牛肉
取引等
後日談
新業態
本工事
町田市
海迷宮
火薬頭
全国初
第四話
慣用句
業理容
京都人
熊谷市
二番底
輸入車
主会場
送金前
今何時
後半戦
厚別区
顔写真
一発中
上告人
開始号
欠席時
県人会
買物時
賛同者
初級編
開業書
川中島
梅田店
実業家
日受付
案内図
犯行時
本実験
人道的
今業界
岩上氏
日本型
各務原
荷送人
相当額
歯科界
第一子
運行上
駅地図
信州旅
入札等
栄養学
赤提灯
土産品
受給者
本授業
農村部
花市場
逆輸入
数増加
当記事
仮定法
花満開
海神西
完成時
何億年
便対応
戸田市
通常戦
四六版
田舎者
合流点
発行月
商品別
京都東
家庭像
便商品
大特集
数日間
計量器
帰化人
主体性
保全上
受験率
熊本城
機動的
高速道
打楽器
時期別
直線状
五行図
山田屋
食中毒
非効率
一九四
水位計
白馬塩
百万夏
一回分
代表点
都賀川
田口元
建設界
大見得
多年草
車海老
一年間
一点目
輸出入
東南部
達成感
絶対見
画面下
不良等
予約中
毎年秋
八十八
福中協
小田原
店休日
人生山
走行中
共同体
重力式
初防衛
提唱者
初過去
清算中
本機能
友人達
宿米屋
作動油
全住戸
取寄後
医師会
多少気
問屋共
野田市
神経科
暗黒面
下山後
発送元
話題作
今世紀
未完結
大阪冬
指定可
時間数
人間達
車両板
総義歯
強度的
朝何時
動物記
社団等
三本目
授業中
報告等
相手先
今出川
居楽屋
移動等
対人運
利益面
成長後
精神力
出向者
品質的
比例区
神戸駅
全道的
飼育可
出馬表
日弁連
関東発
未上場
中村航
開口部
青弓社
流行語
人必見
文法書
小部屋
学習者
五行歌
女生徒
進化型
数十秒
代行業
機能面
特例市
大暴落
実務者
秋葉発
全額分
日配信
多分気
直売所
設計士
制限食
未編集
運用面
登録名
北見塩
各駅別
暗殺者
立法府
第二点
悪化等
大旅行
黄金刀
相性等
空一面
不要品
早見表
一度位
夫婦岩
種類有
読書家
流動的
複合体
接続可
速報主
人生楽
神楽坂
病院口
京急線
一本桜
中二病
一周年
八田式
列島島
休会中
化決定
清水寺
沖電線
養育費
必勝法
沖縄戦
類似品
側近中
受信曲
付経年
入居日
伝道師
大会等
香具師
中日戦
実験中
豊田家
下線部
不正義
自分発
新交通
内陸部
千葉産
下写真
本気印
入金額
医師団
通信本
多面性
英語部
通信部
野口健
多元的
通貨毎
路線板
新食感
往復分
前年中
反対票
十周年
職業別
定番順
発送等
状態等
生体内
家朝日
茶話会
三島市
安全面
発表日
暴力団
坂木司
学校別
各部門
入会時
有益性
利用度
一億円
二十七
他学部
七夕星
家政学
大型車
士業者
心配性
不足分
対戦型
各動画
的中者
食事付
中国元
写真発
本全集
投資編
不完全
魚入荷
万願寺
平野部
野球板
波多間
最接近
発着点
付属校
一年半
予約品
加工品
天気図
合議制
作業中
練習後
記者別
工工工
総戸数
七十七
芸術祭
番地名
高速版
駅構内
教会群
品質等
平面図
無責任
店評価
登録前
写真中
愛世版
仕事人
作成等
放送日
広島風
雨楽識
保険業
米政府
独身男
岡田氏
本放送
一家族
一等地
町田氏
生数字
変圧器
電動機
無公湖
非課税
本制度
提案型
旅行前
鳥取市
上月司
練習会
練習時
手続等
有力紙
節間長
画面等
墓案内
文部省
本以外
付食事
高円寺
必要度
事情通
取得中
内野手
本試験
記事元
出版局
外伝天
五反田
無借金
比例減
等情報
筆記具
返答先
出張所
一乗谷
会代表
指導上
年代別
第四回
夏特集
試作版
者情報
冬特集
春特集
秋特集
本日中
有病率
連合国
海一望
経営書
消毒業
年代的
活用力
今利用
当関連
新世社
文書化
競技用
府県道
紀行文
評価損
体大事
記事用
一回観
台車等
防水等
米国版
第一作
提案書
動画現
土地版
平城京
特売店
手術室
不束者
集成材
会無事
国物語
研究家
今入会
設定的
選挙戦
公務上
新書版
第五話
教室長
画像化
協調性
日本旅
失効前
学校医
目録編
楽習法
北白川
加工後
元動画
印刷時
広告局
医学賞
確定時
有田焼
自生種
国民的
空中戦
入荷時
二中総
工芸品
元書類
貯金増
東福寺
同制度
九花園
便希望
資料編
発信元
中元用
音楽隊
当情報
制限数
現世代
中国発
軍人役
何回観
雑学王
各新聞
急増中
国会等
登城記
不条理
世代的
家出身
小海線
今夏初
総本部
静岡店
国技館
記入上
登録文
作曲者
理想型
発送順
編成等
条件書
入荷数
健康等
永久歯
新事実
案内人
以前何
面積等
魚交島
同記事
材料費
総合館
製作時
関川氏
同作品
試験料
同法案
飲食等
工場等
薬局等
市在住
今後共
始動可
京王線
車検証
発想法
朝読書
法分野
採用者
地頭力
町全体
仕事伝
各年分
元店長
等医院
内申点
正立像
天王寺
人肉食
紙一重
中西氏
土産店
有馬香
矢板市
日時計
三点目
友人等
上場後
上場日
行動者
同社数
行使等
開業医
支部長
文庫版
安里屋
合算額
再放流
大言海
法大生
町周辺
今日来
死着時
東北版
新聞部
税務上
来店日
農水省
千年後
個別法
小野坂
東海版
新着曲
健康運
国語力
部位別
理事等
西京区
画期的
粉末状
実際的
公判中
売形式
駅北口
各市場
観賞魚
使用等
波田氏
放送者
各産業
入院先
同年代
数百倍
長妻氏
指定等
野良犬
財務相
作家名
文庫本
工業用
加工所
会談後
第二報
本協会
発行時
人間味
取得日
放置民
桜島小
初学者
夜時間
編入学
五番街
会会長
最近出
季語別
教育的
清徳丸
特約店
味一番
受講上
味言葉
戦士達
新聞会
香川版
機器等
作品数
未加入
男友達
中年男
同性愛
名人級
新次元
一考察
町田駅
初来店
小説化
停車駅
馬文化
中南部
演芸食
出場国
店登録
中国製
高遠町
民主化
毎年冬
夏着物
番組板
笑笑笑
不器用
精進湖
下記表
主任務
英国初
足立花
観音寺
生徒様
京町家
未調査
発見者
一番塩
要求額
的日常
情報求
報告力
週間全
芸術品
版業界
年間総
予告編
本科目
親不知
寄付前
紙業界
商店名
島根本
事業税
島根的
地政学
容易性
無許可
坂本家
表記名
所作題
新学長
興行名
重複分
制限等
明石玉
今使用
伝説神
解決時
興信所
用語等
一人言
羽生市
整体業
山鹿市
逆回転
女子会
立面図
海物語
百万個
二人組
在庫量
出羽小
伝馬町
中心駅
建築業
社会性
日程的
本考案
五輪後
作品中
発明品
農林業
保佐人
野菜種
三田屋
道交法
古写本
十数名
関西弁
中性子
野球人
五代目
部門賞
兵庫区
海外編
導火線
三戸郡
学習院
商用車
落花生
大事典
時間等
記事名
絵日記
配送時
案内中
玉子焼
新在家
本場所
受領時
注目点
直結型
後始末
個人向
各個人
気象人
移転先
戦略室
以上見
小職種
総重量
適用前
王宮話
算術家
林住期
川合博
馬勝負
同事件
発電機
結束力
時空島
中毒者
識別子
徳島花
予想高
明石焼
芸術性
一工夫
移動先
研究中
仕事面
市石炭
共和国
管理機
毎週土
半保護
国土法
人以外
強制力
玉造町
科情報
個別性
一部門
対象的
時代別
立地的
話題内
借金男
政治学
教育用
大実験
委員外
物件内
女子友
第六章
型経営
利息法
各本条
助言等
同工場
国民性
足利市
側面図
高速代
同大学
新潟駅
声評判
多島美
別法人
始業式
赤報隊
七草秋
十三夜
馬場別
新産業
前評判
熊谷等
育成者
第一報
指数化
十六世
今回出
配合量
見積等
手仕事
美勇伝
林志行
事心配
最終報
月水金
家出中
美活家
今治市
全発言
金魚店
墓入門
土佐国
自立心
研究書
発芽率
全業種
本音等
信用等
財産上
都市化
十字路
本業務
第六話
賛成票
人類史
漁業者
空運業
全体図
出願者
南海道
大字名
許可制
先記事
海運業
万一目
団体戦
妻夫木
気功術
人文学
三万人
相続分
国文学
資料室
山中湖
安田大
駅東口
商法等
二上山
新市場
有効的
河口湖
総体的
再入力
何週間
八戸市
二曲目
黒部市
四十九
宮古島
木世界
土井志
水車館
家全体
本課題
小山町
各作品
正面図
花海辺
野菜畑
星島氏
大反対
作成業
話題性
医薬用
改正点
星以下
入学者
松戸市
自然肉
一見何
地属性
宿緑水
眼古典
肉用牛
二十三
平安京
出世作
目次次
入浴後
第一点
方法等
南紀州
今実戦
再配達
売上金
一日雨
取得時
職員数
本公告
特定国
注文分
風動画
付原文
四百年
天保山
高崎市
数千社
丸文字
弁護人
流通名
内記事
体温計
駅西口
新星堂
地理学
会東大
来年夏
気象学
起算日
他流木
鳥金魚
特例等
青葉山
船木屋
名勝負
医心方
色人物
出資法
志願者
駅舎内
限度内
防護服
問合先
旅百話
二関係
目黒駅
外貨建
太田市
岡山駅
複製物
便指定
長久手
包丁人
各高校
建物等
数億円
運営側
拾友達
輸送中
新神戸
全学年
送電用
立川市
登録可
生物史
米大使
大野城
数千名
本公演
製造場
多板類
中国名
明治元
総工費
問題集
湯田中
同路線
提出者
研究付
最新順
各学科
一点物
英文法
数年間
犬種名
用以外
名曲名
無差別
題食材
全員氏
観光者
参加心
開運春
小動物
三代目
広州市
方以外
野菜室
一個前
明太子
線東京
送料表
要約版
一心行
福音館
機関等
定番度
日本犬
自作詩
本演習
三本柱
再結成
引受先
年以上
市広報
福生市
楽曲名
山口君
人事院
応用編
演算子
協賛者
極早生
仕事的
森百選
一切口
自立的
弱力女
完成後
友達帳
的人気
件数順
屋技研
毎月中
動物化
再参入
縄文人
辺野古
毎週見
人形等
大橋通
大天使
観水庭
運営上
精査中
暗記力
極茶人
一名様
山通信
評価可
衛生面
読書中
経験上
点数化
二番街
修行中
三島明
予算面
関内駅
公布時
川崎駅
機能上
紙魚子
中登美
発売後
歴史書
市税等
松神子
長期戦
自由文
測定中
北関東
総目次
物色中
医者板
国営海
球種的
料理長
県外版
山下町
保管上
講演集
発表順
寄付金
田中氏
職種小
群林堂
野菜今
四季織
業務上
四人目
変死体
今日観
全言語
組織内
殺人者
順河川
外構屋
東北部
西南部
準大手
過去世
二人旅
外交面
植林後
月面等
提出等
日本勢
観客席
中央駅
非商用
米坂線
正解例
和同会
新住所
消去等
梅雨時
動物編
工芸編
他条件
英語名
通報先
大大大
今年末
義兄弟
少年団
高橋氏
多用中
出荷日
府知事
便発送
当分先
受付日
事業費
六三四
広島駅
本物故
保護力
両議院
三戦板
祝賀会
昭和六
結構前
運動街
県南見
本工法
価格差
女社長
本組合
短大生
分類別
国産車
住人的
古強者
整理学
字丁目
小林市
部屋中
無気力
八女市
山手町
駅上品
日刊日
毎日着
発表者
好戦的
真空管
転送量
貯金箱
調査団
利益出
小旅行
下屋根
修正液
所在階
向上心
休園日
内在神
配水量
失敗時
停留所
送信用
大局的
男差別
小中高
暴走族
女学院
成功制
楽観的
八王子
詩歌句
旅貨車
複写業
実態的
首都高
設置技
適正性
昨年秋
東部湯
設定名
大動画
対応可
作業船
外見力
増刷日
増刷分
休耕田
根岸線
最近手
通知先
当選時
初判断
人格的
大顔連
受益者
印刷所
千一夜
談話室
美術家
続無知
寺子屋
副教材
受注時
大決戦
京都京
周産期
戦術的
音楽書
保安院
永田町
音質的
時価等
美大生
個別板
親家庭
宿旅館
祝休日
八代東
里農産
号給数
今日家
板金業
第一義
通貨間
全市場
受検者
館日記
絶望感
者手帳
広報部
建築主
石工品
食文化
子犬出
新天地
四次元
組成物
阪神戦
漁師町
内主要
夏無料
生理中
久比岐
生活術
三十人
発熱時
島育成
用品紙
沖縄市
広島戦
倍以上
家庭医
注文用
配送等
感無量
七月夏
最近急
白河関
農場長
総本社
三十路
今日本
規定集
日本兵
編集員
出前例
学園記
一発送
北志賀
絵画的
林直光
各式場
無記入
戦時下
新配合
三文字
管理用
連想語
都民税
週末何
駅南口
加工等
母子共
絵葉書
県北見
基本編
自身初
実効的
真字本
夢空間
登記所
原油高
町規則
調子者
四十代
自給率
実験室
集会所
制度等
新成人
作業用
重大性
四季報
最大手
玉置山
百合子
半夏生
南京玉
時以外
武道館
安倍氏
協力的
以下当
三次会
第七話
総合医
統合的
気候的
職業人
大量死
修正版
金商法
再点検
発行人
鳥人間
真正面
代表駅
各部会
朝会議
予備役
文字数
北高原
世界級
全画像
小川町
数十名
乗組員
悲喜交
人間界
不当性
関係等
集登録
支局長
市街地
落日燃
運動量
会社的
夏合宿
言語別
健茶王
科学力
対談者
新書館
学校側
軍入隊
太白区
特定日
全米大
無力化
評価者
第五回
通貨等
高画素
合格率
目黒川
勢力下
大岡信
風水鏡
配位子
伝説的
成分的
二字右
大一番
天井等
写真付
九万円
保有数
半回転
発信者
設計時
駅近君
際所定
受注品
資格等
開業後
大和心
西北部
観光課
人生何
真田氏
箱職人
川観光
仮予約
夜一人
開業前
部屋別
三本足
大混雑
不採用
何往復
道場主
作業性
三角形
約一名
生七味
帯広市
徳島駅
手術法
旅名人
標記語
門司駅
計算外
原子力
二重性
部局等
不特定
文脈力
独自性
第三極
注目店
徳永愛
適格性
大逆転
合計点
断熱性
放物線
通過点
高品位
配線板
白石役
得意様
全感想
三千代
有意差
光特性
三十六
多面的
高級品
実務家
各科目
言語化
大屋根
遊楽人
試験用
大快挙
年一度
屋根上
投資等
桜小路
島情報
同仕様
第八話
新画像
市長選
分配器
事務室
出雲市
右数字
公演等
女王様
高人気
春秋社
版写真
日利用
教室名
見学者
機本体
貸戸建
小田急
戦国板
順番的
不可分
無反応
急発進
同本部
番組的
作文力
奈良駅
婦人用
大会新
持続型
解体等
交野市
動向等
知内町
落札額
表紙少
同女大
眼科医
売物件
行事等
西条市
一千人
増加数
能登町
放流式
中小型
無線機
全責任
追加点
部外者
館情報
字回復
中国観
佐久間
一分科
精神史
高配合
節転移
新生児
日付的
学年別
植村会
祖父母
昨夜来
天橋立
焼結体
眼世界
様会員
政治屋
風水害
連合会
消防車
先制点
各月分
投票率
木製品
大勢来
代理業
一人出
園見学
消火器
玉井人
県代表
木曜日
給料前
大手紙
中川氏
駅名標
公益性
基準額
協賛店
典型例
面白味
静岡茶
来年春
大型店
友相手
方向的
日参加
失業率
引用者
団体様
湯河原
受験時
英作文
山田君
春一番
自然食
三国人
成均館
星少年
報道官
本地区
氷結界
散歩屋
成約率
八高線
事例集
多機種
業界的
中野人
参加日
今仕事
二本柱
種別毎
各料金
通常時
基準線
増加等
安打数
制作後
調整池
二人出
一切気
十二支
資金面
復活愛
初主演
知事選
作製機
二条城
新規性
様式等
中京大
地球村
美顔器
味元気
文章力
車修理
付和室
酒場通
陸上部
出版等
前夜祭
各眼科
所属郡
竹素材
二戦目
四代目
上海戦
一関市
北北西
練習日
一級品
勝間式
参観日
大正期
進軍先
千里眼
白河湯
作業台
採石業
牧野洋
真南風
代議士
禁止等
千歌音
市田氏
思想家
全体会
毎週日
知事室
数量化
目次中
秋元康
武公伝
味産直
美味等
自然観
森村進
古書人
秋葉道
血統書
想定内
長会議
型番等
始動時
平成館
当学院
新店内
幸感力
同団体
導電性
起工式
四回目
女二人
本辞典
身毒丸
初仕事
発案者
古今集
建設用
基準等
常用外
例文集
平野区
早速家
都城市
立教大
旧正月
平成一
十牛図
寄港地
各業者
表現者
新設等
出荷数
住友進
許可証
日向市
不安発
旅気分
人風景
想像上
取引可
他新店
女性達
定式化
下方向
薬事典
固有種
食日記
小教理
各団体
商品郡
投機的
今週号
一人居
有力者
大連立
職氏名
正反対
金田一
清兵衛
田辺市
高島屋
竹雑貨
天気良
前二号
光明寺
体全体
物真似
多治見
川南町
返信者
他多数
低分子
犬動画
日月岸
高山市
犬関連
自殺者
不得意
十日町
出願時
身代金
当地区
研究用
天文台
地元紙
心意気
類似性
小児等
発明等
初飛行
代用品
花粉鼻
苦丁茶
早数年
集散地
天動説
車一台
見本市
産直研
確保等
観戦記
駅久米
小画像
四国版
表計算
本番中
全部本
欠品中
夏永遠
絶対化
番号順
限定酒
不確実
毛利方
原高原
電報代
本案内
小野田
市朝市
追放令
勇者王
夢戦士
生化学
移転前
表示用
解答例
資料名
非常民
構成図
火特性
編集用
会見等
三日月
登録人
湯宿花
大自信
八日市
生理前
西光寺
発車音
停止音
男同士
国際線
着心地
転失気
大得花
目次前
研究面
未整備
生徒数
近代人
入力上
火事場
輸入品
自営業
三原市
給料日
大小等
有美子
新今宮
管理票
不成立
小手術
中画面
第九話
落葉期
旅達人
管理等
日一人
構築中
夫名義
子宮体
一本出
教育編
断熱材
全財産
多機能
集形式
室内犬
移動式
長崎皿
新世代
旧仮名
質向上
電話口
祝日法
全製品
五大陸
出土品
当日分
発表元
等明記
月夜野
当薬局
問題文
再登録
写真機
新記録
人間学
航空付
人気品
工業的
今夜月
西村氏
光属性
苦労話
一切手
追送検
富山米
清算人
基本法
登下校
公園等
高田屋
減量化
減速音
走行音
船外機
女神記
学際的
阪和線
生活科
秋刀魚
送信時
以前見
地区内
発行物
市文化
最悪期
三千年
真希波
失業中
実現発
全面安
加算等
枝野氏
今日気
火薬等
不全発
生命体
転写等
空港外
元週刊
準児童
無電解
市場菜
家庭版
小切手
大風歌
二輪車
無料分
第三国
名作中
同行者
本成果
結構良
心配事
前兆雲
各日記
河川名
今後出
法制上
意見集
今夏大
谷好通
方情報
小説界
必然性
来日中
下関市
表参照
規定中
風景印
北新地
同行使
前三条
約百人
予土線
美意識
的料理
観光化
海産物
病院側
時間差
体験知
美容板
庭園内
観測所
小倉駅
数年内
新境地
自然光
旧大検
大木本
学用品
福岡店
家新月
本競走
同一犯
好都合
教精神
課題曲
別人説
関連書
三都主
待合室
入門絵
美容食
注意力
所持品
火属性
発着駅
府中店
話題本
保護下
北川式
不活化
様会社
塩化物
高松山
式個室
場面編
送料分
最後面
両規約
意識的
日本茶
森修焼
費用的
地下水
大苦笑
実物見
立命大
体験会
絵辞典
入門用
検知器
日付横
事一度
上代編
室町編
各支店
古文書
画像直
会話例
天理教
対照語
一度生
組指定
行政等
重箱石
野心的
会員間
信号機
新聞他
副議長
自分側
英語観
白水社
女性客
当事業
当団体
手紙文
春日井
八年前
命令等
不時着
人生観
日記念
南森町
音楽編
印刷屋
高知駅
原産地
九州大
半世紀
再建術
世間様
場所等
所定数
研修中
複数台
化石化
芸四代
市民課
毎時間
無表情
宮土理
法人格
受注分
活動費
総本山
雑用係
新物件
写真家
昨日家
効率性
衛生上
対戦前
関心度
今場所
何一人
桜上水
構成例
地中海
景風流
都立大
同情的
二十六
返信用
総合版
村美術
衣食住
一日一
百年後
定形外
給油所
全然見
飲食代
別海町
本法案
真選組
西京極
車運転
高用量
大損害
受領者
自治会
表示版
二十一
予定表
指定外
平準化
名張市
注文先
中同協
同編成
第七章
投資者
全精力
基本額
証明等
考案中
築地王
日光駅
子守歌
産業化
図式化
総点検
上写真
徳島線
対応等
様子見
評価数
旧街道
不出来
各判例
再結集
村民税
糸練功
名無史
五十代
通行中
森公園
中京区
大和市
元田中
道中気
今人道
音声等
関組長
富山駅
父母等
地平線
整形術
賞受賞
和洋室
総務部
北米発
数百名
再注目
七年目
佐戸井
絵本館
火災等
軍事力
実行犯
湯多利
雪中梅
性植物
事業上
今年初
黒川滋
長久命
新学年
山海経
易林本
書類等
月会費
自然数
期日内
大野家
第一声
積極化
調査時
過入金
入金分
支給日
故人様
春日部
調達人
下関駅
配達後
鉱物油
法規制
電気街
造園屋
佐高信
官能的
黒百合
言事堂
本銀行
京都一
後漢書
絵写仏
指定席
不定休
料金所
産休中
告発状
旅行部
男性編
府教委
機能等
笑記事
宿湯楽
借用等
帯付帯
豊中市
今回気
埼玉人
終着駅
大橋館
朝食後
休業法
本文内
兵庫北
産岩塩
京都北
番組中
主材料
一件目
和食器
短大卒
職員等
夢遊病
講演録
強制的
会議録
演出的
秋野菜
底本中
大会前
健康酒
教育面
工芸店
福田屋
満州国
薬用酒
現代的
晴雨堂
同通信
波状群
倉庫内
引用文
駅村岡
加減目
発電用
容積率
山歩記
料理屋
情報版
福島氏
管理士
市議選
中学部
元気様
総決算
流失力
沖縄版
休日中
造園用
放送部
不用意
常識力
議会学
予定外
調毒師
養命酒
全国民
室内型
養成校
機商材
半年前
家相学
新宮店
消防士
白夜行
十数分
和図書
中間点
和家具
八正道
焼肉店
香港人
区議会
旧校舎
会期前
中間的
本堂前
得価格
物件別
発表文
広告人
木島平
全一言
位置図
湯治場
出水時
受験前
満開時
然別湖
佐倉草
祝土日
日光浴
中心線
金相場
内順位
期待度
門川町
政府内
地方紙
保証外
村議会
計画性
野球界
辞事典
桜通線
訓練所
配送用
一兆円
全情報
通学地
全室海
当病院
注用紙
植物性
守備力
調子良
案内状
多人数
政官業
百年目
旅上手
明神丸
達自身
先何年
一番君
宮田村
毛無山
都市間
底意地
直行便
経営力
発見館
各区分
満席等
新大阪
頭山満
全階級
世帯等
字前田
売主様
入金日
終業式
先月末
実写版
手取川
本学会
松島一
発雲所
再生木
取引時
君主制
接客等
営業車
根無草
会学校
十島村
何曜日
数台停
海洋館
保護具
画像集
築年月
画質的
用食材
消防法
人以上
体験型
三木市
京栄校
各農家
糸色望
中国文
結構気
買主間
五輪銀
室谷口
今日感
一番力
光協会
名演説
今何位
博報堂
曲名順
第三点
九七年
前年前
成績表
手公園
数学板
銀山町
共有物
許容量
試合別
石井好
海洋堂
別出品
全国紙
内容品
松戸山
覚王山
合唱団
全体重
保険者
共通化
今流行
貸付金
送付状
反応率
一言集
持続性
姉妹品
人材像
遊観光
休祭日
定率法
梅本来
当局者
複合化
接近戦
静岡駅
線検査
旧社格
無投票
統一性
中国領
金正男
年代順
昭和史
記入後
時間内
山口修
例大祭
経験等
一個目
金銀花
居住年
体今月
左京区
星雲社
最近雨
十兵衛
作成順
全身性
初上陸
馬日記
石岡市
水素水
文芸社
固定低
受領金
再計算
標準型
再出版
学部等
管球式
高知木
葉多舎
主導的
輸送時
母性愛
別会社
器楽曲
昨年夏
飯島愛
京都発
数十本
新沖縄
資金的
神田川
動植物
練習台
一大事
長崎屋
道中記
四川省
十二月
競技力
法人化
食事術
金山店
雑貨店
急加速
何回来
四年後
設計職
構成比
実証機
光製品
空想家
設備的
九州内
入会費
毎日朝
二人来
寺院名
正方形
水谷豊
製作国
同計画
鳥取西
家族様
愛好会
九州外
梨元勝
表面上
新社長
前月比
具象化
愛知郡
手羽先
新東京
左京山
岩屋戸
節税術
