可能性
著作権
不動産
個人的
大丈夫
基本的
具体的
管理者
掲示板
誕生日
一般的
駐車場
雰囲気
不思議
管理人
利用者
積極的
北海道
関係者
投稿者
自動的
最終的
第三者
飲食店
埼玉県
卸価格
数年前
歯医者
正確性
活性化
旅行記
参加者
保護者
不適切
書籍名
印象的
東京都
事務所
看護師
福島県
知恵袋
駅周辺
店情報
専門家
出版社
初心者
検討中
効果的
事務局
出品者
著作物
美容室
自動車
本規約
小学校
幼稚園
日本人
総合的
消費税
美容院
日本語
日用品
利用上
薬剤師
自転車
不可能
小学生
性質上
茨城県
一番上
従量制
質問者
冷蔵庫
社会人
範囲内
芸能人
結果的
出来事
実施中
精神的
愛知県
大歓迎
必要性
最安値
時間帯
重要性
居酒屋
最近見
暗号化
兵庫県
定期的
地図上
高齢者
有名人
京都府
本発明
連絡先
不具合
編集部
対象外
外出先
世界的
非表示
落札者
記入欄
定休日
電話帳
魅力的
大阪府
募集中
主観的
楽対応
本格的
来店率
圧倒的
広告主
体験者
最大限
結婚式
勤務地
保育園
診療所
郵便局
千葉県
商品名
学習塾
携帯版
開催中
文字列
高校生
小文字
数日前
安全性
発売日
事業者
一人様
担当者
注文後
大文字
日曜日
問題点
英会話
体験談
名古屋
全体的
一体何
購入者
消費者
個人差
全国的
未対応
未入力
図書館
一時的
履歴書
文房具
未経験
経営者
代表的
単行本
最寄駅
手数料
大好評
目的地
税理士
宅配便
将来的
技術的
使用上
政治家
施設名
歯周病
民主党
元記事
画像等
客観的
中学生
厚労省
被害者
中古車
違和感
神奈川
各企業
展覧会
根本的
大満足
新宿駅
展示会
価値観
名以外
経済的
長野県
講演会
投稿時
犬同伴
解説文
印刷用
航空券
再検索
用語集
静岡県
顔画像
専門店
数日後
大自然
観光客
首都圏
不可欠
注文時
映画化
再認識
外国人
福岡県
中学校
仲間内
午前中
皮膚科
不利益
情報量
紹介状
非公開
再確認
美術館
危険性
観光地
説得力
治療院
共益費
管理費
企業様
街情報
改正後
領収書
何十年
敷地内
正社員
現実的
英数字
私自身
岐阜県
数年後
本研究
三重県
従業員
攻略法
建築家
保証金
委員会
説明会
小児科
運転手
回答者
沖縄県
大活躍
存在感
北朝鮮
会社名
所在地
報告書
東日本
土曜日
発表会
信頼性
正当化
第一条
主人公
新潟県
障害者
研究所
会員権
物件名
特産品
製造業
新着順
料金等
自動化
市町村
一人旅
事業所
西日本
青森県
不妊症
卒業生
企業名
特徴的
認知症
店紹介
得情報
専門医
弁護士
通信簿
群馬県
利便性
真面目
時刻表
自分的
大辞泉
新商品
研究者
世界中
証明書
先生方
配送料
十二分
二日目
参加中
温泉宿
栃木県
複数人
中国語
無添加
対照的
全面的
重要視
送料別
糖尿病
写真集
全国版
店舗名
最終回
全商品
路線名
運営局
子供達
内容的
日本酒
効率的
画像下
長期的
購入前
宮崎県
顔文字
販売店
今話題
一週間
投資家
地域別
実質的
映画館
一体化
飛躍的
方向性
自由度
間取図
完成度
作成者
住宅街
大人気
街検索
最小限
移転等
出演者
著者名
運営者
石川県
写真等
二回目
教科書
価格帯
最優先
掲載中
時間的
改正前
無意識
滋賀県
多様化
透明感
徹底的
賃借者
記念日
内検索
括弧内
学校裏
最適化
他人事
質問等
専門書
筋肉痛
中心部
再利用
科学的
築年数
承認後
出前館
福井県
受験生
国際的
卸問屋
歴史的
堂書店
常識的
交通費
未登録
広島県
入札数
所有者
値以下
講談社
開発中
展望台
各商品
秋田県
富山県
補助金
利用可
利用前
甲信越
閲覧者
事業用
関連性
血液型
老朽化
神経痛
悪影響
最終日
問題視
大学生
本格化
労働者
満足度
中心地
代表者
不自由
第一項
奈良県
命中率
参院選
月曜日
社会的
宮城県
最新版
指導者
救急車
備考欄
葬儀社
岡山県
各店舗
精神科
大部分
転載等
工務店
皆様方
特急便
日記内
二十歳
低価格
何度見
地域名
代表作
中古品
不良品
効率化
支持率
実用化
写真館
再放送
今週末
現段階
不十分
転居届
本求人
国内外
一年前
共通点
修復歴
本質的
通勤可
古本屋
香川県
大盛況
合理的
承認制
貴金属
居心地
予備校
治療法
定食屋
初回版
休業日
活発化
現時点
山口県
一回目
影響力
製品名
整骨院
裁判所
情報誌
主催者
調味料
料金表
特商法
必需品
京都市
新生活
看護婦
耐久性
店周辺
七五三
新感覚
継続的
営業日
雑誌内
各地域
危機感
従業者
後投稿
携帯用
博物館
洗濯機
紹介文
交差点
子供服
専門的
医療系
在学生
限定版
犠牲者
車以外
当選者
使用感
長崎県
偏差値
山形県
熊本県
販売中
選択肢
大企業
一番気
選択中
誰一人
小冊子
勉強会
施行前
建設業
受付中
複合機
朝一番
解決法
幻想的
準備中
商店街
現在地
投稿前
売上高
子供用
横浜市
第一弾
公開中
注文日
小学館
飛行機
伝統的
官公庁
責任者
新幹線
歴史上
温泉地
典型的
一本化
急成長
食市場
大阪市
有用性
私一人
実店舗
以下略
安定所
花粉症
人物名
要予約
新製品
岩手県
成果物
都合上
支配下
理事会
第一歩
高級感
客室等
清潔感
注意点
表示中
大成功
大人用
卒業式
掲載元
削除等
出発日
出発点
肉体的
第二部
高齢化
高収入
第一回
管理下
年月日
接骨院
目的別
全国旅
関節痛
精力的
数十人
寿司屋
商店主
懇親会
各施設
衝撃的
特派員
大浴場
送料込
不安定
理事長
小説家
保険料
遺伝子
予想外
原材料
移動中
実在性
番組表
不用品
大多数
宅急便
前各号
一番下
申請書
情報等
御座位
車買取
二人目
処方薬
大分県
商品化
勉強法
小売業
山梨県
求職者
投稿数
化粧品
再構築
未使用
非会員
再起動
注目度
一同心
愛媛県
御相談
市販薬
超国家
講習会
経験者
医薬品
新世紀
佐賀県
政治的
卒業後
第一線
長期間
自民党
変更後
鳥取県
番記者
宿予約
本記事
多目的
具体化
御異議
難易度
決定的
削除時
期間中
最上部
会員制
放送中
訪問者
注文前
義援金
送信元
第一審
回避率
優先的
食料品
遊園地
不快感
部屋数
最上階
具現化
権利者
日本一
表面化
生産者
二年前
合計額
創元社
披露宴
高知県
委員長
現行犯
英語版
主導権
国自慢
住宅地
発送日
高品質
御質問
感染症
御指摘
無関係
研究室
反対側
状況下
富裕層
関連職
電器屋
環境下
抜本的
会社様
意図的
記者団
温暖化
最盛期
安心感
未開封
金曜日
家庭用
患者様
島根県
電器店
住所等
大集合
深刻化
私個人
妊娠中
健全化
文例集
低身長
先進国
感情的
車椅子
学校名
予約等
今一度
肖像権
医院様
交通量
進学塾
免疫力
和食店
敏感肌
語学力
買取店
有効性
原動力
生産性
最新号
代理人
保育所
二次会
南道路
集客力
数分後
原作本
一日中
最近気
車通勤
参加費
追加等
業種別
小売店
不幸中
開示等
開発者
計画的
祝祭日
建築物
不適当
是非見
文字化
五十肩
登録等
一度見
生態画
精一杯
登山口
市役所
終止符
理想的
病院名
市南区
適正化
施行日
放送局
法令等
書店本
車査定
出版物
塾講師
店長様
出発駅
主原料
超高速
略系図
地球上
投稿後
代名詞
予約時
御紹介
所得割
真実性
過半数
一日目
写真左
明示的
店検索
番地号
理論的
新発売
第二弾
背景色
場合等
短期間
一戸建
徳島県
入居者
説明書
当日中
検索窓
一般化
少人数
生活者
研修会
市北区
画面上
魚料理
旅日記
顕在化
基本中
予約制
拡大図
何種類
宿泊日
超特価
書評数
年齢的
相関図
安定性
玄関口
再生中
美容師
視聴者
日本法
対象店
動物園
十分気
購入後
本文中
議決権
市緑区
敬称略
先着順
日程表
第二条
本方針
神戸市
記述等
名探偵
明確化
三年前
文章等
合法性
土産屋
出発地
音楽本
準拠法
御意見
物理的
技術者
演奏会
地球人
住宅等
貸店舗
写真右
中央区
施工例
富士山
数百円
市西区
高血圧
変更等
高機能
開封後
来院前
検察庁
電話等
総選挙
剰余金
一段落
症候群
純資産
団結権
提供先
適切性
機能的
勤労者
卸売業
請願権
承継前
本籍地
垣間見
犯罪歴
細分化
重過失
委託先
下半身
大爆笑
戦争等
人権等
未設定
別途本
御承知
三日目
到着地
利己的
出身地
所有権
一軒宿
体力的
削除用
各物件
取材時
連絡帳
不都合
絶対的
鹿児島
大好物
税務署
再入荷
安定感
宿情報
完全性
開放感
超充実
取引先
登山道
住民票
市桜区
公務員
自衛隊
石材店
提供中
再選択
全然気
内定者
御理解
感動的
一覧表
日本初
自然界
大容量
個性的
内視鏡
植民地
未回答
世間的
初回盤
構成員
意見書
意見等
豆知識
友達宛
不愉快
巨大化
大規模
切替日
希望者
御利用
永続的
立候補
純米酒
信頼感
練習板
自治体
会員様
応募票
風物詩
一年後
通学先
獣医師
特典品
栄養価
治療費
発売中
那覇店
差別化
民芸品
給湯器
利用時
情報源
民営化
総務省
熱中症
絵文字
交流会
映像化
洗濯物
御了承
投資用
百万円
人気者
市区郡
表面的
非対応
理容室
進行中
請求書
本商品
標準的
表彰式
医者様
再発見
日本海
関連語
条件等
上級者
案内板
緊急時
乳幼児
注目作
介護職
集中力
有意義
活躍中
交通付
一筋縄
社主催
高画質
本洋書
投票者
種類別
主成分
少種別
舞台裏
発売元
廃棄物
宿周辺
旅行先
数十年
営業所
愁傷様
分析力
和訳付
青少年
世界観
所得税
研究会
文化的
論理的
同項中
貸衣装
離乳食
物件数
食品費
全物件
添加物
評論家
否定的
申告書
公共的
発行者
妥当性
標本画
奈良市
福岡市
都市部
道州制
医学的
整体院
日本中
頭文字
配送先
致命的
爆発的
通話料
気象庁
誤変換
緊張感
繁華街
情報網
登録時
発注後
本能寺
印刷物
世界樹
非常勤
基礎的
時期的
外国語
真夜中
透明性
中央部
子要素
開会式
韓国人
弱体化
経験値
教職員
交換等
透明度
製品化
受講生
新番組
内共通
検索語
十数年
簡略化
著者等
慰安婦
出場権
機械的
第三項
家族葬
研究員
電子版
展示場
確認後
対象者
容疑者
返信元
一口大
製造元
好印象
第一話
王子様
大掃除
宿詳細
勝喜梅
実況板
人間的
在庫数
映画的
漫画家
収益金
詳細等
六本木
主題歌
本年度
無料今
異世界
家庭的
専門性
川崎市
依存症
気持玉
受講料
入湯税
乾燥肌
本製品
主人様
吹奏楽
血糖値
公明党
魚介類
教育費
副作用
決定版
一人目
含有量
本会議
大流行
時歴史
卸会社
第一号
記事次
法律案
協力者
社労士
喫茶店
購入数
何十回
大辞林
休診日
文教堂
諸事情
嫁長門
相続税
大募集
業界初
再逮捕
五十音
地下鉄
相対的
掃除機
小沢氏
宴会場
予約数
新百合
次回作
大魔王
金銭的
健康的
土日祝
配偶者
一枚目
買物前
弁当屋
事故車
手術数
好立地
年度分
市民税
短期的
感覚的
美術品
一方的
申請者
料理名
経産省
熱狂的
提供元
発送時
編集者
歯科医
便利屋
正当性
返送料
検察側
保育士
甲子園
攻撃力
編集長
見学会
愛車今
京丹後
場予約
配信元
自他共
助手席
公園内
商品券
初歩的
住所名
腸年齢
名産品
受審人
新機能
硫黄島
通気性
陸山会
契約書
更新順
神経質
雑貨屋
同一視
営業職
項目名
将来性
卒園式
何年前
病気猫
診療科
第三条
英語力
朝鮮人
自分達
母親似
父親似
購入時
一歩足
最先端
日常的
団体等
計画中
競争力
成約済
候補者
入学式
月刊誌
日本版
訪問着
加盟店
別料金
施行後
解像度
並大抵
配送員
多方面
発言数
衆院選
進化中
洋菓子
少数派
髄膜炎
利用料
豊田市
歌謡曲
新宿区
入力欄
業者様
貫地谷
原則的
関東圏
医療費
留学生
思春期
三丁目
仮想化
要望等
予約館
光回線
質問文
追加先
児童館
渋谷区
新条例
各記事
会社員
業務用
何百年
入門書
商品毎
一昔前
弊社宛
説明文
何度目
部屋食
大問題
投票順
逆効果
試合後
代表格
琴光喜
画像付
社会派
婦人科
使用権
低金利
初当選
後継者
義務化
今検索
疑問視
今国会
小料理
生理的
御協力
三回目
災害時
料理等
多汗症
区域内
新技術
自宅内
関東版
練習場
決勝戦
宿検索
生産量
本講座
文化祭
使用者
無農薬
劇場版
読書量
互換性
離婚後
芸能界
組織化
人気店
最初見
恵比寿
無関心
路線図
合格者
試写会
商品数
更新料
気分的
記念品
店舗様
名駅名
別荘地
連載中
別問題
配達員
直感的
中心的
評価点
学習机
美術書
順価格
主目的
執筆中
実施例
十年前
当商品
新年度
通信社
電子化
今一番
現代人
料理店
電気屋
加齢臭
増改築
再構成
入会金
留意点
留守番
管弦楽
一発目
人事部
安定化
入場料
出張先
比較表
御案内
沢山出
何回見
生中継
病医院
用独自
表示上
光熱費
使用後
算出等
利用中
組合員
登録後
不明瞭
高待遇
生活費
温度差
変化等
懇談会
各版元
各対応
協議会
集合体
本事業
全表示
現実味
美少女
広島市
勉強中
人気順
使用法
二種類
急上昇
固定化
死傷者
型肝炎
未熟者
吉野家
店写真
集大成
水曜日
仕入先
本論文
部分的
世界一
究極的
使用料
第一章
必然的
食生活
京都駅
古書店
御連絡
別画面
本講義
理髪店
著作者
半歩上
希望日
是非足
無効化
大株主
混血児
週一日
最大化
第九条
可哀想
数千人
数百人
優秀賞
批判的
鉄道駅
運命的
画像内
複雑化
韓国語
用画像
年会費
初優勝
大傑作
専門職
準優勝
会場内
脳梗塞
作成中
港南台
次世代
大統領
栄養系
消極的
来場者
就活生
好奇心
秋葉氏
仙台市
晩御飯
再検討
遊歩道
諸費用
先駆者
重量物
受賞者
第四条
利根川
未分類
一般論
脱衣所
第二回
保険金
分岐点
登録料
代理店
産業上
紙書籍
分譲地
地形図
関西圏
販売物
葬儀場
洋食屋
写真展
体系化
自主的
諸外国
宿場町
投票中
方必見
元画像
評価書
身体的
一歩前
検索量
到着日
創始者
合言葉
堂店員
総資産
注文数
金正日
二十四
洗面所
活用面
起訴状
投資法
新聞社
投稿日
勤務先
単位例
壊滅的
不景気
山間部
映像等
実効性
初体験
二人分
第五条
立命館
運動会
忘年会
霊能者
作品名
工事中
壁一面
今週中
終了後
日本国
給水塔
鑑賞術
北九州
女性用
最新作
床面積
滝百選
初期化
決算書
日本史
距離的
大正解
何十倍
運動場
住所地
駅情報
円滑化
今大会
警視庁
角主張
高気密
地理的
形式的
古事記
宿泊者
擬人化
近隣駅
第一位
食堂編
駅指定
思案中
以後気
本人様
標準化
別商品
西尾市
第六条
終了時
先週末
有効時
自主性
第三号
日記帳
実用品
会計士
先祖様
一体誰
造園業
執筆者
和歌山
小太郎
添乗員
生態系
本作品
店舗内
写真上
右写真
二度寝
今月中
第七条
開始日
各分野
酒類等
被告人
第四部
就活本
証拠金
建物内
送信後
全世界
専門業
図鑑犬
図鑑猫
配送日
登録中
提携先
高評価
直接的
送受信
性病科
千葉市
技術上
中国人
原作者
安定的
不機嫌
配信中
会員版
不登校
絶望的
数値化
並以上
犬神家
値段的
異動者
施設内
休館日
核兵器
一歩先
第四項
大学名
体験記
作務衣
贈答品
登録駅
近代化
和菓子
主体的
受講者
貸出中
贈答用
日一日
男女比
現在値
人間性
属性欄
即効性
使用前
住所順
八百万
方全員
具体例
面倒見
健康上
転換期
実現論
前二項
調査隊
最前線
猟奇的
中野区
釣行記
走馬灯
優勝者
更新日
商品本
排出量
被害届
加害者
地域順
江戸末
第八条
製品版
第二章
再配信
正義感
背番号
選手名
経営上
貸倉庫
不正確
単純化
所有物
作曲家
古民家
福祉系
求人票
大打撃
号給等
不信感
経済学
雨模様
第十条
複数回
影響下
注意報
間接的
制度化
浜松市
各項目
運輸業
再編集
送料等
相談者
純利益
町民税
防犯性
別一覧
非通知
外食系
駅徒歩
環境省
刊行物
出席者
空気中
単身分
来店心
各写真
各求人
職種大
入賞者
旅情報
巨人軍
高度化
姉妹店
付属品
非営利
合理化
住宅版
要望書
空室数
不明確
肥大化
在校生
社保庁
施主様
申込書
控訴人
紳士服
嫌悪感
開始前
構造的
建設中
仕様等
新世界
改訂版
葬儀屋
出典元
要出典
責任感
富山市
法律上
左写真
本講演
全体像
編集室
小馬鹿
乗用車
掲載時
良心的
基準値
関西発
未成年
大地震
侍戦隊
期間内
大相撲
誕生花
書籍版
大都市
引用元
沖縄美
毎日見
実用的
人間力
同条中
今現在
本調子
十五日
法人様
大分類
使用量
発想力
要注意
納期限
御希望
危険物
完了後
声表示
生徒会
特許権
私以外
結局何
解決策
電気代
数十倍
新会社
家断絶
各書類
社民党
初対面
秋葉原
不必要
温泉街
別清算
情報室
台東区
集英社
事業主
婦人服
子供心
法律的
何年後
前年度
育児期
家具屋
常識化
二十日
長期化
冬一番
郵便業
昨年末
個体差
反省中
原理的
簡素化
同級生
高気圧
配達日
渋谷駅
兼六園
級戦犯
見放題
第二項
園芸店
歩行者
久遠郡
超高層
仕事中
文化財
最新性
株式等
全面損
主業務
当協会
公民館
正倉院
天皇賞
科学者
現在当
野生化
拡張子
平和賞
投稿順
本情報
内表示
選択鍵
日本株
離島他
何十人
大注目
定番品
近日中
収益性
体系的
哺乳類
表示次
創業者
今月末
廃線跡
取締役
記事等
刻一刻
健康体
武士道
途上国
資本金
男女別
南西部
緊張型
用品店
短時間
五年前
着色料
地図内
増減額
大絶賛
可視化
全採点
同日前
県教委
薬学生
目黒区
客室内
速報板
藤井組
変更前
豊島区
定番中
御注文
松山市
座標軸
日米間
居場所
三毛猫
冷暗所
諸問題
価格的
一回見
不在時
一般職
勝負服
大賛成
対外的
軽量化
予約前
玄関前
最高潮
上州屋
半導体
使用時
市民権
二前号
二次的
第一級
御注意
一人前
著名人
新年会
授乳期
宇宙人
予約上
宣伝費
必殺技
今年中
各画像
韓国戦
伸縮性
似顔絵
貼付用
送付先
遺言書
有力視
社発行
通常版
瑠璃色
同窓会
面接官
新潟市
全客室
整合性
宿泊業
焼肉屋
雑誌等
新基軸
再評価
新学期
定額法
件登録
設定中
視聴率
広東語
市教委
体験版
視覚化
明細書
友募集
調理器
危機的
何回目
法令上
借入金
授乳中
対処法
可物件
国交省
学習会
事業等
北西部
太平洋
三国志
消化器
御存知
多角的
別精算
慰謝料
再就職
勇払郡
男性用
神格化
一時金
大人数
熊本市
正常化
音楽物
横一列
中高年
角部屋
志望度
原生林
表示順
第四号
場所的
志望校
警戒心
本拠地
世界初
入札者
小田実
再交付
耳鼻科
評価時
初参加
後悔先
電車内
境界線
品川区
提供者
取消料
参加村
取引所
感想等
保証人
文化人
四年前
感想文
建造物
初登場
正解者
不合格
来訪者
受診前
学会誌
前回来
給料表
視覚的
維持費
漢方薬
応募者
同友会
地図下
音楽的
同時期
清涼感
親近感
全機能
休憩前
免許証
山手線
初挑戦
吉祥寺
番組内
記事中
相談室
第五項
炭火焼
薄桜鬼
化物語
文京区
各業界
空間内
天竜橋
機能性
集会場
世間話
朝食付
企画案
登録制
殺処分
十三日
戦略的
金融庁
取扱店
路線価
心理学
特優賃
上京区
千円札
一六社
一目見
軽作業
審査員
二次元
小麦粉
今注目
中心点
使用済
三日前
不死鳥
共有化
予約宿
第一部
通信欄
保存料
落語家
十六日
一番奥
個数分
搬送先
大草原
海岸線
一度足
大田区
開催日
前画面
何度観
助産師
最高級
第三章
中古本
個人間
北野武
分量外
企業等
雑居房
転用元
旅行者
物質的
販売者
個人名
性格的
熱帯魚
衛生的
下車後
情報屋
御用意
平均値
生放送
高断熱
操作性
高時給
特集等
門司港
要支援
整理券
重軽傷
相談等
主権者
派遣先
二年後
三度目
何万人
配当金
沈静化
試合前
静止画
一貫性
昨年度
性教育
右半円
左半円
戦後間
現代風
入社後
出店中
日能研
計算書
使用中
御予約
平均的
限定的
就職先
書店様
各配送
本特集
何千年
卸単価
告別式
子会社
海水浴
御説明
支配的
博士号
公開後
日本側
参政権
何百人
指定用
会議室
御確認
単身者
小心者
疑問点
内田樹
非売品
映画編
既発売
適法性
取得等
本登録
化粧水
資本論
気功耳
審査中
区役所
全画面
比企郡
日本円
本報告
法人税
技術力
全般的
一九九
活動性
利根郡
金額的
手間暇
東京駅
表示校
十字架
二面性
保健所
数秒後
運営元
会員用
北近畿
未確認
再配布
便利帳
都市名
日本軍
光陰矢
二日前
心身共
十年後
省略可
私物化
多種別
議事録
期待大
核実験
単独値
座談会
最大級
子健保
長電話
北東部
法人等
修理屋
収益率
応募前
探査機
常態化
選挙権
第二号
種類等
大学別
旧年中
雑記帳
銀行系
比較的
本画面
首里城
富士見
撮影会
後表示
入園式
広告費
産直品
予約日
基準日
被災者
大雑把
販売元
発売前
未購入
鍵開錠
南房総
教材費
歌舞伎
持分法
領有権
三人目
各方面
開放的
支配者
本過去
岡山市
意欲的
心情的
旨主張
商品等
事件簿
水族館
栄養素
看護士
配水管
登録者
技能工
閣議後
世界史
現実化
補助錠
商標権
日付順
成人式
前任者
大怪我
部活動
当事者
自信作
時間外
豊胸術
掲載前
通常盤
食肉店
居住用
公用語
一年草
御参照
男子部
転職先
今年度
二番目
本実施
不自然
意見番
建設的
一過性
創造力
樹林帯
経由地
植物園
計算上
概略版
稽古場
百貨店
全否定
児童書
四六判
墓地内
再発行
外国株
他薦可
南高梅
福井市
内容等
今月号
結婚後
正職員
刺激等
経験談
理美容
新日本
進学先
名前順
副会長
扇風機
火葬場
設計者
京都郡
入店可
板橋区
生花店
産業界
人物伝
広告欄
為電話
到着駅
店一覧
柔軟性
度推移
契約者
大先輩
福島市
亜麻色
光接続
価格順
新書式
形骸化
配布店
締約国
公開日
本支店
自走式
本発表
富士丸
土地等
体重計
年齢別
上送信
配送中
宿泊先
数百年
路地裏
家庭力
普遍的
金沢市
購読料
水道水
全件数
好感度
水面下
文化系
自治区
建設系
阪神間
移行後
墨田区
風呂屋
想定外
二日後
契約時
欠品等
一時代
探偵社
写真下
十数人
消耗品
東南海
母国語
測定器
済写真
多様性
魔術師
弁護側
不織布
二極化
三年後
仏壇店
中心街
指圧師
特別賞
白内障
本調査
内閣府
出品中
圏央道
十七日
記事数
最低限
腕時計
抵当権
店舗等
掲載等
更新中
親記事
深呼吸
滞在中
硬直化
構築物
単語帳
展開中
第五号
配布者
通販法
初任給
瀬戸内
腎不全
数日中
十八日
当医院
行動力
利用分
弁当箱
万葉集
電車男
通知書
生命線
店舗数
半年後
状況等
下落合
十九日
資料集
番組名
日刊紙
第三部
主治医
洋品店
心理的
絶好調
限定数
無修正
分科会
改正案
今日見
行為者
耳鼻咽
成功者
送信先
縦半分
評点別
助成金
赤西仁
黄水晶
比較順
方歓迎
杉並区
突然目
十四日
路線別
富士通
藤田氏
有馬氏
石井氏
閲覧可
奉仕者
注文可
生情報
離職率
事業部
二十代
旬食店
性暴力
三冠王
大津市
正式名
充分気
名言集
小十郎
練馬区
任天堂
総人口
伝統芸
優遊悠
同協会
慢性化
取引額
警察庁
縁成仏
裁判員
人件費
高機買
確実視
特性上
大失敗
運転中
死亡者
発行元
指揮下
仕事術
保存日
大坂夏
到着後
生出演
日本橋
岐阜市
新時代
加入者
一本目
帰宅後
岩盤浴
想像力
別検索
用視聴
新選組
事務職
花言葉
夏野菜
起爆剤
主宰者
移住者
何箇所
日系人
外出時
位置的
新登場
二本目
記事内
同病院
御世話
一九八
再掲載
定量的
無伴奏
異業種
入浴中
一九七
職種別
道案内
十二日
特別室
美美美
創設者
発言量
核武装
最下部
吉野川
住民税
数千円
元泥棒
年齢層
食事処
一年目
生息地
現金化
持続的
回顧録
薄緑色
無意味
路線内
精神面
親権者
休館等
奨学金
超格安
超厚底
四日市
同意見
田中宇
評価額
件表示
月一回
今日中
全趣旨
立体感
俺一人
思考力
得意技
娯楽業
債権者
八重歯
週一回
春眠暁
御冥福
無香料
黄金色
振込時
過去問
企画展
逮捕状
最終話
低料金
一枚板
罪悪感
社会科
何時頃
作成時
一時間
参拝者
天婦羅
松本氏
挑戦中
来店時
実践的
日本製
創立者
表題作
北方史
入力値
十二人
足立区
一曲目
太鼓判
虎鉄新
子守唄
不本意
防衛省
認知度
上北郡
投稿文
発売国
大分市
有楽町
診察室
出発前
美白力
女友達
文庫化
適用外
一安心
各年代
増加率
託児所
依頼者
生活館
一九六
委任状
招待券
型自分
更新時
寄稿家
以前来
犯罪者
追求心
受付系
延長上
英単語
出題者
御答弁
作品展
県内外
授業料
秋田市
本来的
招待状
高精度
安定型
紫外線
不明点
桜写真
象徴的
入居時
増粘剤
僕自身
裏情報
居住者
配信先
光情報
投票日
集計中
狭心症
出来高
要注目
詳細図
審議会
森文庫
説明板
山田錦
大阪駅
保険証
即戦力
情報化
家庭内
選挙区
高性能
指圧業
御登録
姫路市
割引券
各大会
嫌韓流
同業界
万歩計
別設定
今人気
南東部
管理職
風呂敷
心臓病
全重量
通院前
新着欄
新装版
開始時
英語圏
婚姻届
申込時
大気中
有機的
回答数
反抗期
御所見
身支度
一身上
安曇野
紹介先
場一覧
富良野
記事前
西館内
悪天候
勤務医
招待絵
全記事
高低差
感謝状
芋焼酎
参議院
権利金
産総研
服用前
獲得者
執筆時
東海道
禁煙席
最高峰
処刑人
普段来
明文化
日記数
西遊記
書店員
家政婦
番外編
城下町
香穂子
活動中
制作者
十一日
学術的
各学年
介護士
重厚感
町域名
最下位
第三回
一昨日
同製品
資産性
指定無
近代的
各銀行
回答順
芸術家
卸販売
日一番
一歩外
製造日
一人分
第三弾
赤文字
実力的
訪問記
写真見
大百科
適時打
改正法
陰日向
目撃者
諸経費
変動等
読解力
登山者
司会者
葛飾区
機密性
方募集
応募後
四万十
統計的
大学院
本大会
不合理
双方向
県大会
道今日
正会員
副収入
第一巻
掲載日
夏限定
罰金刑
低気圧
税目別
三連休
勤務科
最高値
医学会
保育系
料理人
国内的
機関紙
定額制
日常化
工事業
関心事
系販売
系営業
重要度
節約術
保険屋
不審者
低学年
心斎橋
小型化
格闘技
大衆食
異動等
線引等
金利差
盗聴器
性能的
利用法
一番心
素材集
再転載
年一回
指揮官
限度額
御客様
全一覧
投稿可
練習中
子宮内
一体感
一寸先
著作本
行政庁
十六夜
英語他
図案化
履修上
技術面
粗利益
市議会
今必要
大型化
汎用性
火傷跡
横浜駅
愛国心
毎週月
前受金
白黒赤
季節感
第四章
見積書
能力的
胃腸科
諸症状
二十年
病気目
太平記
自分流
生意気
近親者
男二人
作家陣
数万人
動画等
超簡単
以上何
周波数
池上彰
住宅発
写真屋
内写真
法改正
質問箱
現行法
坪単価
発生時
同居中
多少色
被災地
請求人
親発言
売掛金
検索中
消臭剤
宗教上
脱北者
関西版
確定的
麻酔科
堪忍袋
最初歩
宮崎人
多数出
一晩中
人工的
学校区
営業権
立替金
出資金
本資料
結論的
多言語
表舞台
三十日
会員数
運転席
水平線
経済面
職種中
江東区
臨場感
女子供
職務上
格好良
休前日
延喜式
資料館
展示室
増田足
当組合
算定上
不二子
各指標
応援隊
三千院
第六項
同業種
会社法
法令名
裸撮影
引出物
小百合
商談中
何百回
円最狭
団体名
購読中
項目別
俺涙目
破損等
連合隊
変動額
応援者
何千人
開栓後
等身大
岡崎市
正規品
保養所
項参照
人気作
良回答
摂取量
各老人
閲覧数
利用控
伝言板
十八番
火曜日
殺人罪
休止中
工芸茶
利用率
屋形船
重点的
歴史学
三日後
化合物
入学金
苦情等
森三中
毎週火
拡大用
天然石
美人妻
航空機
中南米
区別性
大発生
何度来
慎重派
抵抗力
倉敷市
参考書
引地悠
病気犬
種類犬
里親犬
配達時
最終大
三省堂
発表中
御活用
睡眠障
体感的
未経過
未入居
各分館
各学校
合併前
東謙二
偏頭痛
耐熱性
日以後
探検隊
入金後
親和性
管轄下
小休止
一晩寝
国指定
朝比奈
改札口
納期等
型男性
買取額
呼吸器
大特価
治療薬
当施設
記入例
囲炉裏
機械系
外資系
受験塾
上下線
約半数
透明肌
実践編
他教室
国会内
第一期
仲間達
好意的
納骨堂
草野球
調整中
数千年
梅雨空
認定証
子供可
検索数
電話機
埋葬者
再登場
付外観
栄養士
葬儀後
入院中
予約後
来週中
自然派
事故等
集議院
保健室
常総市
豆腐屋
奥座敷
文科省
入荷日
文学賞
営業中
重量感
求人見
消費財
食品等
戦時中
売約済
時系列
地球博
異次元
全銘柄
三銃士
高島彩
数万円
最南端
音響屋
江戸期
物件量
超人気
最上段
字開脚
投資術
異星人
本人的
画題等
生命力
高速化
修正等
障害時
応募券
三部作
軍事的
長野市
宿泊地
新工場
自由化
無造作
模式図
広告枠
地元産
死亡率
高音質
吹田市
相手方
当金庫
表形式
生産地
同期間
新感線
足温器
不透明
古美術
無法松
保健師
翌日休
最高額
構造順
入校前
未公開
夏本番
塾検索
風来坊
等多少
脳年齢
一箇所
破壊力
保存中
毎年夏
新都社
高倍率
本部長
二年目
十三人
中国株
夢小説
乾電池
応相談
長州力
製作者
杯決勝
外注先
時代劇
類義語
事情等
質問集
魚貝類
初公開
満塁男
駒田氏
中医学
紹介中
寿司店
配送便
関連度
御見解
鑑賞券
低年式
多走行
昭文社
知的障
奮闘中
最新刊
最大値
大図鑑
神秘的
非上場
韓国兵
宿一覧
文字色
肯定的
後三年
相当性
講師名
一番前
原判決
日米欧
弐代目
実際足
食事時
無失点
一昨年
応援団
小説野
産創館
百万人
新分野
鬼太郎
毎瞬間
再照準
誤発注
季節的
新入荷
開封率
勝負強
来年度
男性陣
日野市
分野別
公共性
物香水
荒川区
全然出
実験的
引越屋
知恩院
生活上
前九年
客室間
教育力
資金源
今問題
医院名
一年生
健美家
魚沼産
重傷者
変更点
郡山市
明石家
多摩市
里親会
三美姫
数量等
同条件
本仮屋
併設型
人為的
業界内
食事中
光開通
資格王
機械化
作品群
大興奮
御遠慮
不要物
片頭痛
全然似
木屋町
事実上
法律系
二言目
二日間
選択後
自宅用
金土日
発起人
二重術
新賃料
家計簿
最小化
実験台
一人用
一晩水
夕張市
結果論
桜並木
給湯室
地域版
浜名湖
限定品
未解決
地下室
立体顔
化学賞
建物名
確率的
学生寮
県産材
修理代
関連本
抽象化
丁寧語
小京都
通文庫
日高郡
二人様
貧乏人
制作中
東三河
育毛剤
縦位置
寒冷地
大混乱
入力者
甘味料
近未来
美闘士
予算的
制作料
同地区
企画中
御自身
長崎市
未連絡
会場笑
閲覧用
米国内
旧条例
複製等
放送等
現地発
入学前
絶対数
負担率
未掲載
一面的
依頼等
警察署
定員数
技術系
諸状況
光人社
映画版
感慨深
屋五葉
一切出
発送後
肉便器
未実装
温泉名
同世代
宮崎牛
編集時
卸資産
日本画
超洗脳
再質問
翌日中
血液中
一次会
学資金
来店中
理解者
天文館
治療家
西田純
一九五
四季彩
大飯郡
微調整
問題化
直木賞
講師陣
反比例
投票数
設置者
韓国名
依存度
三角点
有料化
既往歴
恩田陸
映像的
駅百選
釣具店
道具屋
非日常
訪問時
全美連
北東北
博多駅
掲載後
利用日
行政区
解答者
原発性
経験的
売出時
森過去
大感謝
場周辺
内科系
大風呂
線元町
共有者
何百万
情報元
無生物
売却済
研究費
人一人
学園祭
別種別
炎天下
未記入
不定期
異文化
女一人
他大学
合法化
特別職
経営学
配信後
急拡大
感染者
全国区
高次元
要望欄
申請等
完全版
再生産
工作員
渋谷店
軽井沢
総動員
予算別
美馬郡
当社比
平凡社
潜在的
激安訳
夏一番
体育館
譲渡等
体脂肪
会員証
送迎有
立役者
幼少時
予定日
科目別
平日可
予約金
二週間
命名札
日垣隆
得点者
非接触
医院等
経験有
組織別
最重要
参拝客
降水量
福山市
麦焼酎
騎乗位
挑戦者
奮闘記
急浮上
二匹目
商品札
芯研器
共用庭
沖縄人
休憩室
名前等
発祥地
相対化
冒険者
副大臣
第七号
御徒町
投資額
幸満載
進学時
男子台
継続中
保湿力
報道陣
関係上
中立的
全書籍
入退会
警報等
地方別
天人気
四天王
優位性
実写化
小型版
地域語
駅一覧
北教組
回数分
不整合
決算日
初心忘
三年目
歳時記
消費量
日産車
発生率
最北端
振込先
伏流水
一度家
東海林
緑内障
提出日
具広場
分以内
引当金
心地良
御迷惑
当然出
全株式
思想的
無限大
食事会
来週末
起業家
不謹慎
作成日
富士市
楽器可
中中中
視覚障
富士宮
各教室
米国発
柔道界
前橋市
新参者
注釈内
流通量
高料率
行楽地
国内盤
全神経
出願数
査定額
未完成
風雲急
九十九
既婚者
今確認
期末値
各省庁
慢性的
断片的
検索法
解説書
珍百景
原風景
銘柄名
一体的
行使時
花湯坊
大合併
順名前
特捜部
外見的
公平性
悪循環
場特集
病院坂
健全性
指導力
生徒達
許可等
診断書
初会合
短編集
各大学
低気温
計測器
不況下
相場観
見聞録
前田環
不足等
特典等
校長室
普段着
演奏家
神無月
再表示
球磨郡
人流量
表現力
地縛霊
大転換
将来像
利用層
注文者
声一覧
参照先
毎年春
変更元
製造所
酸化物
再指定
出身者
暗黒竜
自家製
地域内
実体化
帰国後
購入等
閑古鳥
入力後
受注後
県庁舎
宿泊記
相続人
地域性
毎日何
耐震性
蛍光灯
林正儀
決断力
大冒険
大紀元
同時代
太田光
登録日
客観視
六番目
係争中
大爆発
医中誌
松川死
原因別
購読者
色変更
静美洞
地名等
閉会中
抽象的
全検索
素材屋
関連食
学習法
工場内
再投稿
低学歴
前日比
昭和臭
各辞典
同等品
市長室
保安林
友生活
新規則
藤沢市
雑誌名
管理部
割安度
土曜可
千趣会
複数名
規制法
炊飯器
経年感
全国道
未投稿
間伐材
模索中
一苦労
当地域
日中韓
句季語
同人堂
負傷者
処分等
世紀末
特別区
落札後
症診療
米百俵
新聞紙
出身校
宝島社
何百倍
商品右
意匠等
僕一人
大阪夏
当神社
第六号
婚約者
再出発
美容液
優越感
道百選
写真城
志位氏
著者様
一足先
地域的
注文等
白金台
関節炎
部屋着
登録順
機内食
環境的
震源地
概算値
身体障
当教室
翌日着
大戸屋
京料理
岸和田
葬祭業
再開発
販売系
戦闘中
長時間
一万円
反省点
文以外
国民新
開催元
大変身
全住宅
平均点
公式戦
美容業
崩壊後
書道家
二本足
京野菜
人数順
各病院
家主様
実用書
原価法
者以外
道路法
近江町
中高生
健康茶
結構出
御来店
拍手手
同地点
毎日家
一番楽
産学官
石垣島
無秩序
中販連
監視下
例外的
二国間
全庁的
特産物
同程度
植物名
警察等
調布市
時代的
各部屋
海賊王
場徹底
建築中
自分用
宮崎市
放送回
小悪魔
中華編
美人系
本格派
古代史
納税地
障害物
小工事
条例等
中華風
集神社
違反者
要連絡
食教育
一応念
作品集
本園芸
本生活
中期的
山田優
仕手株
素材等
経営的
売国奴
座敷席
財産権
未来人
水土里
普段見
駅名順
人文庫
上決定
門前町
火星人
浜学園
平山順
企業力
立体的
適用後
金物屋
先進的
十二夜
一同笑
裁判長
県機関
気温差
大手町
参戦中
保存上
省電力
交際費
入店時
十七歳
飛空士
高松市
人民元
白百合
湖山亭
受賞歴
創作系
再編成
逮捕者
結晶化
合理性
高知市
日番谷
二点目
家庭科
二度目
一度目
紹介料
拡大中
倉庫系
各予約
真似事
対象化
図表等
活用法
何十万
銀英伝
既製品
研修医
鹿鳴館
美顔法
立体化
文化庁
服用後
今選択
相対式
当期間
何時見
物流話
希少性
体大切
夢十夜
御柱祭
制御系
調度品
美界人
特色欄
宿泊系
稽古系
情報系
介護系
健康系
施設系
当番組
免罪符
放送時
日敬老
送別会
高校名
上映中
不祥事
誕生会
裏表紙
行為等
徳懸賞
電気羊
作動中
二人共
相談料
東近江
他店舗
仙台駅
大合唱
渡辺氏
駅下車
両生類
自衛官
禁煙頭
病気性
外傷目
内容量
納豆菌
一年分
株式数
隅田川
理解力
障害等
無保証
株取引
株券等
製作中
老廃物
別情報
届出書
林映寿
模式的
御報告
可賃貸
火霊力
実力者
窒息死
傍観者
原価率
魚卵類
未発表
集中的
特異的
貸切可
同意書
残業代
会議中
御容赦
高得点
学問的
入場券
読者様
早速見
急降下
被爆国
本人談
干潮時
超旨味
十八歳
違反時
守護者
廃止等
誤作動
熱供給
占領下
僕個人
耐候性
多民族
戦略性
多数派
未知数
楽器本
教育長
配当等
優良株
外務省
別言語
少子化
大前提
福津市
東学党
練習用
名産地
恋愛話
等持込
上半期
季節毎
西宮市
森絵都
資料等
下記宛
牧太郎
青葉区
攻撃面
内部的
規格化
玄上師
保存食
速報値
中華街
光照射
東葛飾
第一次
数学的
返済額
同一町
捜査官
西小倉
当法人
画像欄
実物大
歌詞画
価格等
財政的
顕微鏡
直送品
高濃度
記念碑
交戦中
的韓国
中国側
日程等
動画見
個別的
是非来
明後日
今手元
逆売春
内面的
雑木林
専門語
見込額
病気喉
各建設
都合等
黒執事
語辞典
車製品
各路線
鉄砲長
高水準
信頼度
運営人
一呼吸
主戦場
南陽市
自発的
案内所
略奪愛
古着屋
心臓部
小惑星
神保町
連休中
日本女
群生地
中目黒
島耕作
本技術
反対語
県民性
三十代
動画次
未適応
新入生
匿名性
洗顔後
住所録
愛用者
横断的
複数可
上田市
節郭清
購入毎
何世紀
総株主
今後気
自慢話
各都市
最上級
香辛料
結果得
御参考
最西端
原由子
四不象
死刑台
戦力的
那覇市
輸入盤
全日空
臨床医
防御力
権力者
返品時
一元的
数字的
建築士
情報力
実用性
表示色
同調査
場隣接
口内炎
核問題
乗車券
鑑定団
外断熱
数百万
支店名
継承者
奥三河
各検索
日曜可
反映後
三種類
当会社
生後間
小公女
状況的
食中酒
土地上
大公開
送信者
時間割
景品卸
履修中
不備等
第二期
電気的
介護者
手付金
削除前
同価格
全閣僚
百万本
法人名
競走馬
自然学
天候等
舞台上
一日寝
栄養的
検討者
驚異的
御祭神
奨励賞
地上波
玄関先
海鮮丼
関係人
結婚祝
賃貸版
参詣道
建築書
注文書
授賞式
一万三
定例会
人気度
入園料
他商品
内税額
参考額
検索時
橋本勝
区画図
還元率
西三河
酸味料
実体験
業務別
御利益
対策法
自閉症
今度見
昼食後
映画史
複写等
塾一覧
誤受注
主祭神
出産後
解約金
紅楼夢
受給権
調教師
日本食
整備等
払込票
法律等
決勝点
過去形
新法則
利益率
湖鶴雅
不安視
記録的
入札書
明大生
工場長
情報局
対向車
鉄板焼
期限内
沿線名
巡回員
後援会
女性誌
製造者
無期限
三味線
判断力
車検屋
機種変
条件別
鳥料理
無担保
冬景色
総合力
法務省
銀行等
支払例
別索引
参加型
通学路
取材者
橋下氏
経営難
購入先
事業化
中間地
品質上
来場心
検討会
監査役
混雑時
恋愛力
西表島
十四歳
居食屋
諸税分
連絡用
企業内
転換点
名称等
期待感
金字塔
未選択
調査中
斜視図
三温糖
女装系
男装系
統治下
咽頭炎
表具屋
入門編
高学年
復刻版
素人目
常滑線
二二二
随分前
景勝地
松村氏
週刊誌
評議会
記憶力
新馬戦
恋愛運
病院内
通常今
最新盤
旧号給
三番瀬
山野草
増刊号
交渉人
天然水
剤治療
有識者
発言者
駅写真
選択時
産業用
百万石
楽観視
絶版本
野獣死
編集局
責任法
日以上
激安店
初出場
臨床的
人数分
数十分
乗車地
猫泥棒
一杯出
各紙面
盛岡市
四日目
登録数
代表権
語注記
他国語
五十年
材料視
一億人
支配人
締切日
規格外
特典付
何日目
両声類
最終章
無着色
習慣化
業界話
守護神
貸工場
平成元
令制国
地区別
在学中
予防等
百日紅
発信中
一日分
六文銭
一万人
各情報
同大会
刑事上
用物件
伝説時
薬事法
型検索
資産家
静岡市
四十肩
十六歳
爽臭粒
関係性
評価順
分譲後
借受人
法制化
太陽光
面接時
入荷後
受賞作
占星術
整体師
獣医学
精白米
報告会
新能力
無何有
歯肉炎
雌火竜
制作陣
本装置
銀行名
納税者
妊娠期
人柱版
一九三
満足感
賃管協
当日券
演技力
運営等
斜里岳
車購入
民事上
自演乙
数字等
業務系
職種名
意味的
独立性
繁忙期
平行線
花見客
円相場
選挙後
大学等
入浴剤
池田悟
撮影時
第七項
就学前
救急時
自然林
覆水盆
光触媒
別作品
幻冬舎
松本市
重松清
写真部
取引術
合計数
上総介
繁盛店
竹富島
日暮里
横浜赤
除却等
受付後
人数等
北見市
市場化
台数等
利用型
今回私
壱番屋
販売数
先入観
年度末
人種的
配信等
内藤忍
税制上
小規模
日記次
着信音
追体験
一年中
子診断
一回転
同盟国
無国籍
一万年
喫煙者
夕食後
病気耳
有望視
東御市
掲示場
価格表
宇都宮
百年前
白村江
全国会
会員店
運転士
河原町
投開票
甘味処
構内図
埼玉産
内周面
速乾性
日本名
会計後
一場面
非常時
修理人
手作業
検索日
届出等
品使用
大聖人
小説屋
出版別
信用度
構造化
書籍化
原告側
明治期
男一人
御審議
随筆家
未曽有
療術業
主要紙
駄菓子
各部分
別次元
無人駅
損害等
約半分
地形的
宗教的
蔵書印
当該子
前段階
寄稿文
一覧上
荷物量
未記載
上映会
議会名
使命感
同号中
最重視
考古学
十五歳
格闘家
応援編
銀行印
人気編
高級編
要相談
件了解
控除前
潤滑油
無記名
現在庫
新情報
内閣法
桜木町
撮影者
前入金
戦死者
指定日
評価等
外野手
八日目
世田谷
非常用
紹介技
丹波人
主要駅
五箇条
若干目
霊園等
前番組
本連載
青森市
東紀州
間寛平
第九号
独眼竜
偶然手
元社長
動力源
遠隔地
農業屋
内覧会
相場感
牧場長
夜行性
精神障
若年層
回覧板
沿岸部
住居用
科学館
首謀者
貴医院
手術後
世間体
史上初
彩流社
御苦労
城田優
快適性
仲町通
漫画版
黒木瞳
南新宿
朝米軍
上戸彩
佐藤健
同事業
徳島市
三十年
向井理
供給者
何万円
小守純
南明奈
広範囲
服用中
調理法
関根勤
星言葉
版記事
千円分
控訴審
設定後
循環器
画面左
丸一日
大乱闘
通称名
屋店長
最近観
雑貨本
戦闘時
登録票
黒曜石
交戦権
大会編
愛読書
親会社
山行記
秋一番
最高位
誤出荷
各医院
曹洞宗
本学科
転職系
五箇山
大坂冬
購入中
様一回
六年前
深夜便
休憩所
三郷市
主症状
改善中
限定盤
投稿用
内定後
節用集
東横線
順位表
特別便
返品後
本選択
相談会
通院中
契約数
調査後
正常品
実生活
衛生士
昇給等
畑仕事
特許庁
無制限
食事量
同義語
歌手名
成長期
不規則
読込中
奮戦記
花写真
国際化
一対一
各講座
赤信号
国公私
作者名
保温性
給付金
大反響
情報内
再発送
須磨区
旦那様
他作品
淡路島
大評判
仙谷氏
連続的
参照元
外用剤
乗車率
物語的
四半期
太宰治
数十万
編集元
不比等
引越社
主役級
問題等
前各項
川越市
中国茶
若干名
理髪師
茶道具
限定本
他団体
鉄道員
流山市
二以上
森田実
人形町
意外性
本物件
雑談板
漫画化
御座居
宴会可
躍動感
商工会
再送信
不起訴
同商品
大通駅
年月分
当財団
小山市
疫病神
修士号
土地勘
第二話
不忍池
酒美容
過疎化
姉妹誌
汚染源
千曲市
国分町
試作品
表参道
実務的
広瀬通
大魔神
農水相
機関誌
本画像
満潮時
最新型
住宅型
治療中
栃木市
人数的
財政上
度外視
発行後
移動前
解凍後
竹酢液
各府省
自分宛
借入先
必選択
自然法
全日程
混合物
活力源
病原体
公取委
対応策
卒業時
湯布院
回転灯
医院内
家族的
従来品
活用術
組織的
予測値
観覧車
金剛閣
新開発
寄合所
文法的
画面両
計算式
肉料理
政策別
回復期
広報紙
発生源
反射的
発注時
農業賞
登録済
枠同様
絞首刑
新形態
第五章
地上駅
希学園
転落死
今度来
日出処
送信前
日常語
桜川市
御愛顧
退職金
野球狂
中央線
皮一枚
分社化
真岡市
一軒目
超大作
花火花
七年前
北茨城
断面図
婚活中
統計局
演出可
債務者
商品代
意見箱
弾力性
血統的
衛生学
大地実
信販売
懐疑的
薬学部
五七五
著者用
一文字
星条旗
牛島組
三四郎
花音楽
購入編
日以降
投稿等
深月織
沼津市
新都心
千代田
新制度
適用日
目的化
久米島
再生次
空洞化
駅検索
椎間板
契約等
現在私
一形態
季節性
天地人
好成績
作業的
入塾後
浄水器
洋食店
尿酸値
南信州
奥入瀬
何世代
諸君私
国有化
居住地
心因性
半個室
分度器
点検前
展示等
面接地
同日付
学芸員
形成協
志望別
政務官
解除用
検索歯
彼女歴
実力医
第八号
陶器皿
帰国生
当物件
保有株
出次第
上告審
日発表
実年齢
複数店
神奈備
千年前
後藤氏
自販機
突然出
来春待
信用力
第一党
方限定
警官隊
少年院
西武園
連動性
副代表
到着時
処理中
救世主
杯全般
同施設
朝夕食
一発屋
作品的
堂本剛
転出届
自画像
本判決
十五夜
社民更
多数見
初級者
漫遊記
収録曲
小説版
成田発
平和堂
奥久慈
製作所
本計画
文書等
再取得
腕一本
本書評
住環境
乾物類
武富士
払戻金
化学的
土浦市
週刊化
同業者
写真名
中西部
東京版
氏神様
相対値
会期中
返金額
池袋院
見物客
例外中
描写等
侍悟郎
再設定
下着類
販売時
米国製
荒井岳
返送先
食事等
相場表
地図等
教育者
四死球
管楽器
農作業
中野店
保管庫
成約時
何万年
携帯型
東医大
勧進帳
中四国
施設等
偽善者
地図羅
鹿島市
見出語
耐水性
世界夢
収録後
猛反対
礼金等
構造物
同番組
割戻金
返信等
本使用
官公署
草加市
四本値
科捜研
日比谷
実践型
教育法
薬学者
長田区
同市内
恋運暦
除幕式
老人憩
詳細版
各宗教
各連絡
国籍法
墓石店
府中市
気象等
坂井恵
所沢市
奥一穂
前坂徹
核燃料
近距離
非公式
佐藤秀
親中国
留守中
昨年中
冷涼地
納品後
株仲間
快適度
山形市
大型本
遊中川
定期代
第八項
安心性
旧規則
職人技
未来像
大富豪
普段目
空室率
会員宛
条件内
邪魔者
超優良
土地代
興行的
貢献打
松江市
人気駅
数値等
該当者
大縮尺
一歩中
決定権
従来型
現在見
朝昼晩
村一番
弁護団
移転費
三前号
抵抗感
勉強堂
図版等
中程度
屋久島
内科医
受領印
民間人
不在票
島津氏
姉妹版
浮浪者
記憶術
特約等
業績等
試乗車
種子島
三十分
受験板
転職編
包容力
非現実
深海魚
業界別
映画祭
規模的
多国籍
六厘舎
押尾学
広帯域
心技体
入退院
新居浜
温泉華
同会議
四日間
得意中
初勝利
三社祭
既定値
内容物
空間的
二千年
医学生
転活前
御健勝
前奏曲
第二次
村政治
基地外
全宿泊
営業系
岐阜駅
評議員
発表時
販売等
飲放付
波予測
寿限無
利用心
街大阪
御神体
他都市
性描写
三番目
夕食時
購入派
性生活
天象表
佐藤守
不易塾
帰納的
潜水服
北総線
十九歳
増額後
多摩初
駐輪場
脱亜論
真骨頂
放課後
左半分
右半分
調達元
運用先
消費先
索敵中
注目宿
業界一
複数行
障害児
須坂市
初披露
波情報
速報性
一瞬何
半透明
閉会式
中禅寺
日本発
蓄電池
党本部
平和的
安定期
米沢守
学部長
立場的
終演後
守備面
風邪薬
統一感
検索式
英辞郎
通信料
太陽熱
紫陽花
理容店
返品可
有頂天
緑川光
公開時
規定数
生理学
明日中
通信員
同窓生
場検索
反権力
佐野市
野良猫
吉四六
米高官
小政党
拡大版
孫悟空
制度的
筋斗雲
何時間
無人島
如意棒
準決勝
年数回
西山孝
複数社
発送料
指一本
一九二
助教授
温泉水
沖大幹
第二版
化現象
口約束
昼食時
世代間
人気校
画面内
転球神
衣料品
標準語
受取人
個人戦
参加料
塾経営
総厳罰
石川旅
千代菊
来館心
県産品
野球場
早合点
過密性
脇坂健
漢数字
交渉中
地域発
発明者
技回数
大原則
過負荷
目一杯
山口市
茨木市
受話器
自信度
学校長
内陸風
彼女達
請求等
療養所
数値的
原子炉
十三歳
土風炉
朝日町
現代語
一度口
休業中
干物女
構造上
知心剣
誘導体
久留米
亀田家
知名度
仕様書
会話中
長財布
同系列
不承認
問題外
指揮者
予算化
移動後
第二欄
新人賞
個性派
脚矯正
設置等
全県的
探偵業
給与等
乳酸菌
医学誌
教習所
資産等
生物学
高級車
徒然草
水戸市
雑貨卸
非掲載
投資先
複数個
利活用
内一覧
素人娘
前二条
開発室
工法等
借地権
説明図
人麻呂
有機米
東京系
対応力
業界人
成歩堂
照明弾
小鳥遊
小麦肌
多文化
流動性
生理痛
見本紙
化時代
方法論
必要数
女性人
担任制
旅百選
間取順
小倉店
家賃順
店舗別
刑法等
包装紙
事件名
牛若丸
教育界
各拠点
万年筆
登録店
前列左
宿泊客
来園者
歌一首
金属製
通知等
喫煙具
補助軸
会社側
汎用機
開設者
傘市場
知識人
沖縄青
飲食物
開発元
加古川
全店舗
官兵衛
馬車馬
商業的
鳴尾浜
明細票
銀行券
高層階
感情論
負担増
第三話
自然人
宮内庁
車操法
終了前
百丁森
販売法
法師人
西東京
東京圏
試合見
泌尿器
能力等
代替品
科研費
八千代
化学式
戦争時
公聴会
国内法
大森均
返品等
運転者
用温湯
白川荘
小石川
銀砂館
飯豊山
定足数
証券化
小森純
星以上
代引料
常日頃
二枚目
模型店
創造主
理不尽
農産物
京四郎
例規集
屋情報
贈与税
競馬場
正直者
研修生
欠陥品
猫道楽
丸暗記
京都南
他地域
無料着
納経所
会社等
運用法
結局寝
丸提供
潮見表
脱集団
具内語
久寿川
再統合
相違点
都心部
共産党
清田区
百名山
県民税
遊覧船
代弁者
料理編
難事件
各旅館
長崎駅
不眠症
料総額
宇治茶
戦国期
大東京
調印式
閉店等
安全上
取寄品
張本勲
系雑誌
日立市
張本人
代表例
解消法
聴覚障
手入力
又機会
関西花
完結編
無料化
募集時
核廃絶
居食家
素材感
案内書
仁寺洞
補足車
野球部
各区域
代官山
役員会
空状況
際必要
皮下注
夏小物
星源泉
日突然
贈呈式
参考値
星野源
交付等
日清焼
予約先
直営店
選手達
系列局
相前後
出生率
旅関西
報告者
天然木
支給額
育毛業
当資料
一番良
俺個人
来店前
離党届
西麻布
試験的
歌検索
黄金期
鑑賞前
上編集
月額制
逆文字
管理性
当推定
当評価
進塁打
検索者
平均数
蔵見学
為削除
四輪車
不公正
公文式
三百年
車中泊
地震動
用途別
薄情者
十二歳
延長戦
党忍伝
検索等
公開者
冷凍庫
修道院
渡辺謙
初公判
他騒音
直接話
精神病
一分野
問題無
乳化剤
結果肺
一丁前
学生街
料金的
伝説風
半農半
倉庫番
公布後
越谷市
関係筋
御参加
貸金業
仮登録
各会場
条件的
大画面
性格上
機能駅
募集枠
確実性
五年後
旅行中
検索用
索引図
政治板
排気量
日本的
面接日
生半可
巨人戦
備長炭
禁忌症
木更津
難問編
被疑者
急接近
交響曲
月単位
結婚前
貸別荘
工作物
新耳袋
無慈悲
偶発的
物理学
効果音
恵美梨
良薬口
高原山
白石区
一日家
量産型
順不同
同組合
後円部
楽気分
三平方
五合目
請求権
写真何
大変化
犬用品
浦和市
最新鋭
低水準
決定等
交響詩
新機種
開国博
女性編
薬検索
前後泊
県議会
大阪校
大音量
再読込
文章化
総件数
号俸等
一般書
川口市
設置先
在籍年
健康面
否定派
十四代
色打掛
後任者
決死隊
認定車
小池氏
黒大豆
記念館
運送業
会員次
量販店
喜多方
東温市
功労者
心不全
服用上
一軒屋
胸一杯
手芸部
地図側
猫用品
設計図
小林光
配布中
広橋涼
武士語
心停止
味紀行
相模原
額以上
平河町
非感染
常設展
異例中
接種後
大垣市
仕事上
肖像画
藤原家
小中大
適用上
厚木市
賞選手
要約内
学校内
是非当
空港名
一時雨
理解度
小浜島
前三項
葬儀本
飛空艇
豆腐道
場情報
高島市
設備等
光石研
若干気
四前号
獲得数
非合理
低反発
露出度
時間術
一刻者
絵図等
修繕等
誕生星
市職員
情報欄
価格欄
珍走団
俺以外
評価欄
入力例
顔全体
共同性
作業服
再現性
作成法
原動機
全日制
相談先
豊平区
世界展
未熟児
被爆地
医療者
羽田新
適合度
除去等
大辞典
牧場娘
世帯主
抽選会
黄子嬢
屋根裏
原作名
大邸宅
翻訳者
別所線
皇太子
逸品屋
区分名
相鉄線
転換線
自然体
先頭部
年賀状
領収証
専売系
昨日見
学部生
護国寺
予約分
北極星
正体見
風土記
関西人
断末魔
江古田
大変気
支持者
本項目
全府省
社案内
白身魚
下準備
誤購入
黒結切
仏事用
天皇制
一般道
逆説的
推定値
登竜門
口一杯
伝統校
都会度
大長今
田舎度
鳥山明
著作集
合併後
新華網
学生達
豊橋市
国内初
数分前
本研修
記録集
朝鮮族
暴力的
一般名
豆大福
国際花
音盤堂
有名店
歌専用
旅行系
大人並
買受人
反乱軍
副校長
純邦楽
成長率
相談所
恋愛心
整備中
的存在
弔慰金
佐賀市
本企画
下野市
沿線駅
図参照
約半年
税金面
大後寿
第十号
現金払
数千万
稲城市
閉鎖等
超健康
台湾人
実際見
御回答
一度来
猫雑記
卸直営
市区名
御清聴
向上等
山崎元
完成品
米国人
本文書
船橋市
保証料
生活面
体裁上
帰宅時
名文句
尼崎市
届出人
法律書
点数順
共生型
後列左
敗戦後
約一年
注目盤
女子力
二十二
力重視
産牛肉
砂利敷
取引等
後日談
新業態
刑務所
通販内
本工事
町田市
啓明館
雑誌屋
海迷宮
火薬頭
全国初
第四話
般若堂
慣用句
業理容
京都人
熊谷市
二番底
低刺激
輸入車
主会場
送金前
創作的
事務系
貴婦人
今何時
後半戦
珍獣様
雇用主
欧米化
微生物
厚別区
顔写真
一発中
上告人
開始号
乳母車
水霊力
欠席時
県人会
買物時
賛同者
幼児食
玄松子
募金箱
初級編
開業書
川中島
梅田店
実業家
中一杯
日受付
案内図
犯行時
接着剤
餓死者
本実験
人道的
独裁者
今業界
岩上氏
日本型
各務原
重症例
荷送人
相当額
卑弥子
歯科界
第一欄
香嵐渓
範囲外
第一子
死亡例
運行上
再上映
駅地図
信州旅
入札等
江戸側
香港株
栄養学
助動詞
資格欄
創造的
赤提灯
土産品
受給者
上投稿
二段目
本授業
農村部
花市場
逆輸入
数増加
当記事
仮定法
花宅配
花満開
海神西
網羅的
高糖度
完成時
杯日本
市販品
何億年
便対応
戸田市
通常戦
引越先
四六版
田舎者
合流点
里鶴雅
絶対視
発行月
商品別
京都東
家庭像
結婚像
結婚観
加盟国
便商品
縦横比
言霊主
大特集
肝不全
数日間
計量器
韓国内
帰化人
水墨画
主体性
保全上
受験率
熊本城
機動的
旨定款
温泉旅
迅速化
高速道
打楽器
時期別
伏見区
直線状
家畜人
超重神
御器所
豪雨時
五行図
疲労臭
山田屋
大怪獣
食中毒
上流域
非効率
一九四
水位計
白馬塩
百万夏
一回分
代表点
都賀川
食事券
田口元
建設界
大見得
多年草
確認用
特殊性
車海老
一年間
一点目
支持層
輸出入
東南部
御訪問
植栽等
西太后
達成感
階層化
絶対見
画面下
来来亭
不良等
資源株
予約中
毎年秋
近縁種
寸又峡
八十八
韓国版
福中協
普通車
小田原
店休日
人生山
走行中
爆発力
宇宙的
共同体
重力式
革職人
葬儀等
初防衛
相模湾
最下段
提唱者
初過去
投手陣
清算中
本機能
友人達
宿米屋
大裸枕
付与率
作動油
全住戸
誤発送
取寄後
医師会
秋華賞
多少気
問屋共
違法性
委員私
野田市
南丹市
川口恭
神経科
郷好文
暗黒面
墓一覧
下山後
発送元
話題作
今世紀
空虹桜
聖飢魔
未完結
大阪冬
錦糸町
指定可
時間数
人間達
幼少期
車両板
千里浜
補修花
総義歯
摂津峡
強度的
集簡易
掲載宿
朝何時
動物記
木堂椎
名作塾
新政権
社団等
大渋滞
綱一覧
三本目
業界誌
怪我人
授業中
報告等
小泉家
軟着陸
精力剤
埋没毛
相手先
今出川
居楽屋
移動等
遅滞性
純一郎
対人運
利益面
王貞治
猛暑日
成長後
中華鍋
精神力
発展的
証拠略
解除等
白泉社
販促品
出向者
品質的
主流派
比例区
有権者
神戸駅
本塁打
全道的
飼育可
色削除
出馬表
日弁連
関東発
未上場
超党派
請求額
中村航
開口部
青弓社
生活系
流行語
人必見
文法書
小部屋
学習者
当時私
五行歌
女生徒
進化型
数十秒
可哀相
代行業
機能面
特例市
大暴落
召喚獣
地蔵様
空枠数
実務者
秋葉発
全額分
日配信
株用語
福山潤
創業間
顧問料
多分気
直売所
設計士
制限食
反撃技
未編集
光沢感
運用面
登録名
北見塩
性疾患
各駅別
梅佳代
暗殺者
立法府
機関銃
第二点
悪化等
改善士
大旅行
黄金刀
殺虫剤
相性等
空一面
不要品
早見表
一度位
夫婦岩
根性筋
種類有
羅針盤
読書家
流動的
神聖視
複合体
中華屋
接続可
飯島誠
速報主
人生楽
大秘宝
専門誌
神楽坂
知性派
病院口
下腹部
高千穂
京急線
抗疲労
鉄骨造
車普及
一本桜
新華社
中二病
一周年
八田式
修羅場
列島島
休会中
読者層
数段上
株専門
化決定
清水寺
沖電線
需給的
新安値
催眠術
養育費
菊次郎
裁判官
必勝法
最低値
度診断
桜錦道
間一髪
沖縄戦
類似品
月経痛
側近中
受信曲
付経年
草津市
入居日
突飛高
伝道師
大会等
香具師
中日戦
実験中
共通項
中核市
涼菓子
両首脳
豊田家
下線部
不正義
自分発
幼児期
新交通
内陸部
猟友会
千葉産
短納期
下写真
本気印
大感激
鍵交換
入金額
医師団
要確認
通信本
多面性
映画部
英語部
通信部
野口健
多元的
携帯性
白雪姫
通貨毎
路線板
新食感
往復分
前年中
反対票
十周年
郵便物
茂木町
椎名誠
職業別
定番順
発送等
飯大蔵
看護部
超最新
状態等
集掲載
生体内
家朝日
茶話会
三島市
安全面
申込後
発表日
山岳水
暴力団
坂木司
映画賞
学校別
各部門
第九項
入会時
納品書
有益性
小浜市
私有婚
小劇場
献身的
利用度
一億円
二十七
到達点
他学部
電通株
七夕星
家政学
抑止力
大衆薬
本社株
大型車
士業者
心配性
突然姿
不足分
対戦型
各動画
的中者
食事付
中国元
写真発
和書籍
本全集
投資編
反対派
不完全
彩四季
魚入荷
神謡集
長寿命
万願寺
状態難
平野部
野球板
波多間
医療面
最接近
発着点
付属校
河原潤
一年半
予約品
加工品
天気図
合議制
作業中
温泉郷
練習後
審査会
諸条件
系検索
新潮流
記者別
工工工
枚方市
渋滞中
総戸数
七十七
芸術祭
選択駅
番地名
皮膚病
魔導使
高速版
江草乗
駅構内
教会群
品質等
海響館
平面図
無責任
店評価
登録前
要警戒
写真中
若狭町
発売済
愛世版
閉経後
受託者
仕事人
作成等
放送日
品切含
浦和明
捜索願
広島風
共謀罪
雨楽識
保険業
米政府
画策中
独身男
中誘協
乳白色
岡田氏
本放送
一家族
一等地
吉田類
道玄坂
町田氏
生数字
変圧器
電動機
無公湖
非課税
超基本
遮断機
傑作集
開閉器
神剣士
本制度
提案型
唐津市
基礎編
旅行前
紅魔館
鳥取市
上月司
練習会
本沢小
練習時
手続等
有力紙
節間長
画面等
墓案内
文部省
本以外
須賀川
付食事
噴霧器
高円寺
必要度
事情通
取得中
思文閣
魔皇殻
特殊毛
内野手
本試験
打浦橋
記事元
出版局
外伝天
五反田
自己中
無借金
比例減
拉致相
等情報
筆記具
返答先
経営陣
出張所
一乗谷
会代表
指導上
完成済
木曽駒
旧唐書
年代別
第四回
夏特集
試作版
書籍等
推奨外
者情報
冬特集
春特集
秋特集
本日中
伴奏付
有病率
新穂高
人名欄
鑑賞後
層鬱浴
連合国
納入書
赤男爵
海一望
玄倉川
高浜町
経営書
消毒業
需要発
欠陥車
油彩画
年代的
活用力
振興会
今利用
同人誌
暫定版
当関連
杯出場
供給発
寮母等
貧乏金
新世社
文書化
薬剤名
競技用
府県道
一般型
断捨離
権利上
未収載
紀行文
逆援助
評価損
裾野市
体大事
記事用
一回観
台車等
認印可
経営権
売却益
防水等
米国版
博覧会
第一作
提案書
動画現
翻訳書
土地版
平城京
特売店
手術室
不束者
集成材
膜屋根
雅覧堂
会無事
海峡下
透析等
国物語
緊急性
最高裁
研究家
黒魔女
今入会
御記入
介助犬
設定的
選挙戦
公務上
国富論
新書版
第五話
対称性
教室長
差込口
高架下
画像化
協調性
日本旅
失効前
常呂町
端野町
学校医
派生歌
攻撃中
一枚革
釜五段
目録編
即納品
星霊節
楽習法
掲載年
頒布物
北白川
加工後
簡便法
元動画
印刷時
保証値
景太朗
広告局
愚管抄
医学賞
確定時
劇映画
有田焼
唐津焼
陶磁器
椎葉謙
自生種
尾野徹
国民的
東京湾
空中戦
希薄化
入荷時
当講座
二中総
工芸品
馬鹿頃
展開的
元書類
貯金増
東福寺
夢応援
魔法石
同制度
九花園
便希望
髪本来
介護用
資料編
発信元
処方箋
中元用
一実施
音楽隊
当情報
制限数
歳暮等
特許系
金融業
顎下腺
現世代
中国発
特別視
軍人役
介助者
何回観
寄稿者
初舞台
雑学王
項目次
舌下腺
貴腐人
適応症
各新聞
恒常化
急増中
国会等
登城記
不条理
世代的
家出身
小海線
遊鹿霧
今夏初
総本部
静岡店
購読等
国技館
記入上
登録文
投稿上
新横浜
作曲者
新展開
姉妹丼
顎顔面
格闘中
理想型
医療用
発送順
編成等
条件書
返信済
入荷数
健康等
永久歯
縁起物
新事実
感想欄
盲導犬
案内人
以前何
面積等
試聴曲
転入届
印象派
魚交島
同記事
意匠権
材料費
総合館
駅距離
経済通
製作時
関川氏
六条亭
同作品
認定料
東仙坊
試験料
同法案
飲食等
工場等
薬局等
市在住
今後共
始動可
京王線
車検証
著者別
発想法
舞台化
素材系
朝読書
法分野
採用者
地頭力
宣伝力
突破力
町全体
仕事伝
各年分
元店長
引退後
等医院
精霊術
本棚暦
内申点
正立像
天王寺
板橋悟
人肉食
検査値
紙一重
中西氏
土産店
退屈男
有馬香
不一致
矢板市
沢山来
紹介後
氏激怒
同数値
日時計
三点目
友人等
依頼先
上場後
上場日
売却損
変更用
変更日
行動者
同社数
行使等
中央値
連結値
開業医
水彩画
券情報
第三欄
支部長
延期等
文庫版
安里屋
合算額
闇文字
再放流
二軒目
自尊心
換気扇
大言海
介護食
法大生
町周辺
今日来
死着時
系統的
紙芝居
東北版
新聞部
税務上
昇仙峡
来店日
農水省
東海圏
千年後
個別法
小野坂
東海版
新着曲
健康運
国語力
本契約
通販用
部位別
繁殖期
理事等
吉方位
挑戦権
西京区
画期的
粉末状
件該当
実際的
公判中
社員寮
廃触媒
売形式
空模様
駅北口
再挑戦
各市場
生演奏
観賞魚
使用等
小休憩
勉強机
観測値
波田氏
和食処
放送者
若干色
馬券的
各産業
当工房
神霊獣
子供机
各領域
星剣姫
入院先
高耐震
同年代
宇宙編
系紺系
数百倍
英雄王
長妻氏
鶏胸肉
愛甲猛
指定等
野良犬
財務相
作家名
文庫本
工業用
酒井徹
遺伝的
新唐書
訪問地
看板屋
加工所
会談後
第二報
本協会
超新鮮
発行時
人間味
優先度
飛竜種
取得日
長沼静
人一覧
放置民
桜島小
挑戦状
理工系
初学者
頭痛系
夜時間
編入学
体臭度
五番街
会会長
最近出
輪島塗
詐欺師
季語別
支援者
多摩人
抗菌薬
教育的
完結済
清徳丸
盲学校
特約店
彫刻等
摩周湖
味一番
感染例
投稿城
肌実感
陰陽師
天台宗
受講上
味言葉
戦士達
新聞会
万葉恋
緑水亭
株情報
除湿機
香川版
機器等
作品数
女監督
大聖堂
七段目
未加入
男友達
中年男
残尿感
最近私
同性愛
名人級
盆提灯
韓国書
新次元
国選択
覚醒者
要冷蔵
添加量
普天間
一考察
系清掃
系警備
引越系
町田駅
簡易的
初来店
小説化
停車駅
馬文化
培風館
悠言録
中南部
検診気
演芸食
出場国
店登録
宿泊中
中国製
高遠町
民主化
置換基
不可避
毎年冬
夏着物
砂泥底
番組板
笑笑笑
不器用
征韓論
精進湖
邦楽板
下記表
駅選択
事項等
主任務
英国初
足立花
対策肌
推移等
観音寺
疾患名
浜料理
生徒様
宮若市
機内泊
車内泊
傾斜窓
京町家
浪花男
未調査
負債額
該当性
発見者
一番塩
私生活
要求額
的日常
摘要欄
情報求
報告力
週間全
善玉菌
貸株等
刀鍛冶
芸術品
版業界
社債等
年間総
外国籍
予告編
本科目
陳腐化
親不知
寄付前
紙業界
商店名
初並上
島根本
事業税
誓約書
島根的
千枚田
地政学
保存等
容易性
吉川市
無許可
坂本家
表記名
利尻島
所作題
新学長
興行名
重複分
制限等
明石玉
捕物帳
紹介者
今使用
今更何
用壁紙
伝説神
生誕地
用施設
超童顔
幼児園
猛打賞
解決時
旅専門
展示中
興信所
採点簿
魚活鮮
用語等
一人言
羽生市
整体業
山鹿市
逆回転
女子会
立面図
海物語
百万個
二人組
在庫量
出羽小
伝馬町
百鬼丸
中心駅
建築業
道路脇
源自然
社会性
衆議院
詐欺等
日程的
領域外
本考案
五輪後
作品中
彼独特
草創期
沖地震
旨明記
発明品
演奏用
農林業
保佐人
野菜種
三田屋
漂流記
道交法
購入月
果樹園
古写本
丸亀駅
十数名
関西弁
中性子
餅熊本
魔導師
野球人
水没車
五代目
比較中
激戦地
部門賞
兵庫区
海外編
導火線
審査後
三戸郡
綿帽子
学習院
商用車
請負業
落花生
大事典
時間等
各媒体
記事名
絵日記
配送時
案内中
玉子焼
新在家
本場所
受領時
塗装業
注目点
直結型
後始末
個人向
各個人
気象人
移転先
戦略室
購入法
以上見
円滑剤
闇霊力
取引済
小職種
悪魔城
総重量
適用前
無連絡
不泊時
王宮話
算術家
林住期
川合博
馬勝負
会津藩
医療界
喜歌劇
同事件
御指導
発電機
結束力
時空島
中毒者
識別子
徳島花
予想高
明石焼
脚本家
芸術性
超激安
湧出量
就職板
対称的
俳優陣
一工夫
移動先
栄華館
濃硫酸
研究中
催告状
順山岳
仕事面
市石炭
野球拳
共和国
暫定的
垂水区
管理機
毎週土
催促状
半保護
国土法
貢献度
人以外
縦中横
紹介店
環境上
攻略板
溶接機
詐欺罪
強制力
延滞料
玉造町
科情報
個別性
一部門
数紹介
対象的
時代別
立地的
話題内
借金男
政治学
教育用
減摩剤
憲法学
旅荘海
治療医
蛇姫様
大実験
委員外
物件内
期間欄
収集庫
仕掛人
女子友
第六章
型経営
利息法
各本条
助言等
同工場
国民性
足利市
新大系
側面図
高速代
環境学
同大学
新潟駅
影執事
声評判
多島美
天竜川
別法人
距離別
溶射屋
始業式
長泉町
豊胸法
赤報隊
七草秋
十三夜
馬場別
新産業
収納付
向坂環
前評判
熊谷等
育成者
更新済
第一報
指数化
十六世
接遇力
活躍度
場優待
今回出
東樹園
配合量
見積等
手仕事
美勇伝
沿線上
昆虫等
林志行
事心配
最終報
月水金
家出中
一杯目
美活家
今治市
未転載
全発言
金魚店
墓入門
土佐国
焼却炉
自立心
真景累
淡路国
研究書
処理機
発芽率
全業種
本音等
裏事情
信用等
財産上
都市化
投稿屋
十字路
本業務
第六話
賛成票
人類史
漁業者
元左翼
陰謀論
空運業
撮影用
全体図
出願者
南海道
大字名
芳文社
離婚届
取扱上
許可制
先記事
海運業
万一目
団体戦
専門外
妻夫木
気功術
人文学
証券株
銀行株
三万人
安定剤
相続分
国文学
資料室
山中湖
安田大
黙想会
駅東口
勤務日
消臭屋
小華和
商法等
二上山
新市場
会田誠
範囲等
有効的
認定店
河口湖
総体的
無許諾
再入力
伝殉愛
何週間
八戸市
御購入
二曲目
佐藤氏
皇室要
育成値
感染力
黒部市
閲覧中
四十九
回避撃
宮古島
大観荘
変動幅
木世界
土井志
水車館
家全体
斬鉄剣
本課題
小山町
直送致
各作品
革新的
正面図
花海辺
野菜畑
針葉樹
割引率
星島氏
魔弾改
大反対
作成業
話題性
検索後
医薬用
改正点
訪問前
星以下
巨乳女
入学者
松戸市
昨日寝
自然肉
早稲田
一見何
購入欄
地属性
安納芋
優秀作
宿緑水
眼古典
肉用牛
朴鐘珠
二十三
宝登山
平安京
出世作
目次次
入浴後
第一点
魔理沙
方法等
南紀州
今実戦
再配達
売上金
閉鎖中
一日雨
取得時
職員数
銀市況
本公告
特定国
注文分
風動画
付原文
運輸系
名簿屋
四百年
従姉妹
天保山
調整値
高崎市
数千社
水処理
親戚等
販売日
丸文字
当社宛
享受史
秋田藩
道頓堀
弁護人
賃貸借
流通名
内記事
体温計
別冊花
駅西口
新星堂
地理学
掲載種
会東大
来年夏
孫百鬼
気象学
宣言文
起算日
他流木
海水亀
鳥金魚
特例等
万馬券
割引後
青葉山
船木屋
新理論
支援金
名勝負
医心方
色人物
出資法
志願者
撮影済
駅舎内
限度内
郵便等
遺稿集
防護服
丘陵地
懸賞裏
問合先
第零巻
基礎中
瀬戸際
平塚市
撮影地
旅百話
三日酔
連携型
二関係
老舗中
目黒駅
状結腸
湧出口
株主名
人国誌
外貨建
太田市
各書籍
岡山駅
景況感
複製物
便指定
検査系
長久手
南瑠衣
包丁人
各高校
新浜松
建物等
人富豪
若葉台
数億円
運営側
信濃国
一段上
白川郷
併願校
五目鶏
譲渡益
拾友達
越後国
日日是
沼津魚
輸送中
募集者
新神戸
闘球児
奥又白
全学年
素敵絵
送電用
立川市
登録可
土木系
返還後
生物史
軟体類
米大使
雅子妃
佐渡島
大野城
日専連
数千名
識字幅
選手権
安重悟
本公演
肝臓病
製造場
多板類
中国名
明治元
結局私
品名欄
百万遍
総工費
問題集
湯田中
同路線
提出者
研究付
最新順
各学科
一点物
英文法
危険度
数年間
犬種名
用以外
名曲名
醸造酢
厳格化
無差別
題食材
全員氏
順更新
観光者
全提携
参加心
開運春
請求項
小動物
多湖輝
三代目
広州市
全労済
方以外
野菜室
一個前
明太子
線東京
送料表
要約版
長髪可
一心行
福音館
超雑談
武蔵野
人痴漢
機関等
御来場
定番度
日本犬
宿泊前
麻生区
自作詩
創造性
本演習
座談室
第一陣
覚醒剤
三本柱
御言葉
超目玉
再結成
天竜材
引受先
年以上
売店舗
市広報
福生市
楽曲名
赤福餅
山口君
人事院
応用編
情報筋
演算子
協賛者
極早生
仕事的
確認書
森百選
一切口
残酷的
自立的
高架化
御母聖
塚政晴
弱力女
沈没船
解析用
軍艦島
完成後
山岳地
買物籠
友達帳
的人気
件数順
屋技研
毎月中
動物化
再参入
縄文人
辺野古
概念図
毎週見
人形等
大橋通
大天使
観水庭
運営上
精査中
総大将
白骨化
省資源
暗記力
慶良間
極茶人
一名様
山通信
評価可
衛生面
口座数
読書中
経験上
点数化
二番街
宙出版
修行中
三島明
予算面
太宰府
戸塚駅
関内駅
誕生石
公布時
川崎駅
機能上
紙魚子
中登美
発売後
一万坪
歴史書
市税等
松神子
不返還
長期戦
市太郎
自由文
測定中
候皆様
視認性
北関東
同伴可
善光寺
尾花沢
脳卒中
総目次
辛島町
脂肪層
大迫力
物色中
医者板
国営海
桜吹雪
球種的
懐風藻
起源説
料理長
金融系
新証拠
県外版
麺本舗
山下町
保管上
講演集
渡航前
発表順
寄付金
田中氏
職種小
群林堂
野菜今
候補生
四季織
業務上
硬直的
専門部
四人目
変死体
今日観
全言語
離婚時
革小物
組織内
殺人者
危険視
順河川
外構屋
東北部
西南部
準大手
圧縮額
宿古窯
過去世
二人旅
授与式
外交面
厚待遇
釣具屋
植林後
紅茶系
鍋物系
月面等
提出等
日本勢
途中道
観客席
中央駅
療養上
非商用
米坂線
正解例
専用箱
和同会
新住所
該当日
消去等
梅雨時
経緯度
黒崎敏
交渉権
系接客
動物編
工芸編
一生涯
他条件
歓迎会
技術棟
住所宛
英語名
通報先
大大大
大盗賊
藤沢店
項目欄
二人展
再処理
今年末
義兄弟
少年団
紹介用
発映画
高橋氏
多用中
出荷日
大塚寧
恋愛面
私貴様
府知事
便発送
掲載誌
施行地
上機嫌
南原繁
和太鼓
当分先
受付日
泉麻人
事業費
六三四
広島駅
本物故
和名抄
旨記載
保護力
両議院
三戦板
祝賀会
護摩木
昭和六
杉木立
結構前
座頭市
運動街
宿石亭
県南見
本工法
価格差
女社長
本組合
短大生
分類別
国産車
住人的
古強者
整理学
字丁目
小林市
資源学
部屋中
無気力
八女市
山手町
駅上品
日刊日
冷暖房
星座別
毎日着
発表者
御提案
洋泉社
御朱印
好戦的
真空管
転送量
貯金箱
調査団
投与等
利益出
小旅行
胃潰瘍
下屋根
鉄鋼業
掲載店
七泰会
開目抄
色鉛筆
修正液
所在階
語彙力
向上心
表決権
休園日
内在神
半畳寝
配水量
提供量
失敗時
停留所
送信用
大局的
男差別
小中高
暴走族
女学院
三多摩
成功制
楽観的
推奨品
八王子
詩歌句
警備業
旅貨車
桜乙女
複写業
消防署
実態的
首都高
設置技
適正性
昨年秋
東部湯
番号枠
設定名
大動画
石川禅
対応可
作業船
外見力
増刷日
増刷分
休耕田
根岸線
最近手
通知先
当選時
新倹約
尾道市
江戸村
初判断
人格的
大顔連
三人娘
福山暁
西川純
販売馬
拒否中
妖怪城
受益者
担当課
上層部
含有率
実験棟
湯泉慶
石灯籠
印刷所
越淡麗
千一夜
談話室
美術家
鶏料理
湯野浜
続無知
寺子屋
副教材
起床時
受注時
大決戦
奥会津
京都京
出棺式
周産期
戦術的
音楽書
保安院
永田町
即行動
音質的
時価等
河村充
美大生
一政党
美脚法
個別板
集蜜量
親家庭
旬太郎
宿旅館
沢山見
祝休日
八代東
経済性
対策品
里農産
操作等
信濃路
関越道
泥沼化
号給数
今日家
板金業
派遣村
第一義
通貨間
全市場
台湾式
受検者
治療上
館日記
紹介等
絶望感
杯敗退
者手帳
清涼剤
広報部
建築主
石工品
食文化
子犬出
新天地
四次元
組成物
増補版
阪神戦
漁師町
高湿度
商売敵
内主要
夏無料
成熟度
生理中
久比岐
生活術
菊五郎
博多座
三十人
持株数
発熱時
夢釣人
紫果粉
島育成
論文集
用品紙
与次郎
沖縄市
広島戦
督促状
倍以上
家庭医
注文用
配送等
感無量
七月夏
最近急
死神姫
迅速性
依存性
白河関
農場長
総本社
納車時
先端部
三十路
今日本
大繁殖
規定集
日本兵
検索可
編集員
商品傷
出前例
学園記
一発送
北志賀
絵画的
林直光
各式場
無記入
戦時下
供養塔
新配合
三文字
快掃丹
釣人館
石狩市
倫理的
管理用
連想語
都民税
週末何
一本筋
駅南口
闇属性
加工等
株中心
御夜月
母子共
絵葉書
県北見
基本編
自身初
実効的
緩衝材
一括貸
真字本
夢空間
登記所
原油高
浪花節
町規則
調子者
四十代
守破離
付与額
浜風受
自給率
実験室
集会所
制度等
新成人
逃避行
作業用
屋台骨
重大性
飯島隆
四季報
最大手
玉置山
百合子
訳者名
半夏生
南京玉
時以外
武道館
安倍氏
贈摘賀
協力的
以下当
三次会
水琴窟
第七話
鉄板鍋
総合医
前紹介
統合的
誤納品
普及版
気候的
職業人
越天楽
大量死
封入物
修正版
金商法
再点検
発行人
塾業界
鳥人間
感傷的
真正面
代表駅
引用符
御受診
各部会
朝会議
予備役
文字数
生前葬
音楽葬
闇耐性
本専攻
顧客等
北高原
世界級
全画像
宇多田
我愛羅
小川町
数十名
乗組員
壮行会
悲喜交
英熟語
人間界
説明欄
書籍系
雑誌系
不当性
関係等
源平石
集登録
天竜杉
支局長
八宝菜
通販部
文隣堂
市街地
割当先
延長部
落日燃
窓口等
運動量
会社的
夏合宿
言語別
釜山港
健茶王
拳剛掌
科学力
対談者
新書館
学校側
軍入隊
太白区
吟醸酒
紹介屋
同証券
特定日
該当行
全米大
無力化
評価者
恋日記
第五回
需要増
通貨等
高画素
剣豪伝
合格率
目黒川
竜超火
葬儀前
引越時
勢力下
大岡信
御自由
分析編
風水鏡
抜歯後
魔法樹
満腹感
配位子
誌公式
伝説的
北信越
成分的
二字右
刻印等
大一番
軸線上
天井等
写真付
駐車中
処分庁
九万円
保有数
半回転
発信者
設計時
排卵日
掲載者
駅近君
企画系
際所定
受注品
資格等
開業後
闇社会
大幅高
大和心
西北部
観光課
人生何
真田氏
箱職人
足洗邸
廃棄費
川観光
仮予約
夜一人
開業前
部屋別
御入金
三本足
花祭壇
卸企業
光耐性
対策等
大混雑
不採用
還元中
伝激闘
何往復
道場主
作業性
漫画師
三角形
約一名
応援歌
生七味
帯広市
徳島駅
手術法
旅名人
名前欄
標記語
門司駅
乱太郎
計算外
被写体
二杯目
原子力
地下網
二重性
溶接等
部局等
杯特集
不特定
文脈力
独自性
第三極
注目店
徳永愛
人一緒
応援中
適格性
美容酢
大逆転
合計点
応募先
未変換
断熱性
放物線
通過点
高品位
配線板
白石役
人間誰
若輩者
得意様
全感想
三千代
皇騎士
有意差
光特性
開催地
久美浜
被所有
中華麺
三十六
多面的
高級品
実務家
明善的
各科目
水着姿
言語化
大屋根
遊楽人
支援策
試験用
大快挙
年一度
河津桜
毛髪業
屋根上
花売娘
投資等
桜小路
翌平日
島情報
同仕様
繁体字
前立腺
第八話
新画像
市長選
分配器
事務室
出雲市
右数字
公演等
女王様
高人気
春秋社
版写真
日利用
教室名
見学者
機本体
貸戸建
小田急
戦国板
淡路町
順番的
不可分
弾力的
無反応
急発進
同本部
宿若狭
番組的
鍋料理
作文力
奈良駅
婦人用
大会新
持続型
解体等
異常値
交野市
劣等感
動向等
三遊亭
知内町
落札額
表紙少
魂永遠
同女大
眼科医
展望室
売物件
行事等
西条市
帰宅中
一千人
増加数
見附市
就業中
能登町
大勲位
放流式
銘木屋
中小型
無線機
先鋭化
全責任
追加点
部外者
館情報
字回復
御影石
購入用
搬送元
就職難
中国観
佐久間
施行令
河海抄
一分科
内分泌
慢性痛
精神史
高配合
節転移
新生児
日付的
学年別
曽祖父
本文欄
植村会
祖父母
昨夜来
池内恵
天橋立
親御様
件名欄
竜馬伝
焼結体
眼世界
様会員
政治屋
風水害
幻化行
連合会
消防車
訪問先
簡易版
長距離
当該額
先制点
各月分
投票率
木製品
大勢来
井戸端
大吟醸
施工中
戦闘機
代理業
宜野湾
一人出
爆走中
御駄賃
園見学
消火器
玉井人
県代表
木曜日
給料前
放浪記
大手紙
中川氏
駅名標
公益性
基準額
宿錦波
協賛店
典型例
患者数
面白味
実況中
静岡茶
来年春
一周忌
大型店
友相手
方向的
日参加
失業率
引用者
団体様
若林区
湯河原
受験時
英作文
浜千鳥
長寿祝
山田君
春一番
自然食
三国人
成均館
星少年
報道官
級王座
本地区
柳宗理
氷結界
玄米屋
申請先
霊園数
散歩屋
元恋人
友恋愛
充爆発
出展料
吉野山
成約率
八高線
事例集
多機種
忠臣蔵
業界的
中野人
参加日
論文式
申込先
今仕事
横浜研
二本柱
敵全体
引越代
第十項
種別毎
建築系
各料金
通常時
基準線
全項目
増加等
安打数
制作後
稲川会
混乱期
宣伝用
調整池
消息筋
突然声
二人出
一切気
診療日
十二支
研究系
資金面
復活愛
大幅安
初主演
一番嫌
除草剤
知事選
作製機
二条城
地域猫
町田徹
新規性
様式等
給排水
中京大
地球村
浄土宗
事柄等
地域紙
美顔器
著者陣
味元気
文章力
車修理
付和室
転載時
酒場通
横須賀
刺激的
陸上部
無批判
出版等
前夜祭
偽島一
各眼科
所属郡
竹素材
二戦目
四代目
階段状
上海戦
一関市
北北西
購入日
練習日
一級品
勝間式
同系統
預託金
闘病記
参観日
大正期
米金融
進軍先
千里眼
白河湯
引越日
作業台
採石業
八勝閣
牧野洋
真南風
数箇所
代議士
禁止等
瞬刊誌
交換式
千歌音
市田氏
秘境駅
思想家
頭脳派
桑原進
全体会
毎週日
肌本来
誤商品
知事室
欠陥等
治療心
数量化
保存用
目次中
秋元康
武公伝
味産直
本一覧
私書箱
美味等
自然観
森村進
古書人
秋葉道
血統書
攻撃的
想定内
長会議
型番等
始動時
平成館
当学院
新店内
幸感力
優良性
大垣人
特別展
同団体
昇格後
床下炭
完済歴
導電性
起工式
四回目
女二人
本辞典
身毒丸
経費削
初仕事
担担麺
発案者
親子丼
古今集
建設用
基準等
概要課
著訳者
常用外
例文集
平野区
早速家
都城市
串料理
半額券
立教大
旧正月
平成一
十牛図
寄港地
御懐妊
礼拝堂
進化系
各業者
表現者
新設等
出荷数
住友進
舌状花
下駄箱
承諾書
許可証
脱炭素
感江崎
日向市
横浜発
猛爆笑
不安発
鈴木氏
旅気分
人風景
想像上
取引可
中須賀
他新店
皇室内
女性達
定式化
下方向
薬事典
固有種
食日記
小教理
劇中歌
各団体
麺日記
商品郡
挿入歌
投機的
戯言内
洗車術
今週号
二日酔
一人居
有力者
部応援
海外盤
大連立
職氏名
正反対
聖護院
金田一
清兵衛
携帯等
革命術
田辺市
高島屋
竹雑貨
放映中
徴収金
天気良
前二号
光明寺
穴場的
超音波
体全体
物真似
多治見
川南町
美脚力
返信者
男追悼
他多数
低分子
犬動画
日月岸
不還付
高山市
犬関連
客家系
私立大
自殺者
不得意
十日町
出願時
優先権
身代金
即離婚
当地区
当然視
研究用
飯島勲
投与中
天文台
脳出血
本一冊
全寮制
地元紙
心意気
類似性
小児等
発明等
左派色
初飛行
代用品
供給源
検索軸
花粉鼻
銀閣寺
苦丁茶
早数年
付箋紙
水耐性
集散地
娯楽版
天動説
車一台
可年齢
見本市
大拍手
産直研
陶晴賢
確保等
観戦記
駅久米
発泡酒
継続性
形容詞
充実度
小画像
森喜朗
四国版
吟松亭
表計算
店皇朝
八丁堀
本番中
全選択
一枚岩
全部本
欠品中
四畳半
日照権
夏永遠
絶対化
番号順
限定酒
不確実
毛利方
原高原
損傷等
賠償金
電報代
第四欄
本案内
諮問等
東方妖
超電磁
小野田
市朝市
男逮捕
拒否権
睡眠薬
女性宅
鋼鉄神
大巨獣
機甲界
追放令
勇者王
夢戦士
生化学
移転前
表示用
疾患別
解答例
特秀品
牛丼屋
資料名
江別市
防御率
症状別
諸国民
非常民
秘密裏
構成図
火特性
比摩仁
編集用
三宅島
彼自身
会見等
三日月
異邦人
飛距離
登録人
存在下
湯宿花
大自信
人形劇
八日市
生理前
西光寺
杯熱戦
発車音
短縮等
停止音
男同士
藤一番
殿堂板
国際線
着心地
転失気
尼野仁
再販売
初降臨
新搭乗
南西端
大得花
定置網
目次前
研究面
未整備
生徒数
近代人
入力上
消炎薬
大江浜
中曽根
問診表
火事場
輸入品
項番号
寒暖差
自営業
江戸川
三原市
給料日
再発盤
大小等
歌詞等
有美子
沿革史
上枠内
新今宮
剥離痕
管理票
不成立
稲敷市
収束核
力地域
風呂場
小手術
夢通販
依頼文
中画面
第九話
落葉期
旅達人
管理等
日一人
構築中
高杉良
夫名義
御来院
介護付
子宮体
不退転
馬検索
一本出
総攻撃
教育編
両陛下
即購入
断熱材
無頓着
全財産
告知枠
多機能
集形式
室内犬
不育症
沿線別
移動式
長崎皿
新世代
旧仮名
質向上
御用達
電話口
創造者
祝日法
全製品
性民俗
開幕戦
五大陸
出土品
当日分
発表元
等明記
月夜野
当薬局
池袋駅
問題文
再登録
写真機
火葬料
日米韓
引越元
新記録
人間学
自由軒
航空付
人気品
工業的
枕絵師
今夜月
劇的白
座間味
指定袋
西村氏
反小泉
奥出雲
豆鉄砲
厳島沖
光属性
苦労話
議論中
一切手
到底敵
追送検
富山米
退職後
清算人
三拍子
基本法
登下校
公園等
請求者
高田屋
減量化
減速音
走行音
環境部
映画見
船外機
女神記
宿佐勘
学際的
浮彫式
阪和線
生活科
秋刀魚
半狂乱
送信時
生菓子
以前見
地区内
床一面
既卒者
木曽路
発行物
杯本記
市文化
火耐性
総裁選
最悪期
意匠化
三千年
真希波
失業中
実現発
全面安
加算等
枝野氏
今日気
火薬等
不全発
生命体
転写等
状況別
黄金株
更年期
直接肌
空港外
恋人岬
元週刊
準児童
無電解
市場菜
家庭版
気密性
脳挫傷
医療人
清掃系
小切手
肌老化
大風歌
陣羽織
二輪車
無料分
第三国
唐辛子
名作中
同行者
本成果
結構良
紅茶桑
心配事
先斗町
署名等
運搬中
超超超
前兆雲
各日記
河川名
今後出
法制上
具沢山
意見集
今夏大
俺自身
作詞家
寮生活
谷好通
方情報
小説界
必然性
来日中
反射区
認識論
望川閣
下関市
表参照
遊戯王
規定中
風景印
北新地
同行使
森博嗣
前三条
英語塾
約百人
美恵子
予土線
基幹系
美意識
的料理
文字盤
観光化
釣行前
海産物
病院側
奇跡的
誕生月
時間差
体験知
頭脳戦
美容板
同潤会
庭園内
観測所
小倉駅
夏巡業
数年内
新境地
自然光
旧大検
大木本
初診料
学用品
福岡店
不文律
家新月
本競走
高値圏
破天荒
焼窯元
同一犯
好都合
教精神
課題曲
別人説
日露英
関連書
毛処理
三都主
収納力
待合室
強豪国
方講座
親密度
入門絵
美容食
三州瓦
修了後
元刑事
注意力
斎藤孝
柳美里
海堂尊
所持品
火属性
矛盾点
発着駅
府中店
話題本
猛反発
保護下
北川式
不活化
敵対視
様会社
塩化物
高松山
式個室
場面編
送料分
最後面
両規約
魔太郎
意識的
日本茶
森修焼
環境面
費用的
役御免
新株式
地下水
深階層
源泉郷
最背面
大苦笑
八尾市
実物見
立命大
体験会
涙頂戴
絵辞典
入門用
革装版
各段落
検知器
日付横
派生語
事一度
上代編
室町編
各支店
古文書
挨拶文
大歓声
画像直
会話例
中開催
天理教
対照語
一度生
組指定
行政等
重箱石
野心的
会員間
信号機
新聞他
副議長
自分側
英語観
参加券
再診料
白水社
古名跡
女性客
当事業
当団体
手紙文
春日井
景徳鎮
那須野
八年前
命令等
難読語
不時着
人生観
日記念
誤配送
南森町
音楽編
印刷屋
炭酸泉
高知駅
土壇場
原産地
法律家
九州大
半世紀
再建術
埋入術
非対称
世間様
場所等
胃腸病
道路網
所定数
無根拠
音楽系
北東端
放射能
一人称
研修中
連絡等
複数台
化石化
五目煮
芸四代
市民課
毎時間
無表情
宮土理
両津港
南美江
法人格
砂沙美
遠刈田
受注分
活動費
総本山
雑用係
新物件
写真家
昨日家
花鐘亭
鉄道賃
道三堀
効率性
洗面台
衛生上
超一級
対戦前
関心度
免許等
呉服店
賃借人
恒常性
最東端
外傷痛
今場所
何一人
本駒込
桜上水
壁紙版
構成例
甘露煮
芝公園
地中海
攻城戦
景風流
鳥竜種
南麻布
武蔵関
都立大
麺焼鳥
同情的
二十六
御支援
無菌豚
返信用
総合版
再浮上
村美術
衣食住
一日一
百年後
定形外
給油所
全然見
飲食代
他媒体
別海町
本法案
甲状腺
真選組
西京極
車運転
高用量
誘導済
多細胞
大損害
受領者
自治会
表示版
二十一
予定表
根源的
即席麺
韓日間
乗換駅
指定外
劇中劇
百仁堂
貴重盤
人気盤
大津京
大脱走
大和暦
平準化
懐居堂
松島湾
名張市
先振込
注文先
中同協
同編成
毎日誰
第七章
投資者
全精力
基本額
証明等
考案中
築地王
日光駅
子守歌
系譜図
産業化
図式化
総点検
上写真
評論社
徳島線
対応等
様子見
評価数
旧街道
不出来
各判例
再結集
村民税
米焼酎
糸練功
名無史
円田穴
五十代
通行中
争奪戦
森公園
中京区
大和市
元田中
回避策
通販上
道中気
収集中
今人道
音声等
関組長
富山駅
父母等
様専用
地平線
御土産
整形術
賞受賞
和洋室
総務部
今帰宅
北米発
数百名
再注目
反抗的
普及率
絶頂期
鶴岡市
七年目
佐戸井
執務室
結婚話
町金融
絵本館
野郎周
火災等
団鬼六
軍事力
信奉者
実行犯
御見積
能力値
系医療
湯多利
凡例等
模倣犯
雪中梅
性植物
事業上
今年初
黒川滋
長久命
付与時
新学年
元祖瓦
安宅家
山海経
砂風呂
易林本
書類等
月会費
自然数
骨折痛
期日内
大野家
新拠点
第一声
積極化
漫談能
出木杉
調査時
過入金
入金分
支給日
故人様
報酬等
概略図
満喫中
春日部
調達人
下関駅
促進等
提供等
配達後
鉱物油
以前誰
法規制
電気街
唯川恵
退職届
造園屋
佐高信
官能的
普段私
黒百合
不均衡
川温泉
言事堂
本銀行
京都一
本施設
後漢書
絵写仏
指定席
里芳屋
不定休
韓国風
料金所
産休中
進化論
掲載校
悦楽王
早瀬乱
告発状
旅行部
男性編
府教委
機能等
笑記事
宿湯楽
新店舗
借用等
帯付帯
豊中市
今回気
埼玉人
終着駅
大橋館
朝食後
親削除
休業法
年齢等
上七軒
本文内
兵庫北
産岩塩
京都北
又次郎
番組中
酒井誠
主材料
第四弾
一件目
和食器
展示品
短大卒
職員等
電脳卸
騎西町
夢遊病
京懐石
講演録
強制的
会議録
演出的
秋野菜
圧迫感
主張私
底本中
大会前
健康酒
教育面
昔雑誌
熊五郎
途中雨
御手数
編著作
工芸店
横浜初
福田屋
近藤勇
分起床
満州国
監督名
薬用酒
現代的
翌年度
晴雨堂
同通信
宝塚市
宝物館
快楽亭
東南端
波状群
倉庫内
加藤氏
引用文
他繊維
漁獲量
駅村岡
退院後
加減目
発電用
容積率
山歩記
料理屋
炎勇壮
情報版
福島氏
人魚姫
水煮缶
管理士
市議選
逃亡者
中学部
低脂肪
江南町
元気様
百峰閣
総決算
流失力
沖縄版
美郷町
休日中
宣教師
造園用
百匹目
放送部
不用意
常識力
議会学
予定外
調毒師
養命酒
全国民
室内型
徴収等
若女将
養成校
機商材
半年前
家相学
新宮店
消防士
宿泊費
白夜行
十数分
和図書
中間点
冷凍便
保湿剤
和家具
八正道
焼肉店
香港人
鎌倉市
区議会
契約前
正統派
旧校舎
会期前
制服姿
中間的
宿千歳
往診可
快進撃
本堂前
空芯菜
欧州各
得価格
物件別
発表文
司法権
広告人
永住権
為目安
木島平
全一言
譲渡時
交渉力
腎臓病
三枚肉
位置図
湯治場
連絡後
出水時
受験前
吸血鬼
白良浜
満開時
大幅増
給与額
音沙汰
就職祝
然別湖
佐倉草
祝土日
日光浴
中心線
広報誌
金相場
内順位
期待度
門川町
政府内
政策的
最優秀
地方紙
衝撃度
保証外
高密度
排水管
村議会
計画性
野球界
辞事典
還暦祝
受診者
床暖房
桜通線
研究班
訓練所
配送用
剣岳点
一兆円
全情報
無償化
通学地
全室海
当病院
注用紙
植物性
守備力
調子良
閉鎖的
案内状
千畳敷
交通網
多人数
政官業
財政難
百年目
欄記載
新潮社
専門卒
旅上手
明神丸
診察台
洗車雨
税負担
達自身
先何年
換金率
一番君
宮田村
毛無山
都市間
園地域
底意地
直行便
経営力
発見館
各区分
満席等
新大阪
奈津子
頭山満
全階級
世帯等
字前田
売主様
超左翼
微発光
入金日
変換済
終業式
各宿泊
還元力
先月末
十津川
実写版
廃水中
手取川
本学会
松島一
桃毛獣
発雲所
推奨度
旬彩館
自己愛
爆睡中
再生木
優勝馬
超限戦
取引時
君主制
接客等
営業車
履歴欄
根無草
収集後
会学校
全部獲
閲覧処
種類欄
十島村
宇部市
拒食症
監督別
突拍子
何曜日
数台停
海洋館
保護具
画像集
若者達
魔界城
築年月
画質的
用食材
消防法
人以上
宿帝水
骨傘嵐
八丈島
系男子
依頼主
体験型
三木市
京栄校
各農家
愚言子
糸色望
臼歯部
致命傷
自宅等
吟醸香
中国文
結構気
買主間
五輪銀
双眼鏡
室谷口
御昆布
今日感
一番力
光協会
名演説
今何位
推進中
博報堂
曲名順
第三点
通潤橋
九七年
心疾患
舌乳頭
前年前
大幅減
成績表
手公園
変更黒
藩用人
数学板
創発型
銀山町
共有物
原因菌
本棚私
許容量
試合別
突破口
石井好
若旦那
二枚貝
海洋堂
別出品
全国紙
内容品
松戸山
町選択
覚王山
合唱団
段階的
全体重
保険者
池田泉
共通化
今流行
堅木屋
貸付金
黒斑山
黒沢明
送付状
反応率
一言集
低研磨
持続性
某政党
姉妹品
人材像
放湿性
遊観光
焼津市
藤枝市
休祭日
全然陰
定率法
審判所
既視感
浜松駅
梅本来
当局者
系列店
複合化
式怪社
接近戦
法隆寺
静岡駅
線検査
旧社格
無投票
統一性
子久兼
弟俊忠
中国領
新納家
金正男
尺五立
原監督
年代順
請負者
創竜伝
昭和史
記入後
時間内
山口修
例大祭
洗顔料
無作為
経験等
一個目
週刊私
金銀花
居住年
体今月
推進力
左京区
星雲社
奇面組
最近雨
字幕数
守銭奴
避難所
電柵器
秋華洞
携帯可
十兵衛
融資先
片町線
作成順
全身性
初上陸
卸商品
馬日記
内掲載
生権力
石岡市
水素水
再購入
文芸社
固定低
受領金
地域間
骨結合
再計算
抗炎症
標準型
再出版
創刊時
学部等
心何処
管球式
高知木
葉多舎
主導的
杉小路
輸送時
母性愛
連絡板
別会社
放映後
器楽曲
昨年夏
飯島愛
京都発
数十本
新沖縄
資金的
神田川
動植物
取崩額
練習台
一大事
自由権
長崎屋
威圧感
実施等
水溶性
道中記
四川省
恣意的
十二月
御不明
競技力
法人化
相互愛
食事術
金山店
雑貨店
急加速
何回来
公法系
津軽藩
源泉湯
郵便屋
八葉抄
四年後
脂肪分
設計職
御賛同
未遂罪
構成比
実証機
占用料
光製品
刑事系
月齢別
民事系
空想家
設備的
武寧王
殺菌剤
単細胞
九州内
入会費
毎日朝
飛蚊症
収拾車
幼年期
二人来
洗浄剤
妊娠率
欧米人
返金致
探偵団
寺院名
正方形
水谷豊
製作国
同計画
鳥取西
吹出物
買物券
徒歩圏
家族様
対抗心
大惨事
闘争心
愛好会
九州外
千歳市
梨元勝
猛吹雪
表面上
一躍時
理趣経
新社長
退場者
写真誌
前月比
具象化
愛知郡
多趣味
手羽先
新東京
左京山
戸塚啓
推進課
岩屋戸
節税術
亀山市
