日本
入力
人気
一人
本文
二人
文字
学校
天気
大人
一日
本日
本人
先生
人生
大学
入手
空気
学生
見学
左右
休日
上手
本気
一年
先日
町名
日中
一目
入学
一生
一見
入金
中学
花見
下手
本年
女子
大手
花火
青空
出土
本音
出力
右上
本名
一本
月日
三人
人目
文中
天空
下車
大目
赤字
大正
空白
千年
石川
男女
早目
七夕
文学
小雨
上下
大雨
人文
水気
入口
人口
七人
青森
右下
山口
本校
右手
一手
年月
百年
二年
一口
男子
手足
土日
出口
左手
校正
土木
出先
雨天
田中
下山
子犬
一石
下見
見本
夕日
中立
学力
二手
三年
先手
青年
女王
人出
大小
中川
千円
目玉
白日
中年
山本
先見
人名
火山
手先
手中
足音
水中
大字
水木
木立
天下
年金
先月
本学
小林
王子
十年
中火
下水
足手
小耳
手本
正気
三文
中日
小人
六月
林立
日立
小口
空手
左上
二足
目先
花王
先人
生足
三月
名手
町田
本田
五年
上田
下火
雨音
左下
四月
立川
上空
出火
火気
口火
一休
三男
大木
年上
森林
中小
人手
学年
天文
口車
下町
糸目
金子
森田
王手
中村
大気
立木
石田
出生
百人
火天
口大
十人
水虫
文人
大空
青字
小生
大森
目上
大竹
名人
小田
正月
三日
水草
手玉
二日
日田
名目
口中
十字
竹田
気力
名山
七草
白人
十三
山上
白玉
青木
気学
年下
白山
三本
小川
田子
山田
十二
四人
田口
五木
車名
五本
一月
四年
木村
村山
大金
千本
村人
名水
一大
竹林
一足
四男
本町
木目
五山
三村
女三
十九
三木
草花
白水
百円
大王
田町
赤玉
水上
足下
夕空
山林
木気
一一
一文
上気
千早
目下
町村
五人
出金
人見
白目
入本
一二
十一
中水
木山
石口
正木
小字
火花
見出
三田
日子
六十
大山
山下
名字
八月
早耳
車中
七年
村上
二本
花音
犬山
白金
花林
大口
生月
名月
町字
金玉
草木
手手
七田
四十
目目
村田
十六
大石
立山
小町
月下
車上
森川
大火
山中
糸口
七七
森人
日天
千人
耳目
年一
三空
青竹
百五
山手
竹中
八八
百名
目白
天女
小中
日森
小玉
小学
糸田
月見
七月
出町
白石
学名
大田
赤本
天音
出石
王女
大名
赤子
字音
十八
白木
手入
川田
水田
青山
天子
五右
花子
九月
名文
三十
水月
小石
足立
山名
右足
天山
五十
十日
六年
森見
竹八
生花
出玉
木六
三名
五足
文月
川口
天上
玉子
中田
水出
八男
十七