場合
自分
今日
出来
日本
地図
時間
入力
中心
大切
人気
名前
今回
電話
先頭
今年
生活
一人
回答
下記
当社
本文
東京
二人
文字
会社
今後
中古
上記
土地
元気
日記
学校
活用
明日
天気
十分
大人
記入
楽天
人間
本当
気分
一日
音楽
本日
通知
一切
一番
当店
毎日
店名
社会
時計
計画
地元
本人
家電
引用
中国
番組
先生
一体
人生
大学
計算
立場
何人
当時
海外
会場
電車
時点
今週
中止
入手
空気
同一
明記
点数
一言
来店
何年
見方
学生
見学
新聞
国内
友人
今月
高校
数字
左右
正直
出前
休日
多数
当日
地名
先週
出場
会話
来年
前日
本社
上手
来場
書店
売買
半角
空間
電子
用語
本気
一年
何回
交通
先日
絵本
地点
古本
入会
一方
前回
町名
手元
手紙
本書
分野
算出
本来
計上
科学
教室
日中
社長
出店
本作
通用
一目
毎年
一歩
入学
細心
午後
王国
市長
親切
夕方
音声
店内
新年
一生
一見
大会
公園
四国
東海
入金
市場
電気
手間
半分
中学
多大
花見
数年
当地
店頭
何時
原作
下手
気合
台風
東北
帰国
中元
間近
本年
広場
女子
大手
日曜
工場
昼食
一回
朝食
円高
前後
花火
同社
作用
少年
店長
今朝
目前
一丸
土曜
大半
時空
正当
夕食
自社
同行
青空
合間
会長
地方
内科
原点
曜日
人数
文書
後半
米国
出土
夜中
入社
教会
地上
本音
先行
出力
多少
近年
一同
多用
自立
科目
日当
少女
明言
親子
来週
行方
右上
岩手
直前
一線
合計
青春
読書
正体
本名
多分
入場
古書
毎週
外科
今見
一本
足元
直近
切手
自生
言語
半年
山形
新車
町長
月日
大地
今夜
万一
名言
明白
広大
大分
体力
当分
中間
社寺
通学
生計
回数
天国
三人
日数
強力
休止
右記
人目
文中
何日
天才
天空
赤毛
下車
人形
同店
星空
出番
国家
絵画
走行
一角
空室
大目
赤字
新作
売地
大正
姉妹
作家
来日
空白
国語
一夜
原文
小麦
立地
遠方
会計
体内
角川
今作
数日
社名
公言
黒丸
千年
秋田
心理
国会
羽目
石川
男女
公立
水曜
百聞
弟子
生地
当方
週間
早目
長年
父親
週休
高台
七夕
文学
自体
小雨
金色
左記
気長
目線
朝日
上下
本市
見当
強行
会見
上場
門地
午前
大雨
同時
東西
人文
水気
一読
名店
入口
土台
国立
水分
社外
入店
人口
七人
会合
声明
新書
大声
図書
本家
長野
算入
高知
小売
何本
青森
合体
番地
右下
数人
親交
入室
山口
角地
本校
学会
同点
母親
右手
日時
一手
年月
外交
家中
百年
学科
活気
自作
長文
後日
白鳥
毎月
前記
数回
二年
人体
思考
一口
一点
男子
手前
北東
来月
売上
原理
月曜
作文
一新
一時
林道
上野
社内
今何
本場
手足
本体
黄色
土日
金曜
晴天
外国
地理
上京
書名
顔色
何分
手話
台頭
本紙
道場
土用
読売
出口
台場
知人
長男
左手
気楽
校正
合算
土木
外見
出先
用紙
雨天
直後
田中
下山
公明
百合
子犬
歌声
羽田
白黒
前半
番目
一石
下見
見本
母体
夕日
一通
白羽
早朝
小社
本番
上海
活力
同名
家計
本店
通園
市内
北京
母校
弱火
前年
昼夜
中立
名作
北上
夜空
算数
学力
点心
下図
二手
赤西
室内
矢先
近場
兄弟
日光
三年
毎回
数分
東大
先手
青年
数学
女王
人出
寺社
音読
小顔
黒人
理科
何気
園内
大小
回線
一家
中川
自明
親友
近道
地形
風水
毎朝
手当
千円
目玉
白日
直行
公正
地下
食後
中年
食店
外出
山本
同人
中秋
先見
人名
力点
火山
海上
手先
耳元
一台
小鳥
北国
手中
電力
足音
今気
水中
地道
今目
北米
行内
大字
水木
方言
数名
入用
星海
木立
元町
用心
内見
万円
電池
天下
月間
東日
風土
心地
同紙
毛頭
入門
年金
水道
女心
南東
南下
一行
遠山
先月
正午
公文
原本
何色
同会
地番
風来
声活
本学
山新
出船
語学
小林
二分
元本
通話
通行
目頭
組立
半生
太古
当科
空色
王子
十年
中火
南西
白馬
赤色
下水
今半
足手
人前
本会
元来
小耳
手本
組合
口元
言明
前作
合図
行頭
大体
線引
千里
里山
正気
新子
線上
新米
売店
三文
中日
同日
歌手
小人
六月
林立
後場
出走
後手
強風
外食
話数
外来
一語
音色
声高
日立
白紙
大方
下線
小口
中野
西友
黄金
内外
空手
万里
音頭
北西
一国
赤線
牛肉
三方
左上
年間
二足
目先
気心
風上
昼間
野口
方角
野鳥
通算
知見
何千
室数
国道
花王
当園
入園
先人
月数
中京
生足
本数
三月
文明
土工
名手
南北
弱点
夜間
右図
山道
町田
本田
大台
細工
足場
歩道
少子
火星
活魚
左図
明細
五年
首長
里親
作中
四方
肉体
上田
下火
雨音
雨雲
日父
二方
山海
金星
山行
弱気
北遠
強大
心中
左下
四月
立川
元手
父母
口数
上空
日高
出火
同校
火気
一室
女多
口火
大家
点字
友近
何台
一休
白地
三男
細道
花茶
大木
道楽
出馬
行楽
大雪
教科
年上
森林
新店
日前
上図
太字
中小
合同
人手
学年
新語
天文
西野
交点
文頭
今来
来校
金麦
少林
口車
小首
下町
里田
子分
糸目
王道
手引
買上
長門
生体
金子
明石
同市
同作
白雪
天野
森田
手形
王手
母子
外字
黒川
中村
中東
大気
朝目
新春
頭角
国市
少数
車内
力強
京王
立木
石田
西村
出生
日母
車道
今風
汽車
百人
小西
学長
文体
羽入
北前
火天
高町
口大
時分
十人
門出
校長
水虫
八戸
文人
大空
後学
半日
村長
食道
青字
小生
室長
親元
春名
大森
目上
一画
公算
大竹
通夜
天地
野生
店用
来社
名人
小田
正月
三日
冬場
前夜
食用
水草
鳴門
手玉
天体
今出
火曜
竹内
昼時
春分
目黒
二日
日田
入国
立夏
体外
年内
前月
名目
矢切
番茶
人工
売春
羽音
黒字
入線
下方
手近
口中
出社
何点
長女
来園
十字
竹田
市原
南京
広川
何見
気力
青色
名山
強火
七草
一首
市東
白人
直線
夏場
人知
後方
十三
夏子
今夏
野村
歌人
朝顔
山門
原画
三角
水色
山上
頭金
白玉
電通
学園
青木
台数
南口
気学
楽園
年下
遠目
白山
三本
出頭
小川
春先
母語
前出
黒木
間口
時下
三色
田子
大通
山田
水牛
大船
出光
十二
四人
学内
田口
外人
五木
車名
五本
星人
年分
一月
何名
四年
山里
木村
前来
朝夕
同園
道新
新風
力場
三交
村内
村山
市町
国土
車体
太一
字通
当市
秋分
原町
大金
外道
語気
千本
茶色
山野
鳥羽
寺門
知内
牛後
村人
広西
台紙
名水
一大
店番
竹林
何組
一足
手首
新市
四男
年数
出方
小星
本町
一社
木目
五山
三村
千鳥
朝市
四万
木何
当行
女三
十九
頭上
交番
毛足
一理
冬来
三木
国友
北方
草花
白水
百円
大王
当会
夏草
川合
二回
田町
三点
歩合
赤玉
白書
立秋
新人
水上
足下
夕空
山林
金魚
木気
今時
一一
一文
国力
上気
明光
王家
北風
直立
知立
風雨
体気
船上
千早
小道
目下
小雪
新色
青地
町村
五人
米村
新生
小野
毛虫
電王
多色
新広
出金
山間
人見
内野
気弱
白目
強引
春日
家内
校歌
本園
入本
立春
行中
書目
大工
今秋
茶目
多年
万人
同大
一二
海南
半田
雪風
場名
数百
岩出
十一
中水
同月
自国
男声
出雲
羽前
下地
分子
木山
石口
正木
王朝
長音
一食
高山
小字
火花
一分
見出
三田
日子
池上
六十
書中
水場
何社
木場
口頭
古語
大山
道内
三元
金太
茶道
顔見
古川
山下
話声
道外
名字
二点
八月
鳴子
馬車
市立
車高
早耳
中西
土門
町家
矢場
多聞
岩交
車中
雪国
高原
引力
東山
七年
村上
風船
水戸
人里
二本
半月
夜市
番外
大作
頭目
遠足
親本
下北
町会
数台
花音
線画
犬山
白金
知多
八雲
大原
四谷
丸山
花林
風雲
中少
画家
分読
米紙
合点
夏空
北口
野合
犬太
夜長
水引
市電
羽毛
花肉
大口
名刀
地中
古風
馬子
車間
自室
広電
東方
生月
月夜
字点
名月
道太
夏川
地場
数社
白星
大海
山鳥
風夏
合通
円色
同前
町字
大池
金玉
草木
大京
東原
今一
西内
海男
手手
七田
前線
弓道
年頭
前田
野人
赤羽
四十
親方
外数
名声
母数
当校
田園
目目
三国
内気
明大
読谷
公売
村田
作風
黒子
作画
国中
夏来
門戸
空母
十六
大石
立山
何番
夏山
一作
風森
金言
食間
町紙
北九
小町
野原
黒地
西口
前頭
月下
来夏
北天
内数
土方
四角
魚肉
車上
森川
大火
山中
首記
色紙
石野
木工
糸口
前店
星弓
書画
朝一
七七
一計
同書
通年
高遠
東口
点間
花園
人後
東月
何百
国生
大書
通風
目星
土星
社交
歩行
馬場
森人
日天
千人
当番
耳目
年一
道東
内心
回帰
日毎
回春
今道
百万
作出
楽書
三空
公用
岩場
人魚
牛角
高考
早雲
岩田
今野
大矢
三線
当寺
母方
自首
母友
青竹
台東
市名
木曜
三時
百五
日通
南方
前見
昼前
海音
心外
白米
山手
丸赤
内角
春風
外聞
竹中
遠出
町内
町道
弱虫
歌星
小話
八八
図画
百名
黄門
毛糸
目白
見地
文教
直交
天女
小中
日森
数本
後門
直子
夜行
当町
市京
本心
長町
小玉
三春
親日
京方
風雪
文言
東書
小学
一組
糸田
公道
原口
月見
書道
高田
国歌
地頭
高月
公記
七月
新地
野外
図星
道草
半数
心強
新上
人多
出町
方円
細目
白石
地山
学名
船長
大田
赤本
七色
天音
一話
空海
出石
王女
大名
太刀
体中
後年
夜光
内村
何方
東名
気道
赤子
春原
春秋
学外
字音
秋空
夜店
日用
雪道
海自
強気
十八
日夜
木星
池田
何語
白木
会友
手入
川田
水田
水星
読本
上毛
画楽
木戸
北谷
青山
生首
校門
羽生
戸田
天子
五右
国字
白光
早計
日米
花子
里子
九月
風人
立言
京風
名文
鳥見
林家
山寺
三十
上原
水月
小石
足立
歌川
山名
力作
教本
京大
右足
天山
月光
生長
北見
通読
古馬
手記
五回
日工
五十
黒山
春高
馬力
理音
原田
十日
六年
野心
外車
北野
新手
森見
公社
合羽
父子
竹八
小声
回目
今読
丸東
生花
出玉
星里
親玉
点画
木六
草書
頭語
広東
秋月
足首
東川
鳴海
三名
直下
高野
理学
休会
同国
文京
五足
茶山
船内
文月
自走
角田
後生
天明
地魚
道南
川口
中原
五万
下京
大高
父方
入道
山地
生家
万引
知力
名門
工学
知花
声楽
門前
原書
天上
店先
中里
石黒
電人
親父
玉子
下野
公家
魚一
中田
名画
遠野
本図
門野
読人
赤心
弟分
書生
今池
家出
毛毛
原形
正室
中海
水出
七里
八男
犬用
合金
用土
寺田
点火
話出
週日
南米
海女
三回
車線
十七
古来
