場合
自分
記事
商品
使用
今日
写真
出来
問題
日本
地図
時間
入力
意見
意味
期待
仕事
中心
注文
指定
言葉
住所
大切
用意
人気
発表
気軽
名前
今回
電話
発生
先頭
注目
今年
世界
全国
生活
一人
安心
一部
病院
相談
公開
話題
会員
注意
部屋
回答
予定
下記
当社
発見
本文
仕方
心配
東京
作品
勉強
何度
開発
動画
大事
感想
開始
二人
文字
場所
活動
会社
決定
登場
旅行
今後
中古
様子
上記
理由
発売
発送
土地
予想
元気
返品
日記
学校
新着
活用
一度
時代
明日
天気
同意
部分
十分
相手
大人
自由
向上
読者
事前
放送
記入
楽天
人間
家族
感動
本当
食事
安全
気分
文章
研究
発行
一日
有名
音楽
時期
本日
事実
通知
一切
自身
一番
練習
当店
用品
毎日
店名
旅館
社会
実感
時計
全部
京都
計画
地元
本人
家電
引用
近所
都合
中国
番組
路線
画面
先生
集中
返事
一体
実行
人生
次回
大学
計算
行動
立場
発言
何人
教育
勝手
全体
食品
苦手
調子
病気
当時
海外
医院
強調
地球
強化
新宿
会場
安定
電車
時点
想定
今週
中止
礼金
入手
調整
空気
同一
学問
明記
出荷
点数
整理
一言
公表
来店
何年
代表
見方
学生
表明
見学
同様
新聞
国内
相当
駅名
反対
人物
家庭
他人
学習
歯科
医者
友人
感心
今月
第一
配送
出品
作業
高校
公式
出発
数字
上部
運転
事業
図表
左右
取引
理想
正直
表記
目安
身体
出前
去年
意外
休日
今度
多数
当日
地名
太陽
休業
先週
外部
入荷
出場
文化
会話
万全
来年
交流
前日
本社
自動
発明
上手
由来
所有
来場
悪化
書店
売買
半角
全文
空間
電子
用語
期間
身近
面白
本気
予感
一年
当院
何回
体調
入院
銀行
運用
九州
目次
予算
定着
交通
追記
先日
進行
絵本
中身
地点
相場
古本
平和
決意
入会
動作
美人
業界
進化
一方
次第
前回
短期
見事
町名
手元
神社
手紙
手帳
本書
物語
分野
算出
方向
形式
小物
本来
世話
計上
実家
科学
運行
直面
投入
重点
教室
日中
社長
活発
出店
主体
本作
文具
通用
作者
起算
配合
一目
毎年
和食
主流
空港
一歩
開放
意向
入学
進学
一定
転用
全力
発足
何事
買取
合意
進出
細心
午後
王国
定番
千葉
着物
生息
動物
市長
第二
荷物
親切
工具
夕方
音声
漢字
店内
新年
高速
一生
薬局
一見
生命
集計
大会
手配
起動
工事
文庫
公園
四国
家具
開業
東海
入金
定員
飲食
市場
平日
電気
手間
半分
気配
回転
仕様
体感
運命
中学
屋根
区分
多大
真実
意図
花見
番号
数年
医学
命名
当地
息子
店頭
何時
転送
行使
意思
原作
場面
何者
所持
一面
服用
正式
下手
悲鳴
気合
神戸
台風
東北
買物
着用
合流
着手
本屋
流行
帰国
商談
昭和
実物
中元
実力
間近
本年
広場
動向
館内
代金
女子
大手
手軽
名所
日曜
早速
気温
工場
昼食
一回
朝食
勝負
円高
前面
前後
部員
花火
同社
食感
作用
全角
客室
少年
自負
業者
店長
和書
運動
返金
平気
天使
今朝
目前
一丸
土曜
電化
大半
時空
多発
正当
夕食
急速
用事
調和
事由
自社
流通
同行
指名
新品
重大
中央
表紙
青空
広島
一員
味方
親身
具合
合間
会長
起用
都内
地方
道路
世代
内科
原点
野球
毎度
曜日
第三
県内
人数
文書
返答
後半
短大
米国
多様
出土
問屋
夜中
入社
何物
教会
内定
両立
地上
行列
本音
列車
記号
放出
先行
出力
役目
多少
近年
悪口
一同
多用
都市
自立
算定
科目
日当
少女
明言
親子
世間
米屋
間取
全員
来週
物流
発想
行方
右上
代行
開花
岩手
発動
二重
直前
一線
書式
着目
合計
青春
植物
読書
年配
楽曲
両手
行事
鉄道
思想
正体
頭皮
決勝
登山
神様
本名
風味
多分
心身
発注
幸福
所定
開通
真夏
入場
古書
直送
道具
出題
様相
毎週
外科
下落
整体
追放
今見
終始
一本
流出
分身
高度
足元
本物
対立
直近
切手
自生
言語
半年
山形
新車
王様
町長
役員
定食
作曲
月日
大地
今夜
万一
名言
明白
広大
大分
体力
集合
当分
中間
図面
社寺
主役
委員
部落
通学
死去
生計
正面
回数
天国
三人
食育
一品
日数
近代
強力
帰路
横目
進歩
都会
県外
休止
調理
身長
整形
右記
進路
人目
学者
受理
高級
文中
決心
死者
乗車
首相
何日
天才
同等
天空
申出
起点
両方
赤毛
下車
投下
人形
深夜
同店
星空
社員
反発
主人
出番
駅近
題名
使命
長期
後者
店員
国家
絵画
走行
一角
一世
表面
角度
空室
大目
農業
作動
寺院
赤字
何倍
新作
売地
農家
着実
大正
記者
姉妹
和風
作家
横行
紙面
陽気
来日
空白
国語
来院
一夜
毛皮
暑中
道重
来館
原文
小麦
立地
三重
洋食
遠方
飲酒
商売
会計
人事
体内
角川
今作
数日
全身
社名
会談
真相
公言
負荷
黒丸
千年
秋田
心理
国会
古代
白銀
羽目
石川
方式
男女
公立
時事
水曜
百聞
弟子
生地
書面
主題
当方
週間
両親
血行
早目
洋服
虫歯
助長
長年
仕業
旅先
運送
父親
院内
女神
福島
週休
高台
七夕
皮肉
体重
文学
幸運
自体
小雨
金色
左記
電波
気長
後世
目線
流用
朝日
出身
上下
本市
見当
強行
会見
上場
定年
集客
門地
地面
決着
午前
大雨
大豆
同時
和洋
美白
東西
人文
水気
一読
他店
物事
名店
新緑
入口
切開
身軽
有用
神話
決算
土台
生業
国立
水分
花屋
家主
社外
入店
人口
七人
他社
注力
美味
会合
近鉄
声明
新書
大声
本品
図書
悪用
夏旅
本家
二度
長野
起業
全集
転落
流石
前号
算入
高知
洋画
学区
他者
全室
小売
口調
何本
青森
合体
注入
物心
死体
当館
番地
同表
地酒
水着
足湯
神道
女医
生育
右下
転校
数人
親交
入室
山口
本業
角地
本校
動員
農薬
学会
名物
全面
二階
同点
店主
都心
登記
母親
直感
意地
右手
日時
一手
年月
住人
外交
家中
百年
学科
活気
自作
長文
後日
出庫
白鳥
毎月
前記
数回
二年
人体
物色
思考
三度
学研
取消
洋楽
島根
放流
一口
一点
男子
一助
入所
通院
部活
手前
北東
来月
発音
曲名
早急
助言
開店
感化
売上
原理
丁目
月曜
作文
一新
部門
一時
林道
知事
温度
生物
本題
上野
有力
一発
社内
今何
本場
全開
車両
天神
手足
地区
本体
坂道
黄色
土日
金曜
年表
消化
晴天
外国
病名
地理
上京
書名
顔色
何分
一流
打開
手話
台頭
受取
北部
平行
本紙
道場
土用
読売
出口
前進
台場
下着
放題
知人
長男
左手
港区
気楽
学部
子宮
都度
筆者
校正
真心
合算
物理
長所
土木
前者
想起
魚屋
外見
出先
用紙
代用
南部
雨天
上品
直後
田中
下山
代引
対決
駅前
公明
百合
落下
子犬
部品
歌声
開運
羽田
同号
洋書
通路
白黒
前半
番目
家事
両者
一石
下見
見本
母体
速読
消去
夕日
一通
白羽
早朝
小社
本番
教員
一身
何重
上海
等級
活力
会館
同名
家計
式場
火事
開局
本店
通園
市内
北京
反転
母校
三世
速水
旅宿
一転
出動
弱火
台所
流入
前年
北区
本館
酒屋
転売
昼夜
下部
悪意
前身
対話
中立
字路
住戸
全品
同期
名作
北上
夜空
対談
開館
算数
学力
部下
商業
赤坂
宿場
点心
下図
二手
赤西
体育
一息
福屋
室内
同乗
矢先
近場
兄弟
実用
起立
名曲
化学
受注
本州
日光
内部
三年
毎回
百式
数分
見物
前世
東大
予期
先手
空想
中部
予言
青年
数学
対面
女王
人出
寺社
取組
音読
細部
様式
小顔
一列
点等
黒人
理科
進研
東急
何気
集会
園内
命中
開会
発育
大小
年代
回線
一家
中川
院長
自明
親友
近道
決行
地形
風水
感服
毎朝
手当
千円
上表
有事
当面
美女
意表
目玉
白日
直行
公正
地下
食後
他界
親指
漢方
中年
数倍
新調
流山
食店
身分
外出
大根
家屋
山本
年号
商用
同人
合宿
何様
中秋
先見
人名
力点
血流
名医
列島
火山
海上
交代
手先
耳元
二次
風化
一台
小鳥
宿題
商社
転向
宮日
北国
手中
電力
足音
今気
水中
地道
宿命
今目
北米
全米
祭事
行内
事後
軽食
大字
返送
対等
一味
主食
配当
感知
早期
水木
方言
数名
後味
入用
東部
星海
重箱
木立
元町
用心
内見
万円
電池
赤鼻
年度
天下
詩人
月間
東日
筆頭
今号
風土
心地
楽待
次号
主力
同紙
後進
高配
実話
毛頭
入門
年金
二味
第四
入歯
竹島
多幸
水道
女心
速度
転入
小屋
神田
南東
南下
一行
遠山
先月
正午
消息
公文
反日
集落
原本
面談
開校
何色
市区
同会
地番
悪者
風来
始発
声活
和室
気持
交配
本学
山新
区間
直進
四球
出船
氷山
新橋
語学
言動
小林
薬事
二分
売主
元本
通話
通行
目頭
本意
組立
西区
口実
半生
他県
学院
和式
石油
太古
当科
空色
王子
十年
先決
炭火
中火
南西
十勝
白馬
同調
赤色
代物
大和
品川
反感
下水
本部
下表
所見
今半
一服
足手
人前
本会
元来
苦言
開場
小耳
進入
相葉
手本
組合
下味
近世
前期
口元
言明
市部
前作
合図
命運
行頭
宮部
指数
南区
路上
大体
線引
高温
配列
千里
里山
九死
正気
新子
線上
待受
乗船
流星
直筆
登校
新米
売店
三文
中日
同日
心血
歌手
小人
上流
六月
林立
後場
鉄板
出走
地味
一階
童話
後手
高橋
風習
強風
答申
読物
着服
方面
外食
発電
話数
悪寒
外来
一語
上着
音色
声高
日立
白紙
大方
鳥取
下線
湯水
小口
中野
西友
死後
悪気
根本
黄金
理事
始動
本県
次男
五感
行者
内外
化石
空手
表内
酒場
万里
屋号
音頭
北西
全戸
公平
屋外
一国
落語
赤線
牛肉
三方
緑色
左上
祭日
年間
下宿
二足
発赤
目先
星様
血相
気心
風上
出向
昼間
主文
野口
用命
金運
方角
野鳥
二倍
通算
知見
薬用
何千
室数
国道
回想
重音
花王
当園
薬草
入園
先人
知育
神具
月数
西部
医薬
中京
受章
生足
本数
三月
川島
植木
文明
土工
球場
区画
発火
屋台
先代
氷屋
後期
着想
名手
南北
弱点
夜間
決死
右図
同化
山道
新宮
発毛
町田
本田
大台
品番
味見
発進
死角
配分
指先
緑茶
分配
細工
古都
足場
入港
歩道
少子
自他
予習
先物
火星
活魚
有様
鼻水
昔話
着工
重用
県下
左図
次代
明細
行進
五年
祭神
出世
首長
里親
中世
歩調
同局
作中
四方
庭園
肉体
名湯
悪運
線路
上田
駅駅
下火
他方
雨音
雨雲
羽根
日父
二方
黒部
山海
金星
山行
中島
横田
弱気
北遠
強大
心中
同定
岩波
海岸
左下
四月
立川
発着
元手
父母
一号
平等
庭木
入部
死神
東区
口数
数秒
電流
品切
金員
暗号
大宮
上空
第九
寒空
日高
出火
使役
家路
曲目
同校
親族
屋内
火気
千代
東洋
首都
一室
女多
院名
安住
口火
大家
書庫
点字
福山
友近
出血
発車
定期
死人
実習
何台
路地
一休
急登
白地
談話
時流
三男
氷風
期日
調教
茶葉
薬指
全板
細道
転写
次会
花茶
急落
大木
生死
道楽
鉄子
出馬
行楽
大雪
十代
生身
教科
洋風
歯肉
年上
銀色
森林
新店
用具
面会
医科
日前
上図
太字
事気
育毛
中小
合同
人手
定住
学年
天命
万病
新語
天文
西野
対岸
次走
交点
文頭
植林
四葉
今来
来校
一次
日銀
苦虫
金麦
男湯
仕草
植毛
少林
薬店
重体
口車
小首
世相
下町
有数
局面
発出
洋室
他国
里田
丁度
子分
糸目
王道
酒味
安倍
夏期
手引
転記
石橋
買上
中庭
入庫
長門
飲茶
生体
金子
着地
全駅
明石
同市
商店
同作
白雪
西洋
放火
遊学
農村
福北
天野
階数
練馬
名勝
森田
手形
箱根
薬楽
王手
六感
母子
外字
全農
黒川
中村
中東
運気
和歌
大気
整地
商号
目深
朝目
着後
新春
頭角
湯島
役所
急所
丁重
国市
出鼻
頭悪
動転
第五
表中
少数
車内
力強
京王
農地
立木
全組
石田
西村
出生
身元
美空
島式
発光
日母
車道
万葉
今風
美食
汽車
県名
百人
小西
湯船
終売
長島
学長
文体
横顔
大化
羽入
北前
有明
火天
酒店
水橋
高町
口大
温湯
時分
仕入
十人
門出
校長
天安
流水
乗客
水虫
苦心
八戸
弱者
文人
登用
大空
百代
列記
後学
明暗
一様
局室
半日
村長
品名
美男
食道
申立
青字
小生
童心
神主
室長
親元
春名
美化
大森
目上
百薬
真矢
進言
乗用
一画
公算
年式
空路
走路
大竹
洋式
通夜
天地
遊星
追走
真意
野生
店用
来社
開山
号外
返用
名人
重荷
小田
正月
三日
冬場
前夜
食用
水草
万死
鳴門
次元
薬品
出港
手玉
化身
天体
今出
予見
火曜
追究
半期
一役
竹内
汽笛
両面
昼時
春分
中区
目黒
開湯
父様
死守
本等
二日
古湯
帰化
日田
入国
他聞
何実
湯元
悪人
立夏
体外
始期
苦楽
取集
着色
年内
前月
名目
矢切
番茶
人工
売春
羽音
屋上
黒字
記帳
入線
下方
血中
役者
手近
口中
重度
出社
何点
二物
長女
来園
十字
竹田
市原
南京
同県
広川
何見
気力
青色
名山
強火
七草
一首
市東
放言
実生
白人
直線
生薬
夏場
人知
後方
短所
十三
夏子
今夏
指向
筆談
配車
野村
歌人
朝顔
山門
悪心
開園
大羊
急死
寒中
他意
曲線
注記
指南
先客
横丁
原画
三角
県立
板金
水色
発色
小島
山上
水平
頭金
広州
一族
白玉
通帳
電通
係員
二乗
花畑
学園
青木
自主
台数
南口
病死
湯茶
気学
楽園
真理
温水
年下
短歌
遠目
一級
問合
白山
三本
毎号
海事
東横
福音
出頭
宿名
乗馬
死語
勝者
小川
春先
名実
母語
同感
体温
前出
黒木
角館
西院
間口
夏祭
時下
三色
田子
大通
進物
山田
水牛
大船
身内
出光
十二
本章
四人
学内
田口
国等
外人
回遊
五木
題目
定植
金物
大曲
気品
両岸
車名
神事
船宿
五本
星人
一礼
氷川
年分
主筆
夕陽
一月
代理
何名
幸先
四年
山里
木村
前来
朝夕
路頭
有楽
時短
同園
曲水
有意
道新
名品
新風
力場
旅人
短命
薬味
寒気
他所
三交
送金
村内
工業
村山
市町
国土
土屋
品物
車体
安西
大橋
太一
大島
高波
部室
字通
当市
気運
算式
秋分
女湯
原町
所用
朝礼
大金
外道
語気
千本
茶色
表決
山野
持分
鳥羽
部会
寺門
足指
終電
暗記
知内
牛後
村人
広西
星界
台紙
帰着
湯気
名水
和央
一大
羽化
店番
三宮
竹林
水深
宿様
何組
年始
一足
手首
新市
四男
年数
出方
小星
湯和
本町
血道
一社
引鉄
木目
五山
三村
矢面
千鳥
朝市
医道
四万
木何
当行
水面
深月
女三
大使
十九
金商
頭上
内全
交番
毛足
一理
冬来
同列
赤福
強度
次表
一曲
三木
近県
日神
国友
大業
北方
宮島
草花
白水
自転
百円
返上
安打
大王
当会
強打
夏草
海路
川合
表題
京橋
外注
二回
手動
平屋
園庭
田町
三点
調定
歩合
休息
相田
相鉄
新曲
橋本
八代
赤玉
白書
立秋
一命
口福
社屋
万感
命日
新人
病後
水上
神楽
当代
深化
助力
大坂
何着
足下
青葉
夕空
山林
金魚
木気
荷台
今時
一一
一文
国力
全社
一秒
上気
第六
明光
王家
北風
直立
本院
知立
林業
新薬
昔日
風雨
体気
船上
千早
室温
登美
小道
目下
宿海
小雪
新色
青地
町村
五人
緑字
日和
外箱
米村
見所
新生
箱代
小野
毛虫
電王
流木
字屋
薬院
多色
新広
出金
書物
三進
強運
福神
山間
人見
内野
気弱
手指
美名
白目
強引
春日
鼻歌
漢詩
感電
家内
西宮
君死
分乗
駅長
校歌
所長
当期
美界
追想
店様
本園
入本
入館
局様
立春
遊人
行中
書目
大工
切実
今秋
島田
茶目
何代
組曲
究明
多年
人流
島原
万人
同大
人命
一二
海南
発作
人員
半田
球体
雪風
黒島
場名
文面
数百
岩出
死力
数打
十一
中水
同月
自国
直登
男声
出雲
羽前
活写
下地
分子
反落
木山
仕度
重心
根暗
石口
正木
王朝
反動
長音
都立
一食
高山
部局
小字
火花
主語
左様
横手
一分
乗合
見出
進度
湯楽
本宮
鉄人
三田
日子
空調
池上
六十
書中
水場
黒服
両国
何社
駅力
落着
木場
口頭
古語
二所
次週
平安
学級
和服
京進
大山
洋館
道内
美楽
短文
三元
金品
金太
運休
開学
板谷
水路
茶道
横道
顔見
古川
山下
川湯
宿一
話声
道外
名字
二点
道央
八月
鳴子
馬車
市立
車高
早耳
中西
土門
町家
矢場
多聞
岩交
車中
雪国
平定
高原
引力
同館
東山
七年
村上
風船
登園
肉屋
水戸
人里
二本
石炭
半月
原油
夜市
代品
洋子
番外
港南
大作
円安
色調
頭目
配流
遠足
週次
何味
親本
下北
町会
数台
一着
助手
花音
持病
港等
路面
転化
旅本
実作
線画
赤身
葉山
竹炭
目指
北住
詩歌
西和
犬山
白金
知多
坂間
八雲
大原
月次
横山
四谷
整列
人様
食物
丸山
部長
花林
宮古
風雲
中少
式神
仕組
球根
湯古
大福
画家
分読
米紙
電動
合点
一宮
半島
夏空
竹宮
北口
波止
野合
犬太
夜長
使者
水引
全館
朝陽
市電
当号
先発
羽毛
花肉
大口
名刀
地中
古風
正対
平戸
詩集
馬子
車間
自室
飲用
直島
広電
東方
生月
中和
勝山
月夜
字点
歯間
名月
道太
夏川
全道
地場
元号
数社
両耳
宮川
白星
大海
曲美
一橋
山鳥
風夏
小鼻
数式
手練
宮交
平野
楽習
予知
合通
食神
円色
同前
町字
大池
重美
長者
金玉
転身
草木
大京
東原
今一
西内
重文
真田
赤味
羊毛
海男
買主
当所
手手
他科
祭都
七田
前線
弓道
年頭
暗雲
和文
式中
前田
遠州
野人
赤羽
四十
親方
外数
坂路
名声
朝勉
期中
母数
当校
宿湯
湯音
公転
田園
送出
球界
土等
本流
目目
男度
三国
真正
内気
客先
明大
岸部
読谷
公売
美里
村田
作風
肉等
黒子
服役
大暑
作画
国中
急行
夏来
門戸
空母
波長
十六
大石
立山
油絵
真歌
役人
月島
同送
何番
秒速
夏山
一作
助役
風森
坂出
子号
金言
直球
宮前
他校
山代
学遊
氷空
食間
町紙
日向
歯学
北九
大勝
小町
和田
野原
北鉄
黒地
西口
活路
開院
山路
薬学
前頭
月下
来夏
太守
北天
宮原
銀二
内数
口笛
和名
宿木
土方
四角
魚肉
美声
箱館
車上
森川
氷雪
大火
山中
昔心
首記
京終
色紙
石野
木工
糸口
前店
春死
和寒
教習
星弓
書画
二宮
朝一
七七
一計
同書
通年
高遠
東口
原宿
花波
点間
花園
人後
局長
東月
何百
国生
大書
寒川
長物
相生
本号
通風
所期
対向
目星
土星
社交
表右
歩行
馬場
宿通
整数
森人
日天
代決
花主
神父
西湖
千人
当番
相反
人問
耳目
年一
人等
道東
内心
回帰
部内
仕上
日毎
終期
回春
今道
取手
湖面
百万
作出
天板
遠鉄
区名
中指
開口
板長
気球
一丁
楽書
酒気
三空
公用
気味
幸村
岩場
人魚
牛角
高考
早雲
岩田
今野
大矢
相対
根元
三線
当寺
神曲
母方
自首
母友
青竹
物音
美品
台東
市名
対日
木曜
味出
長屋
三時
度数
百五
日通
画題
南方
宮本
前見
深部
時君
銀様
昼前
海音
勝算
心外
車板
店屋
白米
山手
丸赤
内角
春風
館長
調味
外聞
竹中
美川
神等
遠出
町内
名様
町道
弱虫
歌星
小話
宿人
八八
図画
百名
曲面
会期
宿金
黄門
内助
心持
毛糸
福交
目白
等長
見地
月宮
一事
文教
室根
神宮
大物
天平
宿曜
速記
直交
業等
天主
天女
通所
小中
日森
数本
後門
先取
田代
直子
波動
夜行
当町
母屋
上階
光等
横板
市京
本心
終局
旅春
長町
小玉
者等
名等
三春
他局
親日
終日
京方
王者
後宮
高等
風雪
早世
勝毎
文言
東書
小学
一組
糸田
公道
原口
安室
全馬
転院
七鉄
月見
書道
高田
何曲
国歌
地頭
高月
公記
七月
服地
新地
野外
身上
役名
全日
図星
道草
半数
時血
心強
事理
新上
取水
名調
人多
出町
号室
方円
作庭
細目
白石
地山
学名
船長
大田
陽日
赤本
七色
天音
一話
幸楽
両足
湯村
真上
空海
出石
王女
勝数
大名
太刀
体中
都電
後年
真赤
血族
悪玉
夜光
内村
何方
東名
小豆
気道
今着
赤子
春原
春秋
学外
字音
真打
歌曲
農林
秋空
同州
夜店
日用
雪道
海自
来所
東進
天重
強気
話帳
屋形
十八
図式
日夜
木星
池田
金庫
何語
調合
小羊
白木
登板
会友
当主
宿新
手入
川田
水田
朝感
平取
書写
県北
水星
出所
読本
内湯
死海
上毛
空転
画楽
木戸
手相
直列
北谷
万物
寒風
温室
倍数
青山
湖東
原始
頭重
真顔
同曲
生首
決起
校門
羽生
戸田
天子
五右
国字
白光
相馬
早計
日米
暗門
礼央
花子
里子
守口
重野
秋味
表出
外福
緑風
真昼
九月
回送
風人
立言
重陽
京風
名文
黒板
鳥見
旅作
林家
山寺
湯湯
命式
三十
橋場
上原
勉学
光速
水月
小石
足立
東商
歌川
町屋
福田
山名
古事
兄様
力作
教本
実名
土湯
京大
右足
月様
天山
月光
生長
正品
北見
向日
校庭
帰港
通読
三次
二部
古馬
手記
五回
日工
五十
代休
岸家
神去
黒山
水庭
両日
実食
春高
馬力
理音
原田
十日
本命
六年
和犬
内宮
野心
外車
北野
宮口
転出
手打
次月
業火
遠投
今昔
実体
対語
名鉄
新手
森見
分化
公社
三代
守谷
合羽
服着
美通
父子
竹八
小声
行幸
回目
今読
受命
丸東
名乗
暗黒
生花
出玉
宿山
星里
先着
親玉
実妹
点画
平板
木六
研心
草書
勉三
頭語
転帰
医業
広東
電球
三島
秋月
足首
東川
日医
生写
和牛
湯一
赤面
小平
鳴海
県土
三名
中級
一代
直下
休館
高野
他市
理学
休会
内服
同国
名代
同業
神酒
神代
真冬
鼻血
文京
海運
五足
竹取
茶山
船内
文月
自走
角田
後生
天明
地魚
道南
意気
鼻息
区長
向島
根室
川口
羽島
局前
終点
中原
五万
下京
大高
鉄分
父方
三面
品目
練体
入道
花実
山地
生家
万引
知力
名門
工学
者様
氷上
知花
声楽
海洋
打線
門前
原書
分速
定数
天上
店先
旅路
小神
秋葉
代入
中里
水運
石黒
電人
二役
親父
深川
古着
玉子
下野
色味
多重
有野
山旅
矢板
公家
魚一
相川
中田
名画
遠野
役場
名宿
本問
本図
落合
門野
読人
物品
赤心
通期
波頭
通商
弟分
住友
書生
事何
生島
白湯
今池
安土
家出
指宿
毛毛
陽毛
原形
正室
中海
水出
七里
八男
犬用
急病
鉄線
合金
館山
用土
着生
百度
日進
水銀
美湯
広重
寺田
放心
化物
電送
点火
福生
実母
話出
週日
南米
心旅
海女
七味
三回
対馬
車線
十七
古来
天宿
