場合
必要
利用
自分
記事
商品
使用
登録
最近
今日
写真
参加
出来
問題
日本
以下
地図
時間
入力
関連
意見
最新
意味
無料
期待
参考
仕事
希望
中心
追加
説明
注文
指定
言葉
住所
大切
用意
目的
人気
発表
気軽
作成
周辺
予約
名前
今回
電話
関係
発生
先頭
注目
今年
世界
全国
生活
一人
安心
一部
病院
相談
公開
話題
会員
友達
注意
部屋
回答
予定
下記
当社
大変
求人
発見
本文
結果
仕方
送信
心配
案内
重要
東京
作品
協力
勉強
何度
健康
開発
最後
動画
大事
感想
開始
二人
文字
場所
活動
会社
決定
無理
登場
旅行
今後
以上
中古
様子
上記
理由
昨日
最初
残念
発売
方法
便利
機会
発送
成功
送料
土地
予想
元気
返品
料理
日記
変化
学校
新着
活用
当然
一度
時代
明日
天気
同意
自然
部分
体験
十分
投票
相手
参照
大人
観光
自由
完成
向上
特集
失敗
読者
事前
位置
放送
記入
楽天
人間
家族
管理
返信
感動
形成
本当
満足
食事
料金
安全
要望
気分
文章
研究
季節
発行
記録
一日
成長
有名
音楽
時期
自信
努力
本日
事実
配信
特定
通知
一切
自身
一番
失礼
練習
当店
用品
毎日
受付
大阪
店名
旅館
社会
実感
不安
時計
全部
約束
以前
印刷
種類
英語
京都
計画
地元
本人
家電
成立
引用
達成
近所
都合
中国
番組
路線
不明
要求
画面
以外
先生
集中
改正
返事
一体
馬鹿
実行
目標
人生
次回
大学
計算
行動
最高
関心
立場
発言
試合
何人
沖縄
教育
勝手
法人
全体
食品
苦手
調子
病気
当時
海外
発信
医院
強調
地球
強化
新宿
関東
課題
会場
特化
安定
電車
時点
想定
今週
分類
未来
区別
中止
共通
共有
礼金
入手
調整
空気
同一
出席
学問
明記
出荷
点数
低下
各号
整理
小説
一言
配置
公表
来店
何年
取材
放置
代表
記念
見方
学生
表明
見学
同様
新聞
国内
最大
相当
駅名
反対
人物
苦労
家庭
他人
学習
歯科
各種
医者
笑顔
友人
感心
仲間
完全
今月
第一
配送
観察
工夫
出品
受信
作業
不足
高校
公式
出発
氏名
生産
数字
昨年
上部
運転
事業
図表
左右
取引
育成
理想
固定
正直
辞書
表記
公共
目安
教養
卒業
身体
出前
去年
意外
休日
健全
今度
多数
当日
地名
祝日
太陽
休業
先週
交付
土産
外部
入荷
出場
文化
会話
万全
追求
来年
加工
交流
前日
関西
老人
本社
市民
建物
食材
必死
自動
発明
加入
国民
上手
由来
所有
来場
悪化
書店
売買
送付
半角
散歩
全文
空間
無事
電子
用語
期間
身近
有無
法令
面白
本気
勝利
連想
予感
結局
加算
一年
当院
何回
成果
不要
結成
体調
入院
倉庫
銀行
何卒
運用
九州
目次
予算
定着
交通
追記
主要
先日
愛用
反省
進行
絵本
特別
中身
地点
特典
相場
古本
平和
入札
決意
信用
入会
動作
美人
勇気
業界
進化
福岡
一方
次第
前回
短期
題材
見事
町名
手元
連動
神社
感覚
手紙
手帳
本書
物語
分野
算出
方向
形式
小物
本来
会議
戦争
世話
出産
計上
単語
実家
科学
運行
直面
業種
通信
投入
重点
教室
日中
社長
活発
機器
選出
出店
主体
自覚
本作
宮崎
文具
野菜
育児
通用
作者
起算
配合
一目
事例
毎年
連続
受験
和食
主流
空港
各社
完売
発達
持参
一歩
開放
意向
生成
入学
進学
一種
飲料
一定
建立
加筆
風景
転用
全力
発足
変動
一例
何事
買取
合意
進出
細心
午後
冷静
王国
定番
千葉
着物
香水
生息
動物
生徒
選手
市長
配達
梅雨
第二
荷物
順調
親切
工具
夕方
音声
漢字
店内
新年
大量
高速
一生
薬局
一見
生命
順位
日付
商標
集計
大会
手配
起動
工事
文庫
公園
埼玉
四国
原料
選定
祝福
家具
開業
東海
入金
出典
定員
材料
伝説
観点
飲食
店側
市場
最悪
有料
平日
人材
電気
手間
半分
気配
回転
仕様
明治
体感
発覚
運命
中学
屋根
区分
多大
真実
戸建
意図
花見
番号
数年
医学
議長
景色
協議
命名
当地
息子
店頭
何時
転送
徒然
行使
意思
例外
当選
原作
徒歩
場面
何者
不満
所持
一面
服用
正式
下手
北陸
悲鳴
順番
気合
神戸
外観
光景
台風
満開
愛知
東北
買物
着用
選挙
加速
合流
変身
省令
着手
本屋
流行
阪神
帰国
商談
昭和
実物
中元
好感
実力
間近
安置
児童
本年
広場
動向
館内
代金
共感
女子
大手
手軽
名所
日曜
早速
気温
工場
昼食
地位
一回
朝食
勝負
円高
面積
前面
一望
前後
兵庫
焼肉
部員
付着
花火
同社
食感
作用
最強
対戦
全角
滋賀
客室
少年
天候
自負
業者
店長
和書
運動
返金
平気
天使
周知
今朝
目前
一丸
土曜
電化
大半
最長
実験
赤旗
時空
多発
念頭
正当
夕食
急速
初期
用事
調和
事由
自社
流通
同行
改良
考案
指名
新品
重大
待機
中央
表紙
青空
広島
一員
味方
満面
週末
親身
具合
合間
節約
会長
起用
都内
地方
書類
道路
調節
見積
集約
手順
達人
世代
内科
奈良
原点
有利
録画
標高
野球
静岡
毎度
曜日
各地
不幸
第三
夜景
県内
人数
命令
録音
文書
返答
後半
照合
平成
短大
米国
多様
出土
問屋
夜中
入社
未然
何物
教会
内定
落札
両立
良好
地上
行列
本音
全然
帰省
信号
列車
付加
記号
放出
試験
先行
出力
苦笑
役目
多少
最低
近年
借金
悪口
苦戦
一同
新潟
観戦
最中
多用
都市
自立
不正
楽器
算定
科目
日当
議決
不便
少女
産業
明言
親子
世間
差別
米屋
特筆
間取
全員
来週
物流
岡山
園芸
発想
行方
右上
信州
当初
特色
代行
成分
開花
岩手
発動
二重
直前
付近
一線
書式
民宿
着目
合計
青春
植物
読書
年配
長崎
楽曲
両手
行事
鉄道
思想
正体
頭皮
決勝
登山
機種
完結
神様
本名
風味
民主
多分
心身
発注
幸福
所定
開通
改変
記法
駅別
一変
真夏
訓練
単発
岐阜
入場
四季
強要
手法
古書
直送
道具
出題
連結
様相
毎週
外科
下落
考察
整体
追放
今見
終始
一本
未定
流出
分身
高度
連発
足元
続出
利点
味覚
本物
対立
直近
切手
自生
協働
言語
戦後
単位
半年
山形
新車
王様
分散
町長
役員
定食
持続
作曲
愛犬
直結
照会
上位
月日
大地
今夜
万一
根底
名言
明白
広大
大分
体力
集合
当分
中間
図面
社寺
浴衣
主役
委員
部落
通学
福井
訓令
産地
死去
生計
正面
回数
天国
三人
食育
大別
欠落
熱心
一品
日数
近代
強力
帰路
横目
熊本
進歩
都会
県外
休止
参戦
調理
年末
連休
身長
養成
関節
理念
議題
整形
共同
右記
進路
人目
数量
多岐
学者
受理
機械
高級
文中
決心
死者
乗車
首相
何日
愛車
天才
同等
天空
申出
起点
助成
両方
赤毛
下車
投下
人形
深夜
住民
同店
星空
社員
反発
主人
事典
出番
成約
駅近
題名
使命
長期
後者
例年
最短
店員
愛読
国家
絵画
一説
待望
走行
合成
愛媛
一角
自民
戦場
残業
一世
表面
角度
欠品
極上
空室
大目
極意
農業
作動
寺院
香港
街中
赤字
散見
調達
何倍
新作
売地
農家
浴室
着実
標的
大正
記者
姉妹
和風
養子
右側
作家
横行
紙面
陽気
来日
空白
矢印
国語
集結
宮城
結合
来院
一夜
毛皮
試算
暑中
原案
道重
来館
栄養
原文
小麦
立地
三重
分岐
洋食
要約
佐賀
遠方
飲酒
商売
各国
発令
会計
上司
人事
徳島
体内
各課
以内
角川
上陸
通貨
今作
数日
全身
社名
改定
会談
真相
公言
終結
負荷
黒丸
千年
秋田
心理
国会
古代
鳥類
議会
決議
白銀
羽目
石川
手続
信長
方式
男女
公立
時事
熱中
給料
水曜
百聞
弟子
連行
以来
生地
書面
主題
当方
週間
両親
土佐
富山
三井
勇者
血行
左側
早目
協会
相続
洋服
議員
人種
虫歯
助長
長年
民族
仕業
旅先
運送
父親
院内
女神
原付
福島
群生
週休
高台
七夕
皮肉
体重
文学
幸運
自体
小雨
金色
左記
競売
右折
電波
気長
後世
目線
流用
朝日
出身
上下
本市
見当
強行
会見
側面
上場
定年
集客
門地
必見
好意
社説
日産
改行
左折
地面
決着
午前
大雨
大豆
同時
和洋
美白
東西
人文
欠点
水気
不服
一読
他店
改名
物事
労働
名店
新緑
入口
切開
身軽
有用
神話
決算
土台
生業
国立
水分
生協
花屋
家主
社外
入店
内包
人口
博多
七人
他社
注力
各自
美味
県民
栃木
会合
観客
近鉄
列挙
声明
新書
大声
本品
同課
図書
松竹
悪用
夏旅
群馬
初日
指標
連日
日課
英国
本家
二度
長野
課金
起業
初回
種別
部類
全集
転落
一票
流石
加味
前号
競争
算入
高知
洋画
学区
他者
全室
点灯
小売
特選
口調
交差
何本
青森
満天
合体
注入
物心
死体
当館
番地
同表
地酒
水着
無線
工芸
良品
足湯
未知
司会
神道
女医
生育
右下
転校
好調
特長
数人
親交
入室
山口
本業
角地
信念
初音
本校
月別
動員
山積
農薬
学会
名物
全面
小児
結集
二階
不利
同点
店主
参画
都心
登記
香川
母親
直感
金利
給食
意地
右手
日時
一手
気候
外灯
年月
住人
外交
清水
安静
家中
百年
人類
学科
活気
一挙
別人
自作
不当
長文
後日
出庫
白鳥
毎月
前記
大笑
数回
二年
人体
物色
思考
三度
学研
取消
何位
洋楽
島根
人達
辞典
放流
一口
一点
男子
一助
入所
便乗
究極
通院
部活
手前
北東
景観
来月
発音
参入
曲名
察知
機関
早急
助言
開店
感化
同席
売上
原理
丁目
月曜
作文
一新
部門
一時
単品
成人
林道
調印
茨城
知事
温度
生物
本題
上野
有力
不動
一発
世辞
消失
軍配
社内
今何
残暑
本場
全開
車両
酒類
天神
借入
手足
地区
本体
最速
用法
坂道
黄色
初夏
土日
金曜
景気
年表
消化
晴天
建学
外国
病名
地理
上京
底本
書名
顔色
何分
食器
一流
打開
本案
手話
台頭
共生
照明
受取
北部
以後
平行
本紙
道場
土用
読売
目印
満席
借家
入浴
出口
前進
台場
挙行
下着
放題
知人
改札
各週
長男
左手
港区
気楽
初心
健勝
思案
学部
子宮
都度
筆者
各店
続行
一連
各氏
校正
真心
部位
合算
物理
長所
土木
前者
想起
好天
魚屋
外見
出先
用紙
代用
南部
失望
雨天
始末
上品
直後
受給
大差
田中
下山
代引
対決
駅前
公明
百合
落下
法事
子犬
部品
節目
自愛
歌声
包丁
開運
羽田
同号
洋書
通路
白黒
前半
番目
平然
産学
家事
両者
一石
下見
見本
母体
参列
速読
消去
夕日
一通
百害
最終
副業
白羽
早朝
小社
本番
教員
一身
変形
何重
号給
上海
品種
等級
一周
活力
天井
会館
内側
同名
家計
昨夜
式場
借主
火事
伝達
近辺
開局
失念
本店
通園
市内
北京
戦国
集積
道順
反転
母校
三世
速水
旅宿
教材
一転
出動
弱火
台所
川崎
三種
流入
民間
前年
北区
本館
酒屋
転売
昼夜
下部
清栄
発散
悪意
国産
前身
対話
的中
不覚
中立
字路
住戸
全品
同期
名作
北上
夜空
挙式
対談
焼失
開館
算数
学力
戦死
部下
商業
赤坂
宿場
子孫
点心
下図
二手
赤西
体育
一息
産物
無茶
福屋
室内
同乗
矢先
近場
一節
神官
兄弟
不育
北側
取付
実用
起立
名曲
商材
化学
受注
競馬
本州
日光
内部
教訓
議事
三年
試読
毎回
百式
力説
数分
熱意
郡名
投信
街力
文芸
見物
天然
前世
東大
予期
上達
先手
標語
空想
水辺
中部
用量
予言
青年
山梨
所要
数学
対面
女王
老後
人出
寺社
取組
音読
細部
願書
様式
小顔
一列
年季
点等
念願
黒人
理科
鹿男
進研
満月
東急
英和
栄光
愛想
何気
集会
園内
切望
同法
命中
借地
開会
発育
大小
年代
回線
一家
中川
院長
愛着
清明
方達
別名
自明
親友
近道
決行
地形
風水
感服
毎朝
手当
千円
談笑
手札
無言
上表
有事
当面
美女
意表
目玉
白日
直行
実例
公正
帯広
最良
地下
送達
食後
他界
親指
学位
漢方
中年
数倍
米軍
終戦
新調
流山
食店
身分
外出
日清
大根
家屋
各界
山本
車種
通例
未満
争点
年号
商用
同人
連番
英数
各園
合宿
何様
中秋
先見
人名
折角
力点
血流
試食
物議
名医
列島
別物
火山
食料
海上
二軍
昨今
交代
手先
耳元
二次
風化
満室
無実
一台
小鳥
宿題
功名
商社
転向
変色
宮日
北国
静止
戦前
事案
手中
産科
電力
足音
今気
歯類
水中
地道
宿命
今目
北米
全米
飛来
祭事
行内
事後
軽食
大字
未読
返送
観念
対等
一味
熱気
野望
主食
配当
感知
最小
早期
水木
方言
数名
後味
入用
東部
星海
重箱
木立
元町
宿種
用心
内見
完食
万円
街道
電池
赤鼻
年度
天下
詩人
月間
東日
筆頭
今号
風土
心地
楽待
次号
主力
発案
合唱
西側
同紙
無数
共用
新卒
社民
後進
岡村
高配
実話
給付
毛頭
入門
年金
二味
第四
入歯
竹島
多幸
水道
花束
女心
整然
速度
転入
小屋
神田
南東
南下
一行
信徒
山崎
芸人
養育
遠山
印字
先月
別送
正午
消息
公文
反日
集落
原本
時候
面談
開校
文例
何色
市区
同会
地番
悪者
強固
付帯
風来
食塩
始発
声活
松子
和室
果物
気持
交配
本学
山新
区間
直進
四球
梅田
出船
用例
氷山
新種
新橋
熱海
語学
言動
南側
小林
薬事
二分
売主
名残
機体
元本
通話
通行
目頭
本意
組立
通関
熱戦
西区
口実
外側
結末
半生
他県
学院
和式
石油
太古
海辺
同然
当科
空色
王子
十年
先決
炭火
中火
南西
十勝
白馬
連立
同調
赤色
代物
大和
放牧
品川
反感
下水
本部
熱望
下表
所見
好物
節分
今半
一服
足手
人前
本会
元来
東側
苦言
古典
開場
小耳
極道
進入
不用
相葉
続発
多量
手本
組合
入試
下味
加熱
愛飲
近世
所管
前期
口元
言明
市部
前作
合図
付記
命運
行頭
宮部
指数
南区
路上
大体
線引
重量
便所
高温
配列
長岡
伝送
初見
千里
里山
九死
正気
新子
配付
線上
待受
乗船
量産
流星
直筆
登校
新米
売店
三文
鏡音
中日
松山
法的
同日
心血
夕飯
散会
歌手
試着
和英
落選
小人
競合
上流
全焼
六月
林立
三陸
後場
鉄板
出走
地味
一階
配管
童話
後手
高橋
所以
風習
強風
答申
読物
画材
着服
方面
外食
小牧
無知
発電
反旗
話数
建機
香料
悪寒
必読
協同
外来
新法
浅草
不良
一語
上着
音色
声高
日立
三輪
牧場
白紙
愛人
大方
鳥取
下線
湯水
小口
日別
必然
中野
不意
西友
死後
一戦
式典
手芸
時給
悪気
根本
黄金
理事
特養
単身
始動
予選
本県
松本
敗北
次男
五感
行者
内外
協定
化石
空手
不調
少量
残高
一位
表内
府中
酒場
工法
万里
屋号
音頭
北西
全戸
公平
屋外
一国
落語
連中
人参
赤線
満車
牛肉
三方
緑色
英日
左上
祭日
年間
下宿
二足
民法
発赤
目先
星様
血相
害虫
気心
公約
風上
信教
出向
昼間
主文
野口
用命
五輪
各駅
金運
方角
関知
野鳥
着陸
二倍
通算
反戦
知見
薬用
何千
府令
産声
室数
阪急
試作
国道
回想
重音
花王
当園
薬草
高卒
入園
先人
題別
知育
同氏
順次
光栄
神具
月数
軽量
西部
初耳
別表
医薬
中京
公的
治安
受章
生足
本数
大輪
短信
三月
川島
植木
期末
文明
土工
球場
区画
礼節
発火
建国
屋台
先代
氷屋
後期
実印
着想
名手
労力
南北
弱点
方位
夜間
器材
決死
右図
同化
山道
寺伝
司法
積雪
主観
新宮
白衣
機運
発毛
町田
本田
空席
大台
品番
味見
発進
試練
死角
配分
指先
緑茶
産出
集成
分配
主菜
無礼
細工
古都
足場
入港
歩道
少子
自他
予習
民家
先物
機材
火星
活魚
有様
今治
鼻水
祝辞
昔話
着工
発熱
無用
重用
県下
左図
線香
次代
明細
英文
利家
行進
五年
無休
公然
包帯
祭神
家臣
出世
下関
首長
里親
中世
歩調
同局
作中
四方
庭園
極力
肉体
名湯
副菜
同省
悪運
線路
海法
上田
説教
駅駅
下火
他方
雨音
道標
雨雲
羽根
大臣
日父
二方
黒部
山海
金星
季語
山行
中島
横田
選別
弱気
北遠
強大
心中
器具
同定
岩波
海岸
左下
未見
対極
四月
立川
低温
発着
着信
元手
父母
一号
平等
菜月
必定
庭木
入部
衣服
熱唱
死神
東区
口数
数秒
特例
男達
奈落
県別
電流
社伝
敗戦
品切
定説
金員
暗号
者達
時差
大宮
勝敗
加賀
上空
第九
最期
寒空
急変
日高
出火
使役
家路
末日
曲目
同校
親族
屋内
火気
連帯
転機
千代
熱湯
東洋
首都
一室
女多
結切
院名
絵的
民話
安住
口火
大家
書庫
点字
今観
福山
友近
出血
発車
梅宮
定期
死人
実習
月末
何台
路地
一休
果実
急登
白地
談話
大鹿
時流
三男
氷風
法案
期日
調教
産直
茶葉
号泣
岐路
薬指
全板
世帯
細道
選考
転写
観月
次会
花茶
急落
大木
子達
生死
具材
道楽
鉄子
出馬
滋養
行楽
大雪
十代
生身
教科
洋風
新芽
歯肉
年上
銀色
山菜
無残
森林
新店
筆順
用具
首席
面会
医科
日前
上図
太字
事気
育毛
辞表
中小
合同
人手
欠席
定住
佐天
学年
有害
天命
万病
新語
清流
天文
井上
利口
例会
西野
対岸
初物
名順
次走
交点
文頭
植林
四葉
今来
必着
来校
一次
日銀
苦虫
金麦
男湯
笑点
別紙
月給
仕草
植毛
少林
薬店
重体
口車
国連
伝来
街角
例文
小首
世相
下町
有数
局面
発出
洋室
他国
浴用
里田
丁度
借景
子分
良貨
糸目
王道
数順
酒味
安倍
兆候
味的
冬季
夏期
手引
転記
置物
石橋
買上
中庭
入庫
長門
飲茶
生体
金子
愛国
着地
全駅
明石
白熱
挙手
両側
同市
商店
城主
同作
白雪
西洋
外伝
放火
遊学
農村
福北
天野
階数
練馬
名勝
参道
森田
手形
箱根
薬楽
王手
六感
母子
外字
住信
全農
黒川
中村
塩分
中東
運気
和歌
大気
整地
商号
目深
西岡
城本
下位
通説
産生
朝目
前節
良心
着後
新春
白菜
不通
頭角
湯島
役所
急所
浴場
手塩
丁重
国市
長井
出鼻
頭悪
悲願
動転
第五
表中
少数
今季
冷水
血管
平静
健食
車内
力強
京王
農地
立木
全組
主夫
石田
民度
類語
西村
出生
身元
気功
美空
島式
発光
無力
希求
要所
日母
車道
万葉
今風
美食
汽車
県名
百人
小西
湯船
終売
長島
学長
文体
横顔
大化
羽入
井戸
北前
有明
火天
酒店
木材
水橋
高町
口大
温湯
国別
時分
駅街
力量
岡田
仕入
国旗
十人
門出
校長
天安
流水
特売
乗客
花輪
水虫
各校
苦心
法要
縄文
八戸
弱者
大陸
文人
登用
大空
百代
法相
列記
後学
未練
人民
明暗
一様
失意
初級
局室
三牧
半日
村長
底力
養生
品名
決戦
満員
美男
食道
申立
青字
残金
車輪
共産
小生
童心
官位
本機
英字
神主
室長
親元
続投
軍隊
春名
美化
大森
目上
百薬
真矢
一児
熱愛
進言
改悪
乗用
一画
公算
年式
試乗
空路
走路
日祝
大竹
洋式
関内
連合
通夜
好転
天地
遊星
追走
単式
真意
野生
店用
無人
来社
開山
号外
返用
名人
重荷
小田
指輪
正月
辺見
三日
冬場
前夜
食用
水草
万死
鳴門
水産
次元
薬品
通念
出港
手玉
飛行
化身
天体
今出
予見
火曜
追究
半期
一役
竹内
汽笛
初戦
出願
両面
昼時
春分
中区
目黒
開湯
父様
死守
本等
二日
古湯
帰化
日田
名産
入国
板別
他聞
何実
養女
電機
湯元
悪人
立夏
体外
始期
初午
不徳
苦楽
取集
着色
年内
前月
名目
谷氏
矢切
番茶
人工
一輪
売春
大挙
同種
欠員
羽音
屋上
黒字
記帳
古崎
標記
愛子
入線
下方
血中
法話
役者
無形
好走
手近
辞意
物産
口中
大塩
安芸
重度
出社
何点
二物
不発
長女
来園
十字
漁夫
竹田
市原
話的
南京
同県
広川
何見
国害
気力
青色
名山
強火
七草
一首
市東
放言
実生
森崎
白人
直線
生薬
加給
夏場
人知
後方
短所
礼法
十三
夏子
今夏
指向
旗旗
筆談
配車
利害
給湯
野村
歌人
朝顔
早産
知覚
山門
悪心
開園
大羊
急死
寒中
熊野
他意
曲線
注記
指南
養牛
先客
青梅
横丁
原画
三角
県立
板金
水色
発色
小島
知的
利便
大泣
山上
水平
頭金
関羽
孫子
広州
一族
白玉
通帳
薬害
別所
電通
係員
二乗
清算
花畑
学園
青木
自主
台数
南口
病死
湯茶
気学
楽園
真理
成形
戦隊
温水
年下
短歌
遠目
住器
他愛
一級
問合
入選
原産
白山
三本
毎号
海事
東横
福音
無印
出頭
宿名
発芽
共鳴
乗馬
死語
勝者
無題
有機
小川
春先
別館
名実
母語
同感
自伝
神軍
体温
前出
黒木
角館
両氏
西院
君達
間口
夏祭
時下
松戸
三色
千億
田子
小便
思料
大通
進物
山田
水牛
大船
身内
出光
老兵
試行
十二
本章
四人
学内
入念
田口
国等
有望
外人
失神
回遊
塩化
単調
五木
題目
定植
金物
大曲
気品
法学
両岸
残席
車名
神事
船宿
電器
周遊
五本
星人
一礼
付録
昼飯
氷川
順当
年分
建材
主筆
夕陽
一月
改組
代理
完治
何名
完敗
幸先
四年
山里
木村
前来
朝夕
風説
伝票
路頭
有楽
初歩
時短
軍門
音的
陸路
同園
曲水
有意
道新
名品
新風
力場
旅人
短命
薬味
寒気
他所
三交
言説
送金
戦力
成田
流産
法大
英知
村内
工業
村山
市町
国土
土屋
品物
試飲
車体
静養
安西
大橋
太一
敗走
大島
高波
自治
部室
字通
当市
気運
佐川
算式
満点
秋分
名器
女湯
原町
所用
改題
朝礼
大金
外道
語気
千本
茶色
表決
山野
持分
鳥羽
部会
高松
寺門
足指
終電
失当
暗記
大軍
丸井
知内
牛後
村人
広西
星界
台紙
帰着
湯気
名水
和央
別売
一大
末期
羽化
店番
三宮
竹林
水深
宿様
何組
成年
公害
悪徳
悪貨
年始
一足
手首
不変
新市
四男
年数
出方
部隊
二児
小星
戦中
湯和
本町
黒帯
血道
一社
引鉄
木目
五山
三村
矢面
来季
千鳥
朝市
医道
四万
木何
指令
当行
衣類
水面
深月
女三
大使
十九
周回
金商
高菜
頭上
高熱
内全
交番
毛足
一理
結実
軍服
最前
冬来
同列
赤福
強度
次表
特有
一曲
三木
近県
付議
笑笑
日神
不平
国友
立案
大業
北方
宮島
田辺
草花
白水
自転
万軍
百円
返上
安打
完走
大王
天栄
旗印
当会
強打
夏草
機転
海路
川合
表題
京橋
外注
入隊
二回
手動
平屋
内観
園庭
田町
三点
調定
歩合
休息
相田
大戦
相鉄
特訓
別府
新曲
橋本
伝記
八代
赤玉
白書
立秋
一命
京焼
口福
動的
議場
社屋
万感
命日
産休
見栄
器官
新人
病後
必勝
水上
神楽
当代
深化
共助
助力
大坂
大好
何着
足下
法文
青葉
夕空
山林
関白
金魚
木気
荷台
今時
味岡
固形
一一
愛好
良薬
一文
無念
国力
根城
前菜
全社
一秒
上気
第六
明光
王家
北風
直立
通達
園児
本院
知立
林業
新薬
昔日
用達
風雨
体気
船上
目録
千早
室温
登美
小道
軽老
目下
宿海
小雪
新色
青地
町村
五人
緑字
日和
外箱
米村
機内
見所
円貨
新生
箱代
小野
毛虫
電王
流木
字屋
薬院
多色
真岡
数的
飛鳥
新広
出金
書物
三進
両輪
参上
景品
強運
福神
山間
人見
内野
岡崎
気弱
伝家
手指
美名
白目
強引
春日
鼻歌
漢詩
感電
家内
西宮
君死
関学
分乗
駅長
校歌
祝電
治験
所長
当期
美界
追想
道徳
店様
本園
山札
入本
漁港
標題
入館
極度
局様
立春
遊人
各章
行中
良書
書目
大工
各年
切実
今秋
島田
下側
茶目
何代
階位
組曲
究明
多年
人流
着付
島原
万人
人的
同大
飛散
合議
人命
積和
一二
大敗
海南
発作
海老
首位
学芸
人員
半田
徳市
湯治
球体
雪風
文節
黒島
場名
文面
自害
数百
岩出
死力
数打
合戦
十一
中水
同月
自国
直登
男声
出雲
羽前
活写
官軍
福博
下地
祭典
分子
水菜
反落
木山
仕度
中井
重心
根暗
石口
固有
朝倉
正木
王朝
千種
各期
反動
長音
特出
都立
一食
高山
部局
小字
和佐
松林
火花
主語
左様
百億
横手
刷新
一分
学参
乗合
漁船
見出
進度
湯楽
各人
友好
本宮
速達
静観
鉄人
平治
三田
外付
日子
茶器
空調
固着
池上
六十
書中
水場
黒服
両国
何社
置場
松田
治子
一帯
駅力
席次
落着
作戦
木場
口頭
唱歌
古語
二輪
二所
四輪
民意
次週
平安
学級
和服
京進
大山
井土
末筆
特急
反例
洋館
道内
美楽
短文
産交
産品
三元
金品
金太
運休
花材
初出
号令
開学
板谷
水路
漁村
茶道
横道
協業
動議
顔見
古川
山下
川湯
宿一
話声
失笑
道外
道民
新令
名字
二点
通底
道央
八月
鳴子
馬車
市立
車高
早耳
中西
土門
町家
矢場
多聞
岩交
車中
雪国
動機
平定
高原
引力
同館
好機
帯付
東山
七年
村上
風船
登園
肉屋
水戸
各県
人里
二本
石炭
女児
半月
原油
功労
夜市
代品
洋子
番外
栄町
産後
借用
港南
大作
立法
高倉
円安
不全
色調
頭目
天望
無音
配流
遠足
週次
何味
親本
下北
町会
数台
一着
助手
連名
花音
農協
旗手
持病
港等
季題
信書
路面
養老
転化
旅本
節度
大群
実作
線画
赤身
低空
葉山
竹炭
目指
北住
詩歌
西和
特老
犬山
老健
健太
白金
知多
坂間
八雲
大原
信毎
月次
横山
四谷
整列
人様
食物
無心
丸山
一関
部長
花林
宮古
同量
古城
満身
風雲
民放
満期
民芸
連打
中少
式神
由衣
仕組
球根
湯古
席種
光輪
孫六
老化
大福
英気
画家
分読
米紙
電動
合点
洋梨
群落
一宮
半島
夏空
竹宮
北口
波止
野合
犬太
夜長
大辞
使者
焼鳥
水引
本節
年賀
全館
返付
有松
朝陽
成犬
市電
城内
西成
作法
当号
照笑
先発
北極
羽毛
花肉
校訓
大口
帰結
名刀
地中
古牧
古風
正対
平戸
詩集
馬子
梅園
積算
車間
自室
飲用
直島
広電
六法
東方
生月
中和
勝山
月夜
字点
歯間
名月
道太
日塩
不仲
日英
夏川
加水
全道
五位
塩原
地場
元号
満福
数社
両耳
宮川
百戦
白星
大海
曲美
一橋
山鳥
自機
風夏
美徳
軍手
小鼻
鹿島
数式
手練
宮交
平野
楽習
米側
予知
楽観
特上
合通
食神
円色
同前
町字
大池
重美
長者
金玉
転身
城北
草木
周期
青果
大京
住建
大漁
実戦
東原
今一
西内
重文
真田
赤味
羊毛
海男
買主
当所
商法
冷光
重臣
手手
他科
祭都
七田
前線
弓道
岐南
年頭
加点
暗雲
和文
式中
前田
遠州
本種
野人
赤羽
四十
親方
城南
外数
坂路
名声
朝勉
肉労
利息
期中
母数
当校
宿湯
湯音
公転
田園
送出
球界
土器
土等
本流
丸岡
目目
安城
香調
男度
三国
帯上
日給
宮司
真正
内気
客先
明大
岸部
読谷
公売
美里
入城
村田
作風
清遊
肉等
黒子
服役
残室
大暑
作画
国中
急行
覚書
国府
夏来
門戸
空母
副題
芸北
波長
十六
各馬
初着
側近
大石
立山
油絵
真歌
役人
月島
同送
何番
秒速
夏山
一作
助役
日焼
熊日
風森
坂出
子号
末女
金言
直球
実録
宮前
他校
山代
岡三
加温
学遊
氷空
食間
梅皿
石井
町紙
日向
歯学
北九
大勝
小町
和田
種田
野原
大卒
英詩
色的
北鉄
予熱
黒地
西口
活路
夜愛
本望
無類
開院
要点
成語
山路
薬学
前頭
月下
来夏
太守
北天
宮原
銀二
内数
最下
口笛
和名
主席
宿木
土方
四角
魚肉
花種
美声
箱館
車上
森川
氷雪
大火
山中
昔心
首記
京終
色紙
石野
帯電
物置
木工
交信
糸口
前店
老子
春死
和寒
教習
星弓
書画
二宮
都城
朝一
浅野
七七
一計
同書
番付
通年
七氏
高遠
東口
回付
原宿
種島
花波
点間
議席
船便
板的
花園
人後
局長
東月
何百
国生
大書
寒川
長物
戦列
松岡
相生
本号
通風
所期
対向
目星
土星
社交
表右
歩行
馬場
宿通
整数
輪島
時季
森人
日天
王城
代決
器用
花主
神父
西湖
千人
当番
黒衣
相反
人問
耳目
岐部
林試
年一
人等
道東
内心
回帰
部内
仕上
日毎
終期
回春
今道
取手
一辺
湖面
百万
作出
長栄
天板
遠鉄
区名
中指
崎谷
井手
開口
板長
気球
一丁
楽書
便名
酒気
三空
水城
特大
積読
公用
気味
幸村
岩場
売伝
人魚
牛角
客席
単話
正覚
高考
早雲
岩田
焼物
今野
類例
高給
大矢
相対
根元
競輪
三線
当寺
開議
神曲
母方
博徒
自首
当省
母友
果肉
青竹
物音
美品
台東
参集
茶香
市名
別記
対日
木曜
味出
長屋
三時
度数
底部
百五
松井
黒崎
首輪
福利
日通
水位
画題
静内
南方
宮本
前見
深部
時君
銀様
昼前
海音
話芸
勝算
心外
車板
店屋
標柱
小径
白米
山手
丸赤
別子
内角
春風
館長
調味
列伝
外聞
竹中
美川
神等
遠出
町内
名様
町道
弱虫
歌星
小話
宿人
石焼
八八
図画
百名
曲面
会期
宿金
黄門
遊佐
内助
心持
飯田
戦記
毛糸
鹿行
福交
敗軍
目白
等長
静的
見地
月宮
一事
文教
関医
室根
神宮
大物
天平
親愛
宿曜
果無
速記
岡内
直交
業等
天主
男鹿
天女
通所
小中
松島
日森
数本
後門
単体
先取
戦意
森氏
田代
直子
波動
一利
夜行
岩崎
当町
母屋
上階
光等
横板
市京
大特
本心
終局
旅春
野辺
宿関
長町
小玉
者等
名等
春節
三春
他局
親日
終日
京方
名札
王者
無地
後宮
高等
雪塩
特産
風雪
魚種
完品
最愛
早世
勝毎
文言
式辞
東書
小学
辞世
一組
糸田
公道
原口
白井
安室
節水
全馬
宿松
転院
七鉄
月見
書道
愛西
高田
何曲
各区
国歌
健人
地頭
語法
高月
公記
七月
服地
新地
野外
気位
紙器
身上
役名
全日
香住
図星
道草
半数
時血
心強
事理
新上
取水
予兆
参観
名調
人多
出町
号室
方円
特船
作庭
細目
白石
地山
熊取
学名
船長
大田
陽日
結界
赤本
七色
天音
使徒
一話
幸楽
両足
湯村
真上
空海
出石
取説
王女
発付
勝数
大名
太刀
体中
都電
山岡
後年
遠望
真赤
血族
悪玉
夜光
協和
内村
何方
東名
小豆
利休
気道
今着
古賀
赤子
原初
春原
春秋
学外
字音
真打
歌曲
農林
秋空
同州
夜店
日用
雪道
印加
海自
来所
東進
連係
天重
強気
消印
話帳
屋形
十八
図式
日夜
極東
木星
池田
金庫
対照
何語
調合
小羊
白木
登板
会友
極楽
真説
当主
交戦
順守
残数
初等
宿新
手入
音量
川田
水田
海側
朝感
天城
平取
書写
県北
水星
出所
読本
内湯
死海
上毛
別注
空転
画楽
香西
木戸
特日
手相
直列
北谷
万物
寒風
温室
倍数
青山
湖東
原始
頭重
真顔
特記
同曲
農産
生首
竹材
決起
校門
固体
金崎
文法
梅和
羽生
戸田
健指
天子
五右
国字
白光
相馬
早計
日米
暗門
礼央
花子
里子
守口
重野
秋味
主管
徳利
表出
外福
緑風
民国
芸名
真昼
九月
回送
風人
分量
立言
重陽
京風
転戦
公印
名文
黒板
鳥見
旅作
希少
林家
山寺
湯湯
無塩
命式
三十
橋場
上原
勉学
光速
水月
小石
足立
東商
成虫
歌川
町屋
福田
山名
古事
兄様
力作
教本
実名
土湯
飯山
京大
右足
月様
天山
軍人
利水
月光
本例
追録
生長
正品
北見
向日
校庭
帰港
通読
三次
二部
古馬
手記
五回
日工
貨物
五十
代休
東軍
塩崎
代官
金印
岸家
神去
黒山
欠号
水庭
悪果
結語
両日
実食
春高
信者
馬力
岡本
犬種
選人
理音
原田
管内
十日
所望
本命
六年
和犬
古希
金城
隊列
内宮
野心
外車
北野
宮口
転出
手打
京滋
次月
業火
遠投
今昔
料別
実体
対語
食害
康博
毛利
名鉄
新手
森見
分化
六景
公社
松野
三代
守谷
合羽
服着
玉置
夕景
完勝
美通
父子
竹八
小声
行幸
回目
単一
今読
受命
丸東
名乗
着順
暗黒
生花
日照
出玉
宿山
星里
先着
草案
親玉
実妹
赤松
点画
平板
木六
研心
草書
連語
勉三
頭語
転帰
医業
広東
気付
帳票
協調
電球
三島
秋月
足首
東川
日医
頭付
生写
和牛
湯一
赤面
小平
参宮
鳴海
梅屋
県土
群青
三名
相関
最古
中級
一代
付訓
直下
休館
高野
浅間
他市
理学
休会
内服
静音
松葉
同国
名代
同業
徳重
各板
牧神
神酒
神代
西軍
真冬
所産
外周
鼻血
伝言
文京
海運
絵伝
五足
倉田
竹取
極寒
茶山
船内
文月
軍命
自走
度量
老体
角田
焼成
後生
労作
天明
地魚
形的
図副
道南
意気
鼻息
区長
向島
根室
川口
羽島
清里
局前
終点
中原
最多
牧草
五万
夏季
下京
地底
陽未
大高
鉄分
父方
三面
品目
練体
静鉄
入道
花実
山地
生家
万引
知力
名門
工学
南極
者様
氷上
知花
声楽
香風
競泳
海洋
打線
門前
原書
春香
極言
分速
定数
前給
芸大
城下
天上
連理
店先
旅路
卒園
小神
秋葉
夫板
代入
金満
中里
水運
石黒
電人
二役
親父
各道
深川
古着
玉子
戦勝
愛花
札所
極真
古参
下野
色味
多重
有野
山旅
矢板
公家
室料
魚一
相川
中田
名画
遠野
前例
役場
名宿
本問
本図
落合
門野
読人
法定
約定
物品
大成
祝典
人選
赤心
同隊
通期
波頭
通商
弟分
住友
書生
清村
外信
極選
事何
春菜
生島
白湯
今池
安土
家出
指宿
毛毛
陽毛
原形
正室
中海
水出
町民
七里
家老
八男
令達
欠失
犬用
急病
鉄線
合金
館山
用土
着生
不信
百度
井出
日進
水銀
美湯
宮井
広重
寺田
天照
放心
化物
電送
点火
建具
福生
重刷
実母
話出
週日
南米
歯周
成都
心旅
海女
宿季
七味
三回
対馬
議院
車線
十七
古来
天宿
