北海道
飲食店
旅行記
東京都
福島県
自動車
小学校
日本人
日本語
日用品
自転車
小学生
社会人
出来事
暗号化
地図上
有名人
本発明
外出先
電話帳
千葉県
文字列
高校生
小文字
大文字
問題点
名古屋
図書館
使用上
中学生
中古車
長野県
用語集
外国人
中学校
正社員
本研究
三重県
委員会
運転手
東日本
発表会
正当化
主人公
研究所
自動化
事業所
西日本
青森県
真面目
新商品
先生方
中国語
写真集
全商品
日本酒
顔文字
一体化
大人気
石川県
教科書
多様化
中心部
広島県
秋田県
大学生
中心地
大部分
代表作
中古品
実用化
古本屋
定食屋
活発化
山口県
新生活
使用感
山形県
勉強会
売上高
食市場
岩手県
都合上
理事会
高級感
注意点
出発点
商店主
理事長
番組表
大多数
車買取
大分県
商品化
小売業
医薬品
長期間
鳥取県
本記事
具体化
遊園地
部屋数
日本一
表面化
高知県
委員長
研究室
安心感
島根県
大集合
先進国
和食店
語学力
買取店
原動力
代理人
集客力
原作本
小売店
文字化
登山口
市役所
放送局
書店本
出発駅
地球上
新発売
短期間
少人数
画面上
旅日記
動物園
出発地
地球人
細分化
下半身
出身地
安定感
開放感
取引先
登山道
意見書
風物詩
通学先
絵文字
交流会
日本海
注目作
集中力
発売元
旅行先
青少年
研究会
都市部
整体院
頭文字
配送先
外国語
中央部
開会式
弱体化
新番組
研究員
主題歌
大流行
五十音
地下鉄
次回作
年度分
歯科医
見学会
一口大
入学式
配送員
多方面
発言数
思春期
光回線
会社員
入門書
部屋食
大問題
練習場
文化祭
人気店
路線図
商品数
電子化
電気屋
入会金
人事部
安定化
病医院
組合員
集合体
本事業
美少女
店写真
世界一
食生活
古書店
鉄道駅
次世代
遊歩道
代理店
地形図
洋食屋
合言葉
注文数
新聞社
山間部
運動会
日本国
北九州
決算書
運動場
住所地
今大会
古事記
日記帳
実用品
本作品
写真上
右写真
全世界
中国人
近代化
商品本
所有物
作曲家
高度化
姉妹店
合理化
新世界
乗用車
引用元
人間力
本調子
発想力
電気代
新会社
秋葉原
事業主
家具屋
長期化
同級生
見放題
野生化
大注目
定番品
南西部
用品店
短時間
県教委
薬学生
勝負服
新年会
全客室
新学期
広東語
市教委
明細書
学習会
北西部
太平洋
大人数
中高年
角部屋
原生林
耳鼻科
取引所
文化人
感想文
漢方薬
同友会
地図下
同時期
親近感
相談室
集会場
世間話
心理学
軽作業
二次元
中心点
落語家
大草原
海岸線
前画面
中古本
転用元
生放送
配当金
右半円
左半円
計算書
子会社
区役所
全画面
日本円
東京駅
期待大
長電話
入園式
水族館
部活動
食肉店
公用語
植物園
計算上
今月号
進学先
生花店
新書式
本発表
体重計
家庭力
水道水
水面下
一時代
東南海
母国語
記事数
行動力
万葉集
電車男
通知書
生命線
洋品店
分科会
事業部
名言集
発行元
新時代
花言葉
新登場
生息地
同意見
立体感
思考力
八重歯
黄金色
社会科
表題作
発売国
文庫化
一安心
出来高
同業界
回答数
一身上
全記事
一時金
東海道
明文化
日記数
西遊記
書店員
赤文字
大百科
大学院
本大会
県大会
正会員
医学会
工事業
一体感
前受金
太平記
自分流
生意気
写真屋
多言語
会員数
水平線
当組合
算定上
引出物
等身大
人気作
屋形船
化合物
入学金
中南米
大発生
病気犬
里親犬
小休止
国指定
上下線
草野球
生命力
高速化
新工場
自由化
相手方
表形式
同期間
夏本番
本部長
外注先
中医学
多走行
文字色
新分野
新入荷
生活上
客室間
教育力
事実上
発起人
地下室
定員数
同世代
日本画
問題化
道具屋
学園祭
高次元
工作員
体育館
相対化
四天王
実写化
回数分
引当金
食事会
起業家
行楽地
風雲急
校長室
実体化
同時代
同等品
市長室
新聞紙
出身校
部屋着