不動産
不思議
管理人
北海道
飲食店
埼玉県
旅行記
東京都
福島県
駅周辺
自動車
小学校
日本人
日本語
日用品
利用上
自転車
小学生
茨城県
社会人
出来事
愛知県
時間帯
暗号化
兵庫県
地図上
有名人
京都府
本発明
不具合
外出先
電話帳
大阪府
千葉県
文字列
高校生
小文字
大文字
問題点
英会話
体験談
名古屋
未入力
図書館
単行本
手数料
目的地
使用上
中学生
中古車
大満足
長野県
用語集
静岡県
大自然
観光客
外国人
福岡県
中学校
観光地
正社員
英数字
岐阜県
本研究
三重県
委員会
説明会
小児科
運転手
沖縄県
東日本
発表会
正当化
主人公
新潟県
研究所
特産品
新着順
自動化
事業所
西日本
青森県
卒業生
群馬県
真面目
新商品
先生方
配送料
栃木県
中国語
写真集
最終回
全商品
日本酒
宮崎県
顔文字
一体化
大人気
石川県
教科書
滋賀県
多様化
中心部
福井県
受験生
未登録
広島県
入札数
秋田県
富山県
大学生
中心地
不自由
奈良県
参院選
宮城県
岡山県
大部分
特急便
代表作
中古品
不良品
実用化
今週末
不十分
共通点
古本屋
香川県
定食屋
活発化
山口県
調味料
料金表
特商法
新生活
新感覚
博物館
交差点
使用感
長崎県
山形県
熊本県
勉強会
商店街
売上高
飛行機
急成長
食市場
岩手県
成果物
都合上
理事会
高級感
注意点
大成功
卒業式
出発点
管理下
商店主
大浴場
不安定
理事長
小説家
原材料
番組表
不用品
大多数
車買取
大分県
商品化
勉強法
小売業
山梨県
愛媛県
医薬品
佐賀県
長期間
鳥取県
宿予約
本記事
具体化
最上部
送信元
食料品
遊園地
部屋数
最上階
日本一
表面化
高知県
委員長
無関係
研究室
反対側
電器屋
安心感
島根県
電器店
大集合
健全化
文例集
低身長
先進国
交通量
和食店
語学力
買取店
原動力
最新号
代理人
集客力
原作本
小売店
文字化
登山口
市役所
放送局
書店本
出発駅
主原料
地球上
新発売
短期間
徳島県
説明書
少人数
画面上
魚料理
旅日記
何種類
相関図
日本法
動物園
先着順
土産屋
出発地
地球人
細分化
下半身
出身地
不都合
大好物
安定感
開放感
取引先
登山道
住民票
石材店
日本初
自然界
植民地
未回答
意見書
自治体
風物詩
通学先
特典品
差別化
民芸品
給湯器
絵文字
交流会
日本海
関連語
注目作
集中力
主成分
発売元
旅行先
青少年
世界観
研究会
標本画
都市部
整体院
頭文字
配送先
通話料
印刷物
外国語
中央部
開会式
弱体化
新番組
研究員
返信元
主題歌
本会議
大流行
業界初
五十音
地下鉄
予約数
次回作
好立地
年度分
歯科医
便利屋
返送料
見学会
配信元
助手席
名産品
英語力
一口大
自分達
競争力
入学式
配送員
多方面
発言数
利用料
思春期
光回線
追加先
児童館
会社員
入門書
説明文
部屋食
大問題
投票順
低金利
初当選
小料理
練習場
決勝戦
生産量
文化祭
無農薬
読書量
人気店
無関心
路線図
試写会
商品数
記念品
配達員
通信社
電子化
料理店
電気屋
入会金
人事部
安定化
入場料
病医院
組合員
温度差
協議会
集合体
本事業
美少女
人気順
使用法
二種類
固定化
店写真
集大成
世界一
使用料
食生活
古書店
最大化
鉄道駅
次世代
遊歩道
重量物
未分類
分岐点
登録料
代理店
産業上
地形図
洋食屋
合言葉
注文数
新聞社
不景気
山間部
初体験
運動会
日本国
北九州
最新作
初期化
決算書
運動場
住所地
今大会
古事記
先週末
日記帳
実用品
本作品
写真上
右写真
全世界
送受信
中国人
不登校
体験記
登録駅
近代化
住所順
具体例
健康上
最前線
走馬灯
商品本
所有物
作曲家
古民家
求人票
不信感
駅徒歩
単身分
高度化
姉妹店
合理化
要望書
新世界
出典元
要出典
小馬鹿
乗用車
関西発
未成年
引用元
人間力
本調子
大分類
使用量
発想力
要注意
生徒会
電気代
新会社
初対面
秋葉原
不必要
事業主
育児期
家具屋
長期化
昨年末
同級生
見放題
園芸店
当協会
公民館
野生化
大注目
定番品
今月末
健康体
南西部
用品店
短時間
着色料
県教委
薬学生
冷暗所
勝負服
軽量化
新年会
予約上
送付先
全客室
焼肉屋
新学期
広東語
市教委
明細書
調理器
法令上
借入金
国交省
学習会
北西部
太平洋
消化器
大人数
中高年
角部屋
原生林
世界初
耳鼻科
初参加
取消料
取引所
文化人
感想文
初登場
給料表
漢方薬
同友会
地図下
同時期
親近感
相談室
炭火焼
集会場
世間話
朝食付
心理学
軽作業
二次元
中心点
不死鳥
共有化
予約宿
落語家
大草原
海岸線
前画面
最高級
中古本
転用元
熱帯魚
生放送
高時給
配当金
静止画
右半円
左半円
計算書
本特集
子会社
海水浴
日本側
会議室
本登録
区役所
全画面
日本円
東京駅
便利帳
日本軍
議事録
期待大
最大級
長電話
入園式
産直品
持分法
水族館
配水管
日付順
成人式
部活動
自信作
食肉店
公用語
不自然
植物園
計算上
百貨店
児童書
今月号
進学先
名前順
副会長
生花店
産業界
人物伝
新書式
本発表
体重計
家庭力
水道水
水面下
阪神間
一時代
東南海
母国語
中心街
記事数
単語帳
行動力
利用分
万葉集
電車男
通知書
生命線
主治医
洋品店
分科会
改正案
送信先
助成金
事業部
名言集
同協会
大失敗
発行元
新時代
新選組
花言葉
夏野菜
新登場
特別室
発言量
最下部
生息地
無意味
同意見
立体感
思考力
八重歯
無香料
黄金色
最終話
低料金
社会科
表題作
不本意
発売国
女友達
文庫化
一安心
追求心
英単語
不明点
配信先
出来高
要注目
大阪駅
同業界
全重量
回答数
一身上
悪天候
全記事
高低差
参議院
一時金
東海道
明文化
日記数
西遊記
書店員
最下位
回答順
赤文字
大百科
改正法
大学院
本大会
不合理
県大会
正会員
三連休
医学会
料理人
機関紙
工事業
関心事
低学年
金利差
利用法
一体感
図案化
市議会
愛国心
前受金
季節感
見積書
太平記
自分流
生意気
周波数
写真屋
法改正
多言語
会員数
運転席
水平線
当組合
算定上
同業種
会社法
引出物
連合隊
等身大
人気作
良回答
工芸茶
屋形船
化合物
入学金
天然石
中南米
大発生
参考書
病気犬
里親犬
小休止
国指定
改札口
記入例
上下線
約半数
仲間達
草野球
梅雨空
電話機
集議院
文科省
重量感
地球博
生命力
高速化
新工場
自由化
地元産
相手方
表形式
生産地
同期間
未公開
夏本番
本部長
外注先
魚貝類
初公開
中医学
配送便
多走行
文字色
無失点
一昨年
新分野
新入荷
物香水
生活上
客室間
教育力
機械化
作品群
不要物
事実上
発起人
最小化
実験台
給湯室
地下室
関連本
寒冷地
定員数
同世代
日本画
問題化
投票数
有料化
道具屋
博多駅
無生物
学園祭
未記入
不定期
合法化
高次元
工作員
体育館
予約金
最重要
商品札
共用庭
沖縄人
相対化
副大臣
関係上
四天王
実写化
回数分
不整合
日産車
引当金
食事会
来週末
起業家
流通量
行楽地
出願数
未完成
風雲急
原風景
生徒達
初会合
低気温
相場観
見聞録
校長室
神無月
人流量
参照先
実体化
相続人
同時代
関連食
学習法
同等品
市長室
管理部
一苦労
新聞紙
出身校
部屋着
登録順
機内食
京料理