不動産
不思議
管理人
北海道
飲食店
埼玉県
活性化
旅行記
不適切
東京都
事務所
福島県
駅周辺
店情報
出版社
事務局
美容室
自動車
本規約
小学校
日本人
消費税
美容院
日本語
日用品
利用上
自転車
不可能
小学生
性質上
茨城県
社会人
芸能人
出来事
愛知県
時間帯
居酒屋
暗号化
兵庫県
地図上
有名人
京都府
本発明
不具合
編集部
外出先
非表示
電話帳
大阪府
広告主
最大限
保育園
千葉県
文字列
高校生
小文字
大文字
問題点
英会話
体験談
名古屋
個人差
未対応
未入力
図書館
未経験
単行本
最寄駅
手数料
大好評
目的地
税理士
使用上
政治家
歯周病
中学生
厚労省
中古車
大満足
新宿駅
長野県
講演会
解説文
用語集
静岡県
顔画像
大自然
観光客
不可欠
外国人
福岡県
中学校
不利益
情報量
非公開
美術館
観光地
説得力
共益費
管理費
街情報
正社員
英数字
岐阜県
本研究
三重県
建築家
保証金
委員会
説明会
小児科
運転手
沖縄県
所在地
報告書
東日本
発表会
正当化
主人公
新潟県
研究所
特産品
製造業
新着順
自動化
事業所
西日本
青森県
卒業生
弁護士
群馬県
真面目
新商品
証明書
先生方
配送料
十二分
栃木県
中国語
写真集
全国版
最終回
全商品
運営局
日本酒
画像下
宮崎県
顔文字
投資家
一体化
間取図
大人気
最小限
石川県
教科書
価格帯
無意識
滋賀県
多様化
最適化
中心部
築年数
福井県
受験生
交通費
未登録
広島県
入札数
講談社
秋田県
富山県
血液型
大学生
本格化
中心地
不自由
奈良県
参院選
宮城県
最新版
救急車
岡山県
精神科
大部分
工務店
特急便
低価格
代表作
中古品
不良品
効率化
実用化
再放送
今週末
不十分
共通点
古本屋
香川県
居心地
予備校
定食屋
初回版
活発化
現時点
山口県
調味料
料金表
特商法
新生活
新感覚
博物館
交差点
在学生
限定版
使用感
長崎県
山形県
熊本県
勉強会
建設業
複合機
解決法
商店街
現在地
売上高
飛行機
新幹線
歴史上
一本化
急成長
食市場
以下略
新製品
岩手県
成果物
都合上
支配下
理事会
高級感
清潔感
注意点
大成功
卒業式
出発点
管理下
商店主
大浴場
不安定
理事長
小説家
保険料
原材料
番組表
不用品
大多数
車買取
大分県
商品化
勉強法
小売業
山梨県
再構築
非会員
再起動
愛媛県
講習会
医薬品
新世紀
佐賀県
長期間
鳥取県
宿予約
本記事
具体化
最上部
会員制
送信元
食料品
遊園地
不快感
部屋数
最上階
具現化
日本一
表面化
合計額
高知県
委員長
現行犯
英語版
高品質
無関係
研究室
反対側
関連職
電器屋
記者団
安心感
島根県
電器店
大集合
健全化
文例集
低身長
先進国
交通量
和食店
語学力
買取店
原動力
最新号
代理人
保育所
集客力
原作本
参加費
小売店
建築物
不適当
文字化
生態画
登山口
市役所
適正化
放送局
書店本
車査定
出版物
出発駅
主原料
地球上
過半数
新発売
短期間
一戸建
徳島県
説明書
少人数
研修会
画面上
魚料理
旅日記
予約制
何種類
書評数
相関図
美容師
日本法
対象店
動物園
先着順
日程表
明確化
土産屋
出発地
地球人
高血圧
高機能
総選挙
犯罪歴
細分化
重過失
下半身
未設定
出身地
不都合
大好物
再入荷
安定感
宿情報
開放感
取引先
登山道
住民票
公務員
自衛隊
石材店
日本初
自然界
大容量
植民地
未回答
構成員
意見書
豆知識
自治体
風物詩
通学先
特典品
栄養価
差別化
民芸品
給湯器
民営化
総務省
絵文字
交流会
非対応
理容室
再発見
日本海
関連語
注目作
集中力
有意義
高画質
主成分
発売元
旅行先
営業所
青少年
世界観
所得税
研究会
物件数
食品費
全物件
申告書
標本画
都市部
道州制
整体院
頭文字
配送先
通話料
印刷物
外国語
中央部
開会式
弱体化
教職員
製品化
受講生
新番組
研究員
電子版
返信元
一口大
製造元
好印象
在庫数
主題歌
受講料
入湯税
本製品
教育費
決定版
本会議
大流行
社労士
相続税
業界初
五十音
地下鉄
予約数
次回作
弁当屋
事故車
手術数
好立地
年度分
市民税
美術品
経産省
歯科医
便利屋
返送料
検察側
保育士
編集長
見学会
配信元
助手席
名産品
新機能
神経質
雑貨屋
営業職
卒園式
英語力
自分達
母親似
父親似
競争力
入学式
日本版
配送員
多方面
発言数
利用料
留学生
思春期
仮想化
光回線
質問文
追加先
児童館
新条例
会社員
入門書
説明文
部屋食
大問題
投票順
逆効果
代表格
画像付
婦人科
低金利
初当選
義務化
小料理
新技術
関東版
練習場
決勝戦
生産量
文化祭
無農薬
読書量
芸能界
組織化
人気店
無関心
路線図
試写会
商品数
記念品
配達員
評価点
美術書
通信社
電子化
現代人
料理店
電気屋
増改築
再構成
入会金
留意点
留守番
人事部
安定化
入場料
出張先
病医院
表示上
光熱費
組合員
生活費
温度差
協議会
集合体
本事業
全表示
現実味
美少女
人気順
使用法
二種類
固定化
店写真
集大成
仕入先
世界一
使用料
食生活
古書店
本講義
半歩上
無効化
混血児
最大化
鉄道駅
複雑化
年会費
次世代
大統領
遊歩道
重量物
未分類
保険金
分岐点
登録料
代理店
産業上
地形図
洋食屋
評価書
合言葉
総資産
注文数
投資法
新聞社
不景気
山間部
初体験
立命館
運動会
日本国
北九州
最新作
初期化
決算書
日本史
大正解
運動場
住所地
駅情報
今大会
角主張
古事記
標準化
先週末
日記帳
実用品
会計士
造園業
本作品
写真上
右写真
全世界
高評価
送受信
性病科
技術上
中国人
会員版
不登校
体験記
作務衣
登録駅
近代化
男女比
住所順
具体例
健康上
調査隊
最前線
走馬灯
商品本
製品版
再配信
正義感
経営上
貸倉庫
不正確
所有物
作曲家
古民家
求人票
不信感
注意報
制度化
運輸業
再編集
町民税
非通知
駅徒歩
刊行物
単身分
旅情報
高度化
姉妹店
付属品
非営利
合理化
要望書
空室数
不明確
肥大化
在校生
新世界
出典元
要出典
責任感
本講演
全体像
編集室
小馬鹿
乗用車
関西発
未成年
引用元
人間力
今現在
本調子
大分類
使用量
発想力
要注意
声表示
生徒会
電気代
数十倍
新会社
初対面
秋葉原
不必要
情報室
事業主
婦人服
育児期
家具屋
常識化
長期化
昨年末
個体差
同級生
高気圧
見放題
園芸店
文化財
主業務
当協会
公民館
野生化
平和賞
大注目
定番品
今月末
健康体
武士道
資本金
南西部
用品店
短時間
着色料
増減額
大絶賛
全採点
県教委
薬学生
日米間
居場所
冷暗所
勝負服
大賛成
軽量化
半導体
新年会
予約上
必殺技
似顔絵
送付先
通常版
面接官
全客室
焼肉屋
再評価
新学期
定額法
広東語
市教委
体験版
明細書
調理器
法令上
借入金
国交省
学習会
北西部
太平洋
三国志
消化器
神格化
一時金
大人数
正常化
中高年
角部屋
原生林
表示順
志望校
世界初
再交付
耳鼻科
初参加
境界線
取消料
取引所
保証人
文化人
感想文
建造物
初登場
不合格
給料表
漢方薬
同友会
地図下
同時期
親近感
全機能
相談室
炭火焼
集会場
世間話
朝食付
登録制
路線価
心理学
軽作業
二次元
小麦粉
中心点
不死鳥
共有化
予約宿
落語家
個数分
大草原
海岸線
前画面
助産師
最高級
中古本
個人間
転用元
熱帯魚
情報屋
生放送
高断熱
高時給
配当金
静止画
性教育
右半円
左半円
現代風
計算書
本特集
告別式
子会社
海水浴
博士号
日本側
会議室
非売品
本登録
区役所
全画面
日本円
本報告
法人税
技術力
東京駅
表示校
保健所
運営元
再配布
便利帳
日本軍
議事録
期待大
最大級
長電話
修理屋
常態化
雑記帳
首里城
富士見
入園式
広告費
産直品
教材費
持分法
水族館
栄養素
配水管
技能工
世界史
現実化
日付順
成人式
部活動
自信作
食肉店
公用語
転職先
不自然
経由地
植物園
計算上
百貨店
児童書
四六判
再発行
南高梅
今月号
正職員
経験談
理美容
進学先
名前順
副会長
生花店
産業界
人物伝
光接続
価格順
新書式
配布店
自走式
本発表
体重計
家庭力
水道水
全件数
水面下
阪神間
一時代
東南海
母国語
測定器
弁護側
不織布
二極化
中心街
指圧師
特別賞
本調査
記事数
最低限
構築物
単語帳
初任給
行動力
利用分
弁当箱
万葉集
電車男
通知書
生命線
資料集
日刊紙
主治医
洋品店
絶好調
限定数
無修正
分科会
改正案
送信先
助成金
富士通
生情報
事業部
名言集
総人口
伝統芸
同協会
取引額
人件費
特性上
大失敗
発行元
仕事術
生出演
新時代
想像力
新選組
事務職
花言葉
夏野菜
新登場
特別室
発言量
最下部
住民税
生息地
現金化
無意味
精神面
同意見
評価額
立体感
思考力
得意技
八重歯
無香料
黄金色
過去問
最終話
低料金
罪悪感
社会科
日本製
表題作
北方史
不本意
防衛省
発売国
女友達
文庫化
一安心
委任状
追求心
英単語
授業料
招待状
安定型
不明点
配信先
光情報
出来高
要注目
大阪駅
保険証
情報化
高性能
指圧業
同業界
管理職
全重量
回答数
一身上
悪天候
全記事
高低差
感謝状
参議院
東海道
明文化
日記数
西遊記
書店員
家政婦
重厚感
最下位
同製品
回答順
芸術家
赤文字
大百科
適時打
改正法
読解力
大学院
本大会
不合理
県大会
正会員
夏限定
低気圧
三連休
医学会
料理人
機関紙
定額制
日常化
工事業
関心事
節約術
保険屋
低学年
小型化
金利差
利用法
素材集
限度額
一体感
十六夜
図案化
技術面
市議会
大型化
愛国心
前受金
季節感
見積書
太平記
自分流
生意気
周波数
写真屋
法改正
質問箱
現行法
関西版
出資金
本資料
多言語
会員数
運転席
水平線
職務上
資料館
当組合
算定上
三千院
同業種
会社法
引出物
連合隊
変動額
等身大
正規品
保養所
人気作
良回答
殺人罪
工芸茶
屋形船
歴史学
化合物
入学金
天然石
美人妻
航空機
中南米
大発生
参考書
病気犬
里親犬
三省堂
未経過
未入居
小休止
国指定
改札口
買取額
大特価
記入例
上下線
約半数
仲間達
草野球
梅雨空
電話機
再登場
栄養士
集議院
保健室
文科省
文学賞
重量感
消費財
地球博
物件量
投資術
生命力
高速化
新工場
自由化
無造作
地元産
高音質
相手方
表形式
生産地
同期間
足温器
古美術
保健師
最高額
構造順
未公開
夏本番
本部長
応相談
外注先
類義語
質問集
魚貝類
初公開
中医学
配送便
多走行
最新刊
非上場
文字色
原判決
無失点
一昨年
新分野
再照準
新入荷
物香水
生活上
客室間
教育力
同条件
機械化
作品群
不要物
事実上
発起人
最小化
実験台
給湯室
限定品
未解決
地下室
化学賞
修理代
関連本
寒冷地
制作料
旧条例
現地発
絶対数
定員数
同世代
日本画
再質問
一次会
学資金
問題化
反比例
投票数
有料化
道具屋
非日常
博多駅
大感謝
何百万
情報元
無生物
研究費
学園祭
未記入
不定期
合法化
特別職
経営学
高次元
完全版
再生産
工作員
総動員
当社比
体育館
会員証
予約金
最重要
商品札
共用庭
沖縄人
相対化
副大臣
投資額
関係上
四天王
実写化
小型版
回数分
不整合
消費量
日産車
引当金
無限大
食事会
来週末
起業家
流通量
行楽地
全神経
出願数
査定額
未完成
風雲急
解説書
原風景
指導力
生徒達
初会合
短編集
低気温
計測器
相場観
見聞録
校長室
神無月
再表示
人流量
表現力
参照先
製造所
酸化物
再指定
自家製
実体化
相続人
決断力
大紀元
同時代
素材屋
関連食
学習法
低学歴
前日比
同等品
市長室
保安林
新規則
管理部
規制法
一苦労
世紀末
新聞紙
出身校
何百倍
再出発
美容液
部屋着
登録順
機内食
京料理
再開発
