著作権
不動産
大丈夫
駐車場
雰囲気
不思議
管理人
北海道
飲食店
埼玉県
卸価格
活性化
旅行記
不適切
東京都
事務所
看護師
福島県
知恵袋
駅周辺
店情報
専門家
出版社
事務局
著作物
美容室
自動車
本規約
小学校
幼稚園
日本人
消費税
美容院
日本語
日用品
利用上
薬剤師
自転車
不可能
小学生
性質上
茨城県
従量制
冷蔵庫
社会人
芸能人
出来事
愛知県
大歓迎
最安値
時間帯
居酒屋
暗号化
兵庫県
地図上
有名人
京都府
本発明
連絡先
不具合
編集部
外出先
非表示
記入欄
電話帳
大阪府
広告主
最大限
結婚式
勤務地
保育園
診療所
郵便局
千葉県
学習塾
携帯版
文字列
高校生
小文字
大文字
問題点
英会話
体験談
名古屋
個人差
未対応
未入力
図書館
履歴書
文房具
未経験
単行本
最寄駅
手数料
大好評
目的地
税理士
宅配便
使用上
政治家
歯周病
民主党
中学生
厚労省
中古車
違和感
展覧会
大満足
新宿駅
展示会
価値観
長野県
講演会
解説文
航空券
再検索
用語集
静岡県
顔画像
専門店
大自然
観光客
首都圏
不可欠
映画化
再認識
外国人
福岡県
中学校
皮膚科
不利益
情報量
紹介状
非公開
再確認
美術館
観光地
説得力
治療院
共益費
管理費
街情報
領収書
正社員
英数字
私自身
岐阜県
本研究
三重県
従業員
攻略法
建築家
保証金
委員会
説明会
小児科
運転手
沖縄県
大活躍
存在感
北朝鮮
所在地
報告書
東日本
発表会
正当化
主人公
新潟県
研究所
会員権
特産品
製造業
新着順
自動化
事業所
西日本
青森県
不妊症
卒業生
認知症
専門医
弁護士
通信簿
群馬県
真面目
時刻表
新商品
証明書
先生方
配送料
十二分
温泉宿
栃木県
中国語
無添加
重要視
糖尿病
写真集
全国版
最終回
全商品
運営局
子供達
日本酒
画像下
宮崎県
顔文字
販売店
投資家
映画館
一体化
間取図
住宅街
大人気
最小限
石川県
教科書
価格帯
最優先
無意識
滋賀県
多様化
透明感
学校裏
最適化
専門書
筋肉痛
中心部
築年数
福井県
受験生
卸問屋
交通費
未登録
広島県
入札数
講談社
展望台
秋田県
富山県
補助金
甲信越
血液型
老朽化
神経痛
悪影響
問題視
大学生
本格化
中心地
不自由
奈良県
参院選
宮城県
最新版
救急車
備考欄
岡山県
精神科
大部分
工務店
皆様方
特急便
低価格
代表作
中古品
不良品
効率化
実用化
再放送
今週末
現段階
不十分
転居届
共通点
古本屋
香川県
大盛況
承認制
貴金属
居心地
予備校
治療法
定食屋
初回版
活発化
現時点
山口県
影響力
整骨院
裁判所
情報誌
調味料
料金表
特商法
必需品
新生活
看護婦
新感覚
危機感
博物館
洗濯機
紹介文
交差点
子供服
在学生
限定版
使用感
長崎県
偏差値
山形県
熊本県
選択肢
大企業
小冊子
勉強会
建設業
複合機
解決法
商店街
現在地
売上高
飛行機
官公庁
新幹線
歴史上
温泉地
一本化
急成長
食市場
実店舗
以下略
花粉症
新製品
岩手県
成果物
都合上
支配下
理事会
高級感
清潔感
注意点
大成功
卒業式
掲載元
出発点
高齢化
高収入
管理下
接骨院
関節痛
寿司屋
商店主
懇親会
特派員
大浴場
送料込
不安定
理事長
小説家
保険料
遺伝子
原材料
番組表
不用品
大多数
宅急便
申請書
車買取
処方薬
大分県
商品化
勉強法
小売業
山梨県
投稿数
化粧品
再構築
非会員
再起動
愛媛県
市販薬
超国家
講習会
医薬品
新世紀
佐賀県
長期間
自民党
鳥取県
宿予約
本記事
具体化
最上部
会員制
義援金
送信元
食料品
遊園地
不快感
部屋数
最上階
具現化
日本一
表面化
合計額
披露宴
高知県
委員長
現行犯
英語版
主導権
住宅地
高品質
感染症
無関係
研究室
反対側
状況下
富裕層
関連職
電器屋
環境下
記者団
温暖化
最盛期
安心感
未開封
島根県
電器店
大集合
深刻化
私個人
健全化
文例集
低身長
先進国
車椅子
肖像権
交通量
進学塾
免疫力
和食店
敏感肌
語学力
買取店
原動力
最新号
代理人
保育所
集客力
原作本
車通勤
参加費
小売店
建築物
不適当
是非見
文字化
五十肩
生態画
精一杯
登山口
市役所
終止符
適正化
放送局
書店本
車査定
出版物
塾講師
出発駅
主原料
超高速
略系図
地球上
代名詞
所得割
過半数
新発売
背景色
短期間
一戸建
徳島県
説明書
検索窓
一般化
少人数
研修会
画面上
魚料理
旅日記
顕在化
予約制
拡大図
何種類
超特価
書評数
相関図
玄関口
美容師
日本法
対象店
動物園
議決権
敬称略
先着順
日程表
名探偵
明確化
土産屋
出発地
準拠法
演奏会
地球人
貸店舗
施工例
高血圧
高機能
検察庁
総選挙
剰余金
一段落
症候群
純資産
団結権
提供先
卸売業
請願権
本籍地
垣間見
犯罪歴
細分化
重過失
委託先
下半身
大爆笑
未設定
到着地
出身地
所有権
一軒宿
連絡帳
不都合
大好物
税務署
再入荷
安定感
宿情報
開放感
超充実
取引先
登山道
住民票
公務員
自衛隊
石材店
再選択
一覧表
日本初
自然界
大容量
内視鏡
植民地
未回答
初回盤
構成員
意見書
豆知識
友達宛
不愉快
巨大化
大規模
立候補
純米酒
信頼感
自治体
応募票
風物詩
通学先
獣医師
特典品
栄養価
治療費
那覇店
差別化
民芸品
給湯器
情報源
民営化
総務省
熱中症
絵文字
交流会
映像化
洗濯物
非対応
理容室
請求書
表彰式
再発見
日本海
関連語
乳幼児
注目作
介護職
集中力
有意義
一筋縄
高画質
主成分
舞台裏
発売元
廃棄物
旅行先
営業所
分析力
和訳付
青少年
世界観
所得税
研究会
貸衣装
離乳食
物件数
食品費
全物件
添加物
評論家
申告書
標本画
都市部
道州制
整体院
頭文字
配送先
通話料
気象庁
誤変換
緊張感
繁華街
情報網
印刷物
世界樹
非常勤
外国語
中央部
開会式
韓国人
弱体化
経験値
教職員
製品化
受講生
新番組
検索語
簡略化
慰安婦
出場権
家族葬
研究員
電子版
展示場
返信元
一口大
製造元
好印象
大掃除
宿詳細
在庫数
漫画家
収益金
主題歌
異世界
依存症
受講料
入湯税
乾燥肌
本製品
吹奏楽
血糖値
公明党
魚介類
教育費
決定版
含有量
本会議
大流行
卸会社
法律案
社労士
喫茶店
購入数
諸事情
相続税
大募集
業界初
再逮捕
五十音
地下鉄
掃除機
宴会場
予約数
次回作
大魔王
弁当屋
事故車
手術数
好立地
年度分
市民税
美術品
経産省
提供元
歯科医
便利屋
返送料
検察側
保育士
甲子園
攻撃力
編集長
見学会
配信元
助手席
商品券
腸年齢
名産品
受審人
新機能
契約書
更新順
神経質
雑貨屋
同一視
営業職
卒園式
診療科
英語力
朝鮮人
自分達
母親似
父親似
最先端
競争力
成約済
入学式
月刊誌
日本版
訪問着
加盟店
並大抵
配送員
多方面
発言数
衆院選
洋菓子
少数派
髄膜炎
利用料
歌謡曲
入力欄
関東圏
医療費
留学生
思春期
仮想化
光回線
質問文
追加先
児童館
新条例
会社員
入門書
弊社宛
説明文
部屋食
大問題
投票順
逆効果
代表格
画像付
社会派
婦人科
使用権
低金利
初当選
義務化
疑問視
小料理
多汗症
新技術
関東版
練習場
決勝戦
生産量
本講座
文化祭
無農薬
劇場版
読書量
芸能界
組織化
人気店
恵比寿
無関心
路線図
試写会
商品数
更新料
記念品
配達員
評価点
学習机
美術書
実施例
通信社
電子化
現代人
料理店
電気屋
加齢臭
増改築
再構成
入会金
留意点
留守番
管弦楽
人事部
安定化
入場料
出張先
比較表
生中継
病医院
表示上
光熱費
組合員
不明瞭
高待遇
生活費
温度差
懇談会
協議会
集合体
本事業
全表示
現実味
美少女
人気順
使用法
二種類
急上昇
固定化
型肝炎
吉野家
店写真
集大成
仕入先
本論文
世界一
使用料
食生活
古書店
本講義
理髪店
半歩上
無効化
大株主
混血児
最大化
可哀想
優秀賞
鉄道駅
複雑化
韓国語
年会費
初優勝
大傑作
専門職
準優勝
脳梗塞
次世代
大統領
就活生
好奇心
晩御飯
再検討
遊歩道
重量物
未分類
一般論
脱衣所
保険金
分岐点
登録料
代理店
産業上
紙書籍
分譲地
地形図
関西圏
販売物
葬儀場
洋食屋
写真展
体系化
諸外国
評価書
検索量
合言葉
総資産
注文数
洗面所
起訴状
投資法
新聞社
勤務先
不景気
山間部
初体験
立命館
運動会
忘年会
壁一面
日本国
給水塔
鑑賞術
北九州
最新作
床面積
初期化
決算書
日本史
大正解
運動場
住所地
駅情報
円滑化
今大会
警視庁
角主張
高気密
古事記
擬人化
近隣駅
標準化
先週末
日記帳
実用品
会計士
造園業
添乗員
本作品
写真上
右写真
被告人
就活本
証拠金
全世界
専門業
提携先
高評価
送受信
性病科
技術上
中国人
不機嫌
会員版
不登校
数値化
並以上
核兵器
体験記
作務衣
贈答品
登録駅
近代化
和菓子
男女比
現在値
属性欄
住所順
具体例
面倒見
健康上
転換期
実現論
調査隊
最前線
釣行記
走馬灯
商品本
排出量
被害届
地域順
製品版
再配信
正義感
背番号
経営上
貸倉庫
不正確
単純化
所有物
作曲家
古民家
求人票
大打撃
不信感
経済学
影響下
注意報
制度化
運輸業
再編集
純利益
町民税
非通知
駅徒歩
環境省
刊行物
単身分
旅情報
巨人軍
高度化
姉妹店
付属品
非営利
合理化
住宅版
要望書
空室数
不明確
肥大化
在校生
社保庁
申込書
控訴人
紳士服
嫌悪感
新世界
改訂版
葬儀屋
出典元
要出典
責任感
法律上
本講演
全体像
編集室
小馬鹿
乗用車
基準値
関西発
未成年
大地震
大相撲
誕生花
書籍版
引用元
人間力
今現在
本調子
大分類
使用量
発想力
要注意
納期限
危険物
声表示
生徒会
特許権
解決策
電気代
数十倍
新会社
社民党
初対面
秋葉原
不必要
温泉街
情報室
事業主
婦人服
子供心
育児期
家具屋
常識化
長期化
郵便業
昨年末
個体差
簡素化
同級生
高気圧
渋谷駅
見放題
園芸店
超高層
文化財
主業務
当協会
公民館
天皇賞
野生化
拡張子
平和賞
投稿順
日本株
大注目
定番品
哺乳類
今月末
廃線跡
取締役
刻一刻
健康体
武士道
途上国
資本金
南西部
緊張型
用品店
短時間
着色料
増減額
大絶賛
可視化
全採点
県教委
薬学生
座標軸
日米間
居場所
三毛猫
冷暗所
諸問題
一般職
勝負服
大賛成
軽量化
最高潮
半導体
市民権
著名人
新年会
授乳期
宇宙人
予約上
宣伝費
必殺技
韓国戦
似顔絵
送付先
遺言書
有力視
通常版
瑠璃色
同窓会
面接官
全客室
宿泊業
焼肉屋
新基軸
再評価
新学期
定額法
広東語
市教委
体験版
視覚化
明細書
調理器
法令上
借入金
対処法
国交省
学習会
北西部
太平洋
三国志
消化器
慰謝料
再就職
神格化
一時金
大人数
正常化
中高年
角部屋
原生林
表示順
志望校
警戒心
本拠地
世界初
再交付
耳鼻科
初参加
境界線
取消料
取引所
保証人
文化人
感想文
建造物
初登場
不合格
学会誌
給料表
維持費
漢方薬
同友会
地図下
同時期
清涼感
親近感
全機能
免許証
初挑戦
相談室
炭火焼
集会場
世間話
朝食付
企画案
登録制
殺処分
金融庁
取扱店
路線価
心理学
軽作業
審査員
二次元
小麦粉
中心点
使用済
不死鳥
共有化
予約宿
通信欄
保存料
落語家
個数分
搬送先
大草原
海岸線
前画面
助産師
最高級
中古本
個人間
雑居房
転用元
熱帯魚
情報屋
平均値
生放送
高断熱
高時給
要支援
整理券
重軽傷
派遣先
配当金
沈静化
静止画
性教育
右半円
左半円
現代風
計算書
就職先
本特集
卸単価
告別式
子会社
海水浴
博士号
日本側
参政権
会議室
疑問点
非売品
既発売
本登録
化粧水
資本論
区役所
全画面
日本円
本報告
法人税
技術力
手間暇
東京駅
表示校
十字架
保健所
運営元
北近畿
未確認
再配布
便利帳
日本軍
私物化
議事録
期待大
核実験
単独値
座談会
最大級
長電話
修理屋
探査機
常態化
選挙権
雑記帳
首里城
富士見
撮影会
入園式
広告費
産直品
大雑把
販売元
未購入
鍵開錠
南房総
教材費
歌舞伎
持分法
領有権
事件簿
水族館
栄養素
看護士
配水管
技能工
世界史
現実化
補助錠
商標権
日付順
成人式
大怪我
部活動
自信作
豊胸術
通常盤
食肉店
公用語
転職先
本実施
不自然
創造力
樹林帯
経由地
植物園
計算上
概略版
稽古場
百貨店
全否定
児童書
四六判
再発行
外国株
南高梅
今月号
正職員
経験談
理美容
進学先
名前順
副会長
扇風機
火葬場
生花店
産業界
人物伝
広告欄
到着駅
店一覧
大先輩
亜麻色
光接続
価格順
新書式
形骸化
配布店
締約国
自走式
本発表
体重計
宿泊先
路地裏
家庭力
購読料
水道水
全件数
水面下
阪神間
風呂屋
一時代
探偵社
消耗品
東南海
母国語
測定器
魔術師
弁護側
不織布
二極化
仏壇店
中心街
指圧師
特別賞
白内障
本調査
内閣府
記事数
最低限
腕時計
抵当権
深呼吸
硬直化
構築物
単語帳
通販法
初任給
腎不全
行動力
利用分
弁当箱
万葉集
電車男
通知書
生命線
店舗数
資料集
日刊紙
主治医
洋品店
絶好調
限定数
無修正
分科会
改正案
送信先
縦半分
助成金
比較順
富士通
生情報
事業部
旬食店
三冠王
名言集
総人口
伝統芸
同協会
慢性化
取引額
警察庁
裁判員
人件費
確実視
特性上
大失敗
発行元
指揮下
仕事術
生出演
新時代
岩盤浴
想像力
新選組
事務職
花言葉
夏野菜
起爆剤
何箇所
日系人
新登場
再掲載
無伴奏
異業種
特別室
発言量
核武装
最下部
住民税
年齢層
食事処
生息地
現金化
回顧録
薄緑色
無意味
精神面
奨学金
超格安
超厚底
同意見
評価額
全趣旨
立体感
思考力
得意技
娯楽業
八重歯
無香料
黄金色
過去問
企画展
逮捕状
最終話
低料金
罪悪感
社会科
何時頃
天婦羅
日本製
表題作
北方史
入力値
太鼓判
子守唄
不本意
防衛省
投稿文
発売国
診察室
女友達
文庫化
一安心
託児所
委任状
招待券
寄稿家
追求心
延長上
英単語
作品展
授業料
招待状
安定型
紫外線
不明点
増粘剤
僕自身
裏情報
配信先
光情報
狭心症
出来高
要注目
詳細図
審議会
大阪駅
保険証
即戦力
情報化
高性能
指圧業
割引券
嫌韓流
同業界
管理職
風呂敷
心臓病
全重量
新着欄
新装版
英語圏
婚姻届
回答数
反抗期
一身上
紹介先
悪天候
勤務医
全記事
高低差
感謝状
芋焼酎
参議院
権利金
東海道
禁煙席
最高峰
処刑人
明文化
日記数
西遊記
書店員
家政婦
介護士
重厚感
最下位
同製品
回答順
芸術家
卸販売
赤文字
訪問記
大百科
適時打
改正法
陰日向
諸経費
読解力
大学院
本大会
不合理
双方向
県大会
正会員
副収入
夏限定
罰金刑
低気圧
三連休
勤務科
最高値
医学会
料理人
機関紙
定額制
日常化
工事業
関心事
節約術
保険屋
低学年
小型化
格闘技
大衆食
金利差
盗聴器
利用法
素材集
再転載
指揮官
限度額
一体感
一寸先
著作本
行政庁
十六夜
図案化
履修上
技術面
粗利益
市議会
大型化
火傷跡
横浜駅
愛国心
前受金
季節感
見積書
胃腸科
諸症状
太平記
自分流
生意気
作家陣
超簡単
周波数
写真屋
法改正
質問箱
現行法
坪単価
被災地
請求人
売掛金
消臭剤
宗教上
関西版
麻酔科
堪忍袋
営業権
立替金
出資金
本資料
多言語
表舞台
会員数
運転席
水平線
経済面
臨場感
女子供
職務上
延喜式
資料館
展示室
当組合
算定上
応援隊
三千院
同業種
会社法
裸撮影
引出物
連合隊
変動額
等身大
正規品
保養所
人気作
良回答
摂取量
閲覧数
殺人罪
工芸茶
屋形船
歴史学
化合物
入学金
天然石
美人妻
航空機
中南米
大発生
慎重派
抵抗力
参考書
病気犬
里親犬
三省堂
未経過
未入居
偏頭痛
探検隊
管轄下
小休止
国指定
改札口
買取額
呼吸器
大特価
治療薬
当施設
記入例
囲炉裏
受験塾
上下線
約半数
透明肌
仲間達
納骨堂
草野球
梅雨空
認定証
検索数
電話機
再登場
栄養士
自然派
集議院
保健室
豆腐屋
奥座敷
文科省
文学賞
重量感
消費財
売約済
時系列
地球博
異次元
全銘柄
三銃士
最南端
音響屋
江戸期
物件量
超人気
最上段
投資術
異星人
生命力
高速化
応募券
宿泊地
新工場
自由化
無造作
模式図
広告枠
地元産
高音質
相手方
表形式
生産地
同期間
足温器
不透明
古美術
保健師
最高額
構造順
未公開
夏本番
風来坊
脳年齢
一箇所
破壊力
本部長
中国株
乾電池
応相談
外注先
時代劇
類義語
質問集
魚貝類
初公開
中医学
寿司店
配送便
鑑賞券
多走行
最新刊
最大値
大図鑑
非上場
韓国兵
文字色
原判決
日米欧
弐代目
無失点
一昨年
応援団
新分野
再照準
誤発注
新入荷
男性陣
物香水
引越屋
生活上
客室間
教育力
資金源
変更点
同条件
併設型
機械化
作品群
大興奮
不要物
片頭痛
事実上
発起人
家計簿
最小化
実験台
結果論
桜並木
給湯室
地域版
浜名湖
限定品
未解決
地下室
化学賞
学生寮
修理代
関連本
抽象化
丁寧語
貧乏人
育毛剤
縦位置
寒冷地
大混乱
甘味料
制作料
未連絡
旧条例
現地発
絶対数
未掲載
警察署
定員数
映画版
未実装
同世代
卸資産
日本画
超洗脳
再質問
一次会
学資金
四季彩
微調整
問題化
講師陣
反比例
投票数
有料化
既往歴
釣具店
道具屋
非日常
博多駅
大感謝
大風呂
何百万
情報元
無生物
売却済
研究費
学園祭
炎天下
未記入
不定期
異文化
合法化
特別職
経営学
急拡大
高次元
要望欄
完全版
再生産
工作員
渋谷店
総動員
当社比
体育館
会員証
予約金
非接触
最重要
参拝客
降水量
麦焼酎
奮闘記
急浮上
商品札
芯研器
共用庭
沖縄人
休憩室
発祥地
相対化
副大臣
投資額
保湿力
報道陣
関係上
全書籍
入退会
四天王
実写化
小型版
地域語
駅一覧
回数分
不整合
消費量
日産車
最北端
振込先
伏流水
緑内障
引当金
全株式
無限大
食事会
来週末
起業家
不謹慎
視覚障
柔道界
流通量
行楽地
国内盤
全神経
出願数
査定額
未完成
風雲急
期末値
検索法
解説書
珍百景
原風景
大合併
特捜部
悪循環
指導力
生徒達
診断書
初会合
短編集
低気温
計測器
不況下
相場観
見聞録
校長室
普段着
演奏家
神無月
再表示
人流量
表現力
地縛霊
大転換
将来像
利用層
参照先
変更元
製造所
酸化物
再指定
暗黒竜
自家製
実体化
閑古鳥
県庁舎
宿泊記
相続人
蛍光灯
決断力
大冒険
大紀元
同時代
客観視
大爆発
全検索
素材屋
関連食
学習法
再投稿
低学歴
前日比
昭和臭
同等品
市長室
保安林
新規則
管理部
規制法
炊飯器
未投稿
間伐材
一苦労
日中韓
世紀末
米百俵
新聞紙
出身校
何百倍
再出発
美容液
優越感
関節炎
部屋着
登録順
機内食
震源地
概算値
身体障
京料理
葬祭業
再開発
