可能性
著作権
不動産
個人的
大丈夫
基本的
具体的
管理者
掲示板
誕生日
一般的
駐車場
不思議
管理人
利用者
積極的
北海道
関係者
投稿者
自動的
最終的
第三者
飲食店
埼玉県
卸価格
数年前
歯医者
正確性
活性化
旅行記
参加者
保護者
不適切
書籍名
印象的
東京都
事務所
看護師
福島県
知恵袋
駅周辺
店情報
専門家
出版社
初心者
検討中
効果的
事務局
出品者
著作物
美容室
自動車
本規約
小学校
幼稚園
日本人
総合的
消費税
美容院
日本語
日用品
利用上
薬剤師
自転車
不可能
小学生
性質上
茨城県
一番上
従量制
質問者
冷蔵庫
社会人
範囲内
芸能人
結果的
出来事
実施中
精神的
愛知県
大歓迎
必要性
最安値
時間帯
重要性
居酒屋
暗号化
兵庫県
定期的
地図上
高齢者
有名人
京都府
本発明
連絡先
不具合
編集部
対象外
外出先
世界的
非表示
落札者
記入欄
定休日
電話帳
魅力的
大阪府
募集中
主観的
本格的
来店率
圧倒的
広告主
体験者
最大限
結婚式
勤務地
保育園
郵便局
千葉県
商品名
携帯版
開催中
文字列
高校生
小文字
数日前
安全性
発売日
事業者
一人様
担当者
注文後
大文字
日曜日
問題点
英会話
体験談
名古屋
全体的
一体何
消費者
個人差
全国的
未対応
未入力
図書館
一時的
文房具
未経験
経営者
代表的
単行本
最寄駅
手数料
大好評
目的地
税理士
宅配便
将来的
技術的
使用上
政治家
施設名
歯周病
民主党
元記事
画像等
客観的
中学生
厚労省
被害者
中古車
違和感
神奈川
各企業
展覧会
根本的
大満足
新宿駅
展示会
価値観
名以外
経済的
長野県
講演会
投稿時
解説文
印刷用
航空券
用語集
静岡県
顔画像
専門店
数日後
大自然
観光客
首都圏
不可欠
注文時
映画化
再認識
外国人
福岡県
中学校
仲間内
午前中
皮膚科
不利益
情報量
紹介状
非公開
再確認
美術館
危険性
観光地
説得力
治療院
共益費
管理費
企業様
街情報
改正後
領収書
何十年
敷地内
正社員
現実的
英数字
私自身
岐阜県
数年後
本研究
三重県
従業員
攻略法
建築家
保証金
委員会
説明会
小児科
運転手
回答者
沖縄県
大活躍
存在感
北朝鮮
会社名
所在地
報告書
東日本
土曜日
発表会
信頼性
正当化
第一条
主人公
新潟県
障害者
研究所
会員権
物件名
特産品
製造業
新着順
料金等
自動化
市町村
一人旅
事業所
西日本
青森県
卒業生
企業名
特徴的
専門医
弁護士
通信簿
群馬県
利便性
真面目
時刻表
自分的
新商品
研究者
世界中
証明書
先生方
配送料
十二分
二日目
参加中
温泉宿
栃木県
複数人
中国語
無添加
対照的
全面的
重要視
送料別
糖尿病
写真集
全国版
店舗名
最終回
全商品
路線名
運営局
子供達
内容的
日本酒
効率的
画像下
長期的
宮崎県
顔文字
販売店
投資家
地域別
実質的
映画館
一体化
飛躍的
方向性
自由度
間取図
完成度
作成者
住宅街
大人気
最小限
移転等
出演者
著者名
運営者
石川県
写真等
二回目
教科書
価格帯
最優先
掲載中
時間的
改正前
無意識
滋賀県
多様化
透明感
賃借者
記念日
学校裏
最適化
他人事
質問等
専門書
筋肉痛
中心部
再利用
科学的
築年数
承認後
福井県
受験生
国際的
卸問屋
歴史的
常識的
交通費
未登録
広島県
入札数
所有者
講談社
開発中
展望台
各商品
秋田県
富山県
補助金
利用可
利用前
甲信越
閲覧者
事業用
関連性
血液型
老朽化
神経痛
悪影響
最終日
問題視
大学生
本格化
労働者
満足度
中心地
代表者
不自由
第一項
奈良県
命中率
参院選
月曜日
社会的
宮城県
最新版
指導者
救急車
備考欄
岡山県
各店舗
精神科
大部分
転載等
工務店
皆様方
特急便
日記内
二十歳
低価格
何度見
地域名
代表作
中古品
不良品
効率化
支持率
実用化
再放送
今週末
現段階
不十分
転居届
国内外
一年前
共通点
本質的
通勤可
古本屋
香川県
大盛況
合理的
承認制
貴金属
居心地
予備校
治療法
定食屋
初回版
休業日
活発化
現時点
山口県
一回目
影響力
製品名
整骨院
裁判所
情報誌
主催者
調味料
料金表
特商法
必需品
京都市
新生活
看護婦
耐久性
七五三
新感覚
継続的
営業日
雑誌内
各地域
危機感
従業者
携帯用
博物館
紹介文
交差点
子供服
専門的
医療系
在学生
限定版
犠牲者
車以外
当選者
使用感
長崎県
山形県
熊本県
販売中
大企業
一番気
選択中
小冊子
勉強会
施行前
建設業
受付中
複合機
朝一番
解決法
幻想的
準備中
商店街
現在地
投稿前
売上高
子供用
横浜市
第一弾
公開中
注文日
飛行機
伝統的
官公庁
責任者
新幹線
歴史上
温泉地
典型的
一本化
急成長
食市場
大阪市
有用性
私一人
実店舗
以下略
人物名
新製品
岩手県
成果物
都合上
支配下
理事会
第一歩
高級感
客室等
清潔感
注意点
表示中
大成功
大人用
卒業式
掲載元
削除等
出発日
出発点
肉体的
第二部
高齢化
高収入
第一回
管理下
年月日
接骨院
目的別
関節痛
精力的
数十人
寿司屋
商店主
各施設
衝撃的
特派員
大浴場
送料込
不安定
理事長
小説家
保険料
遺伝子
予想外
原材料
移動中
実在性
番組表
不用品
大多数
宅急便
一番下
申請書
情報等
御座位
車買取
二人目
処方薬
大分県
商品化
勉強法
小売業
山梨県
求職者
投稿数
再構築
未使用
非会員
再起動
注目度
愛媛県
御相談
市販薬
超国家
講習会
経験者
医薬品
新世紀
佐賀県
政治的
卒業後
第一線
長期間
自民党
変更後
鳥取県
番記者
宿予約
本記事
多目的
具体化
御異議
難易度
決定的
削除時
期間中
最上部
会員制
放送中
訪問者
注文前
義援金
送信元
第一審
回避率
優先的
食料品
遊園地
不快感
部屋数
最上階
具現化
権利者
日本一
表面化
生産者
二年前
合計額
高知県
委員長
現行犯
英語版
主導権
住宅地
発送日
高品質
御質問
御指摘
無関係
研究室
反対側
状況下
関連職
電器屋
環境下
抜本的
会社様
意図的
記者団
温暖化
最盛期
安心感
未開封
金曜日
家庭用
島根県
電器店
住所等
大集合
深刻化
私個人
健全化
文例集
低身長
先進国
感情的
学校名
予約等
今一度
医院様
交通量
和食店
語学力
買取店
有効性
原動力
生産性
最新号
代理人
保育所
集客力
数分後
原作本
一日中
車通勤
参加費
追加等
業種別
小売店
不幸中
開示等
開発者
計画的
祝祭日
建築物
不適当
是非見
文字化
五十肩
登録等
一度見
生態画
精一杯
登山口
市役所
終止符
理想的
病院名
市南区
適正化
施行日
放送局
法令等
書店本
車査定
出版物
店長様
出発駅
主原料
超高速
略系図
地球上
投稿後
代名詞
予約時
御紹介
所得割
真実性
過半数
一日目
写真左
明示的
理論的
新発売
第二弾
背景色
場合等
短期間
一戸建
徳島県
入居者
説明書
当日中
一般化
少人数
生活者
研修会
市北区
画面上
魚料理
旅日記
基本中
予約制
拡大図
何種類
宿泊日
超特価
書評数
年齢的
相関図
安定性
玄関口
再生中
美容師
視聴者
日本法
対象店
動物園
本文中
議決権
市緑区
敬称略
先着順
日程表
第二条
神戸市
記述等
明確化
三年前
文章等
合法性
土産屋
出発地
準拠法
御意見
物理的
技術者
演奏会
地球人
住宅等
貸店舗
写真右
中央区
施工例
富士山
数百円
市西区
高血圧
変更等
高機能
開封後
来院前
検察庁
電話等
総選挙
一段落
純資産
団結権
提供先
適切性
機能的
勤労者
卸売業
請願権
承継前
本籍地
犯罪歴
細分化
重過失
委託先
下半身
大爆笑
戦争等
人権等
未設定
別途本
御承知
三日目
到着地
利己的
出身地
所有権
一軒宿
体力的
削除用
各物件
取材時
連絡帳
不都合
絶対的
鹿児島
大好物
税務署
再入荷
安定感
宿情報
完全性
開放感
取引先
登山道
住民票
市桜区
公務員
自衛隊
石材店
提供中
再選択
内定者
御理解
感動的
一覧表
日本初
自然界
大容量
個性的
内視鏡
植民地
未回答
世間的
初回盤
構成員
意見書
意見等
豆知識
巨大化
大規模
切替日
希望者
御利用
永続的
立候補
純米酒
信頼感
練習板
自治体
会員様
応募票
風物詩
一年後
通学先
獣医師
特典品
栄養価
治療費
発売中
差別化
民芸品
給湯器
利用時
情報源
民営化
総務省
絵文字
交流会
映像化
御了承
投資用
百万円
人気者
市区郡
表面的
非対応
理容室
進行中
請求書
標準的
医者様
再発見
日本海
関連語
条件等
上級者
案内板
緊急時
乳幼児
注目作
介護職
集中力
有意義
活躍中
一筋縄
高画質
投票者
種類別
主成分
少種別
舞台裏
発売元
旅行先
数十年
営業所
和訳付
青少年
世界観
所得税
研究会
文化的
論理的
同項中
貸衣装
離乳食
物件数
食品費
全物件
添加物
評論家
否定的
申告書
公共的
発行者
標本画
奈良市
福岡市
都市部
道州制
医学的
整体院
日本中
頭文字
配送先
致命的
爆発的
通話料
気象庁
誤変換
緊張感
繁華街
情報網
登録時
発注後
本能寺
印刷物
世界樹
非常勤
基礎的
時期的
外国語
真夜中
透明性
中央部
開会式
弱体化
経験値
教職員
交換等
透明度
製品化
受講生
新番組
十数年
簡略化
著者等
慰安婦
出場権
機械的
第三項
家族葬
研究員
電子版
展示場
確認後
対象者
容疑者
返信元
一口大
製造元
好印象
第一話
王子様
大掃除
宿詳細
実況板
人間的
在庫数
映画的
漫画家
収益金
詳細等
主題歌
本年度
異世界
家庭的
専門性
川崎市
受講料
入湯税
本製品
主人様
吹奏楽
血糖値
公明党
魚介類
教育費
副作用
決定版
一人目
含有量
本会議
大流行
卸会社
第一号
法律案
協力者
社労士
喫茶店
何十回
諸事情
相続税
大募集
業界初
再逮捕
五十音
地下鉄
相対的
掃除機
小沢氏
宴会場
予約数
次回作
大魔王
金銭的
健康的
配偶者
一枚目
買物前
弁当屋
事故車
手術数
好立地
年度分
市民税
短期的
感覚的
美術品
一方的
申請者
料理名
経産省
熱狂的
提供元
発送時
編集者
歯科医
便利屋
正当性
返送料
検察側
保育士
甲子園
攻撃力
編集長
見学会
京丹後
配信元
自他共
助手席
公園内
商品券
初歩的
住所名
腸年齢
名産品
受審人
新機能
通気性
契約書
更新順
神経質
雑貨屋
同一視
営業職
項目名
将来性
卒園式
何年前
第三条
英語力
朝鮮人
自分達
母親似
父親似
一歩足
最先端
日常的
団体等
計画中
競争力
成約済
候補者
入学式
月刊誌
日本版
訪問着
加盟店
別料金
施行後
解像度
並大抵
配送員
多方面
発言数
衆院選
進化中
洋菓子
少数派
髄膜炎
利用料
豊田市
歌謡曲
新宿区
入力欄
業者様
貫地谷
原則的
関東圏
医療費
留学生
思春期
三丁目
仮想化
要望等
光回線
質問文
追加先
児童館
新条例
各記事
会社員
業務用
何百年
入門書
商品毎
一昔前
説明文
何度目
部屋食
大問題
投票順
逆効果
試合後
代表格
画像付
社会派
婦人科
使用権
低金利
初当選
後継者
義務化
疑問視
小料理
生理的
御協力
三回目
災害時
料理等
区域内
新技術
自宅内
関東版
練習場
決勝戦
生産量
本講座
文化祭
使用者
無農薬
劇場版
読書量
互換性
離婚後
芸能界
組織化
人気店
恵比寿
無関心
路線図
合格者
試写会
商品数
更新料
気分的
記念品
店舗様
名駅名
連載中
別問題
配達員
直感的
中心的
評価点
学習机
美術書
主目的
執筆中
実施例
十年前
新年度
通信社
電子化
今一番
現代人
料理店
電気屋
増改築
再構成
入会金
留意点
留守番
一発目
人事部
安定化
入場料
出張先
比較表
御案内
何回見
生中継
病医院
表示上
光熱費
使用後
算出等
利用中
組合員
登録後
高待遇
生活費
温度差
変化等
各版元
各対応
協議会
集合体
本事業
全表示
現実味
美少女
広島市
勉強中
人気順
使用法
二種類
急上昇
固定化
死傷者
型肝炎
未熟者
吉野家
店写真
集大成
水曜日
仕入先
本論文
部分的
世界一
究極的
使用料
第一章
必然的
食生活
古書店
御連絡
別画面
本講義
理髪店
著作者
半歩上
希望日
無効化
大株主
混血児
週一日
最大化
第九条
可哀想
数千人
数百人
優秀賞
批判的
鉄道駅
運命的
画像内
複雑化
年会費
初優勝
専門職
準優勝
会場内
作成中
次世代
大統領
栄養系
消極的
来場者
就活生
好奇心
秋葉氏
晩御飯
再検討
遊歩道
諸費用
先駆者
重量物
受賞者
第四条
利根川
未分類
一般論
脱衣所
第二回
保険金
分岐点
登録料
代理店
産業上
紙書籍
分譲地
地形図
関西圏
販売物
葬儀場
洋食屋
写真展
体系化
自主的
諸外国
宿場町
投票中
元画像
評価書
身体的
一歩前
到着日
創始者
合言葉
総資産
注文数
金正日
二十四
洗面所
起訴状
投資法
新聞社
投稿日
勤務先
壊滅的
不景気
山間部
映像等
実効性
初体験
二人分
第五条
立命館
運動会
忘年会
霊能者
作品名
工事中
壁一面
今週中
終了後
日本国
給水塔
鑑賞術
北九州
女性用
最新作
床面積
初期化
決算書
日本史
距離的
大正解
運動場
住所地
駅情報
円滑化
今大会
警視庁
角主張
高気密
地理的
形式的
古事記
宿泊者
近隣駅
第一位
食堂編
思案中
本人様
標準化
別商品
西尾市
第六条
終了時
先週末
有効時
自主性
第三号
日記帳
実用品
会計士
先祖様
造園業
執筆者
和歌山
添乗員
生態系
本作品
店舗内
写真上
右写真
二度寝
今月中
第七条
開始日
各分野
酒類等
被告人
第四部
就活本
証拠金
建物内
送信後
全世界
専門業
配送日
登録中
提携先
高評価
直接的
送受信
性病科
千葉市
技術上
中国人
原作者
安定的
配信中
会員版
不登校
絶望的
数値化
並以上
値段的
異動者
施設内
休館日
一歩先
第四項
大学名
体験記
作務衣
贈答品
登録駅
近代化
和菓子
主体的
受講者
貸出中
贈答用
日一日
男女比
現在値
人間性
属性欄
即効性
使用前
住所順
八百万
具体例
面倒見
健康上
転換期
実現論
調査隊
最前線
猟奇的
中野区
走馬灯
優勝者
更新日
商品本
排出量
被害届
加害者
地域順
第八条
製品版
第二章
再配信
正義感
背番号
選手名
経営上
貸倉庫
不正確
単純化
所有物
作曲家
古民家
福祉系
求人票
大打撃
号給等
不信感
経済学
雨模様
第十条
複数回
影響下
注意報
間接的
制度化
浜松市
各項目
運輸業
再編集
送料等
相談者
純利益
町民税
防犯性
別一覧
非通知
外食系
駅徒歩
環境省
刊行物
出席者
空気中
単身分
各写真
各求人
入賞者
旅情報
巨人軍
高度化
姉妹店
付属品
非営利
合理化
住宅版
要望書
空室数
不明確
肥大化
在校生
社保庁
施主様
申込書
控訴人
開始前
構造的
建設中
仕様等
新世界
改訂版
葬儀屋
出典元
要出典
責任感
富山市
法律上
本講演
全体像
編集室
小馬鹿
乗用車
掲載時
良心的
基準値
関西発
未成年
大地震
期間内
誕生花
書籍版
大都市
引用元
実用的
人間力
同条中
今現在
本調子
十五日
法人様
大分類
使用量
発想力
要注意
納期限
御希望
危険物
完了後
声表示
生徒会
特許権
私以外
結局何
解決策
電気代
数十倍
新会社
各書類
社民党
初対面
秋葉原
不必要
温泉街
別清算
情報室
台東区
事業主
婦人服
子供心
法律的
何年後
前年度
育児期
家具屋
常識化
二十日
長期化
冬一番
郵便業
昨年末
個体差
反省中
原理的
簡素化
同級生
高気圧
配達日
見放題
第二項
園芸店
歩行者
久遠郡
超高層
仕事中
文化財
最新性
株式等
主業務
当協会
公民館
天皇賞
科学者
野生化
拡張子
平和賞
投稿順
日本株
離島他
何十人
大注目
定番品
近日中
収益性
体系的
創業者
今月末
取締役
記事等
刻一刻
健康体
武士道
途上国
資本金
男女別
南西部
緊張型
用品店
短時間
五年前
着色料
地図内
増減額
大絶賛
可視化
全採点
同日前
県教委
薬学生
目黒区
客室内
速報板
変更前
豊島区
定番中
御注文
松山市
座標軸
日米間
居場所
冷暗所
諸問題
価格的
一回見
不在時
一般職
勝負服
大賛成
対外的
軽量化
予約前
玄関前
最高潮
半導体
使用時
市民権
二次的
第一級
御注意
一人前
著名人
新年会
授乳期
宇宙人
予約上
宣伝費
必殺技
今年中
各画像
伸縮性
似顔絵
送付先
遺言書
有力視
通常版
同窓会
面接官
新潟市
全客室
整合性
宿泊業
焼肉屋
雑誌等
新基軸
再評価
新学期
定額法
設定中
視聴率
広東語
市教委
体験版
視覚化
明細書
調理器
危機的
何回目
法令上
借入金
授乳中
対処法
国交省
学習会
事業等
北西部
太平洋
三国志
消化器
御存知
多角的
別精算
慰謝料
再就職
勇払郡
男性用
神格化
一時金
大人数
熊本市
正常化
横一列
中高年
角部屋
志望度
原生林
表示順
第四号
場所的
志望校
警戒心
本拠地
世界初
入札者
再交付
耳鼻科
評価時
初参加
電車内
境界線
品川区
提供者
取消料
参加村
取引所
感想等
保証人
文化人
四年前
感想文
建造物
初登場
正解者
不合格
来訪者
学会誌
前回来
給料表
視覚的
維持費
漢方薬
応募者
同友会
地図下
音楽的
同時期
親近感
全機能
休憩前
免許証
番組内
記事中
相談室
第五項
炭火焼
文京区
各業界
空間内
機能性
集会場
世間話
朝食付
企画案
登録制
殺処分
十三日
戦略的
取扱店
路線価
心理学
上京区
千円札
一六社
軽作業
審査員
二次元
小麦粉
今注目
中心点
使用済
三日前
不死鳥
共有化
予約宿
第一部
通信欄
保存料
落語家
十六日
一番奥
個数分
搬送先
大草原
海岸線
一度足
大田区
開催日
前画面
何度観
助産師
最高級
第三章
中古本
個人間
分量外
企業等
雑居房
転用元
旅行者
物質的
販売者
個人名
性格的
熱帯魚
衛生的
下車後
情報屋
御用意
平均値
生放送
高断熱
操作性
高時給
特集等
門司港
要支援
整理券
重軽傷
相談等
主権者
派遣先
二年後
三度目
何万人
配当金
沈静化
試合前
静止画
一貫性
昨年度
性教育
右半円
左半円
現代風
入社後
出店中
計算書
使用中
御予約
平均的
限定的
就職先
書店様
各配送
本特集
何千年
卸単価
告別式
子会社
海水浴
御説明
支配的
博士号
公開後
日本側
参政権
何百人
指定用
会議室
御確認
単身者
小心者
疑問点
非売品
映画編
既発売
適法性
取得等
本登録
資本論
審査中
区役所
全画面
比企郡
日本円
本報告
法人税
技術力
全般的
一九九
活動性
利根郡
金額的
手間暇
東京駅
表示校
十字架
二面性
保健所
数秒後
運営元
会員用
未確認
再配布
便利帳
都市名
日本軍
二日前
心身共
十年後
省略可
私物化
多種別
議事録
期待大
単独値
座談会
最大級
長電話
法人等
修理屋
収益率
応募前
探査機
常態化
選挙権
第二号
種類等
大学別
旧年中
雑記帳
銀行系
比較的
首里城
富士見
撮影会
入園式
広告費
産直品
予約日
基準日
被災者
販売元
発売前
南房総
教材費
持分法
領有権
三人目
各方面
開放的
支配者
岡山市
意欲的
心情的
商品等
事件簿
水族館
栄養素
看護士
配水管
登録者
技能工
閣議後
世界史
現実化
補助錠
商標権
日付順
成人式
前任者
大怪我
部活動
当事者
自信作
時間外
豊胸術
掲載前
通常盤
食肉店
居住用
公用語
一年草
御参照
転職先
今年度
二番目
本実施
不自然
建設的
一過性
創造力
樹林帯
経由地
植物園
計算上
概略版
百貨店
全否定
児童書
四六判
墓地内
再発行
外国株
南高梅
福井市
内容等
今月号
結婚後
正職員
刺激等
経験談
理美容
進学先
名前順
副会長
扇風機
火葬場
設計者
京都郡
入店可
板橋区
生花店
産業界
人物伝
広告欄
為電話
到着駅
店一覧
契約者
大先輩
福島市
光接続
価格順
新書式
配布店
締約国
公開日
自走式
本発表
土地等
体重計
年齢別
配送中
宿泊先
数百年
路地裏
家庭力
金沢市
水道水
全件数
好感度
水面下
文化系
自治区
建設系
阪神間
移行後
墨田区
想定外
二日後
契約時
欠品等
一時代
十数人
東南海
母国語
測定器
多様性
魔術師
弁護側
不織布
二極化
三年後
仏壇店
中心街
指圧師
特別賞
白内障
本調査
内閣府
出品中
十七日
記事数
最低限
腕時計
抵当権
店舗等
掲載等
更新中
深呼吸
滞在中
硬直化
構築物
単語帳
展開中
第五号
配布者
通販法
初任給
瀬戸内
数日中
十八日
行動力
利用分
弁当箱
万葉集
電車男
通知書
生命線
店舗数
半年後
状況等
十九日
資料集
番組名
日刊紙
第三部
主治医
洋品店
心理的
絶好調
限定数
無修正
分科会
改正案
行為者
成功者
送信先
縦半分
評点別
助成金
比較順
十四日
路線別
富士通
有馬氏
石井氏
閲覧可
奉仕者
注文可
生情報
離職率
事業部
旬食店
三冠王
正式名
名言集
練馬区
総人口
伝統芸
同協会
慢性化
取引額
警察庁
裁判員
人件費
確実視
特性上
大失敗
運転中
死亡者
発行元
指揮下
仕事術
保存日
到着後
生出演
日本橋
岐阜市
新時代
加入者
帰宅後
岩盤浴
想像力
新選組
事務職
花言葉
夏野菜
起爆剤
移住者
何箇所
日系人
外出時
位置的
新登場
記事内
御世話
一九八
再掲載
定量的
無伴奏
異業種
入浴中
一九七
職種別
道案内
十二日
特別室
創設者
発言量
最下部
住民税
数千円
年齢層
食事処
一年目
生息地
現金化
持続的
回顧録
薄緑色
無意味
路線内
精神面
親権者
休館等
超格安
超厚底
四日市
同意見
評価額
月一回
今日中
全趣旨
立体感
思考力
得意技
娯楽業
債権者
八重歯
週一回
無香料
黄金色
振込時
過去問
企画展
逮捕状
最終話
低料金
一枚板
罪悪感
社会科
作成時
参拝者
松本氏
来店時
日本製
創立者
表題作
北方史
入力値
十二人
足立区
一曲目
太鼓判
不本意
防衛省
認知度
投稿文
発売国
大分市
有楽町
出発前
女友達
文庫化
適用外
一安心
各年代
増加率
託児所
依頼者
一九六
委任状
招待券
更新時
寄稿家
以前来
犯罪者
追求心
受付系
延長上
英単語
出題者
御答弁
作品展
県内外
授業料
秋田市
本来的
招待状
高精度
安定型
紫外線
不明点
象徴的
入居時
増粘剤
裏情報
居住者
配信先
光情報
投票日
集計中
出来高
要注目
詳細図
審議会
説明板
大阪駅
保険証
即戦力
情報化
家庭内
選挙区
高性能
指圧業
御登録
姫路市
割引券
各大会
同業界
万歩計
別設定
管理職
心臓病
全重量
通院前
新着欄
新装版
開始時
英語圏
申込時
大気中
有機的
回答数
反抗期
御所見
身支度
一身上
紹介先
記事前
西館内
悪天候
勤務医
全記事
高低差
感謝状
参議院
権利金
服用前
獲得者
執筆時
東海道
禁煙席
最高峰
処刑人
普段来
明文化
日記数
西遊記
書店員
家政婦
番外編
城下町
活動中
制作者
十一日
学術的
各学年
介護士
重厚感
町域名
最下位
第三回
一昨日
同製品
資産性
近代的
各銀行
回答順
芸術家
卸販売
日一番
一歩外
製造日
一人分
第三弾
赤文字
実力的
訪問記
大百科
適時打
改正法
陰日向
目撃者
諸経費
変動等
読解力
登山者
司会者
機密性
応募後
四万十
統計的
大学院
本大会
不合理
双方向
県大会
道今日
正会員
副収入
第一巻
掲載日
夏限定
罰金刑
低気圧
税目別
三連休
勤務科
最高値
医学会
保育系
料理人
国内的
機関紙
定額制
日常化
工事業
関心事
重要度
節約術
保険屋
不審者
低学年
小型化
格闘技
大衆食
異動等
線引等
金利差
盗聴器
性能的
利用法
一番心
素材集
再転載
年一回
指揮官
限度額
御客様
投稿可
練習中
子宮内
一体感
一寸先
著作本
行政庁
十六夜
英語他
図案化
技術面
粗利益
市議会
大型化
火傷跡
横浜駅
愛国心
前受金
季節感
第四章
見積書
能力的
胃腸科
二十年
太平記
自分流
生意気
近親者
男二人
作家陣
数万人
動画等
超簡単
以上何
周波数
写真屋
法改正
質問箱
現行法
発生時
同居中
被災地
請求人
売掛金
宗教上
脱北者
関西版
確定的
一晩中
人工的
学校区
営業権
立替金
出資金
本資料
結論的
多言語
表舞台
三十日
会員数
運転席
水平線
経済面
職種中
臨場感
女子供
職務上
休前日
延喜式
資料館
展示室
当組合
算定上
各指標
応援隊
三千院
第六項
同業種
会社法
法令名
裸撮影
引出物
商談中
何百回
団体名
項目別
破損等
連合隊
変動額
応援者
何千人
等身大
岡崎市
正規品
保養所
人気作
良回答
摂取量
各老人
閲覧数
伝言板
十八番
火曜日
殺人罪
休止中
工芸茶
利用率
屋形船
重点的
歴史学
三日後
化合物
入学金
苦情等
森三中
拡大用
天然石
美人妻
航空機
中南米
区別性
大発生
何度来
慎重派
抵抗力
倉敷市
参考書
病気犬
里親犬
配達時
三省堂
発表中
御活用
体感的
未経過
未入居
各分館
各学校
耐熱性
日以後
探検隊
入金後
親和性
小休止
国指定
改札口
納期等
型男性
買取額
呼吸器
大特価
治療薬
当施設
記入例
囲炉裏
機械系
外資系
上下線
約半数
他教室
国会内
第一期
仲間達
好意的
納骨堂
草野球
調整中
数千年
梅雨空
認定証
子供可
電話機
埋葬者
再登場
栄養士
葬儀後
入院中
予約後
来週中
自然派
事故等
集議院
保健室
常総市
豆腐屋
奥座敷
文科省
入荷日
文学賞
営業中
重量感
消費財
食品等
戦時中
売約済
時系列
地球博
異次元
数万円
最南端
音響屋
物件量
超人気
最上段
投資術
異星人
本人的
画題等
生命力
高速化
修正等
障害時
応募券
三部作
軍事的
長野市
宿泊地
新工場
自由化
無造作
模式図
地元産
死亡率
高音質
吹田市
相手方
表形式
生産地
同期間
足温器
不透明
古美術
保健師
最高額
構造順
入校前
未公開
夏本番
風来坊
脳年齢
一箇所
破壊力
保存中
高倍率
本部長
二年目
十三人
中国株
乾電池
応相談
長州力
製作者
杯決勝
外注先
時代劇
類義語
事情等
質問集
魚貝類
初公開
中医学
紹介中
寿司店
配送便
関連度
御見解
鑑賞券
多走行
奮闘中
最新刊
最大値
大図鑑
神秘的
非上場
文字色
後三年
相当性
講師名
一番前
原判決
日米欧
弐代目
食事時
無失点
一昨年
応援団
百万人
新分野
再照準
誤発注
季節的
新入荷
開封率
来年度
男性陣
日野市
分野別
公共性
物香水
荒川区
実験的
引越屋
生活上
前九年
客室間
教育力
資金源
医院名
一年生
重傷者
変更点
郡山市
数量等
同条件
人為的
業界内
食事中
機械化
作品群
大興奮
御遠慮
不要物
片頭痛
木屋町
事実上
法律系
二日間
選択後
自宅用
金土日
発起人
家計簿
最小化
実験台
一人用
夕張市
結果論
桜並木
給湯室
地域版
浜名湖
限定品
未解決
地下室
化学賞
建物名
確率的
修理代
関連本
抽象化
日高郡
二人様
貧乏人
制作中
育毛剤
縦位置
寒冷地
大混乱
入力者
甘味料
近未来
予算的
制作料
同地区
企画中
御自身
長崎市
未連絡
閲覧用
米国内
旧条例
複製等
放送等
現地発
入学前
絶対数
負担率
未掲載
一面的
依頼等
警察署
定員数
技術系
映画版
発送後
未実装
温泉名
同世代
編集時
卸資産
日本画
超洗脳
再質問
翌日中
血液中
一次会
学資金
来店中
理解者
一九五
四季彩
大飯郡
微調整
問題化
講師陣
反比例
投票数
設置者
依存度
有料化
既往歴
映像的
道具屋
非日常
訪問時
北東北
博多駅
掲載後
利用日
行政区
解答者
原発性
経験的
売出時
大感謝
内科系
線元町
共有者
何百万
情報元
無生物
売却済
研究費
人一人
学園祭
別種別
炎天下
未記入
不定期
異文化
女一人
他大学
合法化
特別職
経営学
配信後
急拡大
感染者
全国区
高次元
要望欄
申請等
完全版
再生産
工作員
総動員
予算別
美馬郡
当社比
潜在的
夏一番
体育館
譲渡等
会員証
立役者
幼少時
予定日
科目別
平日可
予約金
得点者
非接触
医院等
組織別
最重要
参拝客
降水量
福山市
奮闘記
急浮上
商品札
共用庭
沖縄人
休憩室
名前等
相対化
冒険者
副大臣
第七号
御徒町
投資額
進学時
継続中
保湿力
報道陣
関係上
中立的
全書籍
入退会
警報等
地方別
四天王
優位性
実写化
小型版
地域語
駅一覧
回数分
不整合
決算日
三年目
消費量
日産車
発生率
最北端
振込先
伏流水
一度家
緑内障
提出日
分以内
引当金
御迷惑
全株式
思想的
無限大
食事会
来週末
起業家
作成日
富士市
楽器可
中中中
視覚障
各教室
柔道界
前橋市
新参者
注釈内
流通量
高料率
行楽地
国内盤
全神経
出願数
査定額
未完成
風雲急
九十九
既婚者
期末値
各省庁
慢性的
断片的
解説書
珍百景
原風景
一体的
行使時
順名前
外見的
公平性
健全性
指導力
生徒達
許可等
初会合
短編集
各大学
低気温
計測器
不況下
相場観
見聞録
不足等
特典等
校長室
普段着
演奏家
神無月
再表示
人流量
表現力
地縛霊
大転換
将来像
利用層
注文者
参照先
変更元
製造所
酸化物
再指定
出身者
自家製
地域内
実体化
帰国後
入力後
受注後
県庁舎
宿泊記
相続人
地域性
毎日何
耐震性
決断力
大冒険
大紀元
同時代
登録日
客観視
六番目
係争中
大爆発
原因別
地名等
閉会中
抽象的
素材屋
関連食
学習法
工場内
再投稿
低学歴
前日比
各辞典
同等品
市長室
保安林
新規則
雑誌名
管理部
割安度
土曜可
複数名
規制法
炊飯器
未投稿
間伐材
一苦労
負傷者
処分等
世紀末
特別区
落札後
米百俵
新聞紙
出身校
何百倍
商品右
意匠等
第六号
婚約者
再出発
美容液
優越感
志位氏
著者様
地域的
注文等
関節炎
部屋着
登録順
機内食
環境的
震源地
概算値
身体障
京料理
葬祭業
再開発
